ARM Linker, 4.1 [Build 481] [Standard]

==============================================================================

Section Cross References

    startup.o(STACK) refers (Special) to heapauxi.o(.text) for __use_two_region_memory
    startup.o(HEAP) refers (Special) to heapauxi.o(.text) for __use_two_region_memory
    startup.o(RESET) refers (Special) to heapauxi.o(.text) for __use_two_region_memory
    startup.o(RESET) refers to hal_arm.o(.emb_text) for SWI_Handler
    startup.o(RESET) refers to rtx_config.o(.emb_text) for IRQ_Handler
    startup.o(RESET) refers to startup.o(STACK) for Stack_Top
    startup.o(RESET) refers to __main.o(!!!main) for __main
    startup.o(.text) refers (Special) to heapauxi.o(.text) for __use_two_region_memory
    startup.o(.text) refers to startup.o(HEAP) for Heap_Mem
    startup.o(.text) refers to startup.o(STACK) for Stack_Mem
    main.o(.text) refers to fflt_noclz.o(x$fpl$fflt) for __aeabi_i2f
    main.o(.text) refers to fdiv.o(x$fpl$fdiv) for __aeabi_fdiv
    main.o(.text) refers to faddsub_noclz.o(x$fpl$fadd) for __aeabi_fadd
    main.o(.text) refers to faddsub_noclz.o(x$fpl$frsb) for __aeabi_frsub
    main.o(.text) refers to scalbnf.o(x$fpl$scalbnf) for scalbnf
    main.o(.text) refers to ffixu.o(x$fpl$ffixu) for __aeabi_f2uiz
    main.o(.text) refers to rt_event.o(i.os_evt_wait) for os_evt_wait
    main.o(.text) refers to calc.o(.text) for posHandle
    main.o(.text) refers to main.o(i.__ARM_common_switch8) for __ARM_common_switch8
    main.o(.text) refers to uread4.o(.text) for __aeabi_uread4
    main.o(.text) refers to uwrite4.o(.text) for __aeabi_uwrite4
    main.o(.text) refers to ffix.o(x$fpl$ffix) for __aeabi_f2iz
    main.o(.text) refers to pid.o(.text) for pid_reset_integrator
    main.o(.text) refers to faddsub_noclz.o(x$fpl$fsub) for __aeabi_fsub
    main.o(.text) refers to fmul.o(x$fpl$fmul) for __aeabi_fmul
    main.o(.text) refers to mb.o(.text) for eMBPoll
    main.o(.text) refers to rt_time.o(i.os_dly_wait) for os_dly_wait
    main.o(.text) refers to rtx_config.o(.text) for tsk_unlock
    main.o(.text) refers to rt_event.o(i.os_evt_set) for os_evt_set
    main.o(.text) refers to rt_time.o(i.os_itv_set) for os_itv_set
    main.o(.text) refers to ds18b20.o(.text) for DS18B20_Temperature
    main.o(.text) refers to hmi.o(.text) for HMI_Handler
    main.o(.text) refers to main.o(.bss) for .bss
    main.o(.text) refers to hmi.o(.data) for m_mcbCurrent
    main.o(.text) refers to main.o(.data) for .data
    main.o(.text) refers to rt_time.o(i.os_itv_wait) for os_itv_wait
    main.o(.text) refers to iap.o(.text) for iap_init
    main.o(.text) refers to rt_task.o(i.os_tsk_create0) for os_tsk_create0
    main.o(.text) refers to rt_task.o(i.os_tsk_delete) for os_tsk_delete
    main.o(.text) refers to hal_arm.o(.emb_text) for os_sys_init0
    main.o(.text) refers to main.o(.ARM.__AT_0x0008F400) for .ARM.__AT_0x0008F400
    portevent.o(.text) refers to portevent.o(.data) for .data
    portserial.o(.text) refers to aeabi_sdiv.o(.text_udiv) for __aeabi_uidivmod
    portserial.o(.text) refers to portserial.o(.data) for .data
    portserial.o(.text) refers to mb.o(.data) for pxMBFrameCBTransmitterEmpty
    porttimer.o(.text) refers to porttimer.o(.data) for .data
    porttimer.o(.text) refers to mb.o(.data) for pxMBPortCBTimerExpired
    mb.o(.text) refers to mbrtu.o(.text) for eMBRTUInit
    mb.o(.text) refers to mbascii.o(.text) for eMBASCIIInit
    mb.o(.text) refers to portevent.o(.text) for xMBPortEventInit
    mb.o(.text) refers to mb.o(i.__ARM_common_disable_irq) for __ARM_common_disable_irq
    mb.o(.text) refers to mb.o(i.__ARM_common_enable_irq) for __ARM_common_enable_irq
    mb.o(.text) refers to mb.o(i.__ARM_common_call_via_r0) for __ARM_common_call_via_r0
    mb.o(.text) refers to mb.o(i.__ARM_common_call_via_r3) for __ARM_common_call_via_r3
    mb.o(.text) refers to mb.o(i.__ARM_common_call_via_r2) for __ARM_common_call_via_r2
    mb.o(.text) refers to mb.o(.data) for .data
    mb.o(.data) refers to mbfuncinput.o(.text) for eMBFuncReadInputRegister
    mb.o(.data) refers to mbfuncholding.o(.text) for eMBFuncReadHoldingRegister
    mb.o(.data) refers to mbfunccoils.o(.text) for eMBFuncReadCoils
    mb.o(.data) refers to mbfuncdisc.o(.text) for eMBFuncReadDiscreteInputs
    mbcrc.o(.text) refers to mbcrc.o(.constdata) for .constdata
    mbrtu.o(.text) refers to mb.o(i.__ARM_common_disable_irq) for __ARM_common_disable_irq
    mbrtu.o(.text) refers to portserial.o(.text) for xMBPortSerialInit
    mbrtu.o(.text) refers to aeabi_sdiv.o(.text_udiv) for __aeabi_uidivmod
    mbrtu.o(.text) refers to porttimer.o(.text) for xMBPortTimersInit
    mbrtu.o(.text) refers to mb.o(i.__ARM_common_enable_irq) for __ARM_common_enable_irq
    mbrtu.o(.text) refers to porttimer.o(i.vMBPortTimersEnable) for vMBPortTimersEnable
    mbrtu.o(.text) refers to porttimer.o(i.vMBPortTimersDisable) for vMBPortTimersDisable
    mbrtu.o(.text) refers to abort.o(.text) for abort
[...]
    Bin1ErrT_OpeningHandler                  0x00084607   Thumb Code    32  hmi.o(.text)
    Bin1Opn_OpeningHandler                   0x00084627   Thumb Code    28  hmi.o(.text)
    Bin1Cls_OpeningHandler                   0x00084643   Thumb Code    28  hmi.o(.text)
    Bin2Drv_OpeningHandler                   0x0008465f   Thumb Code    32  hmi.o(.text)
    Bin2Lim_OpeningHandler                   0x0008467f   Thumb Code    32  hmi.o(.text)
    Bin2Spos_OpeningHandler                  0x0008469f   Thumb Code    32  hmi.o(.text)
    Bin2ErrS_OpeningHandler                  0x000846bf   Thumb Code    32  hmi.o(.text)
    Bin2Err1_OpeningHandler                  0x000846df   Thumb Code    32  hmi.o(.text)
    Bin2Err2_OpeningHandler                  0x000846ff   Thumb Code    32  hmi.o(.text)
    Bin2ErrT_OpeningHandler                  0x0008471f   Thumb Code    32  hmi.o(.text)
    Bin2Opn_OpeningHandler                   0x0008473f   Thumb Code    28  hmi.o(.text)
    Bin2Cls_OpeningHandler                   0x0008475b   Thumb Code    28  hmi.o(.text)
    AnlT_OpeningHandler                      0x00084777   Thumb Code    18  hmi.o(.text)
    AnlSet4_OpeningHandler                   0x00084789   Thumb Code    18  hmi.o(.text)
    AnlSet0_OpeningHandler                   0x0008479b   Thumb Code    18  hmi.o(.text)
    AnlSet10_OpeningHandler                  0x000847ad   Thumb Code    18  hmi.o(.text)
    AnlSet5_OpeningHandler                   0x000847bf   Thumb Code    18  hmi.o(.text)
    ScalS_KeyboardHandler                    0x000847d1   Thumb Code   140  hmi.o(.text)
    ScalS_DisplayHandler                     0x0008485d   Thumb Code   234  hmi.o(.text)
    ScalS_OpeningHandler                     0x00084947   Thumb Code    62  hmi.o(.text)
    ScalF_KeyboardHandler                    0x00084985   Thumb Code   140  hmi.o(.text)
    ScalF_DisplayHandler                     0x00084a11   Thumb Code   206  hmi.o(.text)
    ScalF_OpeningHandler                     0x00084adf   Thumb Code    62  hmi.o(.text)
    ScalT_KeyboardHandler                    0x00084b1d   Thumb Code   140  hmi.o(.text)
    ScalT_DisplayHandler                     0x00084ba9   Thumb Code   206  hmi.o(.text)
    ScalT_OpeningHandler                     0x00084c77   Thumb Code    78  hmi.o(.text)
    ScalP_KeyboardHandler                    0x00084cc5   Thumb Code   140  hmi.o(.text)
    ScalP_DisplayHandler                     0x00084d51   Thumb Code   206  hmi.o(.text)
    ScalP_OpeningHandler                     0x00084e1f   Thumb Code    62  hmi.o(.text)
    TuneNot_OpeningHandler                   0x00084e5d   Thumb Code    18  hmi.o(.text)
    TuneDef_OpeningHandler                   0x00084e6f   Thumb Code    18  hmi.o(.text)
    TuneFlow_OpeningHandler                  0x00084e81   Thumb Code    18  hmi.o(.text)
    TuneTemp_OpeningHandler                  0x00084e93   Thumb Code    18  hmi.o(.text)
    TunePres_OpeningHandler                  0x00084ea5   Thumb Code    18  hmi.o(.text)
    TuneLevl_OpeningHandler                  0x00084eb7   Thumb Code    18  hmi.o(.text)
    LeakNot_OpeningHandler                   0x00084ec9   Thumb Code    18  hmi.o(.text)
    LeakMeas_KeyboardHandler                 0x00084edb   Thumb Code   140  hmi.o(.text)
    LeakMeas_DisplayHandler                  0x00084f67   Thumb Code   206  hmi.o(.text)
    LeakMeas_OpeningHandler                  0x00085035   Thumb Code    62  hmi.o(.text)
    LeakChar_OpeningHandler                  0x00085073   Thumb Code    18  hmi.o(.text)
    CheckKeyboard                            0x000864c7   Thumb Code   142  hmi.o(.text)
    OnKeyDown                                0x00086555   Thumb Code    94  hmi.o(.text)
    OnKeyUp                                  0x000865b3   Thumb Code    90  hmi.o(.text)
    .text                                    0x0008666c   Section        0  ds18b20.o(.text)
    Init_DS18B20                             0x0008666d   Thumb Code   116  ds18b20.o(.text)
    DS18B20_WriteByte                        0x000866e1   Thumb Code    86  ds18b20.o(.text)
    delay_5us                                0x000867d1   Thumb Code    24  ds18b20.o(.text)
    DS18B20_ReadByte                         0x000867e9   Thumb Code   118  ds18b20.o(.text)
    .text                                    0x00086868   Section        0  pid.o(.text)
    .text                                    0x00086950   Section        0  calc.o(.text)
    .text                                    0x00086f64   Section       12  libspace.o(.text)
    .text                                    0x00086f70   Section        0  abort.o(.text)
    .text                                    0x00086f84   Section       32  uread4.o(.text)
    .text                                    0x00086fa8   Section       32  uwrite4.o(.text)
    .text                                    0x00086fcc   Section      384  aeabi_sdiv.o(.text)
    __arm_div8                               0x00086ff8   ARM Code       0  aeabi_sdiv.o(.text)
    __arm_div5                               0x0008701c   ARM Code       0  aeabi_sdiv.o(.text)
    __arm_div2                               0x00087040   ARM Code       0  aeabi_sdiv.o(.text)
    __arm_div_large                          0x0008707c   ARM Code       0  aeabi_sdiv.o(.text)
    .text                                    0x0008714c   Section        0  heapauxi.o(.text)
    .text                                    0x0008715c   Section        0  sys_exit.o(.text)
    .text                                    0x00087170   Section        0  _rserrno.o(.text)
    .text                                    0x0008718a   Section        0  defsig_abrt_outer.o(.text)
    .text                                    0x0008719c   Section        4  use_no_semi.o(.text)
    .text                                    0x000871a4   Section        4  rt_errno_addr_twolibspace.o(.text)
    .text                                    0x000871a8   Section        0  defsig_exit.o(.text)
    .text                                    0x000871b8   Section        0  defsig_abrt_inner.o(.text)
    .text                                    0x000871ec   Section       96  sys_stackheap_outer.o(.text)
    .text                                    0x0008724c   Section        0  exit.o(.text)
    .text                                    0x00087258   Section        0  defsig_general.o(.text)
    .text                                    0x00087290   Section        0  sys_wrch.o(.text)
    .text                                    0x000872a0   Section       20  rt_fp_status_addr_twolibspace.o(.text)
    .text_udiv                               0x000872b8   Section       36  aeabi_sdiv.o(.text_udiv)
    SWI_TABLE                                0x000872dc   Section       36  swi_table.o(SWI_TABLE)
    i.__ARM_common_call_via_r0               0x00087300   Section        0  mb.o(i.__ARM_common_call_via_r0)
    i.__ARM_common_call_via_r2               0x00087302   Section        0  mb.o(i.__ARM_common_call_via_r2)
    i.__ARM_common_call_via_r3               0x00087304   Section        0  mb.o(i.__ARM_common_call_via_r3)
    i.__ARM_common_disable_irq               0x0008730c   Section        0  mb.o(i.__ARM_common_disable_irq)
    i.__ARM_common_enable_irq                0x00087324   Section        0  mb.o(i.__ARM_common_enable_irq)
    i.__ARM_common_switch8                   0x00087338   Section        0  main.o(i.__ARM_common_switch8)
    i.__SWI_0                                0x00087350   Section        0  hal_arm.o(i.__SWI_0)
    i.__SWI_1                                0x00087380   Section        0  rt_membox.o(i.__SWI_1)
    i.__SWI_2                                0x0008738e   Section        0  rt_membox.o(i.__SWI_2)
    i.__SWI_3                                0x000873a6   Section        0  hal_arm.o(i.__SWI_3)
    i.__SWI_4                                0x000873ae   Section        0  hal_arm.o(i.__SWI_4)
    i.__SWI_6                                0x000873b6   Section        0  hal_arm.o(i.__SWI_6)
    i.__SWI_7                                0x000873b8   Section        0  hal_arm.o(i.__SWI_7)
    i.__kernel_poly                          0x000873bc   Section        0  poly.o(i.__kernel_poly)
    i._init_box                              0x000874bc   Section        0  rt_membox.o(i._init_box)
    i.log                                    0x0008750c   Section        0  log.o(i.log)
    i.os_block                               0x00087a9c   Section        0  rt_task.o(i.os_block)
    i.os_chk_robin                           0x00087ae4   Section        0  rt_robin.o(i.os_chk_robin)
    i.os_dec_dly                             0x00087b28   Section        0  rt_list.o(i.os_dec_dly)
    i.os_dispatch                            0x00087ba4   Section        0  rt_task.o(i.os_dispatch)
    i.os_dly_wait                            0x00087be8   Section        0  rt_time.o(i.os_dly_wait)
    i.os_evt_psh                             0x00087c00   Section        0  rt_event.o(i.os_evt_psh)
    i.os_evt_set                             0x00087c50   Section        0  rt_event.o(i.os_evt_set)
    i.os_evt_wait                            0x00087cb4   Section        0  rt_event.o(i.os_evt_wait)
    i.os_get_first                           0x00087d0c   Section        0  rt_list.o(i.os_get_first)
    i.os_init_context                        0x00087d38   Section        0  rt_task.o(i.os_init_context)
    os_init_context                          0x00087d39   Thumb Code    66  rt_task.o(i.os_init_context)
    i.os_init_robin                          0x00087d80   Section        0  rt_robin.o(i.os_init_robin)
    i.os_init_stack                          0x00087d98   Section        0  hal_arm.o(i.os_init_stack)
    i.os_itv_set                             0x00087dfc   Section        0  rt_time.o(i.os_itv_set)
    i.os_itv_wait                            0x00087e14   Section        0  rt_time.o(i.os_itv_wait)
    i.os_mbx_psh                             0x00087e4c   Section        0  rt_mailbox.o(i.os_mbx_psh)
    i.os_mut_init                            0x00087ed4   Section        0  rt_mutex.o(i.os_mut_init)
    i.os_mut_release                         0x00087f04   Section        0  rt_mutex.o(i.os_mut_release)
    i.os_mut_wait                            0x00087fac   Section        0  rt_mutex.o(i.os_mut_wait)
    i.os_put_dly                             0x00088030   Section        0  rt_list.o(i.os_put_dly)
    i.os_put_prio                            0x00088080   Section        0  rt_list.o(i.os_put_prio)
    i.os_put_rdy_first                       0x000880c0   Section        0  rt_list.o(i.os_put_rdy_first)
    i.os_resort_prio                         0x000880d4   Section        0  rt_list.o(i.os_resort_prio)
    i.os_rmv_dly                             0x00088108   Section        0  rt_list.o(i.os_rmv_dly)
    i.os_rmv_list                            0x00088134   Section        0  rt_list.o(i.os_rmv_list)
    i.os_sem_psh                             0x00088168   Section        0  rt_semaphore.o(i.os_sem_psh)
    i.os_sys_init1                           0x000881a0   Section        0  rt_task.o(i.os_sys_init1)
    i.os_sys_manager                         0x00088288   Section        0  rt_system.o(i.os_sys_manager)
    i.os_tmr_tick                            0x00088354   Section        0  rt_timer.o(i.os_tmr_tick)
    i.os_tsk_create0                         0x00088398   Section        0  rt_task.o(i.os_tsk_create0)
    i.os_tsk_delete                          0x00088428   Section        0  rt_task.o(i.os_tsk_delete)
    i.os_tsk_self                            0x000884d0   Section        0  rt_task.o(i.os_tsk_self)
    i.sqrt                                   0x000884e4   Section        0  sqrt.o(i.sqrt)
    i.vMBPortTimersDisable                   0x00088550   Section        0  porttimer.o(i.vMBPortTimersDisable)
    i.vMBPortTimersEnable                    0x00088560   Section        0  porttimer.o(i.vMBPortTimersEnable)
    x$fpl$d2f                                0x00088588   Section      108  d2f.o(x$fpl$d2f)
    x$fpl$dadd                               0x000885f8   Section      336  daddsub_noclz.o(x$fpl$dadd)
    _dadd1                                   0x00088608   ARM Code       0  daddsub_noclz.o(x$fpl$dadd)
    x$fpl$dcheck1                            0x00088748   Section       16  dcheck1.o(x$fpl$dcheck1)
    x$fpl$dcmpinf                            0x00088758   Section       28  dcmpi.o(x$fpl$dcmpinf)
    x$fpl$ddiv                               0x00088778   Section      736  ddiv.o(x$fpl$ddiv)
    ddiv_entry                               0x00088780   ARM Code       0  ddiv.o(x$fpl$ddiv)
    x$fpl$deqf                               0x00088a58   Section      148  deqf.o(x$fpl$deqf)
    x$fpl$dflt                               0x00088af0   Section       88  dflt_noclz.o(x$fpl$dflt)
    x$fpl$dmul                               0x00088b4c   Section      384  dmul.o(x$fpl$dmul)
    x$fpl$dnaninf                            0x00088ccc   Section      192  dnaninf.o(x$fpl$dnaninf)
    x$fpl$dretinf                            0x00088d8c   Section       16  dretinf.o(x$fpl$dretinf)
    x$fpl$drsb                               0x00088d9c   Section       24  daddsub_noclz.o(x$fpl$drsb)
    x$fpl$dsqrt                              0x00088db4   Section      520  dsqrt_noumaal.o(x$fpl$dsqrt)
    x$fpl$dsub                               0x00088fbc   Section      580  daddsub_noclz.o(x$fpl$dsub)
    _dsub1                                   0x00088fcc   ARM Code       0  daddsub_noclz.o(x$fpl$dsub)
    x$fpl$f2d                                0x00089204   Section      100  f2d.o(x$fpl$f2d)
    x$fpl$fadd                               0x0008926c   Section      196  faddsub_noclz.o(x$fpl$fadd)
    _fadd1                                   0x00089278   ARM Code       0  faddsub_noclz.o(x$fpl$fadd)
    x$fpl$fcheck1                            0x00089330   Section       12  fcheck1.o(x$fpl$fcheck1)
    x$fpl$fdiv                               0x00089340   Section      400  fdiv.o(x$fpl$fdiv)
    _fdiv1                                   0x00089340   ARM Code       0  fdiv.o(x$fpl$fdiv)
    x$fpl$ffix                               0x000894d4   Section       68  ffix.o(x$fpl$ffix)
    x$fpl$ffixu                              0x0008951c   Section       84  ffixu.o(x$fpl$ffixu)
    x$fpl$fflt                               0x00089574   Section       92  fflt_noclz.o(x$fpl$fflt)
    x$fpl$ffltu                              0x000895d4   Section        8  fflt_noclz.o(x$fpl$ffltu)
    x$fpl$fmul                               0x000895e0   Section      256  fmul.o(x$fpl$fmul)
    x$fpl$fnaninf                            0x000896e0   Section      168  fnaninf.o(x$fpl$fnaninf)
    x$fpl$fpinit                             0x0008978c   Section       24  fpinit.o(x$fpl$fpinit)
    x$fpl$fretinf                            0x000897a4   Section       16  fretinf.o(x$fpl$fretinf)
    x$fpl$frsb                               0x000897b8   Section       20  faddsub_noclz.o(x$fpl$frsb)
    x$fpl$fsub                               0x000897d0   Section      304  faddsub_noclz.o(x$fpl$fsub)
    _fsub1                                   0x000897dc   ARM Code       0  faddsub_noclz.o(x$fpl$fsub)
    x$fpl$retnan                             0x00089900   Section      116  retnan.o(x$fpl$retnan)
    x$fpl$scalbn                             0x00089974   Section      108  scalbn.o(x$fpl$scalbn)
    x$fpl$scalbnf                            0x000899e4   Section       96  scalbnf.o(x$fpl$scalbnf)
    x$fpl$trapveneer                         0x00089a44   Section       60  trapv.o(x$fpl$trapveneer)
    .constdata                               0x00089a80   Section      512  mbcrc.o(.constdata)
    x$fpl$usenofp                            0x00089a80   Section        0  usenofp.o(x$fpl$usenofp)
    aucCRCHi                                 0x00089a80   Data         256  mbcrc.o(.constdata)
    aucCRCLo                                 0x00089b80   Data         256  mbcrc.o(.constdata)
    .constdata                               0x00089c80   Section        2  rtx_config.o(.constdata)
    .constdata                               0x00089c84   Section        4  rtx_config.o(.constdata)
    .constdata                               0x00089c88   Section        4  rtx_config.o(.constdata)
    .constdata                               0x00089c8c   Section        8  rtx_config.o(.constdata)
    __tagsym$$used                           0x00089c8c   Number         0  rtx_config.o(.constdata)
    __tagsym$$used                           0x00089c90   Number         0  rtx_config.o(.constdata)
    .constdata                               0x00089c94   Section        2  rtx_config.o(.constdata)
    .constdata                               0x00089c98   Section        4  rtx_config.o(.constdata)
    .constdata                               0x00089c9c   Section        1  rtx_config.o(.constdata)
    .constdata                               0x00089c9e   Section        2  rtx_config.o(.constdata)
    .constdata                               0x00089ca0   Section      170  ht1622.o(.constdata)
    .constdata                               0x00089d4a   Section     1280  hmi.o(.constdata)
    .constdata                               0x0008a250   Section       56  log.o(.constdata)
    Lg2                                      0x0008a250   Data          24  log.o(.constdata)
    Lg                                       0x0008a268   Data          32  log.o(.constdata)
    .constdata                               0x0008a288   Section        8  qnan.o(.constdata)
    .ARM.__AT_0x0008F400                     0x0008f400   Section      512  main.o(.ARM.__AT_0x0008F400)

    Global Symbols

    Symbol Name                              Value     Ov Type        Size  Object(Section)

    BuildAttributes$$THM_ISAv1$ARM_ISAv4$S$PE$A:L22$X:L11$S22$IEEE1$IW$USESV6$~STKCKD$USESV7$~SHL$OTIME$ROPI$IEEEJ$EBA8$UX$STANDARDLIB$REQ8$PRES8$EABIv2 0x00000000   Number         0  anon$$obj.o ABSOLUTE
    __ARM_use_no_argv                        0x00000000   Number         0  main.o ABSOLUTE
    __ARM_exceptions_init                     - Undefined Weak Reference
    __alloca_initialize                       - Undefined Weak Reference
    __cpp_initialize__aeabi_                  - Undefined Weak Reference
    __cxa_finalize                            - Undefined Weak Reference
    __fpl_infinity                            - Undefined Weak Reference
    __rt_locale                               - Undefined Weak Reference
    __sigvec_lookup                           - Undefined Weak Reference
    _atexit_init                              - Undefined Weak Reference
    _call_atexit_fns                          - Undefined Weak Reference
    _clock_init                               - Undefined Weak Reference
    _fp_trap_init                             - Undefined Weak Reference
    _fp_trap_shutdown                         - Undefined Weak Reference
    _get_lc_collate                           - Undefined Weak Reference
    _get_lc_ctype                             - Undefined Weak Reference
    _get_lc_monetary                          - Undefined Weak Reference
    _get_lc_numeric                           - Undefined Weak Reference
    _get_lc_time                              - Undefined Weak Reference
    _getenv_init                              - Undefined Weak Reference
    _handle_redirection                       - Undefined Weak Reference
    _init_alloc                               - Undefined Weak Reference
    _init_user_alloc                          - Undefined Weak Reference
    _initio                                   - Undefined Weak Reference
    _rand_init                                - Undefined Weak Reference
    _signal_finish                            - Undefined Weak Reference
    _signal_init                              - Undefined Weak Reference
    _terminate_alloc                          - Undefined Weak Reference
    _terminate_user_alloc                     - Undefined Weak Reference
    _terminateio                              - Undefined Weak Reference
    os_tmr_reload                             - Undefined Weak Reference
    rt_init                                   - Undefined Weak Reference
    rt_notify                                 - Undefined Weak Reference
    rt_post_taskswitch                        - Undefined Weak Reference
    __RTX_ARM_VER                            0x00000413   Number         0  rt_system.o ABSOLUTE
    t_pid                                    0x00010004   Data           4  main.o(.data)
    t_modbus                                 0x00010008   Data           4  main.o(.data)
    t_adc                                    0x0001000c   Data           4  main.o(.data)
    t_hmi                                    0x00010010   Data           4  main.o(.data)
    pxMBFrameCBByteReceived                  0x0001003c   Data           4  mb.o(.data)
    pxMBFrameCBTransmitterEmpty              0x00010040   Data           4  mb.o(.data)
    pxMBPortCBTimerExpired                   0x00010044   Data           4  mb.o(.data)
    m_tmr                                    0x000100ac   Data           4  rtx_config.o(.data)
    m_mcbCurrent                             0x000100d8   Data           8  hmi.o(.data)
    m_stackMenuCtlBlock                      0x000100e0   Data           8  hmi.o(.data)
    os_runtask                               0x000100f0   Data           4  rt_task.o(.data)
    os_time                                  0x000100f4   Data           2  rt_time.o(.data)
    sys_stktop                               0x000100f8   Data           4  hal_arm.o(.data)
    os_psh                                   0x000100fc   Data           8  rt_system.o(.data)
    os_robin                                 0x00010104   Data           8  rt_robin.o(.data)
    os_tmr                                   0x0001010c   Data           8  rt_timer.o(.data)
    g_UnitData                               0x00010114   Data          54  main.o(.bss)
    g_UnitCfg                                0x0001014a   Data         134  main.o(.bss)
    Controller                               0x000101d0   Data          12  main.o(.bss)
    ucRTUBuf                                 0x000101dc   Data         256  mbrtu.o(.bss)
    mp_tcb                                   0x000102dc   Data         300  rtx_config.o(.bss)
    mp_stk                                   0x00010408   Data        1808  rtx_config.o(.bss)
    os_fifo                                  0x00010b18   Data         132  rtx_config.o(.bss)
    os_active_TCB                            0x00010b9c   Data          24  rtx_config.o(.bss)
    m_aMenuItems                             0x00010e54   Data        3840  hmi.o(.bss)
    os_idle_TCB                              0x00011d94   Data          48  rt_task.o(.bss)
    os_rdy                                   0x00011dc4   Data          24  rt_list.o(.bss)
    os_dly                                   0x00011ddc   Data          24  rt_list.o(.bss)
    __libspace_start                         0x00011df4   Data          96  libspace.o(.bss)
    __temporary_stack_top$libspace           0x00011e54   Data           0  libspace.o(.bss)
    Reset_Handler                            0x00080050   ARM Code       0  startup.o(RESET)
    __main                                   0x000800cc   ARM Code       8  __main.o(!!!main)
    __scatterload                            0x000800d4   ARM Code       0  __scatter.o(!!!scatter)
    __scatterload_rt2                        0x000800d4   ARM Code      52  __scatter.o(!!!scatter)
    __scatterload_null                       0x000800e8   ARM Code       0  __scatter.o(!!!scatter)
    __scatterload_copy                       0x00080110   ARM Code      40  __scatter_copy.o(!!handler_copy)
    __scatterload_zeroinit                   0x00080138   ARM Code      44  __scatter_zi.o(!!handler_zi)
    Inline ARM to Thumb Veneer to __rt_lib_init 0x00080164   ARM Code       8  libinit.o(.ARM.Collect$$libinit$$00000000)
    __rt_lib_init                            0x0008016d   Thumb Code     0  libinit.o(.ARM.Collect$$libinit$$00000000)
    __rt_lib_init_alloca_1                   0x00080173   Thumb Code     0  libinit2.o(.ARM.Collect$$libinit$$0000002A)
    __rt_lib_init_argv_1                     0x00080173   Thumb Code     0  libinit2.o(.ARM.Collect$$libinit$$00000028)
    __rt_lib_init_atexit_1                   0x00080173   Thumb Code     0  libinit2.o(.ARM.Collect$$libinit$$00000017)
    __rt_lib_init_clock_1                    0x00080173   Thumb Code     0  libinit2.o(.ARM.Collect$$libinit$$0000001D)
    __rt_lib_init_cpp_1                      0x00080173   Thumb Code     0  libinit2.o(.ARM.Collect$$libinit$$0000002E)
    __rt_lib_init_exceptions_1               0x00080173   Thumb Code     0  libinit2.o(.ARM.Collect$$libinit$$0000002C)
    __rt_lib_init_fp_trap_1                  0x00080173   Thumb Code     0  libinit2.o(.ARM.Collect$$libinit$$0000001B)
    __rt_lib_init_getenv_1                   0x00080173   Thumb Code     0  libinit2.o(.ARM.Collect$$libinit$$0000001F)
    __rt_lib_init_heap_1                     0x00080173   Thumb Code     0  libinit2.o(.ARM.Collect$$libinit$$00000006)
    __rt_lib_init_lc_collate_1               0x00080173   Thumb Code     0  libinit2.o(.ARM.Collect$$libinit$$0000000D)
    __rt_lib_init_lc_ctype_1                 0x00080173   Thumb Code     0  libinit2.o(.ARM.Collect$$libinit$$0000000F)
    __rt_lib_init_lc_monetary_1              0x00080173   Thumb Code     0  libinit2.o(.ARM.Collect$$libinit$$00000011)
    __rt_lib_init_lc_numeric_1               0x00080173   Thumb Code     0  libinit2.o(.ARM.Collect$$libinit$$00000013)
    __rt_lib_init_lc_time_1                  0x00080173   Thumb Code     0  libinit2.o(.ARM.Collect$$libinit$$00000015)
    __rt_lib_init_rand_1                     0x00080173   Thumb Code     0  libinit2.o(.ARM.Collect$$libinit$$0000000A)
    __rt_lib_init_return                     0x00080173   Thumb Code     0  libinit2.o(.ARM.Collect$$libinit$$0000002F)
    __rt_lib_init_signal_1                   0x00080173   Thumb Code     0  libinit2.o(.ARM.Collect$$libinit$$00000019)
    __rt_lib_init_stdio_1                    0x00080173   Thumb Code     0  libinit2.o(.ARM.Collect$$libinit$$00000021)
    __rt_lib_init_user_alloc_1               0x00080173   Thumb Code     0  libinit2.o(.ARM.Collect$$libinit$$00000008)
    Inline ARM to Thumb Veneer to __rt_lib_shutdown 0x00080180   ARM Code       8  libshutdown.o(.ARM.Collect$$libshutdown$$00000000)
    __rt_lib_shutdown                        0x00080189   Thumb Code     0  libshutdown.o(.ARM.Collect$$libshutdown$$00000000)
    __rt_lib_shutdown_fp_trap_1              0x0008018d   Thumb Code     0  libshutdown2.o(.ARM.Collect$$libshutdown$$00000006)
    __rt_lib_shutdown_heap_1                 0x0008018d   Thumb Code     0  libshutdown2.o(.ARM.Collect$$libshutdown$$0000000E)
    __rt_lib_shutdown_return                 0x0008018d   Thumb Code     0  libshutdown2.o(.ARM.Collect$$libshutdown$$0000000F)
    __rt_lib_shutdown_signal_1               0x0008018d   Thumb Code     0  libshutdown2.o(.ARM.Collect$$libshutdown$$00000009)
    __rt_lib_shutdown_stdio_1                0x0008018d   Thumb Code     0  libshutdown2.o(.ARM.Collect$$libshutdown$$00000003)
    __rt_lib_shutdown_user_alloc_1           0x0008018d   Thumb Code     0  libshutdown2.o(.ARM.Collect$$libshutdown$$0000000B)
    __rt_entry                               0x00080194   ARM Code       0  rtentry.o(.ARM.Collect$$rtentry$$00000000)
    __rt_entry_presh_1                       0x00080194   ARM Code       0  rtentry2.o(.ARM.Collect$$rtentry$$00000002)
    __rt_entry_sh                            0x00080194   ARM Code       0  rtentry4.o(.ARM.Collect$$rtentry$$00000004)
    __rt_entry_li                            0x0008019c   ARM Code       0  rtentry2.o(.ARM.Collect$$rtentry$$0000000A)
    __rt_entry_postsh_1                      0x0008019c   ARM Code       0  rtentry2.o(.ARM.Collect$$rtentry$$00000009)
    __rt_entry_main                          0x000801a0   ARM Code       0  rtentry2.o(.ARM.Collect$$rtentry$$0000000D)
    __rt_entry_postli_1                      0x000801a0   ARM Code       0  rtentry2.o(.ARM.Collect$$rtentry$$0000000C)
    Inline Thumb to ARM Veneer to __rt_exit  0x000801c9   Thumb Code     4  rtexit.o(.ARM.Collect$$rtexit$$00000000)
    __rt_exit                                0x000801cc   ARM Code       0  rtexit.o(.ARM.Collect$$rtexit$$00000000)
    __rt_exit_ls                             0x000801d0   ARM Code       0  rtexit2.o(.ARM.Collect$$rtexit$$00000003)
    __rt_exit_prels_1                        0x000801d0   ARM Code       0  rtexit2.o(.ARM.Collect$$rtexit$$00000002)
    __rt_exit_exit                           0x000801d4   ARM Code       0  rtexit2.o(.ARM.Collect$$rtexit$$00000004)
    IRQ_Handler                              0x000801dc   ARM Code      52  rtx_config.o(.emb_text)
    _inc_qi                                  0x00080225   Thumb Code    60  hal_arm.o(.emb_text)
    _dec_qc                                  0x00080261   Thumb Code    32  hal_arm.o(.emb_text)
    os_set_env                               0x00080281   Thumb Code     8  hal_arm.o(.emb_text)
    os_sys_init0                             0x00080289   Thumb Code    12  hal_arm.o(.emb_text)
    os_sys_run                               0x0008029d   Thumb Code    16  hal_arm.o(.emb_text)
    os_clock_interrupt                       0x000802b0   ARM Code     128  hal_arm.o(.emb_text)
    os_sys_manager_ret                       0x0008031d   Thumb Code     0  hal_arm.o(.emb_text)
    SWI_Handler                              0x00080344   ARM Code     192  hal_arm.o(.emb_text)
    os_switch_tasks_ret                      0x00080381   Thumb Code     0  hal_arm.o(.emb_text)
    __user_initial_stackheap                 0x0008040c   ARM Code       0  startup.o(.text)
    lpReset                                  0x0008042d   Thumb Code    12  main.o(.text)
    SetPwmDutyCycle1                         0x00080439   Thumb Code   112  main.o(.text)
    SetPwmDutyCycle2                         0x000804a9   Thumb Code   194  main.o(.text)
    pid                                      0x0008056b   Thumb Code   374  main.o(.text)
    modbus                                   0x000806e1   Thumb Code    12  main.o(.text)
    adc_read_data                            0x000806ed   Thumb Code    94  main.o(.text)
    adc                                      0x0008074b   Thumb Code    96  main.o(.text)
    hmi                                      0x000807ab   Thumb Code   204  main.o(.text)
    adc_poweron                              0x00080877   Thumb Code    16  main.o(.text)
    adc_init                                 0x00080887   Thumb Code    28  main.o(.text)
    data_init                                0x000808a3   Thumb Code   176  main.o(.text)
    init                                     0x00080953   Thumb Code   222  main.o(.text)
    main                                     0x00080a31   Thumb Code    20  main.o(.text)
    eMBRegInputCB                            0x00080a45   Thumb Code    56  main.o(.text)
    eMBRegHoldingCB                          0x00080a7d   Thumb Code   102  main.o(.text)
    eMBRegCoilsCB                            0x00080ae3   Thumb Code     4  main.o(.text)
    eMBRegDiscreteCB                         0x00080ae7   Thumb Code     4  main.o(.text)
    xMBPortEventInit                         0x00080b35   Thumb Code    10  portevent.o(.text)
    xMBPortEventPost                         0x00080b3f   Thumb Code    12  portevent.o(.text)
    xMBPortEventGet                          0x00080b4b   Thumb Code    24  portevent.o(.text)
    vMBPortSerialEnable                      0x00080b69   Thumb Code    78  portserial.o(.text)
    xMBPortSerialInit                        0x00080bb7   Thumb Code   130  portserial.o(.text)
    xMBPortSerialPutByte                     0x00080c39   Thumb Code     8  portserial.o(.text)
    xMBPortSerialGetByte                     0x00080c41   Thumb Code    10  portserial.o(.text)
    mb_uart_interrupt                        0x00080c60   ARM Code      72  portserial.o(.text)
    xMBPortTimersInit                        0x00080cb9   Thumb Code    10  porttimer.o(.text)
    mb_timer2_interrupt                      0x00080cc8   ARM Code      40  porttimer.o(.text)
    eMBInit                                  0x00080cf9   Thumb Code   138  mb.o(.text)
    eMBRegisterCB                            0x00080d83   Thumb Code   110  mb.o(.text)
    eMBClose                                 0x00080df1   Thumb Code    34  mb.o(.text)
    eMBEnable                                0x00080e13   Thumb Code    30  mb.o(.text)
    eMBDisable                               0x00080e31   Thumb Code    32  mb.o(.text)
    eMBPoll                                  0x00080e51   Thumb Code   196  mb.o(.text)
    usMBCRC16                                0x00080f51   Thumb Code    46  mbcrc.o(.text)
    eMBRTUInit                               0x00080f85   Thumb Code    76  mbrtu.o(.text)
    eMBRTUStart                              0x00080fd1   Thumb Code    34  mbrtu.o(.text)
    eMBRTUStop                               0x00080ff3   Thumb Code    24  mbrtu.o(.text)
    eMBRTUReceive                            0x0008100b   Thumb Code    78  mbrtu.o(.text)
    eMBRTUSend                               0x00081059   Thumb Code    90  mbrtu.o(.text)
    xMBRTUReceiveFSM                         0x000810b3   Thumb Code   104  mbrtu.o(.text)
    xMBRTUTransmitFSM                        0x0008111b   Thumb Code    94  mbrtu.o(.text)
    xMBRTUTimerT35Expired                    0x00081179   Thumb Code    62  mbrtu.o(.text)
    eMBFuncReadCoils                         0x000811c5   Thumb Code   120  mbfunccoils.o(.text)
    eMBFuncWriteCoil                         0x0008123d   Thumb Code    92  mbfunccoils.o(.text)
    eMBFuncWriteMultipleCoils                0x00081299   Thumb Code   106  mbfunccoils.o(.text)
    eMBFuncReadDiscreteInputs                0x00081309   Thumb Code   118  mbfuncdisc.o(.text)
    eMBFuncWriteHoldingRegister              0x00081385   Thumb Code    56  mbfuncholding.o(.text)
    eMBFuncWriteMultipleHoldingRegister      0x000813bd   Thumb Code    86  mbfuncholding.o(.text)
    eMBFuncReadHoldingRegister               0x00081413   Thumb Code    92  mbfuncholding.o(.text)
    eMBFuncReadWriteMultipleHoldingRegister  0x0008146f   Thumb Code   162  mbfuncholding.o(.text)
    eMBFuncReadInputRegister                 0x00081511   Thumb Code   100  mbfuncinput.o(.text)
    xMBUtilSetBits                           0x00081575   Thumb Code    50  mbutils.o(.text)
    xMBUtilGetBits                           0x000815a7   Thumb Code    36  mbutils.o(.text)
    prveMBError2Exception                    0x000815cb   Thumb Code    24  mbutils.o(.text)
    eMBASCIIInit                             0x000815e5   Thumb Code    60  mbascii.o(.text)
    eMBASCIIStart                            0x00081621   Thumb Code    36  mbascii.o(.text)
    eMBASCIIStop                             0x00081645   Thumb Code    24  mbascii.o(.text)
    eMBASCIIReceive                          0x0008165d   Thumb Code    76  mbascii.o(.text)
    eMBASCIISend                             0x000816a9   Thumb Code    80  mbascii.o(.text)
    xMBASCIIReceiveFSM                       0x000816f9   Thumb Code   230  mbascii.o(.text)
    xMBASCIITransmitFSM                      0x000817df   Thumb Code   176  mbascii.o(.text)
    xMBASCIITimerT1SExpired                  0x0008188f   Thumb Code    42  mbascii.o(.text)
    Inline ARM to Thumb Veneer to __user_perthread_libspace 0x00081900   ARM Code       8  rtx_config.o(.text)
    os_idle_demon                            0x00081909   Thumb Code     2  rtx_config.o(.text)
    os_tmr_call                              0x0008190b   Thumb Code     2  rtx_config.o(.text)
    os_error                                 0x0008190d   Thumb Code     2  rtx_config.o(.text)
    os_tmr_init                              0x0008190f   Thumb Code    12  rtx_config.o(.text)
    os_tmr_force_irq                         0x0008191b   Thumb Code    26  rtx_config.o(.text)
    os_tmr_inspect_cnt                       0x00081935   Thumb Code    10  rtx_config.o(.text)
    os_tmr_inspect_ovf                       0x0008193f   Thumb Code    10  rtx_config.o(.text)
    os_irq_ack_lock                          0x00081949   Thumb Code    28  rtx_config.o(.text)
    __SWI_5                                  0x00081965   Thumb Code     8  rtx_config.o(.text)
    tsk_unlock                               0x0008196d   Thumb Code    28  rtx_config.o(.text)
    os_stk_check                             0x00081989   Thumb Code     2  rtx_config.o(.text)
    __user_perthread_libspace                0x0008198b   Thumb Code    30  rtx_config.o(.text)
    _mutex_initialize                        0x000819a9   Thumb Code    36  rtx_config.o(.text)
    _mutex_acquire                           0x000819cd   Thumb Code    24  rtx_config.o(.text)
    _mutex_release                           0x000819e5   Thumb Code    20  rtx_config.o(.text)
    os_def_interrupt                         0x00081a14   ARM Code       4  rtx_config.o(.text)
    iap_init                                 0x00081a19   Thumb Code     8  iap.o(.text)
    EepromWr_n                               0x00081a21   Thumb Code    64  iap.o(.text)
    display_char                             0x00081af1   Thumb Code  1512  ht1622.o(.text)
    digital                                  0x000820d9   Thumb Code   692  ht1622.o(.text)
    display_digital                          0x0008238d   Thumb Code   112  ht1622.o(.text)
    clearLCD                                 0x000823fd   Thumb Code    40  ht1622.o(.text)
    SENDCOMC                                 0x00082425   Thumb Code    26  ht1622.o(.text)
    initLCD_1622                             0x0008243f   Thumb Code    32  ht1622.o(.text)
    floattochar                              0x0008245f   Thumb Code   352  ht1622.o(.text)
    HMI_Init                                 0x00085085   Thumb Code  5170  hmi.o(.text)
    HMI_Handler                              0x000864b7   Thumb Code    16  hmi.o(.text)
    DS18B20_Temperature                      0x00086737   Thumb Code   154  ds18b20.o(.text)
    pid_init                                 0x00086869   Thumb Code    60  pid.o(.text)
    pid_controller                           0x000868a5   Thumb Code   148  pid.o(.text)
    pid_reset_integrator                     0x00086939   Thumb Code    16  pid.o(.text)
    posHandle                                0x00086951   Thumb Code   178  calc.o(.text)
    spHandle                                 0x00086a03   Thumb Code   160  calc.o(.text)
    p1Handle                                 0x00086aa3   Thumb Code   102  calc.o(.text)
    p2Handle                                 0x00086b09   Thumb Code   102  calc.o(.text)
    tempHandle                               0x00086b6f   Thumb Code   248  calc.o(.text)
    cmdHandle                                0x00086c67   Thumb Code   730  calc.o(.text)
    __user_libspace                          0x00086f64   ARM Code      12  libspace.o(.text)
    __user_perproc_libspace                  0x00086f64   ARM Code       0  libspace.o(.text)
    abort                                    0x00086f71   Thumb Code    16  abort.o(.text)
    Inline Thumb to ARM Veneer to __aeabi_uread4 0x00086f81   Thumb Code     4  uread4.o(.text)
    __aeabi_uread4                           0x00086f84   ARM Code       0  uread4.o(.text)
    __rt_uread4                              0x00086f84   ARM Code      32  uread4.o(.text)
    Inline Thumb to ARM Veneer to __aeabi_uwrite4 0x00086fa5   Thumb Code     4  uwrite4.o(.text)
    __aeabi_uwrite4                          0x00086fa8   ARM Code       0  uwrite4.o(.text)
    __rt_uwrite4                             0x00086fa8   ARM Code      32  uwrite4.o(.text)
    Inline Thumb to ARM Veneer to __aeabi_idivmod 0x00086fc9   Thumb Code     4  aeabi_sdiv.o(.text)
    __aeabi_idiv                             0x00086fcc   ARM Code       0  aeabi_sdiv.o(.text)
    __aeabi_idivmod                          0x00086fcc   ARM Code     384  aeabi_sdiv.o(.text)
    __use_two_region_memory                  0x0008714d   Thumb Code     2  heapauxi.o(.text)
    __rt_heap_escrow$2region                 0x0008714f   Thumb Code     2  heapauxi.o(.text)
    __rt_heap_expand$2region                 0x00087151   Thumb Code     2  heapauxi.o(.text)
    Inline ARM to Thumb Veneer to _sys_exit  0x00087154   ARM Code       8  sys_exit.o(.text)
    _sys_exit                                0x0008715d   Thumb Code     8  sys_exit.o(.text)
    Inline ARM to Thumb Veneer to __set_errno 0x00087168   ARM Code       8  _rserrno.o(.text)
    __read_errno                             0x00087171   Thumb Code    14  _rserrno.o(.text)
    __set_errno                              0x0008717f   Thumb Code    12  _rserrno.o(.text)
    __rt_SIGABRT                             0x0008718b   Thumb Code    16  defsig_abrt_outer.o(.text)
    __I$use$semihosting                      0x0008719c   ARM Code       0  use_no_semi.o(.text)
    __use_no_semihosting_swi                 0x0008719c   ARM Code       4  use_no_semi.o(.text)
    Inline Thumb to ARM Veneer to __aeabi_errno_addr 0x000871a1   Thumb Code     4  rt_errno_addr_twolibspace.o(.text)
    __aeabi_errno_addr                       0x000871a4   ARM Code       4  rt_errno_addr_twolibspace.o(.text)
    __errno$twolibspace                      0x000871a4   ARM Code       0  rt_errno_addr_twolibspace.o(.text)
    __rt_errno_addr$twolibspace              0x000871a4   ARM Code       0  rt_errno_addr_twolibspace.o(.text)
    __sig_exit                               0x000871a9   Thumb Code    16  defsig_exit.o(.text)
    __rt_SIGABRT_inner                       0x000871b9   Thumb Code    18  defsig_abrt_inner.o(.text)
    __user_setup_stackheap                   0x000871ec   ARM Code      96  sys_stackheap_outer.o(.text)
    exit                                     0x0008724d   Thumb Code    12  exit.o(.text)
    __default_signal_display                 0x00087259   Thumb Code    56  defsig_general.o(.text)
    _ttywrch                                 0x00087291   Thumb Code    16  sys_wrch.o(.text)
    __rt_fp_status_addr                      0x000872a0   ARM Code      20  rt_fp_status_addr_twolibspace.o(.text)
    Inline Thumb to ARM Veneer to __aeabi_uidivmod 0x000872b5   Thumb Code     4  aeabi_sdiv.o(.text_udiv)
    __aeabi_uidiv                            0x000872b8   ARM Code       0  aeabi_sdiv.o(.text_udiv)
    __aeabi_uidivmod                         0x000872b8   ARM Code      36  aeabi_sdiv.o(.text_udiv)
    SWI_Count                                0x000872dc   Data           4  swi_table.o(SWI_TABLE)
    SWI_Table                                0x000872e0   Data           0  swi_table.o(SWI_TABLE)
    __ARM_common_call_via_r0                 0x00087301   Thumb Code     2  mb.o(i.__ARM_common_call_via_r0)
    __ARM_common_call_via_r2                 0x00087303   Thumb Code     2  mb.o(i.__ARM_common_call_via_r2)
    __ARM_common_call_via_r3                 0x00087305   Thumb Code     2  mb.o(i.__ARM_common_call_via_r3)
    Inline Thumb to ARM Veneer to __ARM_common_disable_irq 0x00087309   Thumb Code     4  mb.o(i.__ARM_common_disable_irq)
    __ARM_common_disable_irq                 0x0008730c   ARM Code      20  mb.o(i.__ARM_common_disable_irq)
    Inline Thumb to ARM Veneer to __ARM_common_enable_irq 0x00087321   Thumb Code     4  mb.o(i.__ARM_common_enable_irq)
    __ARM_common_enable_irq                  0x00087324   ARM Code      16  mb.o(i.__ARM_common_enable_irq)
    Inline Thumb to ARM Veneer to __ARM_common_switch8 0x00087335   Thumb Code     4  main.o(i.__ARM_common_switch8)
    __ARM_common_switch8                     0x00087338   ARM Code      24  main.o(i.__ARM_common_switch8)
    __SWI_0                                  0x00087351   Thumb Code    44  hal_arm.o(i.__SWI_0)
    __SWI_1                                  0x00087381   Thumb Code    14  rt_membox.o(i.__SWI_1)
    __SWI_2                                  0x0008738f   Thumb Code    24  rt_membox.o(i.__SWI_2)
    __SWI_3                                  0x000873a7   Thumb Code     8  hal_arm.o(i.__SWI_3)
    __SWI_4                                  0x000873af   Thumb Code     8  hal_arm.o(i.__SWI_4)
    __SWI_6                                  0x000873b7   Thumb Code     2  hal_arm.o(i.__SWI_6)
    __SWI_7                                  0x000873b9   Thumb Code     2  hal_arm.o(i.__SWI_7)
    __kernel_poly                            0x000873bc   ARM Code     256  poly.o(i.__kernel_poly)
    _init_box                                0x000874bd   Thumb Code    74  rt_membox.o(i._init_box)
    Inline Thumb to ARM Veneer to log        0x00087509   Thumb Code     4  log.o(i.log)
    log                                      0x0008750c   ARM Code    1392  log.o(i.log)
    os_block                                 0x00087a9d   Thumb Code    58  rt_task.o(i.os_block)
    os_chk_robin                             0x00087ae5   Thumb Code    56  rt_robin.o(i.os_chk_robin)
    os_dec_dly                               0x00087b29   Thumb Code   116  rt_list.o(i.os_dec_dly)
    os_dispatch                              0x00087ba5   Thumb Code    60  rt_task.o(i.os_dispatch)
    os_dly_wait                              0x00087be9   Thumb Code    24  rt_time.o(i.os_dly_wait)
    os_evt_psh                               0x00087c01   Thumb Code    74  rt_event.o(i.os_evt_psh)
    os_evt_set                               0x00087c51   Thumb Code    94  rt_event.o(i.os_evt_set)
    os_evt_wait                              0x00087cb5   Thumb Code    84  rt_event.o(i.os_evt_wait)
    os_get_first                             0x00087d0d   Thumb Code    42  rt_list.o(i.os_get_first)
    os_init_robin                            0x00087d81   Thumb Code    16  rt_robin.o(i.os_init_robin)
    os_init_stack                            0x00087d99   Thumb Code    86  hal_arm.o(i.os_init_stack)
    os_itv_set                               0x00087dfd   Thumb Code    16  rt_time.o(i.os_itv_set)
    os_itv_wait                              0x00087e15   Thumb Code    46  rt_time.o(i.os_itv_wait)
    os_mbx_psh                               0x00087e4d   Thumb Code   132  rt_mailbox.o(i.os_mbx_psh)
    os_mut_init                              0x00087ed5   Thumb Code    44  rt_mutex.o(i.os_mut_init)
    os_mut_release                           0x00087f05   Thumb Code   160  rt_mutex.o(i.os_mut_release)
    os_mut_wait                              0x00087fad   Thumb Code   126  rt_mutex.o(i.os_mut_wait)
    os_put_dly                               0x00088031   Thumb Code    76  rt_list.o(i.os_put_dly)
    os_put_prio                              0x00088081   Thumb Code    62  rt_list.o(i.os_put_prio)
    os_put_rdy_first                         0x000880c1   Thumb Code    14  rt_list.o(i.os_put_rdy_first)
    os_resort_prio                           0x000880d5   Thumb Code    48  rt_list.o(i.os_resort_prio)
    os_rmv_dly                               0x00088109   Thumb Code    44  rt_list.o(i.os_rmv_dly)
    os_rmv_list                              0x00088135   Thumb Code    46  rt_list.o(i.os_rmv_list)
    os_sem_psh                               0x00088169   Thumb Code    50  rt_semaphore.o(i.os_sem_psh)
    os_sys_init1                             0x000881a1   Thumb Code   162  rt_task.o(i.os_sys_init1)
    os_sys_manager                           0x00088289   Thumb Code   182  rt_system.o(i.os_sys_manager)
    os_tmr_tick                              0x00088355   Thumb Code    58  rt_timer.o(i.os_tmr_tick)
    os_tsk_create0                           0x00088399   Thumb Code   130  rt_task.o(i.os_tsk_create0)
    os_tsk_delete                            0x00088429   Thumb Code   148  rt_task.o(i.os_tsk_delete)
    os_tsk_self                              0x000884d1   Thumb Code    12  rt_task.o(i.os_tsk_self)
    Inline Thumb to ARM Veneer to sqrt       0x000884e1   Thumb Code     4  sqrt.o(i.sqrt)
    sqrt                                     0x000884e4   ARM Code     108  sqrt.o(i.sqrt)
    vMBPortTimersDisable                     0x00088551   Thumb Code    12  porttimer.o(i.vMBPortTimersDisable)
    vMBPortTimersEnable                      0x00088561   Thumb Code    24  porttimer.o(i.vMBPortTimersEnable)
    Inline Thumb to ARM Veneer to __aeabi_d2f 0x00088585   Thumb Code     4  d2f.o(x$fpl$d2f)
    __aeabi_d2f                              0x00088588   ARM Code       0  d2f.o(x$fpl$d2f)
    _d2f                                     0x00088588   ARM Code     108  d2f.o(x$fpl$d2f)
    Inline Thumb to ARM Veneer to __aeabi_dadd 0x000885f5   Thumb Code     4  daddsub_noclz.o(x$fpl$dadd)
    __aeabi_dadd                             0x000885f8   ARM Code       0  daddsub_noclz.o(x$fpl$dadd)
    _dadd                                    0x000885f8   ARM Code     332  daddsub_noclz.o(x$fpl$dadd)
    __fpl_dcheck_NaN1                        0x00088748   ARM Code      12  dcheck1.o(x$fpl$dcheck1)
    __fpl_dcmp_Inf                           0x00088758   ARM Code      28  dcmpi.o(x$fpl$dcmpinf)
    Inline Thumb to ARM Veneer to __aeabi_ddiv 0x00088775   Thumb Code     4  ddiv.o(x$fpl$ddiv)
    __aeabi_ddiv                             0x00088778   ARM Code       0  ddiv.o(x$fpl$ddiv)
    _ddiv                                    0x00088778   ARM Code     600  ddiv.o(x$fpl$ddiv)
    __aeabi_cdcmpeq                          0x00088a58   ARM Code       0  deqf.o(x$fpl$deqf)
    _dcmpeq                                  0x00088a58   ARM Code     148  deqf.o(x$fpl$deqf)
    Inline Thumb to ARM Veneer to __aeabi_i2d 0x00088aed   Thumb Code     4  dflt_noclz.o(x$fpl$dflt)
    __aeabi_i2d                              0x00088af0   ARM Code       0  dflt_noclz.o(x$fpl$dflt)
    _dflt                                    0x00088af0   ARM Code      88  dflt_noclz.o(x$fpl$dflt)
    __dflt_normalise                         0x00088b00   ARM Code       0  dflt_noclz.o(x$fpl$dflt)
    Inline Thumb to ARM Veneer to __aeabi_dmul 0x00088b49   Thumb Code     4  dmul.o(x$fpl$dmul)
    __aeabi_dmul                             0x00088b4c   ARM Code       0  dmul.o(x$fpl$dmul)
    _dmul                                    0x00088b4c   ARM Code     372  dmul.o(x$fpl$dmul)
    __fpl_dnaninf                            0x00088ccc   ARM Code     192  dnaninf.o(x$fpl$dnaninf)
    __fpl_dretinf                            0x00088d8c   ARM Code      16  dretinf.o(x$fpl$dretinf)
    __aeabi_drsub                            0x00088d9c   ARM Code       0  daddsub_noclz.o(x$fpl$drsb)
    _drsb                                    0x00088d9c   ARM Code      24  daddsub_noclz.o(x$fpl$drsb)
    _dsqrt                                   0x00088db4   ARM Code     516  dsqrt_noumaal.o(x$fpl$dsqrt)
    __aeabi_dsub                             0x00088fbc   ARM Code       0  daddsub_noclz.o(x$fpl$dsub)
    _dsub                                    0x00088fbc   ARM Code     576  daddsub_noclz.o(x$fpl$dsub)
    Inline Thumb to ARM Veneer to __aeabi_f2d 0x00089201   Thumb Code     4  f2d.o(x$fpl$f2d)
    __aeabi_f2d                              0x00089204   ARM Code       0  f2d.o(x$fpl$f2d)
    _f2d                                     0x00089204   ARM Code     100  f2d.o(x$fpl$f2d)
    Inline Thumb to ARM Veneer to __aeabi_fadd 0x00089269   Thumb Code     4  faddsub_noclz.o(x$fpl$fadd)
    __aeabi_fadd                             0x0008926c   ARM Code       0  faddsub_noclz.o(x$fpl$fadd)
    _fadd                                    0x0008926c   ARM Code     196  faddsub_noclz.o(x$fpl$fadd)
    __fpl_fcheck_NaN1                        0x00089330   ARM Code       8  fcheck1.o(x$fpl$fcheck1)
    Inline Thumb to ARM Veneer to __aeabi_fdiv 0x0008933d   Thumb Code     4  fdiv.o(x$fpl$fdiv)
    __aeabi_fdiv                             0x00089340   ARM Code       0  fdiv.o(x$fpl$fdiv)
    _fdiv                                    0x00089340   ARM Code     396  fdiv.o(x$fpl$fdiv)
    Inline Thumb to ARM Veneer to __aeabi_f2iz 0x000894d1   Thumb Code     4  ffix.o(x$fpl$ffix)
    __aeabi_f2iz                             0x000894d4   ARM Code       0  ffix.o(x$fpl$ffix)
    _ffix                                    0x000894d4   ARM Code      68  ffix.o(x$fpl$ffix)
    Inline Thumb to ARM Veneer to __aeabi_f2uiz 0x00089519   Thumb Code     4  ffixu.o(x$fpl$ffixu)
    __aeabi_f2uiz                            0x0008951c   ARM Code       0  ffixu.o(x$fpl$ffixu)
    _ffixu                                   0x0008951c   ARM Code      84  ffixu.o(x$fpl$ffixu)
    Inline Thumb to ARM Veneer to __aeabi_i2f 0x00089571   Thumb Code     4  fflt_noclz.o(x$fpl$fflt)
    __aeabi_i2f                              0x00089574   ARM Code       0  fflt_noclz.o(x$fpl$fflt)
    _fflt                                    0x00089574   ARM Code      92  fflt_noclz.o(x$fpl$fflt)
    __fflt_normalise                         0x00089580   ARM Code       0  fflt_noclz.o(x$fpl$fflt)
    Inline Thumb to ARM Veneer to __aeabi_ui2f 0x000895d1   Thumb Code     4  fflt_noclz.o(x$fpl$ffltu)
    __aeabi_ui2f                             0x000895d4   ARM Code       0  fflt_noclz.o(x$fpl$ffltu)
    _ffltu                                   0x000895d4   ARM Code       8  fflt_noclz.o(x$fpl$ffltu)
    Inline Thumb to ARM Veneer to __aeabi_fmul 0x000895dd   Thumb Code     4  fmul.o(x$fpl$fmul)
    __aeabi_fmul                             0x000895e0   ARM Code       0  fmul.o(x$fpl$fmul)
    _fmul                                    0x000895e0   ARM Code     256  fmul.o(x$fpl$fmul)
    __fpl_fnaninf                            0x000896e0   ARM Code     168  fnaninf.o(x$fpl$fnaninf)
    Inline Thumb to ARM Veneer to _fp_init   0x00089789   Thumb Code     4  fpinit.o(x$fpl$fpinit)
    _fp_init                                 0x0008978c   ARM Code      24  fpinit.o(x$fpl$fpinit)
    __fplib_config_pureend_doubles           0x0008979c   ARM Code       0  fpinit.o(x$fpl$fpinit)
    __fpl_fretinf                            0x000897a4   ARM Code      16  fretinf.o(x$fpl$fretinf)
    Inline Thumb to ARM Veneer to __aeabi_frsub 0x000897b5   Thumb Code     4  faddsub_noclz.o(x$fpl$frsb)
    __aeabi_frsub                            0x000897b8   ARM Code       0  faddsub_noclz.o(x$fpl$frsb)
    _frsb                                    0x000897b8   ARM Code      20  faddsub_noclz.o(x$fpl$frsb)
    Inline Thumb to ARM Veneer to __aeabi_fsub 0x000897cd   Thumb Code     4  faddsub_noclz.o(x$fpl$fsub)
    __aeabi_fsub                             0x000897d0   ARM Code       0  faddsub_noclz.o(x$fpl$fsub)
    _fsub                                    0x000897d0   ARM Code     304  faddsub_noclz.o(x$fpl$fsub)
    __fpl_return_NaN                         0x00089900   ARM Code     116  retnan.o(x$fpl$retnan)
    __ARM_scalbn                             0x00089974   ARM Code       0  scalbn.o(x$fpl$scalbn)
    scalbn                                   0x00089974   ARM Code     108  scalbn.o(x$fpl$scalbn)
    __fpl_inf_scalbn                         0x000899dc   ARM Code       0  scalbn.o(x$fpl$scalbn)
    Inline Thumb to ARM Veneer to scalbnf    0x000899e1   Thumb Code     4  scalbnf.o(x$fpl$scalbnf)
    __ARM_scalbnf                            0x000899e4   ARM Code       0  scalbnf.o(x$fpl$scalbnf)
    scalbnf                                  0x000899e4   ARM Code      96  scalbnf.o(x$fpl$scalbnf)
    __fpl_inf_scalbnf                        0x00089a40   ARM Code       0  scalbnf.o(x$fpl$scalbnf)
    __fpl_cmpreturn                          0x00089a44   ARM Code      60  trapv.o(x$fpl$trapveneer)
    __I$use$fp                               0x00089a80   ARM Code       0  usenofp.o(x$fpl$usenofp)
    os_maxtaskrun                            0x00089c80   Data           2  rtx_config.o(.constdata)
    os_stackinfo                             0x00089c84   Data           4  rtx_config.o(.constdata)
    os_rrobin                                0x00089c88   Data           4  rtx_config.o(.constdata)
    os_clockrate                             0x00089c8c   Data           4  rtx_config.o(.constdata)
    os_timernum                              0x00089c90   Data           4  rtx_config.o(.constdata)
    mp_tcb_size                              0x00089c94   Data           2  rtx_config.o(.constdata)
    mp_stk_size                              0x00089c98   Data           4  rtx_config.o(.constdata)
    os_fifo_size                             0x00089c9c   Data           1  rtx_config.o(.constdata)
    mp_tmr_size                              0x00089c9e   Data           2  rtx_config.o(.constdata)
    LED7Code                                 0x00089ca0   Data          22  ht1622.o(.constdata)
    LED16Char                                0x00089cb6   Data         108  ht1622.o(.constdata)
    LED16Num                                 0x00089d22   Data          40  ht1622.o(.constdata)
    display                                  0x00089d4a   Data        1280  hmi.o(.constdata)
    __mathlib_zero                           0x0008a288   Data           8  qnan.o(.constdata)
    Region$$Table$$Base                      0x0008a290   Number         0  anon$$obj.o(Region$$Table)
    Region$$Table$$Limit                     0x0008a2b0   Number         0  anon$$obj.o(Region$$Table)
    g_UnitCfgInFlash                         0x0008f400   Data         512  main.o(.ARM.__AT_0x0008F400)



==============================================================================

Memory Map of the image

  Image Entry point : 0x000800cc

  Load Region LR_IROM1 (Base: 0x00080000, Size: 0x0000f714, Max: 0x0000f800, ABSOLUTE)

    Execution Region RW_IRAM1 (Base: 0x00010000, Size: 0x00001f08, Max: 0x00002000, ABSOLUTE)

    Base Addr    Size         Type   Attr      Idx    E Section Name        Object

    0x00010000   0x00000014   Data   RW           15    .data               main.o
    0x00010014   0x00000002   Data   RW          108    .data               portevent.o
    0x00010016   0x00000001   Data   RW          123    .data               portserial.o
    0x00010017   0x00000001   PAD
    0x00010018   0x00000004   Data   RW          145    .data               porttimer.o
    0x0001001c   0x00000074   Data   RW          176    .data               mb.o
    0x00010090   0x0000000c   Data   RW          245    .data               mbrtu.o
    0x0001009c   0x00000010   Data   RW          329    .data               mbascii.o
    0x000100ac   0x00000004   Data   RW          362    .data               rtx_config.o
    0x000100b0   0x00000008   Data   RW          363    .data               rtx_config.o
    0x000100b8   0x00000001   Data   RW          404    .data               ht1622.o
    0x000100b9   0x00000003   PAD
    0x000100bc   0x0000002c   Data   RW          425    .data               hmi.o
    0x000100e8   0x00000006   Data   RW          478    .data               calc.o
    0x000100ee   0x00000002   PAD
    0x000100f0   0x00000004   Data   RW          546    .data               RTX_ARM_L.lib(rt_task.o)(RTX_ARM_L.lib)
    0x000100f4   0x00000002   Data   RW          631    .data               RTX_ARM_L.lib(rt_time.o)(RTX_ARM_L.lib)
    0x000100f6   0x00000002   PAD
    0x000100f8   0x00000004   Data   RW          733    .data               RTX_ARM_L.lib(hal_arm.o)(RTX_ARM_L.lib)
    0x000100fc   0x00000008   Data   RW          786    .data               RTX_ARM_L.lib(rt_system.o)(RTX_ARM_L.lib)
    0x00010104   0x00000008   Data   RW          893    .data               RTX_ARM_L.lib(rt_robin.o)(RTX_ARM_L.lib)
    0x0001010c   0x00000008   Data   RW         1032    .data               RTX_ARM_L.lib(rt_timer.o)(RTX_ARM_L.lib)
    0x00010114   0x000000c8   Zero   RW           13    .bss                main.o
    0x000101dc   0x00000100   Zero   RW          244    .bss                mbrtu.o
    0x000102dc   0x0000012c   Zero   RW          349    .bss                rtx_config.o
    0x00010408   0x00000710   Zero   RW          350    .bss                rtx_config.o
    0x00010b18   0x00000084   Zero   RW          351    .bss                rtx_config.o
    0x00010b9c   0x00000018   Zero   RW          352    .bss                rtx_config.o
    0x00010bb4   0x000002a0   Zero   RW          353    .bss                rtx_config.o
    0x00010e54   0x00000f3f   Zero   RW          423    .bss                hmi.o
    0x00011d93   0x00000001   PAD
    0x00011d94   0x00000030   Zero   RW          545    .bss                RTX_ARM_L.lib(rt_task.o)(RTX_ARM_L.lib)
    0x00011dc4   0x00000030   Zero   RW          829    .bss                RTX_ARM_L.lib(rt_list.o)(RTX_ARM_L.lib)
    0x00011df4   0x00000060   Zero   RW         1059    .bss                c_t.l(libspace.o)(c_t.l)
    0x00011e54   0x00000004   PAD
    0x00011e58   0x00000000   Zero   RW            2    HEAP                startup.o
    0x00011e58   0x000000b0   Zero   RW            1    STACK               startup.o


    Execution Region ER_IROM1 (Base: 0x00080000, Size: 0x0000f600, Max: 0x0000f800, ABSOLUTE)

    Base Addr    Size         Type   Attr      Idx    E Section Name        Object

    0x00080000   0x000000cc   Code   RO            3    RESET               startup.o
    0x000800cc   0x00000008   Code   RO         1085  * !!!main             c_t.l(__main.o)(c_t.l)
    0x000800d4   0x0000003c   Code   RO         1371    !!!scatter          c_t.l(__scatter.o)(c_t.l)
    0x00080110   0x00000028   Code   RO         1373    !!handler_copy      c_t.l(__scatter_copy.o)(c_t.l)
    0x00080138   0x0000002c   Code   RO         1375    !!handler_zi        c_t.l(__scatter_zi.o)(c_t.l)
    0x00080164   0x00000008   Ven    RO         1254    .ARM.Collect$$libinit$$00000000  c_t.l(libinit.o)(c_t.l)
    0x0008016c   0x00000006   Code   RO         1254    .ARM.Collect$$libinit$$00000000  c_t.l(libinit.o)(c_t.l)
    0x00080172   0x00000000   Code   RO         1267    .ARM.Collect$$libinit$$00000006  c_t.l(libinit2.o)(c_t.l)
    0x00080172   0x00000000   Code   RO         1269    .ARM.Collect$$libinit$$00000008  c_t.l(libinit2.o)(c_t.l)
    0x00080172   0x00000000   Code   RO         1271    .ARM.Collect$$libinit$$0000000A  c_t.l(libinit2.o)(c_t.l)
    0x00080172   0x00000000   Code   RO         1274    .ARM.Collect$$libinit$$0000000D  c_t.l(libinit2.o)(c_t.l)
    0x00080172   0x00000000   Code   RO         1276    .ARM.Collect$$libinit$$0000000F  c_t.l(libinit2.o)(c_t.l)
    0x00080172   0x00000000   Code   RO         1278    .ARM.Collect$$libinit$$00000011  c_t.l(libinit2.o)(c_t.l)
    0x00080172   0x00000000   Code   RO         1280    .ARM.Collect$$libinit$$00000013  c_t.l(libinit2.o)(c_t.l)
    0x00080172   0x00000000   Code   RO         1282    .ARM.Collect$$libinit$$00000015  c_t.l(libinit2.o)(c_t.l)
    0x00080172   0x00000000   Code   RO         1284    .ARM.Collect$$libinit$$00000017  c_t.l(libinit2.o)(c_t.l)
    0x00080172   0x00000000   Code   RO         1286    .ARM.Collect$$libinit$$00000019  c_t.l(libinit2.o)(c_t.l)
    0x00080172   0x00000000   Code   RO         1288    .ARM.Collect$$libinit$$0000001B  c_t.l(libinit2.o)(c_t.l)
    0x00080172   0x00000000   Code   RO         1290    .ARM.Collect$$libinit$$0000001D  c_t.l(libinit2.o)(c_t.l)
    0x00080172   0x00000000   Code   RO         1292    .ARM.Collect$$libinit$$0000001F  c_t.l(libinit2.o)(c_t.l)
    0x00080172   0x00000000   Code   RO         1294    .ARM.Collect$$libinit$$00000021  c_t.l(libinit2.o)(c_t.l)
    0x00080172   0x00000000   Code   RO         1298    .ARM.Collect$$libinit$$00000028  c_t.l(libinit2.o)(c_t.l)
    0x00080172   0x00000000   Code   RO         1300    .ARM.Collect$$libinit$$0000002A  c_t.l(libinit2.o)(c_t.l)
    0x00080172   0x00000000   Code   RO         1302    .ARM.Collect$$libinit$$0000002C  c_t.l(libinit2.o)(c_t.l)
    0x00080172   0x00000000   Code   RO         1304    .ARM.Collect$$libinit$$0000002E  c_t.l(libinit2.o)(c_t.l)
    0x00080172   0x0000000c   Code   RO         1305    .ARM.Collect$$libinit$$0000002F  c_t.l(libinit2.o)(c_t.l)
    0x0008017e   0x00000002   PAD
    0x00080180   0x00000008   Ven    RO         1345    .ARM.Collect$$libshutdown$$00000000  c_t.l(libshutdown.o)(c_t.l)
    0x00080188   0x00000004   Code   RO         1345    .ARM.Collect$$libshutdown$$00000000  c_t.l(libshutdown.o)(c_t.l)
    0x0008018c   0x00000000   Code   RO         1356    .ARM.Collect$$libshutdown$$00000003  c_t.l(libshutdown2.o)(c_t.l)
    0x0008018c   0x00000000   Code   RO         1359    .ARM.Collect$$libshutdown$$00000006  c_t.l(libshutdown2.o)(c_t.l)
    0x0008018c   0x00000000   Code   RO         1362    .ARM.Collect$$libshutdown$$00000009  c_t.l(libshutdown2.o)(c_t.l)
    0x0008018c   0x00000000   Code   RO         1364    .ARM.Collect$$libshutdown$$0000000B  c_t.l(libshutdown2.o)(c_t.l)
    0x0008018c   0x00000000   Code   RO         1367    .ARM.Collect$$libshutdown$$0000000E  c_t.l(libshutdown2.o)(c_t.l)
    0x0008018c   0x00000006   Code   RO         1368    .ARM.Collect$$libshutdown$$0000000F  c_t.l(libshutdown2.o)(c_t.l)
    0x00080192   0x00000002   PAD
    0x00080194   0x00000000   Code   RO         1155    .ARM.Collect$$rtentry$$00000000  c_t.l(rtentry.o)(c_t.l)
    0x00080194   0x00000000   Code   RO         1198    .ARM.Collect$$rtentry$$00000002  c_t.l(rtentry2.o)(c_t.l)
    0x00080194   0x00000008   Code   RO         1213    .ARM.Collect$$rtentry$$00000004  c_t.l(rtentry4.o)(c_t.l)
    0x0008019c   0x00000000   Code   RO         1200    .ARM.Collect$$rtentry$$00000009  c_t.l(rtentry2.o)(c_t.l)
    0x0008019c   0x00000004   Code   RO         1201    .ARM.Collect$$rtentry$$0000000A  c_t.l(rtentry2.o)(c_t.l)
    0x000801a0   0x00000000   Code   RO         1203    .ARM.Collect$$rtentry$$0000000C  c_t.l(rtentry2.o)(c_t.l)
    0x000801a0   0x00000028   Code   RO         1204    .ARM.Collect$$rtentry$$0000000D  c_t.l(rtentry2.o)(c_t.l)
    0x000801c8   0x00000004   Ven    RO         1259    .ARM.Collect$$rtexit$$00000000  c_t.l(rtexit.o)(c_t.l)
    0x000801cc   0x00000004   Code   RO         1259    .ARM.Collect$$rtexit$$00000000  c_t.l(rtexit.o)(c_t.l)
    0x000801d0   0x00000000   Code   RO         1309    .ARM.Collect$$rtexit$$00000002  c_t.l(rtexit2.o)(c_t.l)
    0x000801d0   0x00000004   Code   RO         1310    .ARM.Collect$$rtexit$$00000003  c_t.l(rtexit2.o)(c_t.l)
    0x000801d4   0x00000008   Code   RO         1311    .ARM.Collect$$rtexit$$00000004  c_t.l(rtexit2.o)(c_t.l)
    0x000801dc   0x00000048   Code   RO          346    .emb_text           rtx_config.o
    0x00080224   0x000001e8   Code   RO          725    .emb_text           RTX_ARM_L.lib(hal_arm.o)(RTX_ARM_L.lib)
    0x0008040c   0x00000020   Code   RO            4    .text               startup.o
    0x0008042c   0x00000708   Code   RO           11    .text               main.o
    0x00080b34   0x00000034   Code   RO          107    .text               portevent.o
    0x00080b68   0x000000f8   Code   RO          121    .text               portserial.o
    0x00080c60   0x00000058   Code   RO          122    .text               portserial.o
    0x00080cb8   0x00000010   Code   RO          143    .text               porttimer.o
    0x00080cc8   0x00000030   Code   RO          144    .text               porttimer.o
    0x00080cf8   0x00000258   Code   RO          175    .text               mb.o
    0x00080f50   0x00000034   Code   RO          229    .text               mbcrc.o
    0x00080f84   0x00000240   Code   RO          243    .text               mbrtu.o
    0x000811c4   0x00000144   Code   RO          262    .text               mbfunccoils.o
    0x00081308   0x0000007c   Code   RO          274    .text               mbfuncdisc.o
    0x00081384   0x0000018c   Code   RO          286    .text               mbfuncholding.o
    0x00081510   0x00000064   Code   RO          298    .text               mbfuncinput.o
    0x00081574   0x0000006e   Code   RO          316    .text               mbutils.o
    0x000815e2   0x00000002   PAD
    0x000815e4   0x0000031c   Code   RO          328    .text               mbascii.o
    0x00081900   0x00000008   Ven    RO          347    .text               rtx_config.o
    0x00081908   0x0000010c   Code   RO          347    .text               rtx_config.o
    0x00081a14   0x00000004   Code   RO          348    .text               rtx_config.o
    0x00081a18   0x0000004c   Code   RO          389    .text               iap.o
    0x00081a64   0x00000bbc   Code   RO          402    .text               ht1622.o
    0x00082620   0x0000404c   Code   RO          422    .text               hmi.o
    0x0008666c   0x000001fc   Code   RO          453    .text               ds18b20.o
    0x00086868   0x000000e8   Code   RO          465    .text               pid.o
    0x00086950   0x00000614   Code   RO          477    .text               calc.o
    0x00086f64   0x0000000c   Code   RO         1058    .text               c_t.l(libspace.o)(c_t.l)
    0x00086f70   0x00000010   Code   RO         1061    .text               c_t.l(abort.o)(c_t.l)
    0x00086f80   0x00000004   Ven    RO         1063    .text               c_t.l(uread4.o)(c_t.l)
    0x00086f84   0x00000020   Code   RO         1063    .text               c_t.l(uread4.o)(c_t.l)
    0x00086fa4   0x00000004   Ven    RO         1065    .text               c_t.l(uwrite4.o)(c_t.l)
    0x00086fa8   0x00000020   Code   RO         1065    .text               c_t.l(uwrite4.o)(c_t.l)
    0x00086fc8   0x00000004   Ven    RO         1067    .text               c_t.l(aeabi_sdiv.o)(c_t.l)
    0x00086fcc   0x00000180   Code   RO         1067    .text               c_t.l(aeabi_sdiv.o)(c_t.l)
    0x0008714c   0x00000006   Code   RO         1083    .text               c_t.l(heapauxi.o)(c_t.l)
    0x00087152   0x00000002   PAD
    0x00087154   0x00000008   Ven    RO         1153    .text               c_t.l(sys_exit.o)(c_t.l)
    0x0008715c   0x0000000c   Code   RO         1153    .text               c_t.l(sys_exit.o)(c_t.l)
    0x00087168   0x00000008   Ven    RO         1161    .text               c_t.l(_rserrno.o)(c_t.l)
    0x00087170   0x0000001a   Code   RO         1161    .text               c_t.l(_rserrno.o)(c_t.l)
    0x0008718a   0x00000010   Code   RO         1163    .text               c_t.l(defsig_abrt_outer.o)(c_t.l)
    0x0008719a   0x00000002   PAD
    0x0008719c   0x00000004   Code   RO         1195    .text               c_t.l(use_no_semi.o)(c_t.l)
    0x000871a0   0x00000004   Ven    RO         1224    .text               c_t.l(rt_errno_addr_twolibspace.o)(c_t.l)
    0x000871a4   0x00000004   Code   RO         1224    .text               c_t.l(rt_errno_addr_twolibspace.o)(c_t.l)
    0x000871a8   0x00000010   Code   RO         1226    .text               c_t.l(defsig_exit.o)(c_t.l)
    0x000871b8   0x00000034   Code   RO         1228    .text               c_t.l(defsig_abrt_inner.o)(c_t.l)
    0x000871ec   0x00000060   Code   RO         1236    .text               c_t.l(sys_stackheap_outer.o)(c_t.l)
    0x0008724c   0x0000000c   Code   RO         1238    .text               c_t.l(exit.o)(c_t.l)
    0x00087258   0x00000038   Code   RO         1242    .text               c_t.l(defsig_general.o)(c_t.l)
    0x00087290   0x00000010   Code   RO         1257    .text               c_t.l(sys_wrch.o)(c_t.l)
    0x000872a0   0x00000014   Code   RO         1321    .text               c_t.l(rt_fp_status_addr_twolibspace.o)(c_t.l)
    0x000872b4   0x00000004   Ven    RO         1068    .text_udiv          c_t.l(aeabi_sdiv.o)(c_t.l)
    0x000872b8   0x00000024   Code   RO         1068    .text_udiv          c_t.l(aeabi_sdiv.o)(c_t.l)
    0x000872dc   0x00000024   Code   RO          942    SWI_TABLE           RTX_ARM_L.lib(swi_table.o)(RTX_ARM_L.lib)
    0x00087300   0x00000002   Code   RO          193    i.__ARM_common_call_via_r0  mb.o
    0x00087302   0x00000002   Code   RO          189    i.__ARM_common_call_via_r2  mb.o
    0x00087304   0x00000002   Code   RO          191    i.__ARM_common_call_via_r3  mb.o
    0x00087306   0x00000002   PAD
    0x00087308   0x00000004   Ven    RO          197    i.__ARM_common_disable_irq  mb.o
    0x0008730c   0x00000014   Code   RO          197    i.__ARM_common_disable_irq  mb.o
    0x00087320   0x00000004   Ven    RO          195    i.__ARM_common_enable_irq  mb.o
    0x00087324   0x00000010   Code   RO          195    i.__ARM_common_enable_irq  mb.o
    0x00087334   0x00000004   Ven    RO           26    i.__ARM_common_switch8  main.o
    0x00087338   0x00000018   Code   RO           26    i.__ARM_common_switch8  main.o
    0x00087350   0x00000030   Code   RO          726    i.__SWI_0           RTX_ARM_L.lib(hal_arm.o)(RTX_ARM_L.lib)
    0x00087380   0x0000000e   Code   RO          912    i.__SWI_1           RTX_ARM_L.lib(rt_membox.o)(RTX_ARM_L.lib)
    0x0008738e   0x00000018   Code   RO          913    i.__SWI_2           RTX_ARM_L.lib(rt_membox.o)(RTX_ARM_L.lib)
    0x000873a6   0x00000008   Code   RO          727    i.__SWI_3           RTX_ARM_L.lib(hal_arm.o)(RTX_ARM_L.lib)
    0x000873ae   0x00000008   Code   RO          728    i.__SWI_4           RTX_ARM_L.lib(hal_arm.o)(RTX_ARM_L.lib)
    0x000873b6   0x00000002   Code   RO          729    i.__SWI_6           RTX_ARM_L.lib(hal_arm.o)(RTX_ARM_L.lib)
    0x000873b8   0x00000002   Code   RO          730    i.__SWI_7           RTX_ARM_L.lib(hal_arm.o)(RTX_ARM_L.lib)
    0x000873ba   0x00000002   PAD
    0x000873bc   0x00000100   Code   RO         1192    i.__kernel_poly     m_ts.l(poly.o)(m_ts.l)
    0x000874bc   0x0000004a   Code   RO          915    i._init_box         RTX_ARM_L.lib(rt_membox.o)(RTX_ARM_L.lib)
    0x00087506   0x00000002   PAD
    0x00087508   0x00000004   Ven    RO         1136    i.log               m_ts.l(log.o)(m_ts.l)
    0x0008750c   0x00000590   Code   RO         1136    i.log               m_ts.l(log.o)(m_ts.l)
    0x00087a9c   0x00000048   Code   RO          535    i.os_block          RTX_ARM_L.lib(rt_task.o)(RTX_ARM_L.lib)
    0x00087ae4   0x00000044   Code   RO          891    i.os_chk_robin      RTX_ARM_L.lib(rt_robin.o)(RTX_ARM_L.lib)
    0x00087b28   0x0000007c   Code   RO          819    i.os_dec_dly        RTX_ARM_L.lib(rt_list.o)(RTX_ARM_L.lib)
    0x00087ba4   0x00000044   Code   RO          536    i.os_dispatch       RTX_ARM_L.lib(rt_task.o)(RTX_ARM_L.lib)
    0x00087be8   0x00000018   Code   RO          628    i.os_dly_wait       RTX_ARM_L.lib(rt_time.o)(RTX_ARM_L.lib)
    0x00087c00   0x00000050   Code   RO          662    i.os_evt_psh        RTX_ARM_L.lib(rt_event.o)(RTX_ARM_L.lib)
    0x00087c50   0x00000064   Code   RO          663    i.os_evt_set        RTX_ARM_L.lib(rt_event.o)(RTX_ARM_L.lib)
    0x00087cb4   0x00000058   Code   RO          664    i.os_evt_wait       RTX_ARM_L.lib(rt_event.o)(RTX_ARM_L.lib)
    0x00087d0c   0x0000002a   Code   RO          820    i.os_get_first      RTX_ARM_L.lib(rt_list.o)(RTX_ARM_L.lib)
    0x00087d36   0x00000002   PAD
    0x00087d38   0x00000048   Code   RO          537    i.os_init_context   RTX_ARM_L.lib(rt_task.o)(RTX_ARM_L.lib)
    0x00087d80   0x00000018   Code   RO          892    i.os_init_robin     RTX_ARM_L.lib(rt_robin.o)(RTX_ARM_L.lib)
    0x00087d98   0x00000064   Code   RO          731    i.os_init_stack     RTX_ARM_L.lib(hal_arm.o)(RTX_ARM_L.lib)
    0x00087dfc   0x00000018   Code   RO          629    i.os_itv_set        RTX_ARM_L.lib(rt_time.o)(RTX_ARM_L.lib)
    0x00087e14   0x00000038   Code   RO          630    i.os_itv_wait       RTX_ARM_L.lib(rt_time.o)(RTX_ARM_L.lib)
    0x00087e4c   0x00000088   Code   RO          949    i.os_mbx_psh        RTX_ARM_L.lib(rt_mailbox.o)(RTX_ARM_L.lib)
    0x00087ed4   0x00000030   Code   RO          701    i.os_mut_init       RTX_ARM_L.lib(rt_mutex.o)(RTX_ARM_L.lib)
    0x00087f04   0x000000a8   Code   RO          702    i.os_mut_release    RTX_ARM_L.lib(rt_mutex.o)(RTX_ARM_L.lib)
    0x00087fac   0x00000084   Code   RO          703    i.os_mut_wait       RTX_ARM_L.lib(rt_mutex.o)(RTX_ARM_L.lib)
    0x00088030   0x00000050   Code   RO          823    i.os_put_dly        RTX_ARM_L.lib(rt_list.o)(RTX_ARM_L.lib)
    0x00088080   0x0000003e   Code   RO          824    i.os_put_prio       RTX_ARM_L.lib(rt_list.o)(RTX_ARM_L.lib)
    0x000880be   0x00000002   PAD
    0x000880c0   0x00000014   Code   RO          825    i.os_put_rdy_first  RTX_ARM_L.lib(rt_list.o)(RTX_ARM_L.lib)
    0x000880d4   0x00000034   Code   RO          826    i.os_resort_prio    RTX_ARM_L.lib(rt_list.o)(RTX_ARM_L.lib)
    0x00088108   0x0000002c   Code   RO          827    i.os_rmv_dly        RTX_ARM_L.lib(rt_list.o)(RTX_ARM_L.lib)
    0x00088134   0x00000034   Code   RO          828    i.os_rmv_list       RTX_ARM_L.lib(rt_list.o)(RTX_ARM_L.lib)
    0x00088168   0x00000038   Code   RO          995    i.os_sem_psh        RTX_ARM_L.lib(rt_semaphore.o)(RTX_ARM_L.lib)
    0x000881a0   0x000000e8   Code   RO          538    i.os_sys_init1      RTX_ARM_L.lib(rt_task.o)(RTX_ARM_L.lib)
    0x00088288   0x000000cc   Code   RO          785    i.os_sys_manager    RTX_ARM_L.lib(rt_system.o)(RTX_ARM_L.lib)
    0x00088354   0x00000044   Code   RO         1031    i.os_tmr_tick       RTX_ARM_L.lib(rt_timer.o)(RTX_ARM_L.lib)
    0x00088398   0x00000090   Code   RO          539    i.os_tsk_create0    RTX_ARM_L.lib(rt_task.o)(RTX_ARM_L.lib)
    0x00088428   0x000000a8   Code   RO          541    i.os_tsk_delete     RTX_ARM_L.lib(rt_task.o)(RTX_ARM_L.lib)
    0x000884d0   0x00000010   Code   RO          544    i.os_tsk_self       RTX_ARM_L.lib(rt_task.o)(RTX_ARM_L.lib)
    0x000884e0   0x00000004   Ven    RO         1146    i.sqrt              m_ts.l(sqrt.o)(m_ts.l)
    0x000884e4   0x0000006c   Code   RO         1146    i.sqrt              m_ts.l(sqrt.o)(m_ts.l)
    0x00088550   0x00000010   Code   RO          166    i.vMBPortTimersDisable  porttimer.o
    0x00088560   0x00000024   Code   RO          160    i.vMBPortTimersEnable  porttimer.o
    0x00088584   0x00000004   Ven    RO         1087    x$fpl$d2f           fz_ts.l(d2f.o)(fz_ts.l)
    0x00088588   0x0000006c   Code   RO         1087    x$fpl$d2f           fz_ts.l(d2f.o)(fz_ts.l)
    0x000885f4   0x00000004   Ven    RO         1089    x$fpl$dadd          fz_ts.l(daddsub_noclz.o)(fz_ts.l)
    0x000885f8   0x00000150   Code   RO         1089    x$fpl$dadd          fz_ts.l(daddsub_noclz.o)(fz_ts.l)
    0x00088748   0x00000010   Code   RO         1230    x$fpl$dcheck1       fz_ts.l(dcheck1.o)(fz_ts.l)
    0x00088758   0x0000001c   Code   RO         1232    x$fpl$dcmpinf       fz_ts.l(dcmpi.o)(fz_ts.l)
    0x00088774   0x00000004   Ven    RO         1096    x$fpl$ddiv          fz_ts.l(ddiv.o)(fz_ts.l)
    0x00088778   0x000002e0   Code   RO         1096    x$fpl$ddiv          fz_ts.l(ddiv.o)(fz_ts.l)
    0x00088a58   0x00000094   Code   RO         1167    x$fpl$deqf          fz_ts.l(deqf.o)(fz_ts.l)
    0x00088aec   0x00000004   Ven    RO         1100    x$fpl$dflt          fz_ts.l(dflt_noclz.o)(fz_ts.l)
    0x00088af0   0x00000058   Code   RO         1100    x$fpl$dflt          fz_ts.l(dflt_noclz.o)(fz_ts.l)
    0x00088b48   0x00000004   Ven    RO         1103    x$fpl$dmul          fz_ts.l(dmul.o)(fz_ts.l)
    0x00088b4c   0x00000180   Code   RO         1103    x$fpl$dmul          fz_ts.l(dmul.o)(fz_ts.l)
    0x00088ccc   0x000000c0   Code   RO         1171    x$fpl$dnaninf       fz_ts.l(dnaninf.o)(fz_ts.l)
    0x00088d8c   0x00000010   Code   RO         1173    x$fpl$dretinf       fz_ts.l(dretinf.o)(fz_ts.l)
    0x00088d9c   0x00000018   Code   RO         1090    x$fpl$drsb          fz_ts.l(daddsub_noclz.o)(fz_ts.l)
    0x00088db4   0x00000208   Code   RO         1175    x$fpl$dsqrt         fz_ts.l(dsqrt_noumaal.o)(fz_ts.l)
    0x00088fbc   0x00000244   Code   RO         1091    x$fpl$dsub          fz_ts.l(daddsub_noclz.o)(fz_ts.l)
    0x00089200   0x00000004   Ven    RO         1105    x$fpl$f2d           fz_ts.l(f2d.o)(fz_ts.l)
    0x00089204   0x00000064   Code   RO         1105    x$fpl$f2d           fz_ts.l(f2d.o)(fz_ts.l)
    0x00089268   0x00000004   Ven    RO         1107    x$fpl$fadd          fz_ts.l(faddsub_noclz.o)(fz_ts.l)
    0x0008926c   0x000000c4   Code   RO         1107    x$fpl$fadd          fz_ts.l(faddsub_noclz.o)(fz_ts.l)
    0x00089330   0x0000000c   Code   RO         1177    x$fpl$fcheck1       fz_ts.l(fcheck1.o)(fz_ts.l)
    0x0008933c   0x00000004   Ven    RO         1114    x$fpl$fdiv          fz_ts.l(fdiv.o)(fz_ts.l)
    0x00089340   0x00000190   Code   RO         1114    x$fpl$fdiv          fz_ts.l(fdiv.o)(fz_ts.l)
    0x000894d0   0x00000004   Ven    RO         1117    x$fpl$ffix          fz_ts.l(ffix.o)(fz_ts.l)
    0x000894d4   0x00000044   Code   RO         1117    x$fpl$ffix          fz_ts.l(ffix.o)(fz_ts.l)
    0x00089518   0x00000004   Ven    RO         1121    x$fpl$ffixu         fz_ts.l(ffixu.o)(fz_ts.l)
    0x0008951c   0x00000054   Code   RO         1121    x$fpl$ffixu         fz_ts.l(ffixu.o)(fz_ts.l)
    0x00089570   0x00000004   Ven    RO         1126    x$fpl$fflt          fz_ts.l(fflt_noclz.o)(fz_ts.l)
    0x00089574   0x0000005c   Code   RO         1126    x$fpl$fflt          fz_ts.l(fflt_noclz.o)(fz_ts.l)
    0x000895d0   0x00000004   Ven    RO         1125    x$fpl$ffltu         fz_ts.l(fflt_noclz.o)(fz_ts.l)
    0x000895d4   0x00000008   Code   RO         1125    x$fpl$ffltu         fz_ts.l(fflt_noclz.o)(fz_ts.l)
    0x000895dc   0x00000004   Ven    RO         1129    x$fpl$fmul          fz_ts.l(fmul.o)(fz_ts.l)
    0x000895e0   0x00000100   Code   RO         1129    x$fpl$fmul          fz_ts.l(fmul.o)(fz_ts.l)
    0x000896e0   0x000000a8   Code   RO         1179    x$fpl$fnaninf       fz_ts.l(fnaninf.o)(fz_ts.l)
    0x00089788   0x00000004   Ven    RO         1306    x$fpl$fpinit        fz_ts.l(fpinit.o)(fz_ts.l)
    0x0008978c   0x00000018   Code   RO         1306    x$fpl$fpinit        fz_ts.l(fpinit.o)(fz_ts.l)
    0x000897a4   0x00000010   Code   RO         1181    x$fpl$fretinf       fz_ts.l(fretinf.o)(fz_ts.l)
    0x000897b4   0x00000004   Ven    RO         1108    x$fpl$frsb          fz_ts.l(faddsub_noclz.o)(fz_ts.l)
    0x000897b8   0x00000014   Code   RO         1108    x$fpl$frsb          fz_ts.l(faddsub_noclz.o)(fz_ts.l)
    0x000897cc   0x00000004   Ven    RO         1109    x$fpl$fsub          fz_ts.l(faddsub_noclz.o)(fz_ts.l)
    0x000897d0   0x00000130   Code   RO         1109    x$fpl$fsub          fz_ts.l(faddsub_noclz.o)(fz_ts.l)
    0x00089900   0x00000074   Code   RO         1234    x$fpl$retnan        fz_ts.l(retnan.o)(fz_ts.l)
    0x00089974   0x0000006c   Code   RO         1186    x$fpl$scalbn        fz_ts.l(scalbn.o)(fz_ts.l)
    0x000899e0   0x00000004   Ven    RO         1132    x$fpl$scalbnf       fz_ts.l(scalbnf.o)(fz_ts.l)
    0x000899e4   0x00000060   Code   RO         1132    x$fpl$scalbnf       fz_ts.l(scalbnf.o)(fz_ts.l)
    0x00089a44   0x0000003c   Code   RO         1255    x$fpl$trapveneer    fz_ts.l(trapv.o)(fz_ts.l)
    0x00089a80   0x00000000   Code   RO         1191    x$fpl$usenofp       fz_ts.l(usenofp.o)(fz_ts.l)
    0x00089a80   0x00000200   Data   RO          230    .constdata          mbcrc.o
    0x00089c80   0x00000002   Data   RO          354    .constdata          rtx_config.o
    0x00089c82   0x00000002   PAD
    0x00089c84   0x00000004   Data   RO          355    .constdata          rtx_config.o
    0x00089c88   0x00000004   Data   RO          356    .constdata          rtx_config.o
    0x00089c8c   0x00000008   Data   RO          357    .constdata          rtx_config.o
    0x00089c94   0x00000002   Data   RO          358    .constdata          rtx_config.o
    0x00089c96   0x00000002   PAD
    0x00089c98   0x00000004   Data   RO          359    .constdata          rtx_config.o
    0x00089c9c   0x00000001   Data   RO          360    .constdata          rtx_config.o
    0x00089c9d   0x00000001   PAD
    0x00089c9e   0x00000002   Data   RO          361    .constdata          rtx_config.o
    0x00089ca0   0x000000aa   Data   RO          403    .constdata          ht1622.o
    0x00089d4a   0x00000500   Data   RO          424    .constdata          hmi.o
    0x0008a24a   0x00000006   PAD
    0x0008a250   0x00000038   Data   RO         1137    .constdata          m_ts.l(log.o)(m_ts.l)
    0x0008a288   0x00000008   Data   RO         1194    .constdata          m_ts.l(qnan.o)(m_ts.l)
    0x0008a290   0x00000020   Data   RO         1369    Region$$Table       anon$$obj.o
    0x0008a2b0   0x00005150   PAD
    0x0008f400   0x00000200   Data   RO           12    .ARM.__AT_0x0008F400  main.o


==============================================================================

Image component sizes


      Code (inc. data)   RO Data    RW Data    ZI Data      Debug   Object Name

      1556         76          0          6          0          0   calc.o
       508         10          0          0          0          0   ds18b20.o
     16460       1412       1280         44       3903          0   hmi.o
      3004         98        170          1          0          0   ht1622.o
        76          4          0          0          0          0   iap.o
      1824        156        512         20        200          0   main.o
       642         60          0        116          0          0   mb.o
       796         18          0         16          0          0   mbascii.o
        52          6        512          0          0          0   mbcrc.o
       324          6          0          0          0          0   mbfunccoils.o
       124          6          0          0          0          0   mbfuncdisc.o
       396          0          0          0          0          0   mbfuncholding.o
       100          0          0          0          0          0   mbfuncinput.o
       576         14          0         12        256          0   mbrtu.o
       110          0          0          0          0          0   mbutils.o
       232          8          0          0          0          0   pid.o
        52          6          0          2          0          0   portevent.o
       336         38          0          1          0          0   portserial.o
       116         30          0          4          0          0   porttimer.o
       344         48         27         12       2936          0   rtx_config.o
       236         56          0          0        176          0   startup.o

    ----------------------------------------------------------------------
     27888       2052      23360        240       7472          0   Object Totals
        20          0         32          0          0          0   (incl. Generated)
         4          0      20827          6          1          2   (incl. Padding)

    ----------------------------------------------------------------------

      Code (inc. data)   RO Data    RW Data    ZI Data      Debug   Library Member Name

       656         62          0          4          0          0   hal_arm.o
       268         16          0          0          0          0   rt_event.o
       476         28          0          0         48          0   rt_list.o
       136          4          0          0          0          0   rt_mailbox.o
       112          0          0          0          0          0   rt_membox.o
       348         18          0          0          0          0   rt_mutex.o
        92         20          0          8          0          0   rt_robin.o
        56          6          0          0          0          0   rt_semaphore.o
       204         22          0          8          0          0   rt_system.o
       772        136          0          4         48          0   rt_task.o
       104         18          0          2          0          0   rt_time.o
        68         10          0          8          0          0   rt_timer.o
        36         36          0          0          0          0   swi_table.o
         8          0          0          0          0          0   __main.o
        60          8          0          0          0          0   __scatter.o
        40          0          0          0          0          0   __scatter_copy.o
        44          0          0          0          0          0   __scatter_zi.o
        34          0          0          0          0          0   _rserrno.o
        16          0          0          0          0          0   abort.o
       428          0          0          0          0          0   aeabi_sdiv.o
        52         34          0          0          0          0   defsig_abrt_inner.o
        16          0          0          0          0          0   defsig_abrt_outer.o
        16          0          0          0          0          0   defsig_exit.o
        56          0          0          0          0          0   defsig_general.o
        12          0          0          0          0          0   exit.o
         6          0          0          0          0          0   heapauxi.o
        14          0          0          0          0          0   libinit.o
        12          0          0          0          0          0   libinit2.o
        12          0          0          0          0          0   libshutdown.o
         6          0          0          0          0          0   libshutdown2.o
        12          4          0          0         96          0   libspace.o
         8          0          0          0          0          0   rt_errno_addr_twolibspace.o
        20          0          0          0          0          0   rt_fp_status_addr_twolibspace.o
         0          0          0          0          0          0   rtentry.o
        44          4          0          0          0          0   rtentry2.o
         8          0          0          0          0          0   rtentry4.o
         8          0          0          0          0          0   rtexit.o
        12          0          0          0          0          0   rtexit2.o
        20          4          0          0          0          0   sys_exit.o
        96          0          0          0          0          0   sys_stackheap_outer.o
        16          0          0          0          0          0   sys_wrch.o
        36          0          0          0          0          0   uread4.o
         4          0          0          0          0          0   use_no_semi.o
        36          0          0          0          0          0   uwrite4.o
       112          4          0          0          0          0   d2f.o
       944         16          0          0          0          0   daddsub_noclz.o
        16          4          0          0          0          0   dcheck1.o
        28          0          0          0          0          0   dcmpi.o
       740        140          0          0          0          0   ddiv.o
       148          4          0          0          0          0   deqf.o
        92          0          0          0          0          0   dflt_noclz.o
       388         16          0          0          0          0   dmul.o
       192          0          0          0          0          0   dnaninf.o
        16          0          0          0          0          0   dretinf.o
       520         56          0          0          0          0   dsqrt_noumaal.o
       104          4          0          0          0          0   f2d.o
       532          8          0          0          0          0   faddsub_noclz.o
        12          4          0          0          0          0   fcheck1.o
       404         76          0          0          0          0   fdiv.o
        72          4          0          0          0          0   ffix.o
        88          4          0          0          0          0   ffixu.o
       108          0          0          0          0          0   fflt_noclz.o
       260          4          0          0          0          0   fmul.o
       168          0          0          0          0          0   fnaninf.o
        28          0          0          0          0          0   fpinit.o
        16          0          0          0          0          0   fretinf.o
       116          0          0          0          0          0   retnan.o
       108          0          0          0          0          0   scalbn.o
       100          0          0          0          0          0   scalbnf.o
        60          0          0          0          0          0   trapv.o
         0          0          0          0          0          0   usenofp.o
      1428         32         56          0          0          0   log.o
       256          0          0          0          0          0   poly.o
         0          0          8          0          0          0   qnan.o
       112          0          0          0          0          0   sqrt.o

    ----------------------------------------------------------------------
     11664        806         64         36        196          0   Library Totals
        16          0          0          2          4          0   (incl. Padding)

    ----------------------------------------------------------------------

      Code (inc. data)   RO Data    RW Data    ZI Data      Debug   Library Name

      3328        376          0         34         96      24918   RTX_ARM_L.lib
      1152         54          0          0         96       1536   c_t.l
      5372        344          0          0          0       2820   fz_ts.l
      1796         32         64          0          0        548   m_ts.l

    ----------------------------------------------------------------------
     11664        806         64         36        196          0   Library Totals

    ----------------------------------------------------------------------

==============================================================================


      Code (inc. data)   RO Data    RW Data    ZI Data      Debug   

     39552       2858      23424        276       7668     131844   Grand Totals
     39552       2858      23424        276       7668     131844   ELF Image Totals
     39552       2858      23424        276          0          0   ROM Totals

==============================================================================

    Total RO  Size (Code + RO Data)                62976 (  61.50kB)
    Total RW  Size (RW Data + ZI Data)              7944 (   7.76kB)
    Total ROM Size (Code + RO Data + RW Data)      63252 (  61.77kB)

==============================================================================

