<html>
<body>
<pre>
<h1>µVision Build Log</h1>
<h2>Project:</h2>
F:\object\PID\keil\PID.uvproj
Project File Date:  07/18/2011

<h2>Output:</h2>
Load "F:\\object\\PID\\keil\\PID.AXF" 
VTarget = 3.222V
Info: TotalIRLen = 4, IRPrint = 0x01
Info: TotalIRLen = 4, IRPrint = 0x01
Info: RTCK is not connected
Info: Auto JTAG speed: 8000 kHz
***JLink Warning: PC of target system has unexpected value of 0xFFFFFFD8 after reset.
***JLink Error: Bad JTAG communication: Write to IR: Expected 0x1, got 0x3 (TAP Command : 12) @ Off 0x14.
DLL version V4.15n, compiled Jun 18 2010 19:55:09
Firmware: J-Link ARM V8 compiled Dec  1 2015 11:42:48
Hardware: V8.00
Info: Could not measure total IR len. TDO is constant high.
***JLink Warning: No matching core found.
Info: Could not measure total IR len. TDO is constant high.
Info: Could not measure total IR len. TDO is constant high.
Info: Could not measure total IR len. TDO is constant high.
Info: Could not measure total IR len. TDO is constant high.
***JLink Warning: No matching core found.
Info: Could not measure total IR len. TDO is constant high.
Info: Failed to halt CPU core before ADI software reset.
Info: Could not measure total IR len. TDO is constant high.
Info: Resetting target using RESET pin
Info: Resetting TRST
***JLink Error: Could not find supported CPU core on JTAG chain
1, got 0x3 (TAP Command : 12) @ Off 0x14.
JTAG speed: 5 kHz
Info: RTCK is not connected
Info: Auto JTAG speed: 8000 kHz
Full Chip Erase Done.
Programming Done.
Verify OK.
Info: RTCK is not connected
Info: Auto JTAG speed: 8000 kHz
Info: TotalIRLen = 4, IRPrint = 0x01
Info: RTCK is not connected
Info: Auto JTAG speed: 8000 kHz
JTAG speed: 8000 kHz
Application running ...
Build target 'Target 1'
compiling main.c...
linking...
Program Size: Code=18300 RO-data=44276 RW-data=328 ZI-data=6664  
FromELF: creating hex file...
"PID.axf" - 0 Error(s), 0 Warning(s).
Build target 'Target 1'
assembling Startup.s...
compiling main.c...
compiling portevent.c...
compiling portserial.c...
compiling porttimer.c...
compiling mb.c...
compiling mbascii.c...
compiling mbcrc.c...
compiling mbrtu.c...
compiling mbfunccoils.c...
compiling mbfuncdiag.c...
compiling mbfuncdisc.c...
compiling mbfuncholding.c...
compiling mbfuncinput.c...
compiling mbfuncother.c...
compiling mbutils.c...
compiling RTX_Config.c...
compiling iap.c...
compiling HT1622.c...
compiling Hmi.c...
..\src\Hmi.c(183): warning:  #177-D: variable "byMenuID" was declared but never referenced
..\src\Hmi.c:           BYTE    byMenuID = m_mcbCurrent.byStartMenuItemID;
..\src\Hmi.c:                   ^
..\src\Hmi.c: ..\src\Hmi.c: 1 warning, 0 errors
compiling ds18b20.c...
linking...
Program Size: Code=18300 RO-data=44276 RW-data=328 ZI-data=6664  
FromELF: creating hex file...
"PID.axf" - 0 Error(s), 1 Warning(s).
