ARM Linker, 4.1 [Build 481] [Standard]

==============================================================================

Section Cross References

    startup.o(STACK) refers (Special) to heapauxi.o(.text) for __use_two_region_memory
    startup.o(HEAP) refers (Special) to heapauxi.o(.text) for __use_two_region_memory
    startup.o(RESET) refers (Special) to heapauxi.o(.text) for __use_two_region_memory
    startup.o(RESET) refers to hal_arm.o(.emb_text) for SWI_Handler
    startup.o(RESET) refers to rtx_config.o(.emb_text) for IRQ_Handler
    startup.o(RESET) refers to startup.o(STACK) for Stack_Top
    startup.o(RESET) refers to __main.o(!!!main) for __main
    startup.o(.text) refers (Special) to heapauxi.o(.text) for __use_two_region_memory
    startup.o(.text) refers to startup.o(HEAP) for Heap_Mem
    startup.o(.text) refers to startup.o(STACK) for Stack_Mem
    main.o(.text) refers to aeabi_sdiv.o(.text) for __aeabi_idivmod
    main.o(.text) refers to fflt_noclz.o(x$fpl$fflt) for __aeabi_i2f
    main.o(.text) refers to faddsub_noclz.o(x$fpl$fsub) for __aeabi_fsub
    main.o(.text) refers to scalbnf.o(x$fpl$scalbnf) for scalbnf
    main.o(.text) refers to ffixu.o(x$fpl$ffixu) for __aeabi_f2uiz
    main.o(.text) refers to dflt_noclz.o(x$fpl$dflt) for __aeabi_i2d
    main.o(.text) refers to daddsub_noclz.o(x$fpl$dadd) for __aeabi_dadd
    main.o(.text) refers to scalbn.o(x$fpl$scalbn) for scalbn
    main.o(.text) refers to dfixu.o(x$fpl$dfixu) for __aeabi_d2uiz
    main.o(.text) refers to fmul.o(x$fpl$fmul) for __aeabi_fmul
    main.o(.text) refers to fdiv.o(x$fpl$fdiv) for __aeabi_fdiv
    main.o(.text) refers to faddsub_noclz.o(x$fpl$fadd) for __aeabi_fadd
    main.o(.text) refers to uwrite4.o(.text) for __aeabi_uwrite4
    main.o(.text) refers to uread4.o(.text) for __aeabi_uread4
    main.o(.text) refers to faddsub_noclz.o(x$fpl$frsb) for __aeabi_frsub
    main.o(.text) refers to f2d.o(x$fpl$f2d) for __aeabi_f2d
    main.o(.text) refers to sqrt.o(i.sqrt) for sqrt
    main.o(.text) refers to ddiv.o(x$fpl$ddiv) for __aeabi_ddiv
    main.o(.text) refers to d2f.o(x$fpl$d2f) for __aeabi_d2f
    main.o(.text) refers to main.o(.bss) for .bss
    main.o(.text) refers to fflt_noclz.o(x$fpl$ffltu) for __aeabi_ui2f
    main.o(.text) refers to log.o(i.log) for log
    main.o(.text) refers to dmul.o(x$fpl$dmul) for __aeabi_dmul
    main.o(.text) refers to rt_event.o(i.os_evt_wait) for os_evt_wait
    main.o(.text) refers to main.o(i.__ARM_common_switch8) for __ARM_common_switch8
    main.o(.text) refers to ffix.o(x$fpl$ffix) for __aeabi_f2iz
    main.o(.text) refers to pid.o(.text) for pid_Reset_Integrator
    main.o(.text) refers to mb.o(.text) for eMBPoll
    main.o(.text) refers to rt_time.o(i.os_dly_wait) for os_dly_wait
    main.o(.text) refers to rtx_config.o(.text) for tsk_unlock
    main.o(.text) refers to rt_event.o(i.os_evt_set) for os_evt_set
    main.o(.text) refers to rt_time.o(i.os_itv_set) for os_itv_set
    main.o(.text) refers to ds18b20.o(.text) for DS18B20_Temperature
    main.o(.text) refers to hmi.o(.text) for HMI_Handler
    main.o(.text) refers to rt_time.o(i.os_itv_wait) for os_itv_wait
    main.o(.text) refers to main.o(.data) for .data
    main.o(.text) refers to main.o(.ARM.__AT_0x0008F400) for .ARM.__AT_0x0008F400
    main.o(.text) refers to iap.o(.text) for Init_FEE
    main.o(.text) refers to rt_task.o(i.os_tsk_create0) for os_tsk_create0
    main.o(.text) refers to rt_task.o(i.os_tsk_delete) for os_tsk_delete
    main.o(.text) refers to hal_arm.o(.emb_text) for os_sys_init0
    portevent.o(.text) refers to portevent.o(.data) for .data
    portserial.o(.text) refers to aeabi_sdiv.o(.text_udiv) for __aeabi_uidivmod
    portserial.o(.text) refers to portserial.o(.data) for .data
    portserial.o(.text) refers to mb.o(.data) for pxMBFrameCBTransmitterEmpty
    porttimer.o(.text) refers to porttimer.o(.data) for .data
    porttimer.o(.text) refers to mb.o(.data) for pxMBPortCBTimerExpired
    mb.o(.text) refers to mbrtu.o(.text) for eMBRTUInit
    mb.o(.text) refers to mbascii.o(.text) for eMBASCIIInit
    mb.o(.text) refers to portevent.o(.text) for xMBPortEventInit
    mb.o(.text) refers to mb.o(i.__ARM_common_disable_irq) for __ARM_common_disable_irq
    mb.o(.text) refers to mb.o(i.__ARM_common_enable_irq) for __ARM_common_enable_irq
    mb.o(.text) refers to mb.o(i.__ARM_common_call_via_r0) for __ARM_common_call_via_r0
    mb.o(.text) refers to mb.o(i.__ARM_common_call_via_r3) for __ARM_common_call_via_r3
    mb.o(.text) refers to mb.o(i.__ARM_common_call_via_r2) for __ARM_common_call_via_r2
    mb.o(.text) refers to mb.o(.data) for .data
    mb.o(.data) refers to mbfuncother.o(.text) for eMBFuncReportSlaveID
    mb.o(.data) refers to mbfuncinput.o(.text) for eMBFuncReadInputRegister
    mb.o(.data) refers to mbfuncholding.o(.text) for eMBFuncReadHoldingRegister
    mb.o(.data) refers to mbfunccoils.o(.text) for eMBFuncReadCoils
[...]
    TuneNot_OpeningHandler                   0x00084e81   Thumb Code    18  hmi.o(.text)
    TuneDef_OpeningHandler                   0x00084e93   Thumb Code    18  hmi.o(.text)
    TuneFlow_OpeningHandler                  0x00084ea5   Thumb Code    18  hmi.o(.text)
    TuneTemp_OpeningHandler                  0x00084eb7   Thumb Code    18  hmi.o(.text)
    TunePres_OpeningHandler                  0x00084ec9   Thumb Code    18  hmi.o(.text)
    TuneLevl_OpeningHandler                  0x00084edb   Thumb Code    18  hmi.o(.text)
    LeakNot_OpeningHandler                   0x00084eed   Thumb Code    18  hmi.o(.text)
    LeakMeas_KeyboardHandler                 0x00084eff   Thumb Code   140  hmi.o(.text)
    LeakMeas_DisplayHandler                  0x00084f8b   Thumb Code   226  hmi.o(.text)
    LeakMeas_OpeningHandler                  0x0008506d   Thumb Code    62  hmi.o(.text)
    LeakChar_OpeningHandler                  0x000850ab   Thumb Code    18  hmi.o(.text)
    CheckKeyboard                            0x00086455   Thumb Code    90  hmi.o(.text)
    OnKeyUp                                  0x000864af   Thumb Code   100  hmi.o(.text)
    .text                                    0x00086584   Section        0  ds18b20.o(.text)
    Init_DS18B20                             0x00086585   Thumb Code   116  ds18b20.o(.text)
    DS18B20_WriteByte                        0x000865f9   Thumb Code    86  ds18b20.o(.text)
    delay_5us                                0x000866e9   Thumb Code    24  ds18b20.o(.text)
    DS18B20_ReadByte                         0x00086701   Thumb Code   118  ds18b20.o(.text)
    .text                                    0x00086780   Section        0  pid.o(.text)
    .text                                    0x00086868   Section       12  libspace.o(.text)
    .text                                    0x00086874   Section        0  abort.o(.text)
    .text                                    0x00086888   Section      212  rt_memcpy.o(.text)
    .text                                    0x00086960   Section       32  uread4.o(.text)
    .text                                    0x00086984   Section       32  uwrite4.o(.text)
    .text                                    0x000869a8   Section      384  aeabi_sdiv.o(.text)
    __arm_div8                               0x000869d4   ARM Code       0  aeabi_sdiv.o(.text)
    __arm_div5                               0x000869f8   ARM Code       0  aeabi_sdiv.o(.text)
    __arm_div2                               0x00086a1c   ARM Code       0  aeabi_sdiv.o(.text)
    __arm_div_large                          0x00086a58   ARM Code       0  aeabi_sdiv.o(.text)
    .text                                    0x00086b28   Section        0  heapauxi.o(.text)
    .text                                    0x00086b38   Section        0  sys_exit.o(.text)
    .text                                    0x00086b4c   Section        0  _rserrno.o(.text)
    .text                                    0x00086b66   Section        0  defsig_abrt_outer.o(.text)
    .text                                    0x00086b78   Section      100  rt_memcpy_w.o(.text)
    .text                                    0x00086bdc   Section        4  use_no_semi.o(.text)
    .text                                    0x00086be4   Section        4  rt_errno_addr_twolibspace.o(.text)
    .text                                    0x00086be8   Section        0  defsig_exit.o(.text)
    .text                                    0x00086bf8   Section        0  defsig_abrt_inner.o(.text)
    .text                                    0x00086c2c   Section       96  sys_stackheap_outer.o(.text)
    .text                                    0x00086c8c   Section        0  exit.o(.text)
    .text                                    0x00086c98   Section        0  defsig_general.o(.text)
    .text                                    0x00086cd0   Section        0  sys_wrch.o(.text)
    .text                                    0x00086ce0   Section       20  rt_fp_status_addr_twolibspace.o(.text)
    .text_udiv                               0x00086cf8   Section       36  aeabi_sdiv.o(.text_udiv)
    SWI_TABLE                                0x00086d1c   Section       36  swi_table.o(SWI_TABLE)
    i.__ARM_common_call_via_r0               0x00086d40   Section        0  mb.o(i.__ARM_common_call_via_r0)
    i.__ARM_common_call_via_r2               0x00086d42   Section        0  mb.o(i.__ARM_common_call_via_r2)
    i.__ARM_common_call_via_r3               0x00086d44   Section        0  mb.o(i.__ARM_common_call_via_r3)
    i.__ARM_common_disable_irq               0x00086d4c   Section        0  mb.o(i.__ARM_common_disable_irq)
    i.__ARM_common_enable_irq                0x00086d64   Section        0  mb.o(i.__ARM_common_enable_irq)
    i.__ARM_common_switch8                   0x00086d78   Section        0  main.o(i.__ARM_common_switch8)
    i.__SWI_0                                0x00086d90   Section        0  hal_arm.o(i.__SWI_0)
    i.__SWI_1                                0x00086dc0   Section        0  rt_membox.o(i.__SWI_1)
    i.__SWI_2                                0x00086dce   Section        0  rt_membox.o(i.__SWI_2)
    i.__SWI_3                                0x00086de6   Section        0  hal_arm.o(i.__SWI_3)
    i.__SWI_4                                0x00086dee   Section        0  hal_arm.o(i.__SWI_4)
    i.__SWI_6                                0x00086df6   Section        0  hal_arm.o(i.__SWI_6)
    i.__SWI_7                                0x00086df8   Section        0  hal_arm.o(i.__SWI_7)
    i.__kernel_poly                          0x00086dfc   Section        0  poly.o(i.__kernel_poly)
    i._init_box                              0x00086efc   Section        0  rt_membox.o(i._init_box)
    i.log                                    0x00086f4c   Section        0  log.o(i.log)
    i.os_block                               0x000874dc   Section        0  rt_task.o(i.os_block)
    i.os_chk_robin                           0x00087524   Section        0  rt_robin.o(i.os_chk_robin)
    i.os_dec_dly                             0x00087568   Section        0  rt_list.o(i.os_dec_dly)
    i.os_dispatch                            0x000875e4   Section        0  rt_task.o(i.os_dispatch)
    i.os_dly_wait                            0x00087628   Section        0  rt_time.o(i.os_dly_wait)
    i.os_evt_psh                             0x00087640   Section        0  rt_event.o(i.os_evt_psh)
    i.os_evt_set                             0x00087690   Section        0  rt_event.o(i.os_evt_set)
    i.os_evt_wait                            0x000876f4   Section        0  rt_event.o(i.os_evt_wait)
    i.os_get_first                           0x0008774c   Section        0  rt_list.o(i.os_get_first)
    i.os_init_context                        0x00087778   Section        0  rt_task.o(i.os_init_context)
    os_init_context                          0x00087779   Thumb Code    66  rt_task.o(i.os_init_context)
    i.os_init_robin                          0x000877c0   Section        0  rt_robin.o(i.os_init_robin)
    i.os_init_stack                          0x000877d8   Section        0  hal_arm.o(i.os_init_stack)
    i.os_itv_set                             0x0008783c   Section        0  rt_time.o(i.os_itv_set)
    i.os_itv_wait                            0x00087854   Section        0  rt_time.o(i.os_itv_wait)
    i.os_mbx_psh                             0x0008788c   Section        0  rt_mailbox.o(i.os_mbx_psh)
    i.os_mut_init                            0x00087914   Section        0  rt_mutex.o(i.os_mut_init)
    i.os_mut_release                         0x00087944   Section        0  rt_mutex.o(i.os_mut_release)
    i.os_mut_wait                            0x000879ec   Section        0  rt_mutex.o(i.os_mut_wait)
    i.os_put_dly                             0x00087a70   Section        0  rt_list.o(i.os_put_dly)
    i.os_put_prio                            0x00087ac0   Section        0  rt_list.o(i.os_put_prio)
    i.os_put_rdy_first                       0x00087b00   Section        0  rt_list.o(i.os_put_rdy_first)
    i.os_resort_prio                         0x00087b14   Section        0  rt_list.o(i.os_resort_prio)
    i.os_rmv_dly                             0x00087b48   Section        0  rt_list.o(i.os_rmv_dly)
    i.os_rmv_list                            0x00087b74   Section        0  rt_list.o(i.os_rmv_list)
    i.os_sem_psh                             0x00087ba8   Section        0  rt_semaphore.o(i.os_sem_psh)
    i.os_stk_check                           0x00087be0   Section        0  hal_arm.o(i.os_stk_check)
    i.os_sys_init1                           0x00087c0c   Section        0  rt_task.o(i.os_sys_init1)
    i.os_sys_manager                         0x00087cf4   Section        0  rt_system.o(i.os_sys_manager)
    i.os_tmr_tick                            0x00087dc0   Section        0  rt_timer.o(i.os_tmr_tick)
    i.os_tsk_create0                         0x00087e04   Section        0  rt_task.o(i.os_tsk_create0)
    i.os_tsk_delete                          0x00087e94   Section        0  rt_task.o(i.os_tsk_delete)
    i.os_tsk_self                            0x00087f3c   Section        0  rt_task.o(i.os_tsk_self)
    i.sqrt                                   0x00087f50   Section        0  sqrt.o(i.sqrt)
    i.vMBPortTimersDisable                   0x00087fbc   Section        0  porttimer.o(i.vMBPortTimersDisable)
    i.vMBPortTimersEnable                    0x00087fcc   Section        0  porttimer.o(i.vMBPortTimersEnable)
    x$fpl$d2f                                0x00087ff4   Section      108  d2f.o(x$fpl$d2f)
    x$fpl$dadd                               0x00088064   Section      336  daddsub_noclz.o(x$fpl$dadd)
    _dadd1                                   0x00088074   ARM Code       0  daddsub_noclz.o(x$fpl$dadd)
    x$fpl$dcheck1                            0x000881b4   Section       16  dcheck1.o(x$fpl$dcheck1)
    x$fpl$dcmpinf                            0x000881c4   Section       28  dcmpi.o(x$fpl$dcmpinf)
    x$fpl$ddiv                               0x000881e4   Section      736  ddiv.o(x$fpl$ddiv)
    ddiv_entry                               0x000881ec   ARM Code       0  ddiv.o(x$fpl$ddiv)
    x$fpl$deqf                               0x000884c4   Section      148  deqf.o(x$fpl$deqf)
    x$fpl$dfixu                              0x0008855c   Section      112  dfixu.o(x$fpl$dfixu)
    x$fpl$dflt                               0x000885d0   Section       88  dflt_noclz.o(x$fpl$dflt)
    x$fpl$dmul                               0x0008862c   Section      384  dmul.o(x$fpl$dmul)
    x$fpl$dnaninf                            0x000887ac   Section      192  dnaninf.o(x$fpl$dnaninf)
    x$fpl$dretinf                            0x0008886c   Section       16  dretinf.o(x$fpl$dretinf)
    x$fpl$drsb                               0x0008887c   Section       24  daddsub_noclz.o(x$fpl$drsb)
    x$fpl$dsqrt                              0x00088894   Section      520  dsqrt_noumaal.o(x$fpl$dsqrt)
    x$fpl$dsub                               0x00088a9c   Section      580  daddsub_noclz.o(x$fpl$dsub)
    _dsub1                                   0x00088aac   ARM Code       0  daddsub_noclz.o(x$fpl$dsub)
    x$fpl$f2d                                0x00088ce4   Section      100  f2d.o(x$fpl$f2d)
    x$fpl$fadd                               0x00088d4c   Section      196  faddsub_noclz.o(x$fpl$fadd)
    _fadd1                                   0x00088d58   ARM Code       0  faddsub_noclz.o(x$fpl$fadd)
    x$fpl$fcheck1                            0x00088e10   Section       12  fcheck1.o(x$fpl$fcheck1)
    x$fpl$fdiv                               0x00088e20   Section      400  fdiv.o(x$fpl$fdiv)
    _fdiv1                                   0x00088e20   ARM Code       0  fdiv.o(x$fpl$fdiv)
    x$fpl$ffix                               0x00088fb4   Section       68  ffix.o(x$fpl$ffix)
    x$fpl$ffixu                              0x00088ffc   Section       84  ffixu.o(x$fpl$ffixu)
    x$fpl$fflt                               0x00089054   Section       92  fflt_noclz.o(x$fpl$fflt)
    x$fpl$ffltu                              0x000890b4   Section        8  fflt_noclz.o(x$fpl$ffltu)
    x$fpl$fmul                               0x000890c0   Section      256  fmul.o(x$fpl$fmul)
    x$fpl$fnaninf                            0x000891c0   Section      168  fnaninf.o(x$fpl$fnaninf)
    x$fpl$fpinit                             0x0008926c   Section       24  fpinit.o(x$fpl$fpinit)
    x$fpl$fretinf                            0x00089284   Section       16  fretinf.o(x$fpl$fretinf)
    x$fpl$frsb                               0x00089298   Section       20  faddsub_noclz.o(x$fpl$frsb)
    x$fpl$fsub                               0x000892b0   Section      304  faddsub_noclz.o(x$fpl$fsub)
    _fsub1                                   0x000892bc   ARM Code       0  faddsub_noclz.o(x$fpl$fsub)
    x$fpl$retnan                             0x000893e0   Section      116  retnan.o(x$fpl$retnan)
    x$fpl$scalbn                             0x00089458   Section      108  scalbn.o(x$fpl$scalbn)
    x$fpl$scalbnf                            0x000894c8   Section       96  scalbnf.o(x$fpl$scalbnf)
    x$fpl$trapveneer                         0x00089528   Section       60  trapv.o(x$fpl$trapveneer)
    .constdata                               0x00089564   Section      512  mbcrc.o(.constdata)
    x$fpl$usenofp                            0x00089564   Section        0  usenofp.o(x$fpl$usenofp)
    aucCRCHi                                 0x00089564   Data         256  mbcrc.o(.constdata)
    aucCRCLo                                 0x00089664   Data         256  mbcrc.o(.constdata)
    .constdata                               0x00089764   Section        2  rtx_config.o(.constdata)
    .constdata                               0x00089768   Section        4  rtx_config.o(.constdata)
    .constdata                               0x0008976c   Section        4  rtx_config.o(.constdata)
    .constdata                               0x00089770   Section        8  rtx_config.o(.constdata)
    __tagsym$$used                           0x00089770   Number         0  rtx_config.o(.constdata)
    __tagsym$$used                           0x00089774   Number         0  rtx_config.o(.constdata)
    .constdata                               0x00089778   Section        2  rtx_config.o(.constdata)
    .constdata                               0x0008977c   Section        4  rtx_config.o(.constdata)
    .constdata                               0x00089780   Section        1  rtx_config.o(.constdata)
    .constdata                               0x00089782   Section        2  rtx_config.o(.constdata)
    .constdata                               0x00089784   Section      170  ht1622.o(.constdata)
    .constdata                               0x0008982e   Section     1296  hmi.o(.constdata)
    .constdata                               0x00089d40   Section       56  log.o(.constdata)
    Lg2                                      0x00089d40   Data          24  log.o(.constdata)
    Lg                                       0x00089d58   Data          32  log.o(.constdata)
    .constdata                               0x00089d78   Section        8  qnan.o(.constdata)
    .ARM.__AT_0x0008F400                     0x0008f400   Section      512  main.o(.ARM.__AT_0x0008F400)

    Global Symbols

    Symbol Name                              Value     Ov Type        Size  Object(Section)

    BuildAttributes$$THM_ISAv1$ARM_ISAv4$S$PE$A:L22$X:L11$S22$IEEE1$IW$USESV6$~STKCKD$USESV7$~SHL$OTIME$ROPI$IEEEJ$EBA8$UX$STANDARDLIB$REQ8$PRES8$EABIv2 0x00000000   Number         0  anon$$obj.o ABSOLUTE
    __ARM_use_no_argv                        0x00000000   Number         0  main.o ABSOLUTE
    __ARM_exceptions_init                     - Undefined Weak Reference
    __alloca_initialize                       - Undefined Weak Reference
    __cpp_initialize__aeabi_                  - Undefined Weak Reference
    __cxa_finalize                            - Undefined Weak Reference
    __fpl_infinity                            - Undefined Weak Reference
    __rt_locale                               - Undefined Weak Reference
    __sigvec_lookup                           - Undefined Weak Reference
    _atexit_init                              - Undefined Weak Reference
    _call_atexit_fns                          - Undefined Weak Reference
    _clock_init                               - Undefined Weak Reference
    _fp_trap_init                             - Undefined Weak Reference
    _fp_trap_shutdown                         - Undefined Weak Reference
    _get_lc_collate                           - Undefined Weak Reference
    _get_lc_ctype                             - Undefined Weak Reference
    _get_lc_monetary                          - Undefined Weak Reference
    _get_lc_numeric                           - Undefined Weak Reference
    _get_lc_time                              - Undefined Weak Reference
    _getenv_init                              - Undefined Weak Reference
    _handle_redirection                       - Undefined Weak Reference
    _init_alloc                               - Undefined Weak Reference
    _init_user_alloc                          - Undefined Weak Reference
    _initio                                   - Undefined Weak Reference
    _rand_init                                - Undefined Weak Reference
    _signal_finish                            - Undefined Weak Reference
    _signal_init                              - Undefined Weak Reference
    _terminate_alloc                          - Undefined Weak Reference
    _terminate_user_alloc                     - Undefined Weak Reference
    _terminateio                              - Undefined Weak Reference
    os_tmr_reload                             - Undefined Weak Reference
    rt_init                                   - Undefined Weak Reference
    rt_notify                                 - Undefined Weak Reference
    rt_post_taskswitch                        - Undefined Weak Reference
    __RTX_ARM_VER                            0x00000413   Number         0  rt_system.o ABSOLUTE
    t_pid                                    0x00010008   Data           4  main.o(.data)
    t_modbus                                 0x0001000c   Data           4  main.o(.data)
    t_adc                                    0x00010010   Data           4  main.o(.data)
    t_hmi                                    0x00010014   Data           4  main.o(.data)
    Controller                               0x00010018   Data           8  main.o(.data)
    pxMBFrameCBByteReceived                  0x00010048   Data           4  mb.o(.data)
    pxMBFrameCBTransmitterEmpty              0x0001004c   Data           4  mb.o(.data)
    pxMBPortCBTimerExpired                   0x00010050   Data           4  mb.o(.data)
    m_tmr                                    0x000100f4   Data           4  rtx_config.o(.data)
    m_mcbCurrent                             0x00010128   Data           8  hmi.o(.data)
    m_stackMenuCtlBlock                      0x00010130   Data           8  hmi.o(.data)
    os_runtask                               0x00010138   Data           4  rt_task.o(.data)
    os_time                                  0x0001013c   Data           2  rt_time.o(.data)
    sys_stktop                               0x00010140   Data           4  hal_arm.o(.data)
    os_psh                                   0x00010144   Data           8  rt_system.o(.data)
    os_robin                                 0x0001014c   Data           8  rt_robin.o(.data)
    os_tmr                                   0x00010154   Data           8  rt_timer.o(.data)
    g_UnitData                               0x0001015c   Data          46  main.o(.bss)
    g_UnitCfg                                0x0001018a   Data         114  main.o(.bss)
    ucRTUBuf                                 0x000101fc   Data         256  mbrtu.o(.bss)
    mp_tcb                                   0x0001031c   Data         300  rtx_config.o(.bss)
    mp_stk                                   0x00010448   Data        1808  rtx_config.o(.bss)
    os_fifo                                  0x00010b58   Data         132  rtx_config.o(.bss)
    os_active_TCB                            0x00010bdc   Data          24  rtx_config.o(.bss)
    m_aMenuItems                             0x00010e94   Data        3888  hmi.o(.bss)
    os_idle_TCB                              0x00011e04   Data          48  rt_task.o(.bss)
    os_rdy                                   0x00011e34   Data          24  rt_list.o(.bss)
    os_dly                                   0x00011e4c   Data          24  rt_list.o(.bss)
    __libspace_start                         0x00011e64   Data          96  libspace.o(.bss)
    __temporary_stack_top$libspace           0x00011ec4   Data           0  libspace.o(.bss)
    Reset_Handler                            0x00080050   ARM Code       0  startup.o(RESET)
    __main                                   0x000800cc   ARM Code       8  __main.o(!!!main)
    __scatterload                            0x000800d4   ARM Code       0  __scatter.o(!!!scatter)
    __scatterload_rt2                        0x000800d4   ARM Code      52  __scatter.o(!!!scatter)
    __scatterload_null                       0x000800e8   ARM Code       0  __scatter.o(!!!scatter)
    __decompress                             0x00080110   ARM Code      92  __dczerorl2.o(!!dczerorl2)
    __decompress1                            0x00080110   ARM Code       0  __dczerorl2.o(!!dczerorl2)
    __scatterload_zeroinit                   0x0008016c   ARM Code      44  __scatter_zi.o(!!handler_zi)
    Inline ARM to Thumb Veneer to __rt_lib_init 0x00080198   ARM Code       8  libinit.o(.ARM.Collect$$libinit$$00000000)
    __rt_lib_init                            0x000801a1   Thumb Code     0  libinit.o(.ARM.Collect$$libinit$$00000000)
    __rt_lib_init_alloca_1                   0x000801a7   Thumb Code     0  libinit2.o(.ARM.Collect$$libinit$$0000002A)
    __rt_lib_init_argv_1                     0x000801a7   Thumb Code     0  libinit2.o(.ARM.Collect$$libinit$$00000028)
    __rt_lib_init_atexit_1                   0x000801a7   Thumb Code     0  libinit2.o(.ARM.Collect$$libinit$$00000017)
    __rt_lib_init_clock_1                    0x000801a7   Thumb Code     0  libinit2.o(.ARM.Collect$$libinit$$0000001D)
    __rt_lib_init_cpp_1                      0x000801a7   Thumb Code     0  libinit2.o(.ARM.Collect$$libinit$$0000002E)
    __rt_lib_init_exceptions_1               0x000801a7   Thumb Code     0  libinit2.o(.ARM.Collect$$libinit$$0000002C)
    __rt_lib_init_fp_trap_1                  0x000801a7   Thumb Code     0  libinit2.o(.ARM.Collect$$libinit$$0000001B)
    __rt_lib_init_getenv_1                   0x000801a7   Thumb Code     0  libinit2.o(.ARM.Collect$$libinit$$0000001F)
    __rt_lib_init_heap_1                     0x000801a7   Thumb Code     0  libinit2.o(.ARM.Collect$$libinit$$00000006)
    __rt_lib_init_lc_collate_1               0x000801a7   Thumb Code     0  libinit2.o(.ARM.Collect$$libinit$$0000000D)
    __rt_lib_init_lc_ctype_1                 0x000801a7   Thumb Code     0  libinit2.o(.ARM.Collect$$libinit$$0000000F)
    __rt_lib_init_lc_monetary_1              0x000801a7   Thumb Code     0  libinit2.o(.ARM.Collect$$libinit$$00000011)
    __rt_lib_init_lc_numeric_1               0x000801a7   Thumb Code     0  libinit2.o(.ARM.Collect$$libinit$$00000013)
    __rt_lib_init_lc_time_1                  0x000801a7   Thumb Code     0  libinit2.o(.ARM.Collect$$libinit$$00000015)
    __rt_lib_init_rand_1                     0x000801a7   Thumb Code     0  libinit2.o(.ARM.Collect$$libinit$$0000000A)
    __rt_lib_init_return                     0x000801a7   Thumb Code     0  libinit2.o(.ARM.Collect$$libinit$$0000002F)
    __rt_lib_init_signal_1                   0x000801a7   Thumb Code     0  libinit2.o(.ARM.Collect$$libinit$$00000019)
    __rt_lib_init_stdio_1                    0x000801a7   Thumb Code     0  libinit2.o(.ARM.Collect$$libinit$$00000021)
    __rt_lib_init_user_alloc_1               0x000801a7   Thumb Code     0  libinit2.o(.ARM.Collect$$libinit$$00000008)
    Inline ARM to Thumb Veneer to __rt_lib_shutdown 0x000801b4   ARM Code       8  libshutdown.o(.ARM.Collect$$libshutdown$$00000000)
    __rt_lib_shutdown                        0x000801bd   Thumb Code     0  libshutdown.o(.ARM.Collect$$libshutdown$$00000000)
    __rt_lib_shutdown_fp_trap_1              0x000801c1   Thumb Code     0  libshutdown2.o(.ARM.Collect$$libshutdown$$00000006)
    __rt_lib_shutdown_heap_1                 0x000801c1   Thumb Code     0  libshutdown2.o(.ARM.Collect$$libshutdown$$0000000E)
    __rt_lib_shutdown_return                 0x000801c1   Thumb Code     0  libshutdown2.o(.ARM.Collect$$libshutdown$$0000000F)
    __rt_lib_shutdown_signal_1               0x000801c1   Thumb Code     0  libshutdown2.o(.ARM.Collect$$libshutdown$$00000009)
    __rt_lib_shutdown_stdio_1                0x000801c1   Thumb Code     0  libshutdown2.o(.ARM.Collect$$libshutdown$$00000003)
    __rt_lib_shutdown_user_alloc_1           0x000801c1   Thumb Code     0  libshutdown2.o(.ARM.Collect$$libshutdown$$0000000B)
    __rt_entry                               0x000801c8   ARM Code       0  rtentry.o(.ARM.Collect$$rtentry$$00000000)
    __rt_entry_presh_1                       0x000801c8   ARM Code       0  rtentry2.o(.ARM.Collect$$rtentry$$00000002)
    __rt_entry_sh                            0x000801c8   ARM Code       0  rtentry4.o(.ARM.Collect$$rtentry$$00000004)
    __rt_entry_li                            0x000801d0   ARM Code       0  rtentry2.o(.ARM.Collect$$rtentry$$0000000A)
    __rt_entry_postsh_1                      0x000801d0   ARM Code       0  rtentry2.o(.ARM.Collect$$rtentry$$00000009)
    __rt_entry_main                          0x000801d4   ARM Code       0  rtentry2.o(.ARM.Collect$$rtentry$$0000000D)
    __rt_entry_postli_1                      0x000801d4   ARM Code       0  rtentry2.o(.ARM.Collect$$rtentry$$0000000C)
    Inline Thumb to ARM Veneer to __rt_exit  0x000801fd   Thumb Code     4  rtexit.o(.ARM.Collect$$rtexit$$00000000)
    __rt_exit                                0x00080200   ARM Code       0  rtexit.o(.ARM.Collect$$rtexit$$00000000)
    __rt_exit_ls                             0x00080204   ARM Code       0  rtexit2.o(.ARM.Collect$$rtexit$$00000003)
    __rt_exit_prels_1                        0x00080204   ARM Code       0  rtexit2.o(.ARM.Collect$$rtexit$$00000002)
    __rt_exit_exit                           0x00080208   ARM Code       0  rtexit2.o(.ARM.Collect$$rtexit$$00000004)
    IRQ_Handler                              0x00080210   ARM Code      52  rtx_config.o(.emb_text)
    _inc_qi                                  0x00080259   Thumb Code    60  hal_arm.o(.emb_text)
    _dec_qc                                  0x00080295   Thumb Code    32  hal_arm.o(.emb_text)
    os_set_env                               0x000802b5   Thumb Code     8  hal_arm.o(.emb_text)
    os_sys_init0                             0x000802bd   Thumb Code    12  hal_arm.o(.emb_text)
    os_sys_run                               0x000802d1   Thumb Code    16  hal_arm.o(.emb_text)
    os_clock_interrupt                       0x000802e4   ARM Code     128  hal_arm.o(.emb_text)
    os_sys_manager_ret                       0x00080351   Thumb Code     0  hal_arm.o(.emb_text)
    SWI_Handler                              0x00080378   ARM Code     192  hal_arm.o(.emb_text)
    os_switch_tasks_ret                      0x000803b5   Thumb Code     0  hal_arm.o(.emb_text)
    __user_initial_stackheap                 0x00080440   ARM Code       0  startup.o(.text)
    lpReset                                  0x00080461   Thumb Code    12  main.o(.text)
    SetPwmDutyCycle2                         0x0008046d   Thumb Code   214  main.o(.text)
    posHandle                                0x00080543   Thumb Code   176  main.o(.text)
    p1Handle                                 0x000805f3   Thumb Code   104  main.o(.text)
    p2Handle                                 0x0008065b   Thumb Code   106  main.o(.text)
    tempHandle                               0x000806c5   Thumb Code   254  main.o(.text)
    cmdHandle                                0x000807c3   Thumb Code   734  main.o(.text)
    pid                                      0x00080aa1   Thumb Code   142  main.o(.text)
    modbus                                   0x00080b2f   Thumb Code    12  main.o(.text)
    GetADC                                   0x00080b3b   Thumb Code    90  main.o(.text)
    adc                                      0x00080b95   Thumb Code    96  main.o(.text)
    hmi                                      0x00080bf5   Thumb Code    64  main.o(.text)
    ADCpoweron                               0x00080c35   Thumb Code    16  main.o(.text)
    init                                     0x00080c45   Thumb Code   442  main.o(.text)
    main                                     0x00080dff   Thumb Code    20  main.o(.text)
    eMBRegInputCB                            0x00080e13   Thumb Code    58  main.o(.text)
    eMBRegHoldingCB                          0x00080e4d   Thumb Code   102  main.o(.text)
    eMBRegCoilsCB                            0x00080eb3   Thumb Code     4  main.o(.text)
    eMBRegDiscreteCB                         0x00080eb7   Thumb Code     4  main.o(.text)
    xMBPortEventInit                         0x00080eed   Thumb Code    10  portevent.o(.text)
    xMBPortEventPost                         0x00080ef7   Thumb Code    12  portevent.o(.text)
    xMBPortEventGet                          0x00080f03   Thumb Code    24  portevent.o(.text)
    vMBPortSerialEnable                      0x00080f21   Thumb Code    78  portserial.o(.text)
    xMBPortSerialInit                        0x00080f6f   Thumb Code   130  portserial.o(.text)
    xMBPortSerialPutByte                     0x00080ff1   Thumb Code     8  portserial.o(.text)
    xMBPortSerialGetByte                     0x00080ff9   Thumb Code    10  portserial.o(.text)
    mb_uart_interrupt                        0x00081018   ARM Code      72  portserial.o(.text)
    xMBPortTimersInit                        0x00081071   Thumb Code    10  porttimer.o(.text)
    mb_timer2_interrupt                      0x00081080   ARM Code      40  porttimer.o(.text)
    eMBInit                                  0x000810b1   Thumb Code   138  mb.o(.text)
    eMBRegisterCB                            0x0008113b   Thumb Code   110  mb.o(.text)
    eMBClose                                 0x000811a9   Thumb Code    34  mb.o(.text)
    eMBEnable                                0x000811cb   Thumb Code    30  mb.o(.text)
    eMBDisable                               0x000811e9   Thumb Code    32  mb.o(.text)
    eMBPoll                                  0x00081209   Thumb Code   196  mb.o(.text)
    usMBCRC16                                0x00081309   Thumb Code    46  mbcrc.o(.text)
    eMBRTUInit                               0x0008133d   Thumb Code    76  mbrtu.o(.text)
    eMBRTUStart                              0x00081389   Thumb Code    34  mbrtu.o(.text)
    eMBRTUStop                               0x000813ab   Thumb Code    24  mbrtu.o(.text)
    eMBRTUReceive                            0x000813c3   Thumb Code    78  mbrtu.o(.text)
    eMBRTUSend                               0x00081411   Thumb Code    90  mbrtu.o(.text)
    xMBRTUReceiveFSM                         0x0008146b   Thumb Code   104  mbrtu.o(.text)
    xMBRTUTransmitFSM                        0x000814d3   Thumb Code    94  mbrtu.o(.text)
    xMBRTUTimerT35Expired                    0x00081531   Thumb Code    62  mbrtu.o(.text)
    eMBFuncReadCoils                         0x0008157d   Thumb Code   120  mbfunccoils.o(.text)
    eMBFuncWriteCoil                         0x000815f5   Thumb Code    92  mbfunccoils.o(.text)
    eMBFuncWriteMultipleCoils                0x00081651   Thumb Code   106  mbfunccoils.o(.text)
    eMBFuncReadDiscreteInputs                0x000816c1   Thumb Code   118  mbfuncdisc.o(.text)
    eMBFuncWriteHoldingRegister              0x0008173d   Thumb Code    56  mbfuncholding.o(.text)
    eMBFuncWriteMultipleHoldingRegister      0x00081775   Thumb Code    86  mbfuncholding.o(.text)
    eMBFuncReadHoldingRegister               0x000817cb   Thumb Code    92  mbfuncholding.o(.text)
    eMBFuncReadWriteMultipleHoldingRegister  0x00081827   Thumb Code   162  mbfuncholding.o(.text)
    eMBFuncReadInputRegister                 0x000818c9   Thumb Code   100  mbfuncinput.o(.text)
    eMBSetSlaveID                            0x0008192d   Thumb Code    64  mbfuncother.o(.text)
    eMBFuncReportSlaveID                     0x0008196d   Thumb Code    30  mbfuncother.o(.text)
    xMBUtilSetBits                           0x00081995   Thumb Code    50  mbutils.o(.text)
    xMBUtilGetBits                           0x000819c7   Thumb Code    36  mbutils.o(.text)
    prveMBError2Exception                    0x000819eb   Thumb Code    24  mbutils.o(.text)
    eMBASCIIInit                             0x00081a05   Thumb Code    60  mbascii.o(.text)
    eMBASCIIStart                            0x00081a41   Thumb Code    36  mbascii.o(.text)
    eMBASCIIStop                             0x00081a65   Thumb Code    24  mbascii.o(.text)
    eMBASCIIReceive                          0x00081a7d   Thumb Code    76  mbascii.o(.text)
    eMBASCIISend                             0x00081ac9   Thumb Code    80  mbascii.o(.text)
    xMBASCIIReceiveFSM                       0x00081b19   Thumb Code   230  mbascii.o(.text)
    xMBASCIITransmitFSM                      0x00081bff   Thumb Code   176  mbascii.o(.text)
    xMBASCIITimerT1SExpired                  0x00081caf   Thumb Code    42  mbascii.o(.text)
    Inline ARM to Thumb Veneer to __user_perthread_libspace 0x00081d20   ARM Code       8  rtx_config.o(.text)
    os_idle_demon                            0x00081d29   Thumb Code     2  rtx_config.o(.text)
    os_tmr_call                              0x00081d2b   Thumb Code     2  rtx_config.o(.text)
    os_error                                 0x00081d2d   Thumb Code     2  rtx_config.o(.text)
    os_tmr_init                              0x00081d2f   Thumb Code    12  rtx_config.o(.text)
    os_tmr_force_irq                         0x00081d3b   Thumb Code    26  rtx_config.o(.text)
    os_tmr_inspect_cnt                       0x00081d55   Thumb Code    10  rtx_config.o(.text)
    os_tmr_inspect_ovf                       0x00081d5f   Thumb Code    10  rtx_config.o(.text)
    os_irq_ack_lock                          0x00081d69   Thumb Code    28  rtx_config.o(.text)
    __SWI_5                                  0x00081d85   Thumb Code     8  rtx_config.o(.text)
    tsk_unlock                               0x00081d8d   Thumb Code    28  rtx_config.o(.text)
    __user_perthread_libspace                0x00081da9   Thumb Code    30  rtx_config.o(.text)
    _mutex_initialize                        0x00081dc7   Thumb Code    36  rtx_config.o(.text)
    _mutex_acquire                           0x00081deb   Thumb Code    24  rtx_config.o(.text)
    _mutex_release                           0x00081e03   Thumb Code    20  rtx_config.o(.text)
    os_def_interrupt                         0x00081e34   ARM Code       4  rtx_config.o(.text)
    Init_FEE                                 0x00081e39   Thumb Code     8  iap.o(.text)
    EepromWr_n                               0x00081e41   Thumb Code    82  iap.o(.text)
    display_char                             0x00081f29   Thumb Code  1512  ht1622.o(.text)
    digital                                  0x00082511   Thumb Code   692  ht1622.o(.text)
    display_digital                          0x000827c5   Thumb Code   112  ht1622.o(.text)
    clearLCD                                 0x00082835   Thumb Code    40  ht1622.o(.text)
    SENDCOMC                                 0x0008285d   Thumb Code    26  ht1622.o(.text)
    initLCD_1622                             0x00082877   Thumb Code    32  ht1622.o(.text)
    floattochar                              0x00082897   Thumb Code   236  ht1622.o(.text)
    HMI_Init                                 0x000850bd   Thumb Code  5000  hmi.o(.text)
    HMI_Handler                              0x00086445   Thumb Code    16  hmi.o(.text)
    DS18B20_Temperature                      0x0008664f   Thumb Code   154  ds18b20.o(.text)
    pid_Init                                 0x00086781   Thumb Code    60  pid.o(.text)
    pid_Controller                           0x000867bd   Thumb Code   148  pid.o(.text)
    pid_Reset_Integrator                     0x00086851   Thumb Code    16  pid.o(.text)
    __user_libspace                          0x00086868   ARM Code      12  libspace.o(.text)
    __user_perproc_libspace                  0x00086868   ARM Code       0  libspace.o(.text)
    abort                                    0x00086875   Thumb Code    16  abort.o(.text)
    Inline Thumb to ARM Veneer to __aeabi_memcpy 0x00086885   Thumb Code     4  rt_memcpy.o(.text)
    __aeabi_memcpy                           0x00086888   ARM Code       0  rt_memcpy.o(.text)
    __rt_memcpy                              0x00086888   ARM Code     212  rt_memcpy.o(.text)
    _memcpy_lastbytes                        0x0008693c   ARM Code       0  rt_memcpy.o(.text)
    Inline Thumb to ARM Veneer to __aeabi_uread4 0x0008695d   Thumb Code     4  uread4.o(.text)
    __aeabi_uread4                           0x00086960   ARM Code       0  uread4.o(.text)
    __rt_uread4                              0x00086960   ARM Code      32  uread4.o(.text)
    Inline Thumb to ARM Veneer to __aeabi_uwrite4 0x00086981   Thumb Code     4  uwrite4.o(.text)
    __aeabi_uwrite4                          0x00086984   ARM Code       0  uwrite4.o(.text)
    __rt_uwrite4                             0x00086984   ARM Code      32  uwrite4.o(.text)
    Inline Thumb to ARM Veneer to __aeabi_idivmod 0x000869a5   Thumb Code     4  aeabi_sdiv.o(.text)
    __aeabi_idiv                             0x000869a8   ARM Code       0  aeabi_sdiv.o(.text)
    __aeabi_idivmod                          0x000869a8   ARM Code     384  aeabi_sdiv.o(.text)
    __use_two_region_memory                  0x00086b29   Thumb Code     2  heapauxi.o(.text)
    __rt_heap_escrow$2region                 0x00086b2b   Thumb Code     2  heapauxi.o(.text)
    __rt_heap_expand$2region                 0x00086b2d   Thumb Code     2  heapauxi.o(.text)
    Inline ARM to Thumb Veneer to _sys_exit  0x00086b30   ARM Code       8  sys_exit.o(.text)
    _sys_exit                                0x00086b39   Thumb Code     8  sys_exit.o(.text)
    Inline ARM to Thumb Veneer to __set_errno 0x00086b44   ARM Code       8  _rserrno.o(.text)
    __read_errno                             0x00086b4d   Thumb Code    14  _rserrno.o(.text)
    __set_errno                              0x00086b5b   Thumb Code    12  _rserrno.o(.text)
    __rt_SIGABRT                             0x00086b67   Thumb Code    16  defsig_abrt_outer.o(.text)
    __aeabi_memcpy4                          0x00086b78   ARM Code       0  rt_memcpy_w.o(.text)
    __aeabi_memcpy8                          0x00086b78   ARM Code       0  rt_memcpy_w.o(.text)
    __rt_memcpy_w                            0x00086b78   ARM Code     100  rt_memcpy_w.o(.text)
    _memcpy_lastbytes_aligned                0x00086bc4   ARM Code       0  rt_memcpy_w.o(.text)
    __I$use$semihosting                      0x00086bdc   ARM Code       0  use_no_semi.o(.text)
    __use_no_semihosting_swi                 0x00086bdc   ARM Code       4  use_no_semi.o(.text)
    Inline Thumb to ARM Veneer to __aeabi_errno_addr 0x00086be1   Thumb Code     4  rt_errno_addr_twolibspace.o(.text)
    __aeabi_errno_addr                       0x00086be4   ARM Code       4  rt_errno_addr_twolibspace.o(.text)
    __errno$twolibspace                      0x00086be4   ARM Code       0  rt_errno_addr_twolibspace.o(.text)
    __rt_errno_addr$twolibspace              0x00086be4   ARM Code       0  rt_errno_addr_twolibspace.o(.text)
    __sig_exit                               0x00086be9   Thumb Code    16  defsig_exit.o(.text)
    __rt_SIGABRT_inner                       0x00086bf9   Thumb Code    18  defsig_abrt_inner.o(.text)
    __user_setup_stackheap                   0x00086c2c   ARM Code      96  sys_stackheap_outer.o(.text)
    exit                                     0x00086c8d   Thumb Code    12  exit.o(.text)
    __default_signal_display                 0x00086c99   Thumb Code    56  defsig_general.o(.text)
    _ttywrch                                 0x00086cd1   Thumb Code    16  sys_wrch.o(.text)
    __rt_fp_status_addr                      0x00086ce0   ARM Code      20  rt_fp_status_addr_twolibspace.o(.text)
    Inline Thumb to ARM Veneer to __aeabi_uidivmod 0x00086cf5   Thumb Code     4  aeabi_sdiv.o(.text_udiv)
    __aeabi_uidiv                            0x00086cf8   ARM Code       0  aeabi_sdiv.o(.text_udiv)
    __aeabi_uidivmod                         0x00086cf8   ARM Code      36  aeabi_sdiv.o(.text_udiv)
    SWI_Count                                0x00086d1c   Data           4  swi_table.o(SWI_TABLE)
    SWI_Table                                0x00086d20   Data           0  swi_table.o(SWI_TABLE)
    __ARM_common_call_via_r0                 0x00086d41   Thumb Code     2  mb.o(i.__ARM_common_call_via_r0)
    __ARM_common_call_via_r2                 0x00086d43   Thumb Code     2  mb.o(i.__ARM_common_call_via_r2)
    __ARM_common_call_via_r3                 0x00086d45   Thumb Code     2  mb.o(i.__ARM_common_call_via_r3)
    Inline Thumb to ARM Veneer to __ARM_common_disable_irq 0x00086d49   Thumb Code     4  mb.o(i.__ARM_common_disable_irq)
    __ARM_common_disable_irq                 0x00086d4c   ARM Code      20  mb.o(i.__ARM_common_disable_irq)
    Inline Thumb to ARM Veneer to __ARM_common_enable_irq 0x00086d61   Thumb Code     4  mb.o(i.__ARM_common_enable_irq)
    __ARM_common_enable_irq                  0x00086d64   ARM Code      16  mb.o(i.__ARM_common_enable_irq)
    Inline Thumb to ARM Veneer to __ARM_common_switch8 0x00086d75   Thumb Code     4  main.o(i.__ARM_common_switch8)
    __ARM_common_switch8                     0x00086d78   ARM Code      24  main.o(i.__ARM_common_switch8)
    __SWI_0                                  0x00086d91   Thumb Code    44  hal_arm.o(i.__SWI_0)
    __SWI_1                                  0x00086dc1   Thumb Code    14  rt_membox.o(i.__SWI_1)
    __SWI_2                                  0x00086dcf   Thumb Code    24  rt_membox.o(i.__SWI_2)
    __SWI_3                                  0x00086de7   Thumb Code     8  hal_arm.o(i.__SWI_3)
    __SWI_4                                  0x00086def   Thumb Code     8  hal_arm.o(i.__SWI_4)
    __SWI_6                                  0x00086df7   Thumb Code     2  hal_arm.o(i.__SWI_6)
    __SWI_7                                  0x00086df9   Thumb Code     2  hal_arm.o(i.__SWI_7)
    __kernel_poly                            0x00086dfc   ARM Code     256  poly.o(i.__kernel_poly)
    _init_box                                0x00086efd   Thumb Code    74  rt_membox.o(i._init_box)
    Inline Thumb to ARM Veneer to log        0x00086f49   Thumb Code     4  log.o(i.log)
    log                                      0x00086f4c   ARM Code    1392  log.o(i.log)
    os_block                                 0x000874dd   Thumb Code    58  rt_task.o(i.os_block)
    os_chk_robin                             0x00087525   Thumb Code    56  rt_robin.o(i.os_chk_robin)
    os_dec_dly                               0x00087569   Thumb Code   116  rt_list.o(i.os_dec_dly)
    os_dispatch                              0x000875e5   Thumb Code    60  rt_task.o(i.os_dispatch)
    os_dly_wait                              0x00087629   Thumb Code    24  rt_time.o(i.os_dly_wait)
    os_evt_psh                               0x00087641   Thumb Code    74  rt_event.o(i.os_evt_psh)
    os_evt_set                               0x00087691   Thumb Code    94  rt_event.o(i.os_evt_set)
    os_evt_wait                              0x000876f5   Thumb Code    84  rt_event.o(i.os_evt_wait)
    os_get_first                             0x0008774d   Thumb Code    42  rt_list.o(i.os_get_first)
    os_init_robin                            0x000877c1   Thumb Code    16  rt_robin.o(i.os_init_robin)
    os_init_stack                            0x000877d9   Thumb Code    86  hal_arm.o(i.os_init_stack)
    os_itv_set                               0x0008783d   Thumb Code    16  rt_time.o(i.os_itv_set)
    os_itv_wait                              0x00087855   Thumb Code    46  rt_time.o(i.os_itv_wait)
    os_mbx_psh                               0x0008788d   Thumb Code   132  rt_mailbox.o(i.os_mbx_psh)
    os_mut_init                              0x00087915   Thumb Code    44  rt_mutex.o(i.os_mut_init)
    os_mut_release                           0x00087945   Thumb Code   160  rt_mutex.o(i.os_mut_release)
    os_mut_wait                              0x000879ed   Thumb Code   126  rt_mutex.o(i.os_mut_wait)
    os_put_dly                               0x00087a71   Thumb Code    76  rt_list.o(i.os_put_dly)
    os_put_prio                              0x00087ac1   Thumb Code    62  rt_list.o(i.os_put_prio)
    os_put_rdy_first                         0x00087b01   Thumb Code    14  rt_list.o(i.os_put_rdy_first)
    os_resort_prio                           0x00087b15   Thumb Code    48  rt_list.o(i.os_resort_prio)
    os_rmv_dly                               0x00087b49   Thumb Code    44  rt_list.o(i.os_rmv_dly)
    os_rmv_list                              0x00087b75   Thumb Code    46  rt_list.o(i.os_rmv_list)
    os_sem_psh                               0x00087ba9   Thumb Code    50  rt_semaphore.o(i.os_sem_psh)
    os_stk_check                             0x00087be1   Thumb Code    34  hal_arm.o(i.os_stk_check)
    os_sys_init1                             0x00087c0d   Thumb Code   162  rt_task.o(i.os_sys_init1)
    os_sys_manager                           0x00087cf5   Thumb Code   182  rt_system.o(i.os_sys_manager)
    os_tmr_tick                              0x00087dc1   Thumb Code    58  rt_timer.o(i.os_tmr_tick)
    os_tsk_create0                           0x00087e05   Thumb Code   130  rt_task.o(i.os_tsk_create0)
    os_tsk_delete                            0x00087e95   Thumb Code   148  rt_task.o(i.os_tsk_delete)
    os_tsk_self                              0x00087f3d   Thumb Code    12  rt_task.o(i.os_tsk_self)
    Inline Thumb to ARM Veneer to sqrt       0x00087f4d   Thumb Code     4  sqrt.o(i.sqrt)
    sqrt                                     0x00087f50   ARM Code     108  sqrt.o(i.sqrt)
    vMBPortTimersDisable                     0x00087fbd   Thumb Code    12  porttimer.o(i.vMBPortTimersDisable)
    vMBPortTimersEnable                      0x00087fcd   Thumb Code    24  porttimer.o(i.vMBPortTimersEnable)
    Inline Thumb to ARM Veneer to __aeabi_d2f 0x00087ff1   Thumb Code     4  d2f.o(x$fpl$d2f)
    __aeabi_d2f                              0x00087ff4   ARM Code       0  d2f.o(x$fpl$d2f)
    _d2f                                     0x00087ff4   ARM Code     108  d2f.o(x$fpl$d2f)
    Inline Thumb to ARM Veneer to __aeabi_dadd 0x00088061   Thumb Code     4  daddsub_noclz.o(x$fpl$dadd)
    __aeabi_dadd                             0x00088064   ARM Code       0  daddsub_noclz.o(x$fpl$dadd)
    _dadd                                    0x00088064   ARM Code     332  daddsub_noclz.o(x$fpl$dadd)
    __fpl_dcheck_NaN1                        0x000881b4   ARM Code      12  dcheck1.o(x$fpl$dcheck1)
    __fpl_dcmp_Inf                           0x000881c4   ARM Code      28  dcmpi.o(x$fpl$dcmpinf)
    Inline Thumb to ARM Veneer to __aeabi_ddiv 0x000881e1   Thumb Code     4  ddiv.o(x$fpl$ddiv)
    __aeabi_ddiv                             0x000881e4   ARM Code       0  ddiv.o(x$fpl$ddiv)
    _ddiv                                    0x000881e4   ARM Code     600  ddiv.o(x$fpl$ddiv)
    __aeabi_cdcmpeq                          0x000884c4   ARM Code       0  deqf.o(x$fpl$deqf)
    _dcmpeq                                  0x000884c4   ARM Code     148  deqf.o(x$fpl$deqf)
    Inline Thumb to ARM Veneer to __aeabi_d2uiz 0x00088559   Thumb Code     4  dfixu.o(x$fpl$dfixu)
    __aeabi_d2uiz                            0x0008855c   ARM Code       0  dfixu.o(x$fpl$dfixu)
    _dfixu                                   0x0008855c   ARM Code     112  dfixu.o(x$fpl$dfixu)
    Inline Thumb to ARM Veneer to __aeabi_i2d 0x000885cd   Thumb Code     4  dflt_noclz.o(x$fpl$dflt)
    __aeabi_i2d                              0x000885d0   ARM Code       0  dflt_noclz.o(x$fpl$dflt)
    _dflt                                    0x000885d0   ARM Code      88  dflt_noclz.o(x$fpl$dflt)
    __dflt_normalise                         0x000885e0   ARM Code       0  dflt_noclz.o(x$fpl$dflt)
    Inline Thumb to ARM Veneer to __aeabi_dmul 0x00088629   Thumb Code     4  dmul.o(x$fpl$dmul)
    __aeabi_dmul                             0x0008862c   ARM Code       0  dmul.o(x$fpl$dmul)
    _dmul                                    0x0008862c   ARM Code     372  dmul.o(x$fpl$dmul)
    __fpl_dnaninf                            0x000887ac   ARM Code     192  dnaninf.o(x$fpl$dnaninf)
    __fpl_dretinf                            0x0008886c   ARM Code      16  dretinf.o(x$fpl$dretinf)
    __aeabi_drsub                            0x0008887c   ARM Code       0  daddsub_noclz.o(x$fpl$drsb)
    _drsb                                    0x0008887c   ARM Code      24  daddsub_noclz.o(x$fpl$drsb)
    _dsqrt                                   0x00088894   ARM Code     516  dsqrt_noumaal.o(x$fpl$dsqrt)
    __aeabi_dsub                             0x00088a9c   ARM Code       0  daddsub_noclz.o(x$fpl$dsub)
    _dsub                                    0x00088a9c   ARM Code     576  daddsub_noclz.o(x$fpl$dsub)
    Inline Thumb to ARM Veneer to __aeabi_f2d 0x00088ce1   Thumb Code     4  f2d.o(x$fpl$f2d)
    __aeabi_f2d                              0x00088ce4   ARM Code       0  f2d.o(x$fpl$f2d)
    _f2d                                     0x00088ce4   ARM Code     100  f2d.o(x$fpl$f2d)
    Inline Thumb to ARM Veneer to __aeabi_fadd 0x00088d49   Thumb Code     4  faddsub_noclz.o(x$fpl$fadd)
    __aeabi_fadd                             0x00088d4c   ARM Code       0  faddsub_noclz.o(x$fpl$fadd)
    _fadd                                    0x00088d4c   ARM Code     196  faddsub_noclz.o(x$fpl$fadd)
    __fpl_fcheck_NaN1                        0x00088e10   ARM Code       8  fcheck1.o(x$fpl$fcheck1)
    Inline Thumb to ARM Veneer to __aeabi_fdiv 0x00088e1d   Thumb Code     4  fdiv.o(x$fpl$fdiv)
    __aeabi_fdiv                             0x00088e20   ARM Code       0  fdiv.o(x$fpl$fdiv)
    _fdiv                                    0x00088e20   ARM Code     396  fdiv.o(x$fpl$fdiv)
    Inline Thumb to ARM Veneer to __aeabi_f2iz 0x00088fb1   Thumb Code     4  ffix.o(x$fpl$ffix)
    __aeabi_f2iz                             0x00088fb4   ARM Code       0  ffix.o(x$fpl$ffix)
    _ffix                                    0x00088fb4   ARM Code      68  ffix.o(x$fpl$ffix)
    Inline Thumb to ARM Veneer to __aeabi_f2uiz 0x00088ff9   Thumb Code     4  ffixu.o(x$fpl$ffixu)
    __aeabi_f2uiz                            0x00088ffc   ARM Code       0  ffixu.o(x$fpl$ffixu)
    _ffixu                                   0x00088ffc   ARM Code      84  ffixu.o(x$fpl$ffixu)
    Inline Thumb to ARM Veneer to __aeabi_i2f 0x00089051   Thumb Code     4  fflt_noclz.o(x$fpl$fflt)
    __aeabi_i2f                              0x00089054   ARM Code       0  fflt_noclz.o(x$fpl$fflt)
    _fflt                                    0x00089054   ARM Code      92  fflt_noclz.o(x$fpl$fflt)
    __fflt_normalise                         0x00089060   ARM Code       0  fflt_noclz.o(x$fpl$fflt)
    Inline Thumb to ARM Veneer to __aeabi_ui2f 0x000890b1   Thumb Code     4  fflt_noclz.o(x$fpl$ffltu)
    __aeabi_ui2f                             0x000890b4   ARM Code       0  fflt_noclz.o(x$fpl$ffltu)
    _ffltu                                   0x000890b4   ARM Code       8  fflt_noclz.o(x$fpl$ffltu)
    Inline Thumb to ARM Veneer to __aeabi_fmul 0x000890bd   Thumb Code     4  fmul.o(x$fpl$fmul)
    __aeabi_fmul                             0x000890c0   ARM Code       0  fmul.o(x$fpl$fmul)
    _fmul                                    0x000890c0   ARM Code     256  fmul.o(x$fpl$fmul)
    __fpl_fnaninf                            0x000891c0   ARM Code     168  fnaninf.o(x$fpl$fnaninf)
    Inline Thumb to ARM Veneer to _fp_init   0x00089269   Thumb Code     4  fpinit.o(x$fpl$fpinit)
    _fp_init                                 0x0008926c   ARM Code      24  fpinit.o(x$fpl$fpinit)
    __fplib_config_pureend_doubles           0x0008927c   ARM Code       0  fpinit.o(x$fpl$fpinit)
    __fpl_fretinf                            0x00089284   ARM Code      16  fretinf.o(x$fpl$fretinf)
    Inline Thumb to ARM Veneer to __aeabi_frsub 0x00089295   Thumb Code     4  faddsub_noclz.o(x$fpl$frsb)
    __aeabi_frsub                            0x00089298   ARM Code       0  faddsub_noclz.o(x$fpl$frsb)
    _frsb                                    0x00089298   ARM Code      20  faddsub_noclz.o(x$fpl$frsb)
    Inline Thumb to ARM Veneer to __aeabi_fsub 0x000892ad   Thumb Code     4  faddsub_noclz.o(x$fpl$fsub)
    __aeabi_fsub                             0x000892b0   ARM Code       0  faddsub_noclz.o(x$fpl$fsub)
    _fsub                                    0x000892b0   ARM Code     304  faddsub_noclz.o(x$fpl$fsub)
    __fpl_return_NaN                         0x000893e0   ARM Code     116  retnan.o(x$fpl$retnan)
    Inline Thumb to ARM Veneer to scalbn     0x00089455   Thumb Code     4  scalbn.o(x$fpl$scalbn)
    __ARM_scalbn                             0x00089458   ARM Code       0  scalbn.o(x$fpl$scalbn)
    scalbn                                   0x00089458   ARM Code     108  scalbn.o(x$fpl$scalbn)
    __fpl_inf_scalbn                         0x000894c0   ARM Code       0  scalbn.o(x$fpl$scalbn)
    Inline Thumb to ARM Veneer to scalbnf    0x000894c5   Thumb Code     4  scalbnf.o(x$fpl$scalbnf)
    __ARM_scalbnf                            0x000894c8   ARM Code       0  scalbnf.o(x$fpl$scalbnf)
    scalbnf                                  0x000894c8   ARM Code      96  scalbnf.o(x$fpl$scalbnf)
    __fpl_inf_scalbnf                        0x00089524   ARM Code       0  scalbnf.o(x$fpl$scalbnf)
    __fpl_cmpreturn                          0x00089528   ARM Code      60  trapv.o(x$fpl$trapveneer)
    __I$use$fp                               0x00089564   ARM Code       0  usenofp.o(x$fpl$usenofp)
    os_maxtaskrun                            0x00089764   Data           2  rtx_config.o(.constdata)
    os_stackinfo                             0x00089768   Data           4  rtx_config.o(.constdata)
    os_rrobin                                0x0008976c   Data           4  rtx_config.o(.constdata)
    os_clockrate                             0x00089770   Data           4  rtx_config.o(.constdata)
    os_timernum                              0x00089774   Data           4  rtx_config.o(.constdata)
    mp_tcb_size                              0x00089778   Data           2  rtx_config.o(.constdata)
    mp_stk_size                              0x0008977c   Data           4  rtx_config.o(.constdata)
    os_fifo_size                             0x00089780   Data           1  rtx_config.o(.constdata)
    mp_tmr_size                              0x00089782   Data           2  rtx_config.o(.constdata)
    LED7Code                                 0x00089784   Data          22  ht1622.o(.constdata)
    LED16Char                                0x0008979a   Data         108  ht1622.o(.constdata)
    LED16Num                                 0x00089806   Data          40  ht1622.o(.constdata)
    display                                  0x0008982e   Data        1296  hmi.o(.constdata)
    __mathlib_zero                           0x00089d78   Data           8  qnan.o(.constdata)
    Region$$Table$$Base                      0x00089d80   Number         0  anon$$obj.o(Region$$Table)
    Region$$Table$$Limit                     0x00089da0   Number         0  anon$$obj.o(Region$$Table)
    g_UnitCfgInFlash                         0x0008f400   Data         512  main.o(.ARM.__AT_0x0008F400)



==============================================================================

Memory Map of the image

  Image Entry point : 0x000800cc

  Load Region LR_IROM1 (Base: 0x00080000, Size: 0x0000f75c, Max: 0x0000f800, ABSOLUTE, COMPRESSED[0x0000f64c])

    Execution Region RW_IRAM1 (Base: 0x00010000, Size: 0x00001f78, Max: 0x00002000, ABSOLUTE, COMPRESSED[0x0000004c])

    Base Addr    Size         Type   Attr      Idx    E Section Name        Object

    0x00010000   0x00000020   Data   RW           15    .data               main.o
    0x00010020   0x00000002   Data   RW          109    .data               portevent.o
    0x00010022   0x00000001   Data   RW          124    .data               portserial.o
    0x00010023   0x00000001   PAD
    0x00010024   0x00000004   Data   RW          146    .data               porttimer.o
    0x00010028   0x000000ac   Data   RW          177    .data               mb.o
    0x000100d4   0x0000000c   Data   RW          246    .data               mbrtu.o
    0x000100e0   0x00000002   Data   RW          313    .data               mbfuncother.o
    0x000100e2   0x00000002   PAD
    0x000100e4   0x00000010   Data   RW          339    .data               mbascii.o
    0x000100f4   0x00000004   Data   RW          372    .data               rtx_config.o
    0x000100f8   0x00000008   Data   RW          373    .data               rtx_config.o
    0x00010100   0x00000008   Data   RW          400    .data               iap.o
    0x00010108   0x00000001   Data   RW          418    .data               ht1622.o
    0x00010109   0x00000003   PAD
    0x0001010c   0x0000002c   Data   RW          449    .data               hmi.o
    0x00010138   0x00000004   Data   RW          508    .data               RTX_ARM_L.lib(rt_task.o)(RTX_ARM_L.lib)
    0x0001013c   0x00000002   Data   RW          593    .data               RTX_ARM_L.lib(rt_time.o)(RTX_ARM_L.lib)
    0x0001013e   0x00000002   PAD
    0x00010140   0x00000004   Data   RW          695    .data               RTX_ARM_L.lib(hal_arm.o)(RTX_ARM_L.lib)
    0x00010144   0x00000008   Data   RW          748    .data               RTX_ARM_L.lib(rt_system.o)(RTX_ARM_L.lib)
    0x0001014c   0x00000008   Data   RW          855    .data               RTX_ARM_L.lib(rt_robin.o)(RTX_ARM_L.lib)
    0x00010154   0x00000008   Data   RW          994    .data               RTX_ARM_L.lib(rt_timer.o)(RTX_ARM_L.lib)
    0x0001015c   0x000000a0   Zero   RW           13    .bss                main.o
    0x000101fc   0x00000100   Zero   RW          245    .bss                mbrtu.o
    0x000102fc   0x00000020   Zero   RW          312    .bss                mbfuncother.o
    0x0001031c   0x0000012c   Zero   RW          359    .bss                rtx_config.o
    0x00010448   0x00000710   Zero   RW          360    .bss                rtx_config.o
    0x00010b58   0x00000084   Zero   RW          361    .bss                rtx_config.o
    0x00010bdc   0x00000018   Zero   RW          362    .bss                rtx_config.o
    0x00010bf4   0x000002a0   Zero   RW          363    .bss                rtx_config.o
    0x00010e94   0x00000f6f   Zero   RW          447    .bss                hmi.o
    0x00011e03   0x00000001   PAD
    0x00011e04   0x00000030   Zero   RW          507    .bss                RTX_ARM_L.lib(rt_task.o)(RTX_ARM_L.lib)
    0x00011e34   0x00000030   Zero   RW          791    .bss                RTX_ARM_L.lib(rt_list.o)(RTX_ARM_L.lib)
    0x00011e64   0x00000060   Zero   RW         1021    .bss                c_t.l(libspace.o)(c_t.l)
    0x00011ec4   0x00000004   PAD
    0x00011ec8   0x00000000   Zero   RW            2    HEAP                startup.o
    0x00011ec8   0x000000b0   Zero   RW            1    STACK               startup.o


    Execution Region ER_IROM1 (Base: 0x00080000, Size: 0x0000f600, Max: 0x0000f800, ABSOLUTE)

    Base Addr    Size         Type   Attr      Idx    E Section Name        Object

    0x00080000   0x000000cc   Code   RO            3    RESET               startup.o
    0x000800cc   0x00000008   Code   RO         1049  * !!!main             c_t.l(__main.o)(c_t.l)
    0x000800d4   0x0000003c   Code   RO         1343    !!!scatter          c_t.l(__scatter.o)(c_t.l)
    0x00080110   0x0000005c   Code   RO         1341    !!dczerorl2         c_t.l(__dczerorl2.o)(c_t.l)
    0x0008016c   0x0000002c   Code   RO         1345    !!handler_zi        c_t.l(__scatter_zi.o)(c_t.l)
    0x00080198   0x00000008   Ven    RO         1224    .ARM.Collect$$libinit$$00000000  c_t.l(libinit.o)(c_t.l)
    0x000801a0   0x00000006   Code   RO         1224    .ARM.Collect$$libinit$$00000000  c_t.l(libinit.o)(c_t.l)
    0x000801a6   0x00000000   Code   RO         1237    .ARM.Collect$$libinit$$00000006  c_t.l(libinit2.o)(c_t.l)
    0x000801a6   0x00000000   Code   RO         1239    .ARM.Collect$$libinit$$00000008  c_t.l(libinit2.o)(c_t.l)
    0x000801a6   0x00000000   Code   RO         1241    .ARM.Collect$$libinit$$0000000A  c_t.l(libinit2.o)(c_t.l)
    0x000801a6   0x00000000   Code   RO         1244    .ARM.Collect$$libinit$$0000000D  c_t.l(libinit2.o)(c_t.l)
    0x000801a6   0x00000000   Code   RO         1246    .ARM.Collect$$libinit$$0000000F  c_t.l(libinit2.o)(c_t.l)
    0x000801a6   0x00000000   Code   RO         1248    .ARM.Collect$$libinit$$00000011  c_t.l(libinit2.o)(c_t.l)
    0x000801a6   0x00000000   Code   RO         1250    .ARM.Collect$$libinit$$00000013  c_t.l(libinit2.o)(c_t.l)
    0x000801a6   0x00000000   Code   RO         1252    .ARM.Collect$$libinit$$00000015  c_t.l(libinit2.o)(c_t.l)
    0x000801a6   0x00000000   Code   RO         1254    .ARM.Collect$$libinit$$00000017  c_t.l(libinit2.o)(c_t.l)
    0x000801a6   0x00000000   Code   RO         1256    .ARM.Collect$$libinit$$00000019  c_t.l(libinit2.o)(c_t.l)
    0x000801a6   0x00000000   Code   RO         1258    .ARM.Collect$$libinit$$0000001B  c_t.l(libinit2.o)(c_t.l)
    0x000801a6   0x00000000   Code   RO         1260    .ARM.Collect$$libinit$$0000001D  c_t.l(libinit2.o)(c_t.l)
    0x000801a6   0x00000000   Code   RO         1262    .ARM.Collect$$libinit$$0000001F  c_t.l(libinit2.o)(c_t.l)
    0x000801a6   0x00000000   Code   RO         1264    .ARM.Collect$$libinit$$00000021  c_t.l(libinit2.o)(c_t.l)
    0x000801a6   0x00000000   Code   RO         1268    .ARM.Collect$$libinit$$00000028  c_t.l(libinit2.o)(c_t.l)
    0x000801a6   0x00000000   Code   RO         1270    .ARM.Collect$$libinit$$0000002A  c_t.l(libinit2.o)(c_t.l)
    0x000801a6   0x00000000   Code   RO         1272    .ARM.Collect$$libinit$$0000002C  c_t.l(libinit2.o)(c_t.l)
    0x000801a6   0x00000000   Code   RO         1274    .ARM.Collect$$libinit$$0000002E  c_t.l(libinit2.o)(c_t.l)
    0x000801a6   0x0000000c   Code   RO         1275    .ARM.Collect$$libinit$$0000002F  c_t.l(libinit2.o)(c_t.l)
    0x000801b2   0x00000002   PAD
    0x000801b4   0x00000008   Ven    RO         1315    .ARM.Collect$$libshutdown$$00000000  c_t.l(libshutdown.o)(c_t.l)
    0x000801bc   0x00000004   Code   RO         1315    .ARM.Collect$$libshutdown$$00000000  c_t.l(libshutdown.o)(c_t.l)
    0x000801c0   0x00000000   Code   RO         1326    .ARM.Collect$$libshutdown$$00000003  c_t.l(libshutdown2.o)(c_t.l)
    0x000801c0   0x00000000   Code   RO         1329    .ARM.Collect$$libshutdown$$00000006  c_t.l(libshutdown2.o)(c_t.l)
    0x000801c0   0x00000000   Code   RO         1332    .ARM.Collect$$libshutdown$$00000009  c_t.l(libshutdown2.o)(c_t.l)
    0x000801c0   0x00000000   Code   RO         1334    .ARM.Collect$$libshutdown$$0000000B  c_t.l(libshutdown2.o)(c_t.l)
    0x000801c0   0x00000000   Code   RO         1337    .ARM.Collect$$libshutdown$$0000000E  c_t.l(libshutdown2.o)(c_t.l)
    0x000801c0   0x00000006   Code   RO         1338    .ARM.Collect$$libshutdown$$0000000F  c_t.l(libshutdown2.o)(c_t.l)
    0x000801c6   0x00000002   PAD
    0x000801c8   0x00000000   Code   RO         1131    .ARM.Collect$$rtentry$$00000000  c_t.l(rtentry.o)(c_t.l)
    0x000801c8   0x00000000   Code   RO         1170    .ARM.Collect$$rtentry$$00000002  c_t.l(rtentry2.o)(c_t.l)
    0x000801c8   0x00000008   Code   RO         1185    .ARM.Collect$$rtentry$$00000004  c_t.l(rtentry4.o)(c_t.l)
    0x000801d0   0x00000000   Code   RO         1172    .ARM.Collect$$rtentry$$00000009  c_t.l(rtentry2.o)(c_t.l)
    0x000801d0   0x00000004   Code   RO         1173    .ARM.Collect$$rtentry$$0000000A  c_t.l(rtentry2.o)(c_t.l)
    0x000801d4   0x00000000   Code   RO         1175    .ARM.Collect$$rtentry$$0000000C  c_t.l(rtentry2.o)(c_t.l)
    0x000801d4   0x00000028   Code   RO         1176    .ARM.Collect$$rtentry$$0000000D  c_t.l(rtentry2.o)(c_t.l)
    0x000801fc   0x00000004   Ven    RO         1229    .ARM.Collect$$rtexit$$00000000  c_t.l(rtexit.o)(c_t.l)
    0x00080200   0x00000004   Code   RO         1229    .ARM.Collect$$rtexit$$00000000  c_t.l(rtexit.o)(c_t.l)
    0x00080204   0x00000000   Code   RO         1279    .ARM.Collect$$rtexit$$00000002  c_t.l(rtexit2.o)(c_t.l)
    0x00080204   0x00000004   Code   RO         1280    .ARM.Collect$$rtexit$$00000003  c_t.l(rtexit2.o)(c_t.l)
    0x00080208   0x00000008   Code   RO         1281    .ARM.Collect$$rtexit$$00000004  c_t.l(rtexit2.o)(c_t.l)
    0x00080210   0x00000048   Code   RO          356    .emb_text           rtx_config.o
    0x00080258   0x000001e8   Code   RO          687    .emb_text           RTX_ARM_L.lib(hal_arm.o)(RTX_ARM_L.lib)
    0x00080440   0x00000020   Code   RO            4    .text               startup.o
    0x00080460   0x00000a8c   Code   RO           11    .text               main.o
    0x00080eec   0x00000034   Code   RO          108    .text               portevent.o
    0x00080f20   0x000000f8   Code   RO          122    .text               portserial.o
    0x00081018   0x00000058   Code   RO          123    .text               portserial.o
    0x00081070   0x00000010   Code   RO          144    .text               porttimer.o
    0x00081080   0x00000030   Code   RO          145    .text               porttimer.o
    0x000810b0   0x00000258   Code   RO          176    .text               mb.o
    0x00081308   0x00000034   Code   RO          230    .text               mbcrc.o
    0x0008133c   0x00000240   Code   RO          244    .text               mbrtu.o
    0x0008157c   0x00000144   Code   RO          263    .text               mbfunccoils.o
    0x000816c0   0x0000007c   Code   RO          275    .text               mbfuncdisc.o
    0x0008173c   0x0000018c   Code   RO          287    .text               mbfuncholding.o
    0x000818c8   0x00000064   Code   RO          299    .text               mbfuncinput.o
    0x0008192c   0x00000068   Code   RO          311    .text               mbfuncother.o
    0x00081994   0x0000006e   Code   RO          326    .text               mbutils.o
    0x00081a02   0x00000002   PAD
    0x00081a04   0x0000031c   Code   RO          338    .text               mbascii.o
    0x00081d20   0x00000008   Ven    RO          357    .text               rtx_config.o
    0x00081d28   0x0000010c   Code   RO          357    .text               rtx_config.o
    0x00081e34   0x00000004   Code   RO          358    .text               rtx_config.o
    0x00081e38   0x00000064   Code   RO          399    .text               iap.o
    0x00081e9c   0x00000b48   Code   RO          416    .text               ht1622.o
    0x000829e4   0x00003ba0   Code   RO          446    .text               hmi.o
    0x00086584   0x000001fc   Code   RO          473    .text               ds18b20.o
    0x00086780   0x000000e8   Code   RO          485    .text               pid.o
    0x00086868   0x0000000c   Code   RO         1020    .text               c_t.l(libspace.o)(c_t.l)
    0x00086874   0x00000010   Code   RO         1023    .text               c_t.l(abort.o)(c_t.l)
    0x00086884   0x00000004   Ven    RO         1025    .text               c_t.l(rt_memcpy.o)(c_t.l)
    0x00086888   0x000000d4   Code   RO         1025    .text               c_t.l(rt_memcpy.o)(c_t.l)
    0x0008695c   0x00000004   Ven    RO         1027    .text               c_t.l(uread4.o)(c_t.l)
    0x00086960   0x00000020   Code   RO         1027    .text               c_t.l(uread4.o)(c_t.l)
    0x00086980   0x00000004   Ven    RO         1029    .text               c_t.l(uwrite4.o)(c_t.l)
    0x00086984   0x00000020   Code   RO         1029    .text               c_t.l(uwrite4.o)(c_t.l)
    0x000869a4   0x00000004   Ven    RO         1031    .text               c_t.l(aeabi_sdiv.o)(c_t.l)
    0x000869a8   0x00000180   Code   RO         1031    .text               c_t.l(aeabi_sdiv.o)(c_t.l)
    0x00086b28   0x00000006   Code   RO         1047    .text               c_t.l(heapauxi.o)(c_t.l)
    0x00086b2e   0x00000002   PAD
    0x00086b30   0x00000008   Ven    RO         1129    .text               c_t.l(sys_exit.o)(c_t.l)
    0x00086b38   0x0000000c   Code   RO         1129    .text               c_t.l(sys_exit.o)(c_t.l)
    0x00086b44   0x00000008   Ven    RO         1137    .text               c_t.l(_rserrno.o)(c_t.l)
    0x00086b4c   0x0000001a   Code   RO         1137    .text               c_t.l(_rserrno.o)(c_t.l)
    0x00086b66   0x00000010   Code   RO         1139    .text               c_t.l(defsig_abrt_outer.o)(c_t.l)
    0x00086b76   0x00000002   PAD
    0x00086b78   0x00000064   Code   RO         1143    .text               c_t.l(rt_memcpy_w.o)(c_t.l)
    0x00086bdc   0x00000004   Code   RO         1167    .text               c_t.l(use_no_semi.o)(c_t.l)
    0x00086be0   0x00000004   Ven    RO         1196    .text               c_t.l(rt_errno_addr_twolibspace.o)(c_t.l)
    0x00086be4   0x00000004   Code   RO         1196    .text               c_t.l(rt_errno_addr_twolibspace.o)(c_t.l)
    0x00086be8   0x00000010   Code   RO         1198    .text               c_t.l(defsig_exit.o)(c_t.l)
    0x00086bf8   0x00000034   Code   RO         1200    .text               c_t.l(defsig_abrt_inner.o)(c_t.l)
    0x00086c2c   0x00000060   Code   RO         1206    .text               c_t.l(sys_stackheap_outer.o)(c_t.l)
    0x00086c8c   0x0000000c   Code   RO         1208    .text               c_t.l(exit.o)(c_t.l)
    0x00086c98   0x00000038   Code   RO         1212    .text               c_t.l(defsig_general.o)(c_t.l)
    0x00086cd0   0x00000010   Code   RO         1227    .text               c_t.l(sys_wrch.o)(c_t.l)
    0x00086ce0   0x00000014   Code   RO         1291    .text               c_t.l(rt_fp_status_addr_twolibspace.o)(c_t.l)
    0x00086cf4   0x00000004   Ven    RO         1032    .text_udiv          c_t.l(aeabi_sdiv.o)(c_t.l)
    0x00086cf8   0x00000024   Code   RO         1032    .text_udiv          c_t.l(aeabi_sdiv.o)(c_t.l)
    0x00086d1c   0x00000024   Code   RO          904    SWI_TABLE           RTX_ARM_L.lib(swi_table.o)(RTX_ARM_L.lib)
    0x00086d40   0x00000002   Code   RO          194    i.__ARM_common_call_via_r0  mb.o
    0x00086d42   0x00000002   Code   RO          190    i.__ARM_common_call_via_r2  mb.o
    0x00086d44   0x00000002   Code   RO          192    i.__ARM_common_call_via_r3  mb.o
    0x00086d46   0x00000002   PAD
    0x00086d48   0x00000004   Ven    RO          198    i.__ARM_common_disable_irq  mb.o
    0x00086d4c   0x00000014   Code   RO          198    i.__ARM_common_disable_irq  mb.o
    0x00086d60   0x00000004   Ven    RO          196    i.__ARM_common_enable_irq  mb.o
    0x00086d64   0x00000010   Code   RO          196    i.__ARM_common_enable_irq  mb.o
    0x00086d74   0x00000004   Ven    RO           26    i.__ARM_common_switch8  main.o
    0x00086d78   0x00000018   Code   RO           26    i.__ARM_common_switch8  main.o
    0x00086d90   0x00000030   Code   RO          688    i.__SWI_0           RTX_ARM_L.lib(hal_arm.o)(RTX_ARM_L.lib)
    0x00086dc0   0x0000000e   Code   RO          874    i.__SWI_1           RTX_ARM_L.lib(rt_membox.o)(RTX_ARM_L.lib)
    0x00086dce   0x00000018   Code   RO          875    i.__SWI_2           RTX_ARM_L.lib(rt_membox.o)(RTX_ARM_L.lib)
    0x00086de6   0x00000008   Code   RO          689    i.__SWI_3           RTX_ARM_L.lib(hal_arm.o)(RTX_ARM_L.lib)
    0x00086dee   0x00000008   Code   RO          690    i.__SWI_4           RTX_ARM_L.lib(hal_arm.o)(RTX_ARM_L.lib)
    0x00086df6   0x00000002   Code   RO          691    i.__SWI_6           RTX_ARM_L.lib(hal_arm.o)(RTX_ARM_L.lib)
    0x00086df8   0x00000002   Code   RO          692    i.__SWI_7           RTX_ARM_L.lib(hal_arm.o)(RTX_ARM_L.lib)
    0x00086dfa   0x00000002   PAD
    0x00086dfc   0x00000100   Code   RO         1164    i.__kernel_poly     m_ts.l(poly.o)(m_ts.l)
    0x00086efc   0x0000004a   Code   RO          877    i._init_box         RTX_ARM_L.lib(rt_membox.o)(RTX_ARM_L.lib)
    0x00086f46   0x00000002   PAD
    0x00086f48   0x00000004   Ven    RO         1112    i.log               m_ts.l(log.o)(m_ts.l)
    0x00086f4c   0x00000590   Code   RO         1112    i.log               m_ts.l(log.o)(m_ts.l)
    0x000874dc   0x00000048   Code   RO          497    i.os_block          RTX_ARM_L.lib(rt_task.o)(RTX_ARM_L.lib)
    0x00087524   0x00000044   Code   RO          853    i.os_chk_robin      RTX_ARM_L.lib(rt_robin.o)(RTX_ARM_L.lib)
    0x00087568   0x0000007c   Code   RO          781    i.os_dec_dly        RTX_ARM_L.lib(rt_list.o)(RTX_ARM_L.lib)
    0x000875e4   0x00000044   Code   RO          498    i.os_dispatch       RTX_ARM_L.lib(rt_task.o)(RTX_ARM_L.lib)
    0x00087628   0x00000018   Code   RO          590    i.os_dly_wait       RTX_ARM_L.lib(rt_time.o)(RTX_ARM_L.lib)
    0x00087640   0x00000050   Code   RO          624    i.os_evt_psh        RTX_ARM_L.lib(rt_event.o)(RTX_ARM_L.lib)
    0x00087690   0x00000064   Code   RO          625    i.os_evt_set        RTX_ARM_L.lib(rt_event.o)(RTX_ARM_L.lib)
    0x000876f4   0x00000058   Code   RO          626    i.os_evt_wait       RTX_ARM_L.lib(rt_event.o)(RTX_ARM_L.lib)
    0x0008774c   0x0000002a   Code   RO          782    i.os_get_first      RTX_ARM_L.lib(rt_list.o)(RTX_ARM_L.lib)
    0x00087776   0x00000002   PAD
    0x00087778   0x00000048   Code   RO          499    i.os_init_context   RTX_ARM_L.lib(rt_task.o)(RTX_ARM_L.lib)
    0x000877c0   0x00000018   Code   RO          854    i.os_init_robin     RTX_ARM_L.lib(rt_robin.o)(RTX_ARM_L.lib)
    0x000877d8   0x00000064   Code   RO          693    i.os_init_stack     RTX_ARM_L.lib(hal_arm.o)(RTX_ARM_L.lib)
    0x0008783c   0x00000018   Code   RO          591    i.os_itv_set        RTX_ARM_L.lib(rt_time.o)(RTX_ARM_L.lib)
    0x00087854   0x00000038   Code   RO          592    i.os_itv_wait       RTX_ARM_L.lib(rt_time.o)(RTX_ARM_L.lib)
    0x0008788c   0x00000088   Code   RO          911    i.os_mbx_psh        RTX_ARM_L.lib(rt_mailbox.o)(RTX_ARM_L.lib)
    0x00087914   0x00000030   Code   RO          663    i.os_mut_init       RTX_ARM_L.lib(rt_mutex.o)(RTX_ARM_L.lib)
    0x00087944   0x000000a8   Code   RO          664    i.os_mut_release    RTX_ARM_L.lib(rt_mutex.o)(RTX_ARM_L.lib)
    0x000879ec   0x00000084   Code   RO          665    i.os_mut_wait       RTX_ARM_L.lib(rt_mutex.o)(RTX_ARM_L.lib)
    0x00087a70   0x00000050   Code   RO          785    i.os_put_dly        RTX_ARM_L.lib(rt_list.o)(RTX_ARM_L.lib)
    0x00087ac0   0x0000003e   Code   RO          786    i.os_put_prio       RTX_ARM_L.lib(rt_list.o)(RTX_ARM_L.lib)
    0x00087afe   0x00000002   PAD
    0x00087b00   0x00000014   Code   RO          787    i.os_put_rdy_first  RTX_ARM_L.lib(rt_list.o)(RTX_ARM_L.lib)
    0x00087b14   0x00000034   Code   RO          788    i.os_resort_prio    RTX_ARM_L.lib(rt_list.o)(RTX_ARM_L.lib)
    0x00087b48   0x0000002c   Code   RO          789    i.os_rmv_dly        RTX_ARM_L.lib(rt_list.o)(RTX_ARM_L.lib)
    0x00087b74   0x00000034   Code   RO          790    i.os_rmv_list       RTX_ARM_L.lib(rt_list.o)(RTX_ARM_L.lib)
    0x00087ba8   0x00000038   Code   RO          957    i.os_sem_psh        RTX_ARM_L.lib(rt_semaphore.o)(RTX_ARM_L.lib)
    0x00087be0   0x0000002c   Code   RO          694    i.os_stk_check      RTX_ARM_L.lib(hal_arm.o)(RTX_ARM_L.lib)
    0x00087c0c   0x000000e8   Code   RO          500    i.os_sys_init1      RTX_ARM_L.lib(rt_task.o)(RTX_ARM_L.lib)
    0x00087cf4   0x000000cc   Code   RO          747    i.os_sys_manager    RTX_ARM_L.lib(rt_system.o)(RTX_ARM_L.lib)
    0x00087dc0   0x00000044   Code   RO          993    i.os_tmr_tick       RTX_ARM_L.lib(rt_timer.o)(RTX_ARM_L.lib)
    0x00087e04   0x00000090   Code   RO          501    i.os_tsk_create0    RTX_ARM_L.lib(rt_task.o)(RTX_ARM_L.lib)
    0x00087e94   0x000000a8   Code   RO          503    i.os_tsk_delete     RTX_ARM_L.lib(rt_task.o)(RTX_ARM_L.lib)
    0x00087f3c   0x00000010   Code   RO          506    i.os_tsk_self       RTX_ARM_L.lib(rt_task.o)(RTX_ARM_L.lib)
    0x00087f4c   0x00000004   Ven    RO         1122    i.sqrt              m_ts.l(sqrt.o)(m_ts.l)
    0x00087f50   0x0000006c   Code   RO         1122    i.sqrt              m_ts.l(sqrt.o)(m_ts.l)
    0x00087fbc   0x00000010   Code   RO          167    i.vMBPortTimersDisable  porttimer.o
    0x00087fcc   0x00000024   Code   RO          161    i.vMBPortTimersEnable  porttimer.o
    0x00087ff0   0x00000004   Ven    RO         1051    x$fpl$d2f           fz_ts.l(d2f.o)(fz_ts.l)
    0x00087ff4   0x0000006c   Code   RO         1051    x$fpl$d2f           fz_ts.l(d2f.o)(fz_ts.l)
    0x00088060   0x00000004   Ven    RO         1053    x$fpl$dadd          fz_ts.l(daddsub_noclz.o)(fz_ts.l)
    0x00088064   0x00000150   Code   RO         1053    x$fpl$dadd          fz_ts.l(daddsub_noclz.o)(fz_ts.l)
    0x000881b4   0x00000010   Code   RO         1145    x$fpl$dcheck1       fz_ts.l(dcheck1.o)(fz_ts.l)
    0x000881c4   0x0000001c   Code   RO         1202    x$fpl$dcmpinf       fz_ts.l(dcmpi.o)(fz_ts.l)
    0x000881e0   0x00000004   Ven    RO         1060    x$fpl$ddiv          fz_ts.l(ddiv.o)(fz_ts.l)
    0x000881e4   0x000002e0   Code   RO         1060    x$fpl$ddiv          fz_ts.l(ddiv.o)(fz_ts.l)
    0x000884c4   0x00000094   Code   RO         1147    x$fpl$deqf          fz_ts.l(deqf.o)(fz_ts.l)
    0x00088558   0x00000004   Ven    RO         1063    x$fpl$dfixu         fz_ts.l(dfixu.o)(fz_ts.l)
    0x0008855c   0x00000070   Code   RO         1063    x$fpl$dfixu         fz_ts.l(dfixu.o)(fz_ts.l)
    0x000885cc   0x00000004   Ven    RO         1068    x$fpl$dflt          fz_ts.l(dflt_noclz.o)(fz_ts.l)
    0x000885d0   0x00000058   Code   RO         1068    x$fpl$dflt          fz_ts.l(dflt_noclz.o)(fz_ts.l)
    0x00088628   0x00000004   Ven    RO         1071    x$fpl$dmul          fz_ts.l(dmul.o)(fz_ts.l)
    0x0008862c   0x00000180   Code   RO         1071    x$fpl$dmul          fz_ts.l(dmul.o)(fz_ts.l)
    0x000887ac   0x000000c0   Code   RO         1151    x$fpl$dnaninf       fz_ts.l(dnaninf.o)(fz_ts.l)
    0x0008886c   0x00000010   Code   RO         1153    x$fpl$dretinf       fz_ts.l(dretinf.o)(fz_ts.l)
    0x0008887c   0x00000018   Code   RO         1054    x$fpl$drsb          fz_ts.l(daddsub_noclz.o)(fz_ts.l)
    0x00088894   0x00000208   Code   RO         1155    x$fpl$dsqrt         fz_ts.l(dsqrt_noumaal.o)(fz_ts.l)
    0x00088a9c   0x00000244   Code   RO         1055    x$fpl$dsub          fz_ts.l(daddsub_noclz.o)(fz_ts.l)
    0x00088ce0   0x00000004   Ven    RO         1073    x$fpl$f2d           fz_ts.l(f2d.o)(fz_ts.l)
    0x00088ce4   0x00000064   Code   RO         1073    x$fpl$f2d           fz_ts.l(f2d.o)(fz_ts.l)
    0x00088d48   0x00000004   Ven    RO         1075    x$fpl$fadd          fz_ts.l(faddsub_noclz.o)(fz_ts.l)
    0x00088d4c   0x000000c4   Code   RO         1075    x$fpl$fadd          fz_ts.l(faddsub_noclz.o)(fz_ts.l)
    0x00088e10   0x0000000c   Code   RO         1157    x$fpl$fcheck1       fz_ts.l(fcheck1.o)(fz_ts.l)
    0x00088e1c   0x00000004   Ven    RO         1082    x$fpl$fdiv          fz_ts.l(fdiv.o)(fz_ts.l)
    0x00088e20   0x00000190   Code   RO         1082    x$fpl$fdiv          fz_ts.l(fdiv.o)(fz_ts.l)
    0x00088fb0   0x00000004   Ven    RO         1085    x$fpl$ffix          fz_ts.l(ffix.o)(fz_ts.l)
    0x00088fb4   0x00000044   Code   RO         1085    x$fpl$ffix          fz_ts.l(ffix.o)(fz_ts.l)
    0x00088ff8   0x00000004   Ven    RO         1089    x$fpl$ffixu         fz_ts.l(ffixu.o)(fz_ts.l)
    0x00088ffc   0x00000054   Code   RO         1089    x$fpl$ffixu         fz_ts.l(ffixu.o)(fz_ts.l)
    0x00089050   0x00000004   Ven    RO         1094    x$fpl$fflt          fz_ts.l(fflt_noclz.o)(fz_ts.l)
    0x00089054   0x0000005c   Code   RO         1094    x$fpl$fflt          fz_ts.l(fflt_noclz.o)(fz_ts.l)
    0x000890b0   0x00000004   Ven    RO         1093    x$fpl$ffltu         fz_ts.l(fflt_noclz.o)(fz_ts.l)
    0x000890b4   0x00000008   Code   RO         1093    x$fpl$ffltu         fz_ts.l(fflt_noclz.o)(fz_ts.l)
    0x000890bc   0x00000004   Ven    RO         1097    x$fpl$fmul          fz_ts.l(fmul.o)(fz_ts.l)
    0x000890c0   0x00000100   Code   RO         1097    x$fpl$fmul          fz_ts.l(fmul.o)(fz_ts.l)
    0x000891c0   0x000000a8   Code   RO         1159    x$fpl$fnaninf       fz_ts.l(fnaninf.o)(fz_ts.l)
    0x00089268   0x00000004   Ven    RO         1276    x$fpl$fpinit        fz_ts.l(fpinit.o)(fz_ts.l)
    0x0008926c   0x00000018   Code   RO         1276    x$fpl$fpinit        fz_ts.l(fpinit.o)(fz_ts.l)
    0x00089284   0x00000010   Code   RO         1161    x$fpl$fretinf       fz_ts.l(fretinf.o)(fz_ts.l)
    0x00089294   0x00000004   Ven    RO         1076    x$fpl$frsb          fz_ts.l(faddsub_noclz.o)(fz_ts.l)
    0x00089298   0x00000014   Code   RO         1076    x$fpl$frsb          fz_ts.l(faddsub_noclz.o)(fz_ts.l)
    0x000892ac   0x00000004   Ven    RO         1077    x$fpl$fsub          fz_ts.l(faddsub_noclz.o)(fz_ts.l)
    0x000892b0   0x00000130   Code   RO         1077    x$fpl$fsub          fz_ts.l(faddsub_noclz.o)(fz_ts.l)
    0x000893e0   0x00000074   Code   RO         1204    x$fpl$retnan        fz_ts.l(retnan.o)(fz_ts.l)
    0x00089454   0x00000004   Ven    RO         1102    x$fpl$scalbn        fz_ts.l(scalbn.o)(fz_ts.l)
    0x00089458   0x0000006c   Code   RO         1102    x$fpl$scalbn        fz_ts.l(scalbn.o)(fz_ts.l)
    0x000894c4   0x00000004   Ven    RO         1108    x$fpl$scalbnf       fz_ts.l(scalbnf.o)(fz_ts.l)
    0x000894c8   0x00000060   Code   RO         1108    x$fpl$scalbnf       fz_ts.l(scalbnf.o)(fz_ts.l)
    0x00089528   0x0000003c   Code   RO         1225    x$fpl$trapveneer    fz_ts.l(trapv.o)(fz_ts.l)
    0x00089564   0x00000000   Code   RO         1163    x$fpl$usenofp       fz_ts.l(usenofp.o)(fz_ts.l)
    0x00089564   0x00000200   Data   RO          231    .constdata          mbcrc.o
    0x00089764   0x00000002   Data   RO          364    .constdata          rtx_config.o
    0x00089766   0x00000002   PAD
    0x00089768   0x00000004   Data   RO          365    .constdata          rtx_config.o
    0x0008976c   0x00000004   Data   RO          366    .constdata          rtx_config.o
    0x00089770   0x00000008   Data   RO          367    .constdata          rtx_config.o
    0x00089778   0x00000002   Data   RO          368    .constdata          rtx_config.o
    0x0008977a   0x00000002   PAD
    0x0008977c   0x00000004   Data   RO          369    .constdata          rtx_config.o
    0x00089780   0x00000001   Data   RO          370    .constdata          rtx_config.o
    0x00089781   0x00000001   PAD
    0x00089782   0x00000002   Data   RO          371    .constdata          rtx_config.o
    0x00089784   0x000000aa   Data   RO          417    .constdata          ht1622.o
    0x0008982e   0x00000510   Data   RO          448    .constdata          hmi.o
    0x00089d3e   0x00000002   PAD
    0x00089d40   0x00000038   Data   RO         1113    .constdata          m_ts.l(log.o)(m_ts.l)
    0x00089d78   0x00000008   Data   RO         1166    .constdata          m_ts.l(qnan.o)(m_ts.l)
    0x00089d80   0x00000020   Data   RO         1339    Region$$Table       anon$$obj.o
    0x00089da0   0x00005660   PAD
    0x0008f400   0x00000200   Data   RO           12    .ARM.__AT_0x0008F400  main.o


==============================================================================

Image component sizes


      Code (inc. data)   RO Data    RW Data    ZI Data      Debug   Object Name

       508         10          0          0          0          0   ds18b20.o
     15264       1292       1296         44       3951          0   hmi.o
      2888         98        170          1          0          0   ht1622.o
       100         10          0          8          0          0   iap.o
      2724        186        512         32        160          0   main.o
       642         60          0        172          0          0   mb.o
       796         18          0         16          0          0   mbascii.o
        52          6        512          0          0          0   mbcrc.o
       324          6          0          0          0          0   mbfunccoils.o
       124          6          0          0          0          0   mbfuncdisc.o
       396          0          0          0          0          0   mbfuncholding.o
       100          0          0          0          0          0   mbfuncinput.o
       104         10          0          2         32          0   mbfuncother.o
       576         14          0         12        256          0   mbrtu.o
       110          0          0          0          0          0   mbutils.o
       232          8          0          0          0          0   pid.o
        52          6          0          2          0          0   portevent.o
       336         38          0          1          0          0   portserial.o
       116         30          0          4          0          0   porttimer.o
       344         50         27         12       2936          0   rtx_config.o
       236         56          0          0        176          0   startup.o

    ----------------------------------------------------------------------
     26048       1904      24668        312       7512          0   Object Totals
        20          0         32          0          0          0   (incl. Generated)
         4          0      22119          6          1          3   (incl. Padding)

    ----------------------------------------------------------------------

      Code (inc. data)   RO Data    RW Data    ZI Data      Debug   Library Member Name

       700         72          0          4          0          0   hal_arm.o
       268         16          0          0          0          0   rt_event.o
       476         28          0          0         48          0   rt_list.o
       136          4          0          0          0          0   rt_mailbox.o
       112          0          0          0          0          0   rt_membox.o
       348         18          0          0          0          0   rt_mutex.o
        92         20          0          8          0          0   rt_robin.o
        56          6          0          0          0          0   rt_semaphore.o
       204         22          0          8          0          0   rt_system.o
       772        136          0          4         48          0   rt_task.o
       104         18          0          2          0          0   rt_time.o
        68         10          0          8          0          0   rt_timer.o
        36         36          0          0          0          0   swi_table.o
        92          0          0          0          0          0   __dczerorl2.o
         8          0          0          0          0          0   __main.o
        60          8          0          0          0          0   __scatter.o
        44          0          0          0          0          0   __scatter_zi.o
        34          0          0          0          0          0   _rserrno.o
        16          0          0          0          0          0   abort.o
       428          0          0          0          0          0   aeabi_sdiv.o
        52         34          0          0          0          0   defsig_abrt_inner.o
        16          0          0          0          0          0   defsig_abrt_outer.o
        16          0          0          0          0          0   defsig_exit.o
        56          0          0          0          0          0   defsig_general.o
        12          0          0          0          0          0   exit.o
         6          0          0          0          0          0   heapauxi.o
        14          0          0          0          0          0   libinit.o
        12          0          0          0          0          0   libinit2.o
        12          0          0          0          0          0   libshutdown.o
         6          0          0          0          0          0   libshutdown2.o
        12          4          0          0         96          0   libspace.o
         8          0          0          0          0          0   rt_errno_addr_twolibspace.o
        20          0          0          0          0          0   rt_fp_status_addr_twolibspace.o
       216          0          0          0          0          0   rt_memcpy.o
       100          0          0          0          0          0   rt_memcpy_w.o
         0          0          0          0          0          0   rtentry.o
        44          4          0          0          0          0   rtentry2.o
         8          0          0          0          0          0   rtentry4.o
         8          0          0          0          0          0   rtexit.o
        12          0          0          0          0          0   rtexit2.o
        20          4          0          0          0          0   sys_exit.o
        96          0          0          0          0          0   sys_stackheap_outer.o
        16          0          0          0          0          0   sys_wrch.o
        36          0          0          0          0          0   uread4.o
         4          0          0          0          0          0   use_no_semi.o
        36          0          0          0          0          0   uwrite4.o
       112          4          0          0          0          0   d2f.o
       944         16          0          0          0          0   daddsub_noclz.o
        16          4          0          0          0          0   dcheck1.o
        28          0          0          0          0          0   dcmpi.o
       740        140          0          0          0          0   ddiv.o
       148          4          0          0          0          0   deqf.o
       116          4          0          0          0          0   dfixu.o
        92          0          0          0          0          0   dflt_noclz.o
       388         16          0          0          0          0   dmul.o
       192          0          0          0          0          0   dnaninf.o
        16          0          0          0          0          0   dretinf.o
       520         56          0          0          0          0   dsqrt_noumaal.o
       104          4          0          0          0          0   f2d.o
       532          8          0          0          0          0   faddsub_noclz.o
        12          4          0          0          0          0   fcheck1.o
       404         76          0          0          0          0   fdiv.o
        72          4          0          0          0          0   ffix.o
        88          4          0          0          0          0   ffixu.o
       108          0          0          0          0          0   fflt_noclz.o
       260          4          0          0          0          0   fmul.o
       168          0          0          0          0          0   fnaninf.o
        28          0          0          0          0          0   fpinit.o
        16          0          0          0          0          0   fretinf.o
       116          0          0          0          0          0   retnan.o
       112          0          0          0          0          0   scalbn.o
       100          0          0          0          0          0   scalbnf.o
        60          0          0          0          0          0   trapv.o
         0          0          0          0          0          0   usenofp.o
      1428         32         56          0          0          0   log.o
       256          0          0          0          0          0   poly.o
         0          0          8          0          0          0   qnan.o
       112          0          0          0          0          0   sqrt.o

    ----------------------------------------------------------------------
     12196        820         64         36        196          0   Library Totals
        16          0          0          2          4          0   (incl. Padding)

    ----------------------------------------------------------------------

      Code (inc. data)   RO Data    RW Data    ZI Data      Debug   Library Name

      3372        386          0         34         96      25325   RTX_ARM_L.lib
      1520         54          0          0         96       1684   c_t.l
      5492        348          0          0          0       2912   fz_ts.l
      1796         32         64          0          0        548   m_ts.l

    ----------------------------------------------------------------------
     12196        820         64         36        196          0   Library Totals

    ----------------------------------------------------------------------

==============================================================================


      Code (inc. data)   RO Data    RW Data    ZI Data      Debug   

     38244       2724      24732        348       7708     129776   Grand Totals
     38244       2724      24732         76       7708     129776   ELF Image Totals (compressed)
     38244       2724      24732         76          0          0   ROM Totals

==============================================================================

    Total RO  Size (Code + RO Data)                62976 (  61.50kB)
    Total RW  Size (RW Data + ZI Data)              8056 (   7.87kB)
    Total ROM Size (Code + RO Data + RW Data)      63052 (  61.57kB)

==============================================================================

