ARM Linker, 4.1 [Build 481] [Standard]

==============================================================================

Section Cross References

    startup.o(STACK) refers (Special) to heapauxi.o(.text) for __use_two_region_memory
    startup.o(HEAP) refers (Special) to heapauxi.o(.text) for __use_two_region_memory
    startup.o(RESET) refers (Special) to heapauxi.o(.text) for __use_two_region_memory
    startup.o(RESET) refers to hal_arm.o(.emb_text) for SWI_Handler
    startup.o(RESET) refers to rtx_config.o(.emb_text) for IRQ_Handler
    startup.o(RESET) refers to startup.o(STACK) for Stack_Top
    startup.o(RESET) refers to __main.o(!!!main) for __main
    startup.o(.text) refers (Special) to heapauxi.o(.text) for __use_two_region_memory
    startup.o(.text) refers to startup.o(HEAP) for Heap_Mem
    startup.o(.text) refers to startup.o(STACK) for Stack_Mem
    main.o(.text) refers to fflt_noclz.o(x$fpl$fflt) for __aeabi_i2f
    main.o(.text) refers to fdiv.o(x$fpl$fdiv) for __aeabi_fdiv
    main.o(.text) refers to faddsub_noclz.o(x$fpl$fadd) for __aeabi_fadd
    main.o(.text) refers to faddsub_noclz.o(x$fpl$frsb) for __aeabi_frsub
    main.o(.text) refers to scalbnf.o(x$fpl$scalbnf) for scalbnf
    main.o(.text) refers to ffixu.o(x$fpl$ffixu) for __aeabi_f2uiz
    main.o(.text) refers to faddsub_noclz.o(x$fpl$fsub) for __aeabi_fsub
    main.o(.text) refers to rt_event.o(i.os_evt_wait) for os_evt_wait
    main.o(.text) refers to calc.o(.text) for posHandle
    main.o(.text) refers to uread4.o(.text) for __aeabi_uread4
    main.o(.text) refers to ffix.o(x$fpl$ffix) for __aeabi_f2iz
    main.o(.text) refers to uwrite4.o(.text) for __aeabi_uwrite4
    main.o(.text) refers to pid.o(.text) for pid_Reset_Integrator
    main.o(.text) refers to mb.o(.text) for eMBPoll
    main.o(.text) refers to rt_time.o(i.os_dly_wait) for os_dly_wait
    main.o(.text) refers to rtx_config.o(.text) for tsk_unlock
    main.o(.text) refers to rt_event.o(i.os_evt_set) for os_evt_set
    main.o(.text) refers to rt_time.o(i.os_itv_set) for os_itv_set
    main.o(.text) refers to ds18b20.o(.text) for DS18B20_Temperature
    main.o(.text) refers to hmi.o(.text) for HMI_Handler
    main.o(.text) refers to rt_time.o(i.os_itv_wait) for os_itv_wait
    main.o(.text) refers to main.o(.bss) for .bss
    main.o(.text) refers to main.o(.data) for .data
    main.o(.text) refers to main.o(.ARM.__AT_0x0008F400) for .ARM.__AT_0x0008F400
    main.o(.text) refers to iap.o(.text) for Init_FEE
    main.o(.text) refers to rt_task.o(i.os_tsk_create0) for os_tsk_create0
    main.o(.text) refers to rt_task.o(i.os_tsk_delete) for os_tsk_delete
    main.o(.text) refers to hal_arm.o(.emb_text) for os_sys_init0
    portevent.o(.text) refers to portevent.o(.data) for .data
    portserial.o(.text) refers to aeabi_sdiv.o(.text_udiv) for __aeabi_uidivmod
    portserial.o(.text) refers to portserial.o(.data) for .data
    portserial.o(.text) refers to mb.o(.data) for pxMBFrameCBTransmitterEmpty
    porttimer.o(.text) refers to porttimer.o(.data) for .data
    porttimer.o(.text) refers to mb.o(.data) for pxMBPortCBTimerExpired
    mb.o(.text) refers to mbrtu.o(.text) for eMBRTUInit
    mb.o(.text) refers to mbascii.o(.text) for eMBASCIIInit
    mb.o(.text) refers to portevent.o(.text) for xMBPortEventInit
    mb.o(.text) refers to mb.o(i.__ARM_common_disable_irq) for __ARM_common_disable_irq
    mb.o(.text) refers to mb.o(i.__ARM_common_enable_irq) for __ARM_common_enable_irq
    mb.o(.text) refers to mb.o(i.__ARM_common_call_via_r0) for __ARM_common_call_via_r0
    mb.o(.text) refers to mb.o(i.__ARM_common_call_via_r3) for __ARM_common_call_via_r3
    mb.o(.text) refers to mb.o(i.__ARM_common_call_via_r2) for __ARM_common_call_via_r2
    mb.o(.text) refers to mb.o(.data) for .data
    mb.o(.data) refers to mbfuncinput.o(.text) for eMBFuncReadInputRegister
    mb.o(.data) refers to mbfuncholding.o(.text) for eMBFuncReadHoldingRegister
    mb.o(.data) refers to mbfunccoils.o(.text) for eMBFuncReadCoils
    mb.o(.data) refers to mbfuncdisc.o(.text) for eMBFuncReadDiscreteInputs
    mbcrc.o(.text) refers to mbcrc.o(.constdata) for .constdata
    mbrtu.o(.text) refers to mb.o(i.__ARM_common_disable_irq) for __ARM_common_disable_irq
    mbrtu.o(.text) refers to portserial.o(.text) for xMBPortSerialInit
    mbrtu.o(.text) refers to aeabi_sdiv.o(.text_udiv) for __aeabi_uidivmod
    mbrtu.o(.text) refers to porttimer.o(.text) for xMBPortTimersInit
    mbrtu.o(.text) refers to mb.o(i.__ARM_common_enable_irq) for __ARM_common_enable_irq
    mbrtu.o(.text) refers to porttimer.o(i.vMBPortTimersEnable) for vMBPortTimersEnable
    mbrtu.o(.text) refers to porttimer.o(i.vMBPortTimersDisable) for vMBPortTimersDisable
    mbrtu.o(.text) refers to abort.o(.text) for abort
    mbrtu.o(.text) refers to mbcrc.o(.text) for usMBCRC16
    mbrtu.o(.text) refers to portevent.o(.text) for xMBPortEventPost
    mbrtu.o(.text) refers to mbrtu.o(.data) for .data
[...]
    PcontrlFilt_KeyboardHandler              0x000840f9   Thumb Code   116  hmi.o(.text)
    PcontrlFilt_DisplayHandler               0x0008416d   Thumb Code    64  hmi.o(.text)
    PcontrlFilt_OpeningHandler               0x000841ad   Thumb Code    14  hmi.o(.text)
    PcontrlKv_KeyboardHandler                0x000841bb   Thumb Code   140  hmi.o(.text)
    PcontrlKv_DisplayHandler                 0x00084247   Thumb Code   204  hmi.o(.text)
    PcontrlKv_OpeningHandler                 0x00084313   Thumb Code    66  hmi.o(.text)
    SposOpn_OpeningHandler                   0x00084355   Thumb Code    20  hmi.o(.text)
    SposCls_OpeningHandler                   0x00084369   Thumb Code    20  hmi.o(.text)
    MaOpn_OpeningHandler                     0x0008437d   Thumb Code    20  hmi.o(.text)
    MaCls_OpeningHandler                     0x00084391   Thumb Code   108  hmi.o(.text)
    AnlPos_OpeningHandler                    0x000843fd   Thumb Code    18  hmi.o(.text)
    AnlCmd_OpeningHandler                    0x0008440f   Thumb Code    18  hmi.o(.text)
    AnlSp_OpeningHandler                     0x00084421   Thumb Code    18  hmi.o(.text)
    AnlP1_OpeningHandler                     0x00084433   Thumb Code    18  hmi.o(.text)
    AnlP2_OpeningHandler                     0x00084445   Thumb Code    18  hmi.o(.text)
    AnlT_OpeningHandler                      0x00084457   Thumb Code    18  hmi.o(.text)
    AnlSet4_OpeningHandler                   0x00084469   Thumb Code    18  hmi.o(.text)
    AnlSet0_OpeningHandler                   0x0008447b   Thumb Code    18  hmi.o(.text)
    AnlSet10_OpeningHandler                  0x0008448d   Thumb Code    18  hmi.o(.text)
    AnlSet5_OpeningHandler                   0x0008449f   Thumb Code    18  hmi.o(.text)
    ScalS_KeyboardHandler                    0x000844b1   Thumb Code   140  hmi.o(.text)
    ScalS_DisplayHandler                     0x0008453d   Thumb Code   206  hmi.o(.text)
    ScalS_OpeningHandler                     0x0008460b   Thumb Code    62  hmi.o(.text)
    ScalF_KeyboardHandler                    0x00084649   Thumb Code   140  hmi.o(.text)
    ScalF_DisplayHandler                     0x000846d5   Thumb Code   206  hmi.o(.text)
    ScalF_OpeningHandler                     0x000847a3   Thumb Code    82  hmi.o(.text)
    ScalT_KeyboardHandler                    0x000847f5   Thumb Code   140  hmi.o(.text)
    ScalT_DisplayHandler                     0x00084881   Thumb Code   206  hmi.o(.text)
    ScalT_OpeningHandler                     0x0008494f   Thumb Code    62  hmi.o(.text)
    ScalP_KeyboardHandler                    0x0008498d   Thumb Code   140  hmi.o(.text)
    ScalP_DisplayHandler                     0x00084a19   Thumb Code   206  hmi.o(.text)
    ScalP_OpeningHandler                     0x00084ae7   Thumb Code    62  hmi.o(.text)
    TuneNot_OpeningHandler                   0x00084b25   Thumb Code    18  hmi.o(.text)
    TuneDef_OpeningHandler                   0x00084b37   Thumb Code    18  hmi.o(.text)
    TuneFlow_OpeningHandler                  0x00084b49   Thumb Code    18  hmi.o(.text)
    TuneTemp_OpeningHandler                  0x00084b5b   Thumb Code    18  hmi.o(.text)
    TunePres_OpeningHandler                  0x00084b6d   Thumb Code    18  hmi.o(.text)
    TuneLevl_OpeningHandler                  0x00084b7f   Thumb Code    18  hmi.o(.text)
    LeakNot_OpeningHandler                   0x00084b91   Thumb Code    18  hmi.o(.text)
    LeakMeas_KeyboardHandler                 0x00084ba3   Thumb Code   160  hmi.o(.text)
    LeakMeas_DisplayHandler                  0x00084c43   Thumb Code   208  hmi.o(.text)
    LeakMeas_OpeningHandler                  0x00084d13   Thumb Code    64  hmi.o(.text)
    LeakChar_OpeningHandler                  0x00084d53   Thumb Code    18  hmi.o(.text)
    CheckKeyboard                            0x0008610d   Thumb Code    94  hmi.o(.text)
    .text                                    0x000861dc   Section        0  ds18b20.o(.text)
    Init_DS18B20                             0x000861dd   Thumb Code   116  ds18b20.o(.text)
    DS18B20_WriteByte                        0x00086251   Thumb Code    86  ds18b20.o(.text)
    delay_5us                                0x00086341   Thumb Code    24  ds18b20.o(.text)
    DS18B20_ReadByte                         0x00086359   Thumb Code   118  ds18b20.o(.text)
    .text                                    0x000863d8   Section        0  pid.o(.text)
    .text                                    0x000864c0   Section        0  calc.o(.text)
    .text                                    0x00086a80   Section       12  libspace.o(.text)
    .text                                    0x00086a8c   Section        0  abort.o(.text)
    .text                                    0x00086aa0   Section       32  uread4.o(.text)
    .text                                    0x00086ac4   Section       32  uwrite4.o(.text)
    .text                                    0x00086ae8   Section      384  aeabi_sdiv.o(.text)
    __arm_div8                               0x00086b14   ARM Code       0  aeabi_sdiv.o(.text)
    __arm_div5                               0x00086b38   ARM Code       0  aeabi_sdiv.o(.text)
    __arm_div2                               0x00086b5c   ARM Code       0  aeabi_sdiv.o(.text)
    __arm_div_large                          0x00086b98   ARM Code       0  aeabi_sdiv.o(.text)
    .text                                    0x00086c68   Section        0  heapauxi.o(.text)
    .text                                    0x00086c78   Section        0  sys_exit.o(.text)
    .text                                    0x00086c8c   Section        0  _rserrno.o(.text)
    .text                                    0x00086ca6   Section        0  defsig_abrt_outer.o(.text)
    .text                                    0x00086cb8   Section        4  use_no_semi.o(.text)
    .text                                    0x00086cc0   Section        4  rt_errno_addr_twolibspace.o(.text)
    .text                                    0x00086cc4   Section        0  defsig_exit.o(.text)
    .text                                    0x00086cd4   Section        0  defsig_abrt_inner.o(.text)
    .text                                    0x00086d08   Section       96  sys_stackheap_outer.o(.text)
    .text                                    0x00086d68   Section        0  exit.o(.text)
    .text                                    0x00086d74   Section        0  defsig_general.o(.text)
    .text                                    0x00086dac   Section        0  sys_wrch.o(.text)
    .text                                    0x00086dbc   Section       20  rt_fp_status_addr_twolibspace.o(.text)
    .text_udiv                               0x00086dd4   Section       36  aeabi_sdiv.o(.text_udiv)
    SWI_TABLE                                0x00086df8   Section       36  swi_table.o(SWI_TABLE)
    i.__ARM_common_call_via_r0               0x00086e1c   Section        0  mb.o(i.__ARM_common_call_via_r0)
    i.__ARM_common_call_via_r2               0x00086e1e   Section        0  mb.o(i.__ARM_common_call_via_r2)
    i.__ARM_common_call_via_r3               0x00086e20   Section        0  mb.o(i.__ARM_common_call_via_r3)
    i.__ARM_common_disable_irq               0x00086e28   Section        0  mb.o(i.__ARM_common_disable_irq)
    i.__ARM_common_enable_irq                0x00086e40   Section        0  mb.o(i.__ARM_common_enable_irq)
    i.__ARM_common_switch8                   0x00086e54   Section        0  mbascii.o(i.__ARM_common_switch8)
    i.__SWI_0                                0x00086e6c   Section        0  hal_arm.o(i.__SWI_0)
    i.__SWI_1                                0x00086e9c   Section        0  rt_membox.o(i.__SWI_1)
    i.__SWI_2                                0x00086eaa   Section        0  rt_membox.o(i.__SWI_2)
    i.__SWI_3                                0x00086ec2   Section        0  hal_arm.o(i.__SWI_3)
    i.__SWI_4                                0x00086eca   Section        0  hal_arm.o(i.__SWI_4)
    i.__SWI_6                                0x00086ed2   Section        0  hal_arm.o(i.__SWI_6)
    i.__SWI_7                                0x00086ed4   Section        0  hal_arm.o(i.__SWI_7)
    i.__kernel_poly                          0x00086ed8   Section        0  poly.o(i.__kernel_poly)
    i._init_box                              0x00086fd8   Section        0  rt_membox.o(i._init_box)
    i.log                                    0x00087028   Section        0  log.o(i.log)
    i.os_block                               0x000875b8   Section        0  rt_task.o(i.os_block)
    i.os_chk_robin                           0x00087600   Section        0  rt_robin.o(i.os_chk_robin)
    i.os_dec_dly                             0x00087644   Section        0  rt_list.o(i.os_dec_dly)
    i.os_dispatch                            0x000876c0   Section        0  rt_task.o(i.os_dispatch)
    i.os_dly_wait                            0x00087704   Section        0  rt_time.o(i.os_dly_wait)
    i.os_evt_psh                             0x0008771c   Section        0  rt_event.o(i.os_evt_psh)
    i.os_evt_set                             0x0008776c   Section        0  rt_event.o(i.os_evt_set)
    i.os_evt_wait                            0x000877d0   Section        0  rt_event.o(i.os_evt_wait)
    i.os_get_first                           0x00087828   Section        0  rt_list.o(i.os_get_first)
    i.os_init_context                        0x00087854   Section        0  rt_task.o(i.os_init_context)
    os_init_context                          0x00087855   Thumb Code    66  rt_task.o(i.os_init_context)
    i.os_init_robin                          0x0008789c   Section        0  rt_robin.o(i.os_init_robin)
    i.os_init_stack                          0x000878b4   Section        0  hal_arm.o(i.os_init_stack)
    i.os_itv_set                             0x00087918   Section        0  rt_time.o(i.os_itv_set)
    i.os_itv_wait                            0x00087930   Section        0  rt_time.o(i.os_itv_wait)
    i.os_mbx_psh                             0x00087968   Section        0  rt_mailbox.o(i.os_mbx_psh)
    i.os_mut_init                            0x000879f0   Section        0  rt_mutex.o(i.os_mut_init)
    i.os_mut_release                         0x00087a20   Section        0  rt_mutex.o(i.os_mut_release)
    i.os_mut_wait                            0x00087ac8   Section        0  rt_mutex.o(i.os_mut_wait)
    i.os_put_dly                             0x00087b4c   Section        0  rt_list.o(i.os_put_dly)
    i.os_put_prio                            0x00087b9c   Section        0  rt_list.o(i.os_put_prio)
    i.os_put_rdy_first                       0x00087bdc   Section        0  rt_list.o(i.os_put_rdy_first)
    i.os_resort_prio                         0x00087bf0   Section        0  rt_list.o(i.os_resort_prio)
    i.os_rmv_dly                             0x00087c24   Section        0  rt_list.o(i.os_rmv_dly)
    i.os_rmv_list                            0x00087c50   Section        0  rt_list.o(i.os_rmv_list)
    i.os_sem_psh                             0x00087c84   Section        0  rt_semaphore.o(i.os_sem_psh)
    i.os_sys_init1                           0x00087cbc   Section        0  rt_task.o(i.os_sys_init1)
    i.os_sys_manager                         0x00087da4   Section        0  rt_system.o(i.os_sys_manager)
    i.os_tmr_tick                            0x00087e70   Section        0  rt_timer.o(i.os_tmr_tick)
    i.os_tsk_create0                         0x00087eb4   Section        0  rt_task.o(i.os_tsk_create0)
    i.os_tsk_delete                          0x00087f44   Section        0  rt_task.o(i.os_tsk_delete)
    i.os_tsk_self                            0x00087fec   Section        0  rt_task.o(i.os_tsk_self)
    i.sqrt                                   0x00088000   Section        0  sqrt.o(i.sqrt)
    i.vMBPortTimersDisable                   0x0008806c   Section        0  porttimer.o(i.vMBPortTimersDisable)
    i.vMBPortTimersEnable                    0x0008807c   Section        0  porttimer.o(i.vMBPortTimersEnable)
    x$fpl$d2f                                0x000880a4   Section      108  d2f.o(x$fpl$d2f)
    x$fpl$dadd                               0x00088114   Section      336  daddsub_noclz.o(x$fpl$dadd)
    _dadd1                                   0x00088124   ARM Code       0  daddsub_noclz.o(x$fpl$dadd)
    x$fpl$dcheck1                            0x00088264   Section       16  dcheck1.o(x$fpl$dcheck1)
    x$fpl$dcmpinf                            0x00088274   Section       28  dcmpi.o(x$fpl$dcmpinf)
    x$fpl$ddiv                               0x00088294   Section      736  ddiv.o(x$fpl$ddiv)
    ddiv_entry                               0x0008829c   ARM Code       0  ddiv.o(x$fpl$ddiv)
    x$fpl$deqf                               0x00088574   Section      148  deqf.o(x$fpl$deqf)
    x$fpl$dflt                               0x0008860c   Section       88  dflt_noclz.o(x$fpl$dflt)
    x$fpl$dmul                               0x00088668   Section      384  dmul.o(x$fpl$dmul)
    x$fpl$dnaninf                            0x000887e8   Section      192  dnaninf.o(x$fpl$dnaninf)
    x$fpl$dretinf                            0x000888a8   Section       16  dretinf.o(x$fpl$dretinf)
    x$fpl$drsb                               0x000888b8   Section       24  daddsub_noclz.o(x$fpl$drsb)
    x$fpl$dsqrt                              0x000888d0   Section      520  dsqrt_noumaal.o(x$fpl$dsqrt)
    x$fpl$dsub                               0x00088ad8   Section      580  daddsub_noclz.o(x$fpl$dsub)
    _dsub1                                   0x00088ae8   ARM Code       0  daddsub_noclz.o(x$fpl$dsub)
    x$fpl$f2d                                0x00088d20   Section      100  f2d.o(x$fpl$f2d)
    x$fpl$fadd                               0x00088d88   Section      196  faddsub_noclz.o(x$fpl$fadd)
    _fadd1                                   0x00088d94   ARM Code       0  faddsub_noclz.o(x$fpl$fadd)
    x$fpl$fcheck1                            0x00088e4c   Section       12  fcheck1.o(x$fpl$fcheck1)
    x$fpl$fdiv                               0x00088e5c   Section      400  fdiv.o(x$fpl$fdiv)
    _fdiv1                                   0x00088e5c   ARM Code       0  fdiv.o(x$fpl$fdiv)
    x$fpl$ffix                               0x00088ff0   Section       68  ffix.o(x$fpl$ffix)
    x$fpl$ffixu                              0x00089038   Section       84  ffixu.o(x$fpl$ffixu)
    x$fpl$fflt                               0x00089090   Section       92  fflt_noclz.o(x$fpl$fflt)
    x$fpl$ffltu                              0x000890f0   Section        8  fflt_noclz.o(x$fpl$ffltu)
    x$fpl$fmul                               0x000890fc   Section      256  fmul.o(x$fpl$fmul)
    x$fpl$fnaninf                            0x000891fc   Section      168  fnaninf.o(x$fpl$fnaninf)
    x$fpl$fpinit                             0x000892a8   Section       24  fpinit.o(x$fpl$fpinit)
    x$fpl$fretinf                            0x000892c0   Section       16  fretinf.o(x$fpl$fretinf)
    x$fpl$frsb                               0x000892d4   Section       20  faddsub_noclz.o(x$fpl$frsb)
    x$fpl$fsub                               0x000892ec   Section      304  faddsub_noclz.o(x$fpl$fsub)
    _fsub1                                   0x000892f8   ARM Code       0  faddsub_noclz.o(x$fpl$fsub)
    x$fpl$retnan                             0x0008941c   Section      116  retnan.o(x$fpl$retnan)
    x$fpl$scalbn                             0x00089490   Section      108  scalbn.o(x$fpl$scalbn)
    x$fpl$scalbnf                            0x00089500   Section       96  scalbnf.o(x$fpl$scalbnf)
    x$fpl$trapveneer                         0x00089560   Section       60  trapv.o(x$fpl$trapveneer)
    .constdata                               0x0008959c   Section      512  mbcrc.o(.constdata)
    x$fpl$usenofp                            0x0008959c   Section        0  usenofp.o(x$fpl$usenofp)
    aucCRCHi                                 0x0008959c   Data         256  mbcrc.o(.constdata)
    aucCRCLo                                 0x0008969c   Data         256  mbcrc.o(.constdata)
    .constdata                               0x0008979c   Section        2  rtx_config.o(.constdata)
    .constdata                               0x000897a0   Section        4  rtx_config.o(.constdata)
    .constdata                               0x000897a4   Section        4  rtx_config.o(.constdata)
    .constdata                               0x000897a8   Section        8  rtx_config.o(.constdata)
    __tagsym$$used                           0x000897a8   Number         0  rtx_config.o(.constdata)
    __tagsym$$used                           0x000897ac   Number         0  rtx_config.o(.constdata)
    .constdata                               0x000897b0   Section        2  rtx_config.o(.constdata)
    .constdata                               0x000897b4   Section        4  rtx_config.o(.constdata)
    .constdata                               0x000897b8   Section        1  rtx_config.o(.constdata)
    .constdata                               0x000897ba   Section        2  rtx_config.o(.constdata)
    .constdata                               0x000897bc   Section      170  ht1622.o(.constdata)
    .constdata                               0x00089866   Section     1296  hmi.o(.constdata)
    .constdata                               0x00089d78   Section       56  log.o(.constdata)
    Lg2                                      0x00089d78   Data          24  log.o(.constdata)
    Lg                                       0x00089d90   Data          32  log.o(.constdata)
    .constdata                               0x00089db0   Section        8  qnan.o(.constdata)
    .ARM.__AT_0x0008F400                     0x0008f400   Section      512  main.o(.ARM.__AT_0x0008F400)

    Global Symbols

    Symbol Name                              Value     Ov Type        Size  Object(Section)

    BuildAttributes$$THM_ISAv1$ARM_ISAv4$S$PE$A:L22$X:L11$S22$IEEE1$IW$USESV6$~STKCKD$USESV7$~SHL$OTIME$ROPI$IEEEJ$EBA8$UX$STANDARDLIB$REQ8$PRES8$EABIv2 0x00000000   Number         0  anon$$obj.o ABSOLUTE
    __ARM_use_no_argv                        0x00000000   Number         0  main.o ABSOLUTE
    __ARM_exceptions_init                     - Undefined Weak Reference
    __alloca_initialize                       - Undefined Weak Reference
    __cpp_initialize__aeabi_                  - Undefined Weak Reference
    __cxa_finalize                            - Undefined Weak Reference
    __fpl_infinity                            - Undefined Weak Reference
    __rt_locale                               - Undefined Weak Reference
    __sigvec_lookup                           - Undefined Weak Reference
    _atexit_init                              - Undefined Weak Reference
    _call_atexit_fns                          - Undefined Weak Reference
    _clock_init                               - Undefined Weak Reference
    _fp_trap_init                             - Undefined Weak Reference
    _fp_trap_shutdown                         - Undefined Weak Reference
    _get_lc_collate                           - Undefined Weak Reference
    _get_lc_ctype                             - Undefined Weak Reference
    _get_lc_monetary                          - Undefined Weak Reference
    _get_lc_numeric                           - Undefined Weak Reference
    _get_lc_time                              - Undefined Weak Reference
    _getenv_init                              - Undefined Weak Reference
    _handle_redirection                       - Undefined Weak Reference
    _init_alloc                               - Undefined Weak Reference
    _init_user_alloc                          - Undefined Weak Reference
    _initio                                   - Undefined Weak Reference
    _rand_init                                - Undefined Weak Reference
    _signal_finish                            - Undefined Weak Reference
    _signal_init                              - Undefined Weak Reference
    _terminate_alloc                          - Undefined Weak Reference
    _terminate_user_alloc                     - Undefined Weak Reference
    _terminateio                              - Undefined Weak Reference
    os_tmr_reload                             - Undefined Weak Reference
    rt_init                                   - Undefined Weak Reference
    rt_notify                                 - Undefined Weak Reference
    rt_post_taskswitch                        - Undefined Weak Reference
    __RTX_ARM_VER                            0x00000413   Number         0  rt_system.o ABSOLUTE
    t_pid                                    0x00010004   Data           4  main.o(.data)
    t_modbus                                 0x00010008   Data           4  main.o(.data)
    t_adc                                    0x0001000c   Data           4  main.o(.data)
    t_hmi                                    0x00010010   Data           4  main.o(.data)
    Controller                               0x00010014   Data           8  main.o(.data)
    pxMBFrameCBByteReceived                  0x00010044   Data           4  mb.o(.data)
    pxMBFrameCBTransmitterEmpty              0x00010048   Data           4  mb.o(.data)
    pxMBPortCBTimerExpired                   0x0001004c   Data           4  mb.o(.data)
    m_tmr                                    0x000100b4   Data           4  rtx_config.o(.data)
    m_mcbCurrent                             0x000100e0   Data           8  hmi.o(.data)
    m_stackMenuCtlBlock                      0x000100e8   Data           8  hmi.o(.data)
    os_runtask                               0x000100f8   Data           4  rt_task.o(.data)
    os_time                                  0x000100fc   Data           2  rt_time.o(.data)
    sys_stktop                               0x00010100   Data           4  hal_arm.o(.data)
    os_psh                                   0x00010104   Data           8  rt_system.o(.data)
    os_robin                                 0x0001010c   Data           8  rt_robin.o(.data)
    os_tmr                                   0x00010114   Data           8  rt_timer.o(.data)
    g_UnitData                               0x0001011c   Data          56  main.o(.bss)
    g_UnitCfg                                0x00010154   Data         116  main.o(.bss)
    ucRTUBuf                                 0x000101c8   Data         256  mbrtu.o(.bss)
    mp_tcb                                   0x000102c8   Data         300  rtx_config.o(.bss)
    mp_stk                                   0x000103f8   Data        1808  rtx_config.o(.bss)
    os_fifo                                  0x00010b08   Data         132  rtx_config.o(.bss)
    os_active_TCB                            0x00010b8c   Data          24  rtx_config.o(.bss)
    m_aMenuItems                             0x00010e44   Data        3888  hmi.o(.bss)
    os_idle_TCB                              0x00011db4   Data          48  rt_task.o(.bss)
    os_rdy                                   0x00011de4   Data          24  rt_list.o(.bss)
    os_dly                                   0x00011dfc   Data          24  rt_list.o(.bss)
    __libspace_start                         0x00011e14   Data          96  libspace.o(.bss)
    __temporary_stack_top$libspace           0x00011e74   Data           0  libspace.o(.bss)
    Reset_Handler                            0x00080050   ARM Code       0  startup.o(RESET)
    __main                                   0x000800cc   ARM Code       8  __main.o(!!!main)
    __scatterload                            0x000800d4   ARM Code       0  __scatter.o(!!!scatter)
    __scatterload_rt2                        0x000800d4   ARM Code      52  __scatter.o(!!!scatter)
    __scatterload_null                       0x000800e8   ARM Code       0  __scatter.o(!!!scatter)
    __scatterload_copy                       0x00080110   ARM Code      40  __scatter_copy.o(!!handler_copy)
    __scatterload_zeroinit                   0x00080138   ARM Code      44  __scatter_zi.o(!!handler_zi)
    Inline ARM to Thumb Veneer to __rt_lib_init 0x00080164   ARM Code       8  libinit.o(.ARM.Collect$$libinit$$00000000)
    __rt_lib_init                            0x0008016d   Thumb Code     0  libinit.o(.ARM.Collect$$libinit$$00000000)
    __rt_lib_init_alloca_1                   0x00080173   Thumb Code     0  libinit2.o(.ARM.Collect$$libinit$$0000002A)
    __rt_lib_init_argv_1                     0x00080173   Thumb Code     0  libinit2.o(.ARM.Collect$$libinit$$00000028)
    __rt_lib_init_atexit_1                   0x00080173   Thumb Code     0  libinit2.o(.ARM.Collect$$libinit$$00000017)
    __rt_lib_init_clock_1                    0x00080173   Thumb Code     0  libinit2.o(.ARM.Collect$$libinit$$0000001D)
    __rt_lib_init_cpp_1                      0x00080173   Thumb Code     0  libinit2.o(.ARM.Collect$$libinit$$0000002E)
    __rt_lib_init_exceptions_1               0x00080173   Thumb Code     0  libinit2.o(.ARM.Collect$$libinit$$0000002C)
    __rt_lib_init_fp_trap_1                  0x00080173   Thumb Code     0  libinit2.o(.ARM.Collect$$libinit$$0000001B)
    __rt_lib_init_getenv_1                   0x00080173   Thumb Code     0  libinit2.o(.ARM.Collect$$libinit$$0000001F)
    __rt_lib_init_heap_1                     0x00080173   Thumb Code     0  libinit2.o(.ARM.Collect$$libinit$$00000006)
    __rt_lib_init_lc_collate_1               0x00080173   Thumb Code     0  libinit2.o(.ARM.Collect$$libinit$$0000000D)
    __rt_lib_init_lc_ctype_1                 0x00080173   Thumb Code     0  libinit2.o(.ARM.Collect$$libinit$$0000000F)
    __rt_lib_init_lc_monetary_1              0x00080173   Thumb Code     0  libinit2.o(.ARM.Collect$$libinit$$00000011)
    __rt_lib_init_lc_numeric_1               0x00080173   Thumb Code     0  libinit2.o(.ARM.Collect$$libinit$$00000013)
    __rt_lib_init_lc_time_1                  0x00080173   Thumb Code     0  libinit2.o(.ARM.Collect$$libinit$$00000015)
    __rt_lib_init_rand_1                     0x00080173   Thumb Code     0  libinit2.o(.ARM.Collect$$libinit$$0000000A)
    __rt_lib_init_return                     0x00080173   Thumb Code     0  libinit2.o(.ARM.Collect$$libinit$$0000002F)
    __rt_lib_init_signal_1                   0x00080173   Thumb Code     0  libinit2.o(.ARM.Collect$$libinit$$00000019)
    __rt_lib_init_stdio_1                    0x00080173   Thumb Code     0  libinit2.o(.ARM.Collect$$libinit$$00000021)
    __rt_lib_init_user_alloc_1               0x00080173   Thumb Code     0  libinit2.o(.ARM.Collect$$libinit$$00000008)
    Inline ARM to Thumb Veneer to __rt_lib_shutdown 0x00080180   ARM Code       8  libshutdown.o(.ARM.Collect$$libshutdown$$00000000)
    __rt_lib_shutdown                        0x00080189   Thumb Code     0  libshutdown.o(.ARM.Collect$$libshutdown$$00000000)
    __rt_lib_shutdown_fp_trap_1              0x0008018d   Thumb Code     0  libshutdown2.o(.ARM.Collect$$libshutdown$$00000006)
    __rt_lib_shutdown_heap_1                 0x0008018d   Thumb Code     0  libshutdown2.o(.ARM.Collect$$libshutdown$$0000000E)
    __rt_lib_shutdown_return                 0x0008018d   Thumb Code     0  libshutdown2.o(.ARM.Collect$$libshutdown$$0000000F)
    __rt_lib_shutdown_signal_1               0x0008018d   Thumb Code     0  libshutdown2.o(.ARM.Collect$$libshutdown$$00000009)
    __rt_lib_shutdown_stdio_1                0x0008018d   Thumb Code     0  libshutdown2.o(.ARM.Collect$$libshutdown$$00000003)
    __rt_lib_shutdown_user_alloc_1           0x0008018d   Thumb Code     0  libshutdown2.o(.ARM.Collect$$libshutdown$$0000000B)
    __rt_entry                               0x00080194   ARM Code       0  rtentry.o(.ARM.Collect$$rtentry$$00000000)
    __rt_entry_presh_1                       0x00080194   ARM Code       0  rtentry2.o(.ARM.Collect$$rtentry$$00000002)
    __rt_entry_sh                            0x00080194   ARM Code       0  rtentry4.o(.ARM.Collect$$rtentry$$00000004)
    __rt_entry_li                            0x0008019c   ARM Code       0  rtentry2.o(.ARM.Collect$$rtentry$$0000000A)
    __rt_entry_postsh_1                      0x0008019c   ARM Code       0  rtentry2.o(.ARM.Collect$$rtentry$$00000009)
    __rt_entry_main                          0x000801a0   ARM Code       0  rtentry2.o(.ARM.Collect$$rtentry$$0000000D)
    __rt_entry_postli_1                      0x000801a0   ARM Code       0  rtentry2.o(.ARM.Collect$$rtentry$$0000000C)
    Inline Thumb to ARM Veneer to __rt_exit  0x000801c9   Thumb Code     4  rtexit.o(.ARM.Collect$$rtexit$$00000000)
    __rt_exit                                0x000801cc   ARM Code       0  rtexit.o(.ARM.Collect$$rtexit$$00000000)
    __rt_exit_ls                             0x000801d0   ARM Code       0  rtexit2.o(.ARM.Collect$$rtexit$$00000003)
    __rt_exit_prels_1                        0x000801d0   ARM Code       0  rtexit2.o(.ARM.Collect$$rtexit$$00000002)
    __rt_exit_exit                           0x000801d4   ARM Code       0  rtexit2.o(.ARM.Collect$$rtexit$$00000004)
    IRQ_Handler                              0x000801dc   ARM Code      52  rtx_config.o(.emb_text)
    _inc_qi                                  0x00080225   Thumb Code    60  hal_arm.o(.emb_text)
    _dec_qc                                  0x00080261   Thumb Code    32  hal_arm.o(.emb_text)
    os_set_env                               0x00080281   Thumb Code     8  hal_arm.o(.emb_text)
    os_sys_init0                             0x00080289   Thumb Code    12  hal_arm.o(.emb_text)
    os_sys_run                               0x0008029d   Thumb Code    16  hal_arm.o(.emb_text)
    os_clock_interrupt                       0x000802b0   ARM Code     128  hal_arm.o(.emb_text)
    os_sys_manager_ret                       0x0008031d   Thumb Code     0  hal_arm.o(.emb_text)
    SWI_Handler                              0x00080344   ARM Code     192  hal_arm.o(.emb_text)
    os_switch_tasks_ret                      0x00080381   Thumb Code     0  hal_arm.o(.emb_text)
    __user_initial_stackheap                 0x0008040c   ARM Code       0  startup.o(.text)
    lpReset                                  0x0008042d   Thumb Code    12  main.o(.text)
    SetPwmDutyCycle1                         0x00080439   Thumb Code   112  main.o(.text)
    SetPwmDutyCycle2                         0x000804a9   Thumb Code   190  main.o(.text)
    pid                                      0x00080567   Thumb Code   298  main.o(.text)
    modbus                                   0x00080691   Thumb Code    12  main.o(.text)
    GetADC                                   0x0008069d   Thumb Code    94  main.o(.text)
    adc                                      0x000806fb   Thumb Code    98  main.o(.text)
    hmi                                      0x0008075d   Thumb Code   102  main.o(.text)
    ADCpoweron                               0x000807c3   Thumb Code    16  main.o(.text)
    init                                     0x000807d3   Thumb Code   446  main.o(.text)
    main                                     0x00080991   Thumb Code    20  main.o(.text)
    eMBRegInputCB                            0x000809a5   Thumb Code    58  main.o(.text)
    eMBRegHoldingCB                          0x000809df   Thumb Code    98  main.o(.text)
    eMBRegCoilsCB                            0x00080a41   Thumb Code     4  main.o(.text)
    eMBRegDiscreteCB                         0x00080a45   Thumb Code     4  main.o(.text)
    xMBPortEventInit                         0x00080a7d   Thumb Code    10  portevent.o(.text)
    xMBPortEventPost                         0x00080a87   Thumb Code    12  portevent.o(.text)
    xMBPortEventGet                          0x00080a93   Thumb Code    24  portevent.o(.text)
    vMBPortSerialEnable                      0x00080ab1   Thumb Code    78  portserial.o(.text)
    xMBPortSerialInit                        0x00080aff   Thumb Code   130  portserial.o(.text)
    xMBPortSerialPutByte                     0x00080b81   Thumb Code     8  portserial.o(.text)
    xMBPortSerialGetByte                     0x00080b89   Thumb Code    10  portserial.o(.text)
    mb_uart_interrupt                        0x00080ba8   ARM Code      72  portserial.o(.text)
    xMBPortTimersInit                        0x00080c01   Thumb Code    10  porttimer.o(.text)
    mb_timer2_interrupt                      0x00080c10   ARM Code      40  porttimer.o(.text)
    eMBInit                                  0x00080c41   Thumb Code   138  mb.o(.text)
    eMBRegisterCB                            0x00080ccb   Thumb Code   110  mb.o(.text)
    eMBClose                                 0x00080d39   Thumb Code    34  mb.o(.text)
    eMBEnable                                0x00080d5b   Thumb Code    30  mb.o(.text)
    eMBDisable                               0x00080d79   Thumb Code    32  mb.o(.text)
    eMBPoll                                  0x00080d99   Thumb Code   196  mb.o(.text)
    usMBCRC16                                0x00080e99   Thumb Code    46  mbcrc.o(.text)
    eMBRTUInit                               0x00080ecd   Thumb Code    76  mbrtu.o(.text)
    eMBRTUStart                              0x00080f19   Thumb Code    34  mbrtu.o(.text)
    eMBRTUStop                               0x00080f3b   Thumb Code    24  mbrtu.o(.text)
    eMBRTUReceive                            0x00080f53   Thumb Code    78  mbrtu.o(.text)
    eMBRTUSend                               0x00080fa1   Thumb Code    90  mbrtu.o(.text)
    xMBRTUReceiveFSM                         0x00080ffb   Thumb Code   104  mbrtu.o(.text)
    xMBRTUTransmitFSM                        0x00081063   Thumb Code    94  mbrtu.o(.text)
    xMBRTUTimerT35Expired                    0x000810c1   Thumb Code    62  mbrtu.o(.text)
    eMBFuncReadCoils                         0x0008110d   Thumb Code   120  mbfunccoils.o(.text)
    eMBFuncWriteCoil                         0x00081185   Thumb Code    92  mbfunccoils.o(.text)
    eMBFuncWriteMultipleCoils                0x000811e1   Thumb Code   106  mbfunccoils.o(.text)
    eMBFuncReadDiscreteInputs                0x00081251   Thumb Code   118  mbfuncdisc.o(.text)
    eMBFuncWriteHoldingRegister              0x000812cd   Thumb Code    56  mbfuncholding.o(.text)
    eMBFuncWriteMultipleHoldingRegister      0x00081305   Thumb Code    86  mbfuncholding.o(.text)
    eMBFuncReadHoldingRegister               0x0008135b   Thumb Code    92  mbfuncholding.o(.text)
    eMBFuncReadWriteMultipleHoldingRegister  0x000813b7   Thumb Code   162  mbfuncholding.o(.text)
    eMBFuncReadInputRegister                 0x00081459   Thumb Code   100  mbfuncinput.o(.text)
    xMBUtilSetBits                           0x000814bd   Thumb Code    50  mbutils.o(.text)
    xMBUtilGetBits                           0x000814ef   Thumb Code    36  mbutils.o(.text)
    prveMBError2Exception                    0x00081513   Thumb Code    24  mbutils.o(.text)
    eMBASCIIInit                             0x0008152d   Thumb Code    60  mbascii.o(.text)
    eMBASCIIStart                            0x00081569   Thumb Code    36  mbascii.o(.text)
    eMBASCIIStop                             0x0008158d   Thumb Code    24  mbascii.o(.text)
    eMBASCIIReceive                          0x000815a5   Thumb Code    76  mbascii.o(.text)
    eMBASCIISend                             0x000815f1   Thumb Code    80  mbascii.o(.text)
    xMBASCIIReceiveFSM                       0x00081641   Thumb Code   230  mbascii.o(.text)
    xMBASCIITransmitFSM                      0x00081727   Thumb Code   176  mbascii.o(.text)
    xMBASCIITimerT1SExpired                  0x000817d7   Thumb Code    42  mbascii.o(.text)
    Inline ARM to Thumb Veneer to __user_perthread_libspace 0x00081848   ARM Code       8  rtx_config.o(.text)
    os_idle_demon                            0x00081851   Thumb Code     2  rtx_config.o(.text)
    os_tmr_call                              0x00081853   Thumb Code     2  rtx_config.o(.text)
    os_error                                 0x00081855   Thumb Code     2  rtx_config.o(.text)
    os_tmr_init                              0x00081857   Thumb Code    12  rtx_config.o(.text)
    os_tmr_force_irq                         0x00081863   Thumb Code    26  rtx_config.o(.text)
    os_tmr_inspect_cnt                       0x0008187d   Thumb Code    10  rtx_config.o(.text)
    os_tmr_inspect_ovf                       0x00081887   Thumb Code    10  rtx_config.o(.text)
    os_irq_ack_lock                          0x00081891   Thumb Code    28  rtx_config.o(.text)
    __SWI_5                                  0x000818ad   Thumb Code     8  rtx_config.o(.text)
    tsk_unlock                               0x000818b5   Thumb Code    28  rtx_config.o(.text)
    os_stk_check                             0x000818d1   Thumb Code     2  rtx_config.o(.text)
    __user_perthread_libspace                0x000818d3   Thumb Code    30  rtx_config.o(.text)
    _mutex_initialize                        0x000818f1   Thumb Code    36  rtx_config.o(.text)
    _mutex_acquire                           0x00081915   Thumb Code    24  rtx_config.o(.text)
    _mutex_release                           0x0008192d   Thumb Code    20  rtx_config.o(.text)
    os_def_interrupt                         0x0008195c   ARM Code       4  rtx_config.o(.text)
    Init_FEE                                 0x00081961   Thumb Code     8  iap.o(.text)
    EepromWr_n                               0x00081969   Thumb Code    64  iap.o(.text)
    display_char                             0x00081a39   Thumb Code  1512  ht1622.o(.text)
    digital                                  0x00082021   Thumb Code   692  ht1622.o(.text)
    display_digital                          0x000822d5   Thumb Code   112  ht1622.o(.text)
    clearLCD                                 0x00082345   Thumb Code    40  ht1622.o(.text)
    SENDCOMC                                 0x0008236d   Thumb Code    26  ht1622.o(.text)
    initLCD_1622                             0x00082387   Thumb Code    32  ht1622.o(.text)
    floattochar                              0x000823a7   Thumb Code   352  ht1622.o(.text)
    HMI_Init                                 0x00084d65   Thumb Code  5016  hmi.o(.text)
    HMI_Handler                              0x000860fd   Thumb Code    16  hmi.o(.text)
    DS18B20_Temperature                      0x000862a7   Thumb Code   154  ds18b20.o(.text)
    pid_Init                                 0x000863d9   Thumb Code    60  pid.o(.text)
    pid_Controller                           0x00086415   Thumb Code   148  pid.o(.text)
    pid_Reset_Integrator                     0x000864a9   Thumb Code    16  pid.o(.text)
    posHandle                                0x000864c1   Thumb Code   178  calc.o(.text)
    spHandle                                 0x00086573   Thumb Code   160  calc.o(.text)
    p1Handle                                 0x00086613   Thumb Code   104  calc.o(.text)
    p2Handle                                 0x0008667b   Thumb Code   102  calc.o(.text)
    tempHandle                               0x000866e1   Thumb Code   248  calc.o(.text)
    cmdHandle                                0x000867d9   Thumb Code   650  calc.o(.text)
    __user_libspace                          0x00086a80   ARM Code      12  libspace.o(.text)
    __user_perproc_libspace                  0x00086a80   ARM Code       0  libspace.o(.text)
    abort                                    0x00086a8d   Thumb Code    16  abort.o(.text)
    Inline Thumb to ARM Veneer to __aeabi_uread4 0x00086a9d   Thumb Code     4  uread4.o(.text)
    __aeabi_uread4                           0x00086aa0   ARM Code       0  uread4.o(.text)
    __rt_uread4                              0x00086aa0   ARM Code      32  uread4.o(.text)
    Inline Thumb to ARM Veneer to __aeabi_uwrite4 0x00086ac1   Thumb Code     4  uwrite4.o(.text)
    __aeabi_uwrite4                          0x00086ac4   ARM Code       0  uwrite4.o(.text)
    __rt_uwrite4                             0x00086ac4   ARM Code      32  uwrite4.o(.text)
    Inline Thumb to ARM Veneer to __aeabi_idivmod 0x00086ae5   Thumb Code     4  aeabi_sdiv.o(.text)
    __aeabi_idiv                             0x00086ae8   ARM Code       0  aeabi_sdiv.o(.text)
    __aeabi_idivmod                          0x00086ae8   ARM Code     384  aeabi_sdiv.o(.text)
    __use_two_region_memory                  0x00086c69   Thumb Code     2  heapauxi.o(.text)
    __rt_heap_escrow$2region                 0x00086c6b   Thumb Code     2  heapauxi.o(.text)
    __rt_heap_expand$2region                 0x00086c6d   Thumb Code     2  heapauxi.o(.text)
    Inline ARM to Thumb Veneer to _sys_exit  0x00086c70   ARM Code       8  sys_exit.o(.text)
    _sys_exit                                0x00086c79   Thumb Code     8  sys_exit.o(.text)
    Inline ARM to Thumb Veneer to __set_errno 0x00086c84   ARM Code       8  _rserrno.o(.text)
    __read_errno                             0x00086c8d   Thumb Code    14  _rserrno.o(.text)
    __set_errno                              0x00086c9b   Thumb Code    12  _rserrno.o(.text)
    __rt_SIGABRT                             0x00086ca7   Thumb Code    16  defsig_abrt_outer.o(.text)
    __I$use$semihosting                      0x00086cb8   ARM Code       0  use_no_semi.o(.text)
    __use_no_semihosting_swi                 0x00086cb8   ARM Code       4  use_no_semi.o(.text)
    Inline Thumb to ARM Veneer to __aeabi_errno_addr 0x00086cbd   Thumb Code     4  rt_errno_addr_twolibspace.o(.text)
    __aeabi_errno_addr                       0x00086cc0   ARM Code       4  rt_errno_addr_twolibspace.o(.text)
    __errno$twolibspace                      0x00086cc0   ARM Code       0  rt_errno_addr_twolibspace.o(.text)
    __rt_errno_addr$twolibspace              0x00086cc0   ARM Code       0  rt_errno_addr_twolibspace.o(.text)
    __sig_exit                               0x00086cc5   Thumb Code    16  defsig_exit.o(.text)
    __rt_SIGABRT_inner                       0x00086cd5   Thumb Code    18  defsig_abrt_inner.o(.text)
    __user_setup_stackheap                   0x00086d08   ARM Code      96  sys_stackheap_outer.o(.text)
    exit                                     0x00086d69   Thumb Code    12  exit.o(.text)
    __default_signal_display                 0x00086d75   Thumb Code    56  defsig_general.o(.text)
    _ttywrch                                 0x00086dad   Thumb Code    16  sys_wrch.o(.text)
    __rt_fp_status_addr                      0x00086dbc   ARM Code      20  rt_fp_status_addr_twolibspace.o(.text)
    Inline Thumb to ARM Veneer to __aeabi_uidivmod 0x00086dd1   Thumb Code     4  aeabi_sdiv.o(.text_udiv)
    __aeabi_uidiv                            0x00086dd4   ARM Code       0  aeabi_sdiv.o(.text_udiv)
    __aeabi_uidivmod                         0x00086dd4   ARM Code      36  aeabi_sdiv.o(.text_udiv)
    SWI_Count                                0x00086df8   Data           4  swi_table.o(SWI_TABLE)
    SWI_Table                                0x00086dfc   Data           0  swi_table.o(SWI_TABLE)
    __ARM_common_call_via_r0                 0x00086e1d   Thumb Code     2  mb.o(i.__ARM_common_call_via_r0)
    __ARM_common_call_via_r2                 0x00086e1f   Thumb Code     2  mb.o(i.__ARM_common_call_via_r2)
    __ARM_common_call_via_r3                 0x00086e21   Thumb Code     2  mb.o(i.__ARM_common_call_via_r3)
    Inline Thumb to ARM Veneer to __ARM_common_disable_irq 0x00086e25   Thumb Code     4  mb.o(i.__ARM_common_disable_irq)
    __ARM_common_disable_irq                 0x00086e28   ARM Code      20  mb.o(i.__ARM_common_disable_irq)
    Inline Thumb to ARM Veneer to __ARM_common_enable_irq 0x00086e3d   Thumb Code     4  mb.o(i.__ARM_common_enable_irq)
    __ARM_common_enable_irq                  0x00086e40   ARM Code      16  mb.o(i.__ARM_common_enable_irq)
    Inline Thumb to ARM Veneer to __ARM_common_switch8 0x00086e51   Thumb Code     4  mbascii.o(i.__ARM_common_switch8)
    __ARM_common_switch8                     0x00086e54   ARM Code      24  mbascii.o(i.__ARM_common_switch8)
    __SWI_0                                  0x00086e6d   Thumb Code    44  hal_arm.o(i.__SWI_0)
    __SWI_1                                  0x00086e9d   Thumb Code    14  rt_membox.o(i.__SWI_1)
    __SWI_2                                  0x00086eab   Thumb Code    24  rt_membox.o(i.__SWI_2)
    __SWI_3                                  0x00086ec3   Thumb Code     8  hal_arm.o(i.__SWI_3)
    __SWI_4                                  0x00086ecb   Thumb Code     8  hal_arm.o(i.__SWI_4)
    __SWI_6                                  0x00086ed3   Thumb Code     2  hal_arm.o(i.__SWI_6)
    __SWI_7                                  0x00086ed5   Thumb Code     2  hal_arm.o(i.__SWI_7)
    __kernel_poly                            0x00086ed8   ARM Code     256  poly.o(i.__kernel_poly)
    _init_box                                0x00086fd9   Thumb Code    74  rt_membox.o(i._init_box)
    Inline Thumb to ARM Veneer to log        0x00087025   Thumb Code     4  log.o(i.log)
    log                                      0x00087028   ARM Code    1392  log.o(i.log)
    os_block                                 0x000875b9   Thumb Code    58  rt_task.o(i.os_block)
    os_chk_robin                             0x00087601   Thumb Code    56  rt_robin.o(i.os_chk_robin)
    os_dec_dly                               0x00087645   Thumb Code   116  rt_list.o(i.os_dec_dly)
    os_dispatch                              0x000876c1   Thumb Code    60  rt_task.o(i.os_dispatch)
    os_dly_wait                              0x00087705   Thumb Code    24  rt_time.o(i.os_dly_wait)
    os_evt_psh                               0x0008771d   Thumb Code    74  rt_event.o(i.os_evt_psh)
    os_evt_set                               0x0008776d   Thumb Code    94  rt_event.o(i.os_evt_set)
    os_evt_wait                              0x000877d1   Thumb Code    84  rt_event.o(i.os_evt_wait)
    os_get_first                             0x00087829   Thumb Code    42  rt_list.o(i.os_get_first)
    os_init_robin                            0x0008789d   Thumb Code    16  rt_robin.o(i.os_init_robin)
    os_init_stack                            0x000878b5   Thumb Code    86  hal_arm.o(i.os_init_stack)
    os_itv_set                               0x00087919   Thumb Code    16  rt_time.o(i.os_itv_set)
    os_itv_wait                              0x00087931   Thumb Code    46  rt_time.o(i.os_itv_wait)
    os_mbx_psh                               0x00087969   Thumb Code   132  rt_mailbox.o(i.os_mbx_psh)
    os_mut_init                              0x000879f1   Thumb Code    44  rt_mutex.o(i.os_mut_init)
    os_mut_release                           0x00087a21   Thumb Code   160  rt_mutex.o(i.os_mut_release)
    os_mut_wait                              0x00087ac9   Thumb Code   126  rt_mutex.o(i.os_mut_wait)
    os_put_dly                               0x00087b4d   Thumb Code    76  rt_list.o(i.os_put_dly)
    os_put_prio                              0x00087b9d   Thumb Code    62  rt_list.o(i.os_put_prio)
    os_put_rdy_first                         0x00087bdd   Thumb Code    14  rt_list.o(i.os_put_rdy_first)
    os_resort_prio                           0x00087bf1   Thumb Code    48  rt_list.o(i.os_resort_prio)
    os_rmv_dly                               0x00087c25   Thumb Code    44  rt_list.o(i.os_rmv_dly)
    os_rmv_list                              0x00087c51   Thumb Code    46  rt_list.o(i.os_rmv_list)
    os_sem_psh                               0x00087c85   Thumb Code    50  rt_semaphore.o(i.os_sem_psh)
    os_sys_init1                             0x00087cbd   Thumb Code   162  rt_task.o(i.os_sys_init1)
    os_sys_manager                           0x00087da5   Thumb Code   182  rt_system.o(i.os_sys_manager)
    os_tmr_tick                              0x00087e71   Thumb Code    58  rt_timer.o(i.os_tmr_tick)
    os_tsk_create0                           0x00087eb5   Thumb Code   130  rt_task.o(i.os_tsk_create0)
    os_tsk_delete                            0x00087f45   Thumb Code   148  rt_task.o(i.os_tsk_delete)
    os_tsk_self                              0x00087fed   Thumb Code    12  rt_task.o(i.os_tsk_self)
    Inline Thumb to ARM Veneer to sqrt       0x00087ffd   Thumb Code     4  sqrt.o(i.sqrt)
    sqrt                                     0x00088000   ARM Code     108  sqrt.o(i.sqrt)
    vMBPortTimersDisable                     0x0008806d   Thumb Code    12  porttimer.o(i.vMBPortTimersDisable)
    vMBPortTimersEnable                      0x0008807d   Thumb Code    24  porttimer.o(i.vMBPortTimersEnable)
    Inline Thumb to ARM Veneer to __aeabi_d2f 0x000880a1   Thumb Code     4  d2f.o(x$fpl$d2f)
    __aeabi_d2f                              0x000880a4   ARM Code       0  d2f.o(x$fpl$d2f)
    _d2f                                     0x000880a4   ARM Code     108  d2f.o(x$fpl$d2f)
    Inline Thumb to ARM Veneer to __aeabi_dadd 0x00088111   Thumb Code     4  daddsub_noclz.o(x$fpl$dadd)
    __aeabi_dadd                             0x00088114   ARM Code       0  daddsub_noclz.o(x$fpl$dadd)
    _dadd                                    0x00088114   ARM Code     332  daddsub_noclz.o(x$fpl$dadd)
    __fpl_dcheck_NaN1                        0x00088264   ARM Code      12  dcheck1.o(x$fpl$dcheck1)
    __fpl_dcmp_Inf                           0x00088274   ARM Code      28  dcmpi.o(x$fpl$dcmpinf)
    Inline Thumb to ARM Veneer to __aeabi_ddiv 0x00088291   Thumb Code     4  ddiv.o(x$fpl$ddiv)
    __aeabi_ddiv                             0x00088294   ARM Code       0  ddiv.o(x$fpl$ddiv)
    _ddiv                                    0x00088294   ARM Code     600  ddiv.o(x$fpl$ddiv)
    __aeabi_cdcmpeq                          0x00088574   ARM Code       0  deqf.o(x$fpl$deqf)
    _dcmpeq                                  0x00088574   ARM Code     148  deqf.o(x$fpl$deqf)
    Inline Thumb to ARM Veneer to __aeabi_i2d 0x00088609   Thumb Code     4  dflt_noclz.o(x$fpl$dflt)
    __aeabi_i2d                              0x0008860c   ARM Code       0  dflt_noclz.o(x$fpl$dflt)
    _dflt                                    0x0008860c   ARM Code      88  dflt_noclz.o(x$fpl$dflt)
    __dflt_normalise                         0x0008861c   ARM Code       0  dflt_noclz.o(x$fpl$dflt)
    Inline Thumb to ARM Veneer to __aeabi_dmul 0x00088665   Thumb Code     4  dmul.o(x$fpl$dmul)
    __aeabi_dmul                             0x00088668   ARM Code       0  dmul.o(x$fpl$dmul)
    _dmul                                    0x00088668   ARM Code     372  dmul.o(x$fpl$dmul)
    __fpl_dnaninf                            0x000887e8   ARM Code     192  dnaninf.o(x$fpl$dnaninf)
    __fpl_dretinf                            0x000888a8   ARM Code      16  dretinf.o(x$fpl$dretinf)
    __aeabi_drsub                            0x000888b8   ARM Code       0  daddsub_noclz.o(x$fpl$drsb)
    _drsb                                    0x000888b8   ARM Code      24  daddsub_noclz.o(x$fpl$drsb)
    _dsqrt                                   0x000888d0   ARM Code     516  dsqrt_noumaal.o(x$fpl$dsqrt)
    __aeabi_dsub                             0x00088ad8   ARM Code       0  daddsub_noclz.o(x$fpl$dsub)
    _dsub                                    0x00088ad8   ARM Code     576  daddsub_noclz.o(x$fpl$dsub)
    Inline Thumb to ARM Veneer to __aeabi_f2d 0x00088d1d   Thumb Code     4  f2d.o(x$fpl$f2d)
    __aeabi_f2d                              0x00088d20   ARM Code       0  f2d.o(x$fpl$f2d)
    _f2d                                     0x00088d20   ARM Code     100  f2d.o(x$fpl$f2d)
    Inline Thumb to ARM Veneer to __aeabi_fadd 0x00088d85   Thumb Code     4  faddsub_noclz.o(x$fpl$fadd)
    __aeabi_fadd                             0x00088d88   ARM Code       0  faddsub_noclz.o(x$fpl$fadd)
    _fadd                                    0x00088d88   ARM Code     196  faddsub_noclz.o(x$fpl$fadd)
    __fpl_fcheck_NaN1                        0x00088e4c   ARM Code       8  fcheck1.o(x$fpl$fcheck1)
    Inline Thumb to ARM Veneer to __aeabi_fdiv 0x00088e59   Thumb Code     4  fdiv.o(x$fpl$fdiv)
    __aeabi_fdiv                             0x00088e5c   ARM Code       0  fdiv.o(x$fpl$fdiv)
    _fdiv                                    0x00088e5c   ARM Code     396  fdiv.o(x$fpl$fdiv)
    Inline Thumb to ARM Veneer to __aeabi_f2iz 0x00088fed   Thumb Code     4  ffix.o(x$fpl$ffix)
    __aeabi_f2iz                             0x00088ff0   ARM Code       0  ffix.o(x$fpl$ffix)
    _ffix                                    0x00088ff0   ARM Code      68  ffix.o(x$fpl$ffix)
    Inline Thumb to ARM Veneer to __aeabi_f2uiz 0x00089035   Thumb Code     4  ffixu.o(x$fpl$ffixu)
    __aeabi_f2uiz                            0x00089038   ARM Code       0  ffixu.o(x$fpl$ffixu)
    _ffixu                                   0x00089038   ARM Code      84  ffixu.o(x$fpl$ffixu)
    Inline Thumb to ARM Veneer to __aeabi_i2f 0x0008908d   Thumb Code     4  fflt_noclz.o(x$fpl$fflt)
    __aeabi_i2f                              0x00089090   ARM Code       0  fflt_noclz.o(x$fpl$fflt)
    _fflt                                    0x00089090   ARM Code      92  fflt_noclz.o(x$fpl$fflt)
    __fflt_normalise                         0x0008909c   ARM Code       0  fflt_noclz.o(x$fpl$fflt)
    Inline Thumb to ARM Veneer to __aeabi_ui2f 0x000890ed   Thumb Code     4  fflt_noclz.o(x$fpl$ffltu)
    __aeabi_ui2f                             0x000890f0   ARM Code       0  fflt_noclz.o(x$fpl$ffltu)
    _ffltu                                   0x000890f0   ARM Code       8  fflt_noclz.o(x$fpl$ffltu)
    Inline Thumb to ARM Veneer to __aeabi_fmul 0x000890f9   Thumb Code     4  fmul.o(x$fpl$fmul)
    __aeabi_fmul                             0x000890fc   ARM Code       0  fmul.o(x$fpl$fmul)
    _fmul                                    0x000890fc   ARM Code     256  fmul.o(x$fpl$fmul)
    __fpl_fnaninf                            0x000891fc   ARM Code     168  fnaninf.o(x$fpl$fnaninf)
    Inline Thumb to ARM Veneer to _fp_init   0x000892a5   Thumb Code     4  fpinit.o(x$fpl$fpinit)
    _fp_init                                 0x000892a8   ARM Code      24  fpinit.o(x$fpl$fpinit)
    __fplib_config_pureend_doubles           0x000892b8   ARM Code       0  fpinit.o(x$fpl$fpinit)
    __fpl_fretinf                            0x000892c0   ARM Code      16  fretinf.o(x$fpl$fretinf)
    Inline Thumb to ARM Veneer to __aeabi_frsub 0x000892d1   Thumb Code     4  faddsub_noclz.o(x$fpl$frsb)
    __aeabi_frsub                            0x000892d4   ARM Code       0  faddsub_noclz.o(x$fpl$frsb)
    _frsb                                    0x000892d4   ARM Code      20  faddsub_noclz.o(x$fpl$frsb)
    Inline Thumb to ARM Veneer to __aeabi_fsub 0x000892e9   Thumb Code     4  faddsub_noclz.o(x$fpl$fsub)
    __aeabi_fsub                             0x000892ec   ARM Code       0  faddsub_noclz.o(x$fpl$fsub)
    _fsub                                    0x000892ec   ARM Code     304  faddsub_noclz.o(x$fpl$fsub)
    __fpl_return_NaN                         0x0008941c   ARM Code     116  retnan.o(x$fpl$retnan)
    __ARM_scalbn                             0x00089490   ARM Code       0  scalbn.o(x$fpl$scalbn)
    scalbn                                   0x00089490   ARM Code     108  scalbn.o(x$fpl$scalbn)
    __fpl_inf_scalbn                         0x000894f8   ARM Code       0  scalbn.o(x$fpl$scalbn)
    Inline Thumb to ARM Veneer to scalbnf    0x000894fd   Thumb Code     4  scalbnf.o(x$fpl$scalbnf)
    __ARM_scalbnf                            0x00089500   ARM Code       0  scalbnf.o(x$fpl$scalbnf)
    scalbnf                                  0x00089500   ARM Code      96  scalbnf.o(x$fpl$scalbnf)
    __fpl_inf_scalbnf                        0x0008955c   ARM Code       0  scalbnf.o(x$fpl$scalbnf)
    __fpl_cmpreturn                          0x00089560   ARM Code      60  trapv.o(x$fpl$trapveneer)
    __I$use$fp                               0x0008959c   ARM Code       0  usenofp.o(x$fpl$usenofp)
    os_maxtaskrun                            0x0008979c   Data           2  rtx_config.o(.constdata)
    os_stackinfo                             0x000897a0   Data           4  rtx_config.o(.constdata)
    os_rrobin                                0x000897a4   Data           4  rtx_config.o(.constdata)
    os_clockrate                             0x000897a8   Data           4  rtx_config.o(.constdata)
    os_timernum                              0x000897ac   Data           4  rtx_config.o(.constdata)
    mp_tcb_size                              0x000897b0   Data           2  rtx_config.o(.constdata)
    mp_stk_size                              0x000897b4   Data           4  rtx_config.o(.constdata)
    os_fifo_size                             0x000897b8   Data           1  rtx_config.o(.constdata)
    mp_tmr_size                              0x000897ba   Data           2  rtx_config.o(.constdata)
    LED7Code                                 0x000897bc   Data          22  ht1622.o(.constdata)
    LED16Char                                0x000897d2   Data         108  ht1622.o(.constdata)
    LED16Num                                 0x0008983e   Data          40  ht1622.o(.constdata)
    display                                  0x00089866   Data        1296  hmi.o(.constdata)
    __mathlib_zero                           0x00089db0   Data           8  qnan.o(.constdata)
    Region$$Table$$Base                      0x00089db8   Number         0  anon$$obj.o(Region$$Table)
    Region$$Table$$Limit                     0x00089dd8   Number         0  anon$$obj.o(Region$$Table)
    g_UnitCfgInFlash                         0x0008f400   Data         512  main.o(.ARM.__AT_0x0008F400)



==============================================================================

Memory Map of the image

  Image Entry point : 0x000800cc

  Load Region LR_IROM1 (Base: 0x00080000, Size: 0x0000f71c, Max: 0x0000f800, ABSOLUTE)

    Execution Region RW_IRAM1 (Base: 0x00010000, Size: 0x00001f28, Max: 0x00002000, ABSOLUTE)

    Base Addr    Size         Type   Attr      Idx    E Section Name        Object

    0x00010000   0x0000001c   Data   RW           15    .data               main.o
    0x0001001c   0x00000002   Data   RW          106    .data               portevent.o
    0x0001001e   0x00000001   Data   RW          121    .data               portserial.o
    0x0001001f   0x00000001   PAD
    0x00010020   0x00000004   Data   RW          143    .data               porttimer.o
    0x00010024   0x00000074   Data   RW          174    .data               mb.o
    0x00010098   0x0000000c   Data   RW          243    .data               mbrtu.o
    0x000100a4   0x00000010   Data   RW          327    .data               mbascii.o
    0x000100b4   0x00000004   Data   RW          362    .data               rtx_config.o
    0x000100b8   0x00000008   Data   RW          363    .data               rtx_config.o
    0x000100c0   0x00000001   Data   RW          404    .data               ht1622.o
    0x000100c1   0x00000003   PAD
    0x000100c4   0x0000002c   Data   RW          425    .data               hmi.o
    0x000100f0   0x00000006   Data   RW          478    .data               calc.o
    0x000100f6   0x00000002   PAD
    0x000100f8   0x00000004   Data   RW          506    .data               RTX_ARM_L.lib(rt_task.o)(RTX_ARM_L.lib)
    0x000100fc   0x00000002   Data   RW          591    .data               RTX_ARM_L.lib(rt_time.o)(RTX_ARM_L.lib)
    0x000100fe   0x00000002   PAD
    0x00010100   0x00000004   Data   RW          693    .data               RTX_ARM_L.lib(hal_arm.o)(RTX_ARM_L.lib)
    0x00010104   0x00000008   Data   RW          746    .data               RTX_ARM_L.lib(rt_system.o)(RTX_ARM_L.lib)
    0x0001010c   0x00000008   Data   RW          853    .data               RTX_ARM_L.lib(rt_robin.o)(RTX_ARM_L.lib)
    0x00010114   0x00000008   Data   RW          992    .data               RTX_ARM_L.lib(rt_timer.o)(RTX_ARM_L.lib)
    0x0001011c   0x000000ac   Zero   RW           13    .bss                main.o
    0x000101c8   0x00000100   Zero   RW          242    .bss                mbrtu.o
    0x000102c8   0x0000012c   Zero   RW          349    .bss                rtx_config.o
    0x000103f4   0x00000004   PAD
    0x000103f8   0x00000710   Zero   RW          350    .bss                rtx_config.o
    0x00010b08   0x00000084   Zero   RW          351    .bss                rtx_config.o
    0x00010b8c   0x00000018   Zero   RW          352    .bss                rtx_config.o
    0x00010ba4   0x000002a0   Zero   RW          353    .bss                rtx_config.o
    0x00010e44   0x00000f6f   Zero   RW          423    .bss                hmi.o
    0x00011db3   0x00000001   PAD
    0x00011db4   0x00000030   Zero   RW          505    .bss                RTX_ARM_L.lib(rt_task.o)(RTX_ARM_L.lib)
    0x00011de4   0x00000030   Zero   RW          789    .bss                RTX_ARM_L.lib(rt_list.o)(RTX_ARM_L.lib)
    0x00011e14   0x00000060   Zero   RW         1019    .bss                c_t.l(libspace.o)(c_t.l)
    0x00011e74   0x00000004   PAD
    0x00011e78   0x00000000   Zero   RW            2    HEAP                startup.o
    0x00011e78   0x000000b0   Zero   RW            1    STACK               startup.o


    Execution Region ER_IROM1 (Base: 0x00080000, Size: 0x0000f600, Max: 0x0000f800, ABSOLUTE)

    Base Addr    Size         Type   Attr      Idx    E Section Name        Object

    0x00080000   0x000000cc   Code   RO            3    RESET               startup.o
    0x000800cc   0x00000008   Code   RO         1045  * !!!main             c_t.l(__main.o)(c_t.l)
    0x000800d4   0x0000003c   Code   RO         1331    !!!scatter          c_t.l(__scatter.o)(c_t.l)
    0x00080110   0x00000028   Code   RO         1333    !!handler_copy      c_t.l(__scatter_copy.o)(c_t.l)
    0x00080138   0x0000002c   Code   RO         1335    !!handler_zi        c_t.l(__scatter_zi.o)(c_t.l)
    0x00080164   0x00000008   Ven    RO         1214    .ARM.Collect$$libinit$$00000000  c_t.l(libinit.o)(c_t.l)
    0x0008016c   0x00000006   Code   RO         1214    .ARM.Collect$$libinit$$00000000  c_t.l(libinit.o)(c_t.l)
    0x00080172   0x00000000   Code   RO         1227    .ARM.Collect$$libinit$$00000006  c_t.l(libinit2.o)(c_t.l)
    0x00080172   0x00000000   Code   RO         1229    .ARM.Collect$$libinit$$00000008  c_t.l(libinit2.o)(c_t.l)
    0x00080172   0x00000000   Code   RO         1231    .ARM.Collect$$libinit$$0000000A  c_t.l(libinit2.o)(c_t.l)
    0x00080172   0x00000000   Code   RO         1234    .ARM.Collect$$libinit$$0000000D  c_t.l(libinit2.o)(c_t.l)
    0x00080172   0x00000000   Code   RO         1236    .ARM.Collect$$libinit$$0000000F  c_t.l(libinit2.o)(c_t.l)
    0x00080172   0x00000000   Code   RO         1238    .ARM.Collect$$libinit$$00000011  c_t.l(libinit2.o)(c_t.l)
    0x00080172   0x00000000   Code   RO         1240    .ARM.Collect$$libinit$$00000013  c_t.l(libinit2.o)(c_t.l)
    0x00080172   0x00000000   Code   RO         1242    .ARM.Collect$$libinit$$00000015  c_t.l(libinit2.o)(c_t.l)
    0x00080172   0x00000000   Code   RO         1244    .ARM.Collect$$libinit$$00000017  c_t.l(libinit2.o)(c_t.l)
    0x00080172   0x00000000   Code   RO         1246    .ARM.Collect$$libinit$$00000019  c_t.l(libinit2.o)(c_t.l)
    0x00080172   0x00000000   Code   RO         1248    .ARM.Collect$$libinit$$0000001B  c_t.l(libinit2.o)(c_t.l)
    0x00080172   0x00000000   Code   RO         1250    .ARM.Collect$$libinit$$0000001D  c_t.l(libinit2.o)(c_t.l)
    0x00080172   0x00000000   Code   RO         1252    .ARM.Collect$$libinit$$0000001F  c_t.l(libinit2.o)(c_t.l)
    0x00080172   0x00000000   Code   RO         1254    .ARM.Collect$$libinit$$00000021  c_t.l(libinit2.o)(c_t.l)
    0x00080172   0x00000000   Code   RO         1258    .ARM.Collect$$libinit$$00000028  c_t.l(libinit2.o)(c_t.l)
    0x00080172   0x00000000   Code   RO         1260    .ARM.Collect$$libinit$$0000002A  c_t.l(libinit2.o)(c_t.l)
    0x00080172   0x00000000   Code   RO         1262    .ARM.Collect$$libinit$$0000002C  c_t.l(libinit2.o)(c_t.l)
    0x00080172   0x00000000   Code   RO         1264    .ARM.Collect$$libinit$$0000002E  c_t.l(libinit2.o)(c_t.l)
    0x00080172   0x0000000c   Code   RO         1265    .ARM.Collect$$libinit$$0000002F  c_t.l(libinit2.o)(c_t.l)
    0x0008017e   0x00000002   PAD
    0x00080180   0x00000008   Ven    RO         1305    .ARM.Collect$$libshutdown$$00000000  c_t.l(libshutdown.o)(c_t.l)
    0x00080188   0x00000004   Code   RO         1305    .ARM.Collect$$libshutdown$$00000000  c_t.l(libshutdown.o)(c_t.l)
    0x0008018c   0x00000000   Code   RO         1316    .ARM.Collect$$libshutdown$$00000003  c_t.l(libshutdown2.o)(c_t.l)
    0x0008018c   0x00000000   Code   RO         1319    .ARM.Collect$$libshutdown$$00000006  c_t.l(libshutdown2.o)(c_t.l)
    0x0008018c   0x00000000   Code   RO         1322    .ARM.Collect$$libshutdown$$00000009  c_t.l(libshutdown2.o)(c_t.l)
    0x0008018c   0x00000000   Code   RO         1324    .ARM.Collect$$libshutdown$$0000000B  c_t.l(libshutdown2.o)(c_t.l)
    0x0008018c   0x00000000   Code   RO         1327    .ARM.Collect$$libshutdown$$0000000E  c_t.l(libshutdown2.o)(c_t.l)
    0x0008018c   0x00000006   Code   RO         1328    .ARM.Collect$$libshutdown$$0000000F  c_t.l(libshutdown2.o)(c_t.l)
    0x00080192   0x00000002   PAD
    0x00080194   0x00000000   Code   RO         1115    .ARM.Collect$$rtentry$$00000000  c_t.l(rtentry.o)(c_t.l)
    0x00080194   0x00000000   Code   RO         1158    .ARM.Collect$$rtentry$$00000002  c_t.l(rtentry2.o)(c_t.l)
    0x00080194   0x00000008   Code   RO         1173    .ARM.Collect$$rtentry$$00000004  c_t.l(rtentry4.o)(c_t.l)
    0x0008019c   0x00000000   Code   RO         1160    .ARM.Collect$$rtentry$$00000009  c_t.l(rtentry2.o)(c_t.l)
    0x0008019c   0x00000004   Code   RO         1161    .ARM.Collect$$rtentry$$0000000A  c_t.l(rtentry2.o)(c_t.l)
    0x000801a0   0x00000000   Code   RO         1163    .ARM.Collect$$rtentry$$0000000C  c_t.l(rtentry2.o)(c_t.l)
    0x000801a0   0x00000028   Code   RO         1164    .ARM.Collect$$rtentry$$0000000D  c_t.l(rtentry2.o)(c_t.l)
    0x000801c8   0x00000004   Ven    RO         1219    .ARM.Collect$$rtexit$$00000000  c_t.l(rtexit.o)(c_t.l)
    0x000801cc   0x00000004   Code   RO         1219    .ARM.Collect$$rtexit$$00000000  c_t.l(rtexit.o)(c_t.l)
    0x000801d0   0x00000000   Code   RO         1269    .ARM.Collect$$rtexit$$00000002  c_t.l(rtexit2.o)(c_t.l)
    0x000801d0   0x00000004   Code   RO         1270    .ARM.Collect$$rtexit$$00000003  c_t.l(rtexit2.o)(c_t.l)
    0x000801d4   0x00000008   Code   RO         1271    .ARM.Collect$$rtexit$$00000004  c_t.l(rtexit2.o)(c_t.l)
    0x000801dc   0x00000048   Code   RO          346    .emb_text           rtx_config.o
    0x00080224   0x000001e8   Code   RO          685    .emb_text           RTX_ARM_L.lib(hal_arm.o)(RTX_ARM_L.lib)
    0x0008040c   0x00000020   Code   RO            4    .text               startup.o
    0x0008042c   0x00000650   Code   RO           11    .text               main.o
    0x00080a7c   0x00000034   Code   RO          105    .text               portevent.o
    0x00080ab0   0x000000f8   Code   RO          119    .text               portserial.o
    0x00080ba8   0x00000058   Code   RO          120    .text               portserial.o
    0x00080c00   0x00000010   Code   RO          141    .text               porttimer.o
    0x00080c10   0x00000030   Code   RO          142    .text               porttimer.o
    0x00080c40   0x00000258   Code   RO          173    .text               mb.o
    0x00080e98   0x00000034   Code   RO          227    .text               mbcrc.o
    0x00080ecc   0x00000240   Code   RO          241    .text               mbrtu.o
    0x0008110c   0x00000144   Code   RO          260    .text               mbfunccoils.o
    0x00081250   0x0000007c   Code   RO          272    .text               mbfuncdisc.o
    0x000812cc   0x0000018c   Code   RO          284    .text               mbfuncholding.o
    0x00081458   0x00000064   Code   RO          296    .text               mbfuncinput.o
    0x000814bc   0x0000006e   Code   RO          314    .text               mbutils.o
    0x0008152a   0x00000002   PAD
    0x0008152c   0x0000031c   Code   RO          326    .text               mbascii.o
    0x00081848   0x00000008   Ven    RO          347    .text               rtx_config.o
    0x00081850   0x0000010c   Code   RO          347    .text               rtx_config.o
    0x0008195c   0x00000004   Code   RO          348    .text               rtx_config.o
    0x00081960   0x0000004c   Code   RO          389    .text               iap.o
    0x000819ac   0x00000bbc   Code   RO          402    .text               ht1622.o
    0x00082568   0x00003c74   Code   RO          422    .text               hmi.o
    0x000861dc   0x000001fc   Code   RO          453    .text               ds18b20.o
    0x000863d8   0x000000e8   Code   RO          465    .text               pid.o
    0x000864c0   0x000005c0   Code   RO          477    .text               calc.o
    0x00086a80   0x0000000c   Code   RO         1018    .text               c_t.l(libspace.o)(c_t.l)
    0x00086a8c   0x00000010   Code   RO         1021    .text               c_t.l(abort.o)(c_t.l)
    0x00086a9c   0x00000004   Ven    RO         1023    .text               c_t.l(uread4.o)(c_t.l)
    0x00086aa0   0x00000020   Code   RO         1023    .text               c_t.l(uread4.o)(c_t.l)
    0x00086ac0   0x00000004   Ven    RO         1025    .text               c_t.l(uwrite4.o)(c_t.l)
    0x00086ac4   0x00000020   Code   RO         1025    .text               c_t.l(uwrite4.o)(c_t.l)
    0x00086ae4   0x00000004   Ven    RO         1027    .text               c_t.l(aeabi_sdiv.o)(c_t.l)
    0x00086ae8   0x00000180   Code   RO         1027    .text               c_t.l(aeabi_sdiv.o)(c_t.l)
    0x00086c68   0x00000006   Code   RO         1043    .text               c_t.l(heapauxi.o)(c_t.l)
    0x00086c6e   0x00000002   PAD
    0x00086c70   0x00000008   Ven    RO         1113    .text               c_t.l(sys_exit.o)(c_t.l)
    0x00086c78   0x0000000c   Code   RO         1113    .text               c_t.l(sys_exit.o)(c_t.l)
    0x00086c84   0x00000008   Ven    RO         1121    .text               c_t.l(_rserrno.o)(c_t.l)
    0x00086c8c   0x0000001a   Code   RO         1121    .text               c_t.l(_rserrno.o)(c_t.l)
    0x00086ca6   0x00000010   Code   RO         1123    .text               c_t.l(defsig_abrt_outer.o)(c_t.l)
    0x00086cb6   0x00000002   PAD
    0x00086cb8   0x00000004   Code   RO         1155    .text               c_t.l(use_no_semi.o)(c_t.l)
    0x00086cbc   0x00000004   Ven    RO         1184    .text               c_t.l(rt_errno_addr_twolibspace.o)(c_t.l)
    0x00086cc0   0x00000004   Code   RO         1184    .text               c_t.l(rt_errno_addr_twolibspace.o)(c_t.l)
    0x00086cc4   0x00000010   Code   RO         1186    .text               c_t.l(defsig_exit.o)(c_t.l)
    0x00086cd4   0x00000034   Code   RO         1188    .text               c_t.l(defsig_abrt_inner.o)(c_t.l)
    0x00086d08   0x00000060   Code   RO         1196    .text               c_t.l(sys_stackheap_outer.o)(c_t.l)
    0x00086d68   0x0000000c   Code   RO         1198    .text               c_t.l(exit.o)(c_t.l)
    0x00086d74   0x00000038   Code   RO         1202    .text               c_t.l(defsig_general.o)(c_t.l)
    0x00086dac   0x00000010   Code   RO         1217    .text               c_t.l(sys_wrch.o)(c_t.l)
    0x00086dbc   0x00000014   Code   RO         1281    .text               c_t.l(rt_fp_status_addr_twolibspace.o)(c_t.l)
    0x00086dd0   0x00000004   Ven    RO         1028    .text_udiv          c_t.l(aeabi_sdiv.o)(c_t.l)
    0x00086dd4   0x00000024   Code   RO         1028    .text_udiv          c_t.l(aeabi_sdiv.o)(c_t.l)
    0x00086df8   0x00000024   Code   RO          902    SWI_TABLE           RTX_ARM_L.lib(swi_table.o)(RTX_ARM_L.lib)
    0x00086e1c   0x00000002   Code   RO          191    i.__ARM_common_call_via_r0  mb.o
    0x00086e1e   0x00000002   Code   RO          187    i.__ARM_common_call_via_r2  mb.o
    0x00086e20   0x00000002   Code   RO          189    i.__ARM_common_call_via_r3  mb.o
    0x00086e22   0x00000002   PAD
    0x00086e24   0x00000004   Ven    RO          195    i.__ARM_common_disable_irq  mb.o
    0x00086e28   0x00000014   Code   RO          195    i.__ARM_common_disable_irq  mb.o
    0x00086e3c   0x00000004   Ven    RO          193    i.__ARM_common_enable_irq  mb.o
    0x00086e40   0x00000010   Code   RO          193    i.__ARM_common_enable_irq  mb.o
    0x00086e50   0x00000004   Ven    RO          337    i.__ARM_common_switch8  mbascii.o
    0x00086e54   0x00000018   Code   RO          337    i.__ARM_common_switch8  mbascii.o
    0x00086e6c   0x00000030   Code   RO          686    i.__SWI_0           RTX_ARM_L.lib(hal_arm.o)(RTX_ARM_L.lib)
    0x00086e9c   0x0000000e   Code   RO          872    i.__SWI_1           RTX_ARM_L.lib(rt_membox.o)(RTX_ARM_L.lib)
    0x00086eaa   0x00000018   Code   RO          873    i.__SWI_2           RTX_ARM_L.lib(rt_membox.o)(RTX_ARM_L.lib)
    0x00086ec2   0x00000008   Code   RO          687    i.__SWI_3           RTX_ARM_L.lib(hal_arm.o)(RTX_ARM_L.lib)
    0x00086eca   0x00000008   Code   RO          688    i.__SWI_4           RTX_ARM_L.lib(hal_arm.o)(RTX_ARM_L.lib)
    0x00086ed2   0x00000002   Code   RO          689    i.__SWI_6           RTX_ARM_L.lib(hal_arm.o)(RTX_ARM_L.lib)
    0x00086ed4   0x00000002   Code   RO          690    i.__SWI_7           RTX_ARM_L.lib(hal_arm.o)(RTX_ARM_L.lib)
    0x00086ed6   0x00000002   PAD
    0x00086ed8   0x00000100   Code   RO         1152    i.__kernel_poly     m_ts.l(poly.o)(m_ts.l)
    0x00086fd8   0x0000004a   Code   RO          875    i._init_box         RTX_ARM_L.lib(rt_membox.o)(RTX_ARM_L.lib)
    0x00087022   0x00000002   PAD
    0x00087024   0x00000004   Ven    RO         1096    i.log               m_ts.l(log.o)(m_ts.l)
    0x00087028   0x00000590   Code   RO         1096    i.log               m_ts.l(log.o)(m_ts.l)
    0x000875b8   0x00000048   Code   RO          495    i.os_block          RTX_ARM_L.lib(rt_task.o)(RTX_ARM_L.lib)
    0x00087600   0x00000044   Code   RO          851    i.os_chk_robin      RTX_ARM_L.lib(rt_robin.o)(RTX_ARM_L.lib)
    0x00087644   0x0000007c   Code   RO          779    i.os_dec_dly        RTX_ARM_L.lib(rt_list.o)(RTX_ARM_L.lib)
    0x000876c0   0x00000044   Code   RO          496    i.os_dispatch       RTX_ARM_L.lib(rt_task.o)(RTX_ARM_L.lib)
    0x00087704   0x00000018   Code   RO          588    i.os_dly_wait       RTX_ARM_L.lib(rt_time.o)(RTX_ARM_L.lib)
    0x0008771c   0x00000050   Code   RO          622    i.os_evt_psh        RTX_ARM_L.lib(rt_event.o)(RTX_ARM_L.lib)
    0x0008776c   0x00000064   Code   RO          623    i.os_evt_set        RTX_ARM_L.lib(rt_event.o)(RTX_ARM_L.lib)
    0x000877d0   0x00000058   Code   RO          624    i.os_evt_wait       RTX_ARM_L.lib(rt_event.o)(RTX_ARM_L.lib)
    0x00087828   0x0000002a   Code   RO          780    i.os_get_first      RTX_ARM_L.lib(rt_list.o)(RTX_ARM_L.lib)
    0x00087852   0x00000002   PAD
    0x00087854   0x00000048   Code   RO          497    i.os_init_context   RTX_ARM_L.lib(rt_task.o)(RTX_ARM_L.lib)
    0x0008789c   0x00000018   Code   RO          852    i.os_init_robin     RTX_ARM_L.lib(rt_robin.o)(RTX_ARM_L.lib)
    0x000878b4   0x00000064   Code   RO          691    i.os_init_stack     RTX_ARM_L.lib(hal_arm.o)(RTX_ARM_L.lib)
    0x00087918   0x00000018   Code   RO          589    i.os_itv_set        RTX_ARM_L.lib(rt_time.o)(RTX_ARM_L.lib)
    0x00087930   0x00000038   Code   RO          590    i.os_itv_wait       RTX_ARM_L.lib(rt_time.o)(RTX_ARM_L.lib)
    0x00087968   0x00000088   Code   RO          909    i.os_mbx_psh        RTX_ARM_L.lib(rt_mailbox.o)(RTX_ARM_L.lib)
    0x000879f0   0x00000030   Code   RO          661    i.os_mut_init       RTX_ARM_L.lib(rt_mutex.o)(RTX_ARM_L.lib)
    0x00087a20   0x000000a8   Code   RO          662    i.os_mut_release    RTX_ARM_L.lib(rt_mutex.o)(RTX_ARM_L.lib)
    0x00087ac8   0x00000084   Code   RO          663    i.os_mut_wait       RTX_ARM_L.lib(rt_mutex.o)(RTX_ARM_L.lib)
    0x00087b4c   0x00000050   Code   RO          783    i.os_put_dly        RTX_ARM_L.lib(rt_list.o)(RTX_ARM_L.lib)
    0x00087b9c   0x0000003e   Code   RO          784    i.os_put_prio       RTX_ARM_L.lib(rt_list.o)(RTX_ARM_L.lib)
    0x00087bda   0x00000002   PAD
    0x00087bdc   0x00000014   Code   RO          785    i.os_put_rdy_first  RTX_ARM_L.lib(rt_list.o)(RTX_ARM_L.lib)
    0x00087bf0   0x00000034   Code   RO          786    i.os_resort_prio    RTX_ARM_L.lib(rt_list.o)(RTX_ARM_L.lib)
    0x00087c24   0x0000002c   Code   RO          787    i.os_rmv_dly        RTX_ARM_L.lib(rt_list.o)(RTX_ARM_L.lib)
    0x00087c50   0x00000034   Code   RO          788    i.os_rmv_list       RTX_ARM_L.lib(rt_list.o)(RTX_ARM_L.lib)
    0x00087c84   0x00000038   Code   RO          955    i.os_sem_psh        RTX_ARM_L.lib(rt_semaphore.o)(RTX_ARM_L.lib)
    0x00087cbc   0x000000e8   Code   RO          498    i.os_sys_init1      RTX_ARM_L.lib(rt_task.o)(RTX_ARM_L.lib)
    0x00087da4   0x000000cc   Code   RO          745    i.os_sys_manager    RTX_ARM_L.lib(rt_system.o)(RTX_ARM_L.lib)
    0x00087e70   0x00000044   Code   RO          991    i.os_tmr_tick       RTX_ARM_L.lib(rt_timer.o)(RTX_ARM_L.lib)
    0x00087eb4   0x00000090   Code   RO          499    i.os_tsk_create0    RTX_ARM_L.lib(rt_task.o)(RTX_ARM_L.lib)
    0x00087f44   0x000000a8   Code   RO          501    i.os_tsk_delete     RTX_ARM_L.lib(rt_task.o)(RTX_ARM_L.lib)
    0x00087fec   0x00000010   Code   RO          504    i.os_tsk_self       RTX_ARM_L.lib(rt_task.o)(RTX_ARM_L.lib)
    0x00087ffc   0x00000004   Ven    RO         1106    i.sqrt              m_ts.l(sqrt.o)(m_ts.l)
    0x00088000   0x0000006c   Code   RO         1106    i.sqrt              m_ts.l(sqrt.o)(m_ts.l)
    0x0008806c   0x00000010   Code   RO          164    i.vMBPortTimersDisable  porttimer.o
    0x0008807c   0x00000024   Code   RO          158    i.vMBPortTimersEnable  porttimer.o
    0x000880a0   0x00000004   Ven    RO         1047    x$fpl$d2f           fz_ts.l(d2f.o)(fz_ts.l)
    0x000880a4   0x0000006c   Code   RO         1047    x$fpl$d2f           fz_ts.l(d2f.o)(fz_ts.l)
    0x00088110   0x00000004   Ven    RO         1049    x$fpl$dadd          fz_ts.l(daddsub_noclz.o)(fz_ts.l)
    0x00088114   0x00000150   Code   RO         1049    x$fpl$dadd          fz_ts.l(daddsub_noclz.o)(fz_ts.l)
    0x00088264   0x00000010   Code   RO         1190    x$fpl$dcheck1       fz_ts.l(dcheck1.o)(fz_ts.l)
    0x00088274   0x0000001c   Code   RO         1192    x$fpl$dcmpinf       fz_ts.l(dcmpi.o)(fz_ts.l)
    0x00088290   0x00000004   Ven    RO         1056    x$fpl$ddiv          fz_ts.l(ddiv.o)(fz_ts.l)
    0x00088294   0x000002e0   Code   RO         1056    x$fpl$ddiv          fz_ts.l(ddiv.o)(fz_ts.l)
    0x00088574   0x00000094   Code   RO         1127    x$fpl$deqf          fz_ts.l(deqf.o)(fz_ts.l)
    0x00088608   0x00000004   Ven    RO         1060    x$fpl$dflt          fz_ts.l(dflt_noclz.o)(fz_ts.l)
    0x0008860c   0x00000058   Code   RO         1060    x$fpl$dflt          fz_ts.l(dflt_noclz.o)(fz_ts.l)
    0x00088664   0x00000004   Ven    RO         1063    x$fpl$dmul          fz_ts.l(dmul.o)(fz_ts.l)
    0x00088668   0x00000180   Code   RO         1063    x$fpl$dmul          fz_ts.l(dmul.o)(fz_ts.l)
    0x000887e8   0x000000c0   Code   RO         1131    x$fpl$dnaninf       fz_ts.l(dnaninf.o)(fz_ts.l)
    0x000888a8   0x00000010   Code   RO         1133    x$fpl$dretinf       fz_ts.l(dretinf.o)(fz_ts.l)
    0x000888b8   0x00000018   Code   RO         1050    x$fpl$drsb          fz_ts.l(daddsub_noclz.o)(fz_ts.l)
    0x000888d0   0x00000208   Code   RO         1135    x$fpl$dsqrt         fz_ts.l(dsqrt_noumaal.o)(fz_ts.l)
    0x00088ad8   0x00000244   Code   RO         1051    x$fpl$dsub          fz_ts.l(daddsub_noclz.o)(fz_ts.l)
    0x00088d1c   0x00000004   Ven    RO         1065    x$fpl$f2d           fz_ts.l(f2d.o)(fz_ts.l)
    0x00088d20   0x00000064   Code   RO         1065    x$fpl$f2d           fz_ts.l(f2d.o)(fz_ts.l)
    0x00088d84   0x00000004   Ven    RO         1067    x$fpl$fadd          fz_ts.l(faddsub_noclz.o)(fz_ts.l)
    0x00088d88   0x000000c4   Code   RO         1067    x$fpl$fadd          fz_ts.l(faddsub_noclz.o)(fz_ts.l)
    0x00088e4c   0x0000000c   Code   RO         1137    x$fpl$fcheck1       fz_ts.l(fcheck1.o)(fz_ts.l)
    0x00088e58   0x00000004   Ven    RO         1074    x$fpl$fdiv          fz_ts.l(fdiv.o)(fz_ts.l)
    0x00088e5c   0x00000190   Code   RO         1074    x$fpl$fdiv          fz_ts.l(fdiv.o)(fz_ts.l)
    0x00088fec   0x00000004   Ven    RO         1077    x$fpl$ffix          fz_ts.l(ffix.o)(fz_ts.l)
    0x00088ff0   0x00000044   Code   RO         1077    x$fpl$ffix          fz_ts.l(ffix.o)(fz_ts.l)
    0x00089034   0x00000004   Ven    RO         1081    x$fpl$ffixu         fz_ts.l(ffixu.o)(fz_ts.l)
    0x00089038   0x00000054   Code   RO         1081    x$fpl$ffixu         fz_ts.l(ffixu.o)(fz_ts.l)
    0x0008908c   0x00000004   Ven    RO         1086    x$fpl$fflt          fz_ts.l(fflt_noclz.o)(fz_ts.l)
    0x00089090   0x0000005c   Code   RO         1086    x$fpl$fflt          fz_ts.l(fflt_noclz.o)(fz_ts.l)
    0x000890ec   0x00000004   Ven    RO         1085    x$fpl$ffltu         fz_ts.l(fflt_noclz.o)(fz_ts.l)
    0x000890f0   0x00000008   Code   RO         1085    x$fpl$ffltu         fz_ts.l(fflt_noclz.o)(fz_ts.l)
    0x000890f8   0x00000004   Ven    RO         1089    x$fpl$fmul          fz_ts.l(fmul.o)(fz_ts.l)
    0x000890fc   0x00000100   Code   RO         1089    x$fpl$fmul          fz_ts.l(fmul.o)(fz_ts.l)
    0x000891fc   0x000000a8   Code   RO         1139    x$fpl$fnaninf       fz_ts.l(fnaninf.o)(fz_ts.l)
    0x000892a4   0x00000004   Ven    RO         1266    x$fpl$fpinit        fz_ts.l(fpinit.o)(fz_ts.l)
    0x000892a8   0x00000018   Code   RO         1266    x$fpl$fpinit        fz_ts.l(fpinit.o)(fz_ts.l)
    0x000892c0   0x00000010   Code   RO         1141    x$fpl$fretinf       fz_ts.l(fretinf.o)(fz_ts.l)
    0x000892d0   0x00000004   Ven    RO         1068    x$fpl$frsb          fz_ts.l(faddsub_noclz.o)(fz_ts.l)
    0x000892d4   0x00000014   Code   RO         1068    x$fpl$frsb          fz_ts.l(faddsub_noclz.o)(fz_ts.l)
    0x000892e8   0x00000004   Ven    RO         1069    x$fpl$fsub          fz_ts.l(faddsub_noclz.o)(fz_ts.l)
    0x000892ec   0x00000130   Code   RO         1069    x$fpl$fsub          fz_ts.l(faddsub_noclz.o)(fz_ts.l)
    0x0008941c   0x00000074   Code   RO         1194    x$fpl$retnan        fz_ts.l(retnan.o)(fz_ts.l)
    0x00089490   0x0000006c   Code   RO         1146    x$fpl$scalbn        fz_ts.l(scalbn.o)(fz_ts.l)
    0x000894fc   0x00000004   Ven    RO         1092    x$fpl$scalbnf       fz_ts.l(scalbnf.o)(fz_ts.l)
    0x00089500   0x00000060   Code   RO         1092    x$fpl$scalbnf       fz_ts.l(scalbnf.o)(fz_ts.l)
    0x00089560   0x0000003c   Code   RO         1215    x$fpl$trapveneer    fz_ts.l(trapv.o)(fz_ts.l)
    0x0008959c   0x00000000   Code   RO         1151    x$fpl$usenofp       fz_ts.l(usenofp.o)(fz_ts.l)
    0x0008959c   0x00000200   Data   RO          228    .constdata          mbcrc.o
    0x0008979c   0x00000002   Data   RO          354    .constdata          rtx_config.o
    0x0008979e   0x00000002   PAD
    0x000897a0   0x00000004   Data   RO          355    .constdata          rtx_config.o
    0x000897a4   0x00000004   Data   RO          356    .constdata          rtx_config.o
    0x000897a8   0x00000008   Data   RO          357    .constdata          rtx_config.o
    0x000897b0   0x00000002   Data   RO          358    .constdata          rtx_config.o
    0x000897b2   0x00000002   PAD
    0x000897b4   0x00000004   Data   RO          359    .constdata          rtx_config.o
    0x000897b8   0x00000001   Data   RO          360    .constdata          rtx_config.o
    0x000897b9   0x00000001   PAD
    0x000897ba   0x00000002   Data   RO          361    .constdata          rtx_config.o
    0x000897bc   0x000000aa   Data   RO          403    .constdata          ht1622.o
    0x00089866   0x00000510   Data   RO          424    .constdata          hmi.o
    0x00089d76   0x00000002   PAD
    0x00089d78   0x00000038   Data   RO         1097    .constdata          m_ts.l(log.o)(m_ts.l)
    0x00089db0   0x00000008   Data   RO         1154    .constdata          m_ts.l(qnan.o)(m_ts.l)
    0x00089db8   0x00000020   Data   RO         1329    Region$$Table       anon$$obj.o
    0x00089dd8   0x00005628   PAD
    0x0008f400   0x00000200   Data   RO           12    .ARM.__AT_0x0008F400  main.o


==============================================================================

Image component sizes


      Code (inc. data)   RO Data    RW Data    ZI Data      Debug   Object Name

      1472         70          0          6          0          0   calc.o
       508         10          0          0          0          0   ds18b20.o
     15476       1302       1296         44       3951          0   hmi.o
      3004         98        170          1          0          0   ht1622.o
        76          4          0          0          0          0   iap.o
      1616        128        512         28        172          0   main.o
       642         60          0        116          0          0   mb.o
       820         18          0         16          0          0   mbascii.o
        52          6        512          0          0          0   mbcrc.o
       324          6          0          0          0          0   mbfunccoils.o
       124          6          0          0          0          0   mbfuncdisc.o
       396          0          0          0          0          0   mbfuncholding.o
       100          0          0          0          0          0   mbfuncinput.o
       576         14          0         12        256          0   mbrtu.o
       110          0          0          0          0          0   mbutils.o
       232          8          0          0          0          0   pid.o
        52          6          0          2          0          0   portevent.o
       336         38          0          1          0          0   portserial.o
       116         30          0          4          0          0   porttimer.o
       344         48         27         12       2936          0   rtx_config.o
       236         56          0          0        176          0   startup.o

    ----------------------------------------------------------------------
     26636       1908      24612        248       7496          0   Object Totals
        20          0         32          0          0          0   (incl. Generated)
         4          0      22063          6          5          2   (incl. Padding)

    ----------------------------------------------------------------------

      Code (inc. data)   RO Data    RW Data    ZI Data      Debug   Library Member Name

       656         62          0          4          0          0   hal_arm.o
       268         16          0          0          0          0   rt_event.o
       476         28          0          0         48          0   rt_list.o
       136          4          0          0          0          0   rt_mailbox.o
       112          0          0          0          0          0   rt_membox.o
       348         18          0          0          0          0   rt_mutex.o
        92         20          0          8          0          0   rt_robin.o
        56          6          0          0          0          0   rt_semaphore.o
       204         22          0          8          0          0   rt_system.o
       772        136          0          4         48          0   rt_task.o
       104         18          0          2          0          0   rt_time.o
        68         10          0          8          0          0   rt_timer.o
        36         36          0          0          0          0   swi_table.o
         8          0          0          0          0          0   __main.o
        60          8          0          0          0          0   __scatter.o
        40          0          0          0          0          0   __scatter_copy.o
        44          0          0          0          0          0   __scatter_zi.o
        34          0          0          0          0          0   _rserrno.o
        16          0          0          0          0          0   abort.o
       428          0          0          0          0          0   aeabi_sdiv.o
        52         34          0          0          0          0   defsig_abrt_inner.o
        16          0          0          0          0          0   defsig_abrt_outer.o
        16          0          0          0          0          0   defsig_exit.o
        56          0          0          0          0          0   defsig_general.o
        12          0          0          0          0          0   exit.o
         6          0          0          0          0          0   heapauxi.o
        14          0          0          0          0          0   libinit.o
        12          0          0          0          0          0   libinit2.o
        12          0          0          0          0          0   libshutdown.o
         6          0          0          0          0          0   libshutdown2.o
        12          4          0          0         96          0   libspace.o
         8          0          0          0          0          0   rt_errno_addr_twolibspace.o
        20          0          0          0          0          0   rt_fp_status_addr_twolibspace.o
         0          0          0          0          0          0   rtentry.o
        44          4          0          0          0          0   rtentry2.o
         8          0          0          0          0          0   rtentry4.o
         8          0          0          0          0          0   rtexit.o
        12          0          0          0          0          0   rtexit2.o
        20          4          0          0          0          0   sys_exit.o
        96          0          0          0          0          0   sys_stackheap_outer.o
        16          0          0          0          0          0   sys_wrch.o
        36          0          0          0          0          0   uread4.o
         4          0          0          0          0          0   use_no_semi.o
        36          0          0          0          0          0   uwrite4.o
       112          4          0          0          0          0   d2f.o
       944         16          0          0          0          0   daddsub_noclz.o
        16          4          0          0          0          0   dcheck1.o
        28          0          0          0          0          0   dcmpi.o
       740        140          0          0          0          0   ddiv.o
       148          4          0          0          0          0   deqf.o
        92          0          0          0          0          0   dflt_noclz.o
       388         16          0          0          0          0   dmul.o
       192          0          0          0          0          0   dnaninf.o
        16          0          0          0          0          0   dretinf.o
       520         56          0          0          0          0   dsqrt_noumaal.o
       104          4          0          0          0          0   f2d.o
       532          8          0          0          0          0   faddsub_noclz.o
        12          4          0          0          0          0   fcheck1.o
       404         76          0          0          0          0   fdiv.o
        72          4          0          0          0          0   ffix.o
        88          4          0          0          0          0   ffixu.o
       108          0          0          0          0          0   fflt_noclz.o
       260          4          0          0          0          0   fmul.o
       168          0          0          0          0          0   fnaninf.o
        28          0          0          0          0          0   fpinit.o
        16          0          0          0          0          0   fretinf.o
       116          0          0          0          0          0   retnan.o
       108          0          0          0          0          0   scalbn.o
       100          0          0          0          0          0   scalbnf.o
        60          0          0          0          0          0   trapv.o
         0          0          0          0          0          0   usenofp.o
      1428         32         56          0          0          0   log.o
       256          0          0          0          0          0   poly.o
         0          0          8          0          0          0   qnan.o
       112          0          0          0          0          0   sqrt.o

    ----------------------------------------------------------------------
     11664        806         64         36        196          0   Library Totals
        16          0          0          2          4          0   (incl. Padding)

    ----------------------------------------------------------------------

      Code (inc. data)   RO Data    RW Data    ZI Data      Debug   Library Name

      3328        376          0         34         96      24918   RTX_ARM_L.lib
      1152         54          0          0         96       1536   c_t.l
      5372        344          0          0          0       2820   fz_ts.l
      1796         32         64          0          0        548   m_ts.l

    ----------------------------------------------------------------------
     11664        806         64         36        196          0   Library Totals

    ----------------------------------------------------------------------

==============================================================================


      Code (inc. data)   RO Data    RW Data    ZI Data      Debug   

     38300       2714      24676        284       7692     128856   Grand Totals
     38300       2714      24676        284       7692     128856   ELF Image Totals
     38300       2714      24676        284          0          0   ROM Totals

==============================================================================

    Total RO  Size (Code + RO Data)                62976 (  61.50kB)
    Total RW  Size (RW Data + ZI Data)              7976 (   7.79kB)
    Total ROM Size (Code + RO Data + RW Data)      63260 (  61.78kB)

==============================================================================

