ARM Linker, 4.1 [Build 481] [Standard]

==============================================================================

Section Cross References

    startup.o(STACK) refers (Special) to heapauxi.o(.text) for __use_two_region_memory
    startup.o(HEAP) refers (Special) to heapauxi.o(.text) for __use_two_region_memory
    startup.o(RESET) refers (Special) to heapauxi.o(.text) for __use_two_region_memory
    startup.o(RESET) refers to hal_arm.o(.emb_text) for SWI_Handler
    startup.o(RESET) refers to rtx_config.o(.emb_text) for IRQ_Handler
    startup.o(RESET) refers to startup.o(STACK) for Stack_Top
    startup.o(RESET) refers to __main.o(!!!main) for __main
    startup.o(.text) refers (Special) to heapauxi.o(.text) for __use_two_region_memory
    startup.o(.text) refers to startup.o(HEAP) for Heap_Mem
    startup.o(.text) refers to startup.o(STACK) for Stack_Mem
    main.o(.text) refers to rt_time.o(i.os_itv_set) for os_itv_set
    main.o(.text) refers to rt_time.o(i.os_itv_wait) for os_itv_wait
    main.o(.text) refers to rt_time.o(i.os_dly_wait) for os_dly_wait
    main.o(.text) refers to mb.o(.text) for eMBPoll
    main.o(.text) refers to hmi.o(.text) for HMI_Handler
    main.o(.text) refers to iap.o(.text) for Init_FEE
    main.o(.text) refers to rt_task.o(i.os_tsk_create0) for os_tsk_create0
    main.o(.text) refers to rt_task.o(i.os_tsk_delete) for os_tsk_delete
    main.o(.text) refers to hal_arm.o(.emb_text) for os_sys_init0
    main.o(.text) refers to main.o(.bss) for .bss
    main.o(.text) refers to main.o(.ARM.__AT_0x0008F400) for .ARM.__AT_0x0008F400
    main.o(.text) refers to main.o(.data) for .data
    portevent.o(.text) refers to portevent.o(.data) for .data
    portserial.o(.text) refers to aeabi_sdiv.o(.text_udiv) for __aeabi_uidivmod
    portserial.o(.text) refers to portserial.o(.data) for .data
    portserial.o(.text) refers to mb.o(.data) for pxMBFrameCBTransmitterEmpty
    porttimer.o(.text) refers to porttimer.o(.data) for .data
    porttimer.o(.text) refers to mb.o(.data) for pxMBPortCBTimerExpired
    mb.o(.text) refers to mbrtu.o(.text) for eMBRTUInit
    mb.o(.text) refers to mbascii.o(.text) for eMBASCIIInit
    mb.o(.text) refers to portevent.o(.text) for xMBPortEventInit
    mb.o(.text) refers to mb.o(i.__ARM_common_disable_irq) for __ARM_common_disable_irq
    mb.o(.text) refers to mb.o(i.__ARM_common_enable_irq) for __ARM_common_enable_irq
    mb.o(.text) refers to mb.o(i.__ARM_common_call_via_r0) for __ARM_common_call_via_r0
    mb.o(.text) refers to mb.o(i.__ARM_common_call_via_r3) for __ARM_common_call_via_r3
    mb.o(.text) refers to mb.o(i.__ARM_common_call_via_r2) for __ARM_common_call_via_r2
    mb.o(.text) refers to mb.o(.data) for .data
    mb.o(.data) refers to mbfuncother.o(.text) for eMBFuncReportSlaveID
    mb.o(.data) refers to mbfuncinput.o(.text) for eMBFuncReadInputRegister
    mb.o(.data) refers to mbfuncholding.o(.text) for eMBFuncReadHoldingRegister
    mb.o(.data) refers to mbfunccoils.o(.text) for eMBFuncReadCoils
    mb.o(.data) refers to mbfuncdisc.o(.text) for eMBFuncReadDiscreteInputs
    mbascii.o(.text) refers to mb.o(i.__ARM_common_disable_irq) for __ARM_common_disable_irq
    mbascii.o(.text) refers to portserial.o(.text) for xMBPortSerialInit
    mbascii.o(.text) refers to porttimer.o(.text) for xMBPortTimersInit
    mbascii.o(.text) refers to mb.o(i.__ARM_common_enable_irq) for __ARM_common_enable_irq
    mbascii.o(.text) refers to portevent.o(.text) for xMBPortEventPost
    mbascii.o(.text) refers to porttimer.o(i.vMBPortTimersDisable) for vMBPortTimersDisable
    mbascii.o(.text) refers to abort.o(.text) for abort
    mbascii.o(.text) refers to porttimer.o(i.vMBPortTimersEnable) for vMBPortTimersEnable
    mbascii.o(.text) refers to mbascii.o(i.__ARM_common_switch8) for __ARM_common_switch8
    mbascii.o(.text) refers to mbascii.o(.data) for .data
    mbascii.o(.data) refers to mbrtu.o(.bss) for ucRTUBuf
    mbcrc.o(.text) refers to mbcrc.o(.constdata) for .constdata
    mbrtu.o(.text) refers to mb.o(i.__ARM_common_disable_irq) for __ARM_common_disable_irq
    mbrtu.o(.text) refers to portserial.o(.text) for xMBPortSerialInit
    mbrtu.o(.text) refers to aeabi_sdiv.o(.text_udiv) for __aeabi_uidivmod
    mbrtu.o(.text) refers to porttimer.o(.text) for xMBPortTimersInit
    mbrtu.o(.text) refers to mb.o(i.__ARM_common_enable_irq) for __ARM_common_enable_irq
    mbrtu.o(.text) refers to porttimer.o(i.vMBPortTimersEnable) for vMBPortTimersEnable
    mbrtu.o(.text) refers to porttimer.o(i.vMBPortTimersDisable) for vMBPortTimersDisable
    mbrtu.o(.text) refers to abort.o(.text) for abort
    mbrtu.o(.text) refers to mbcrc.o(.text) for usMBCRC16
    mbrtu.o(.text) refers to portevent.o(.text) for xMBPortEventPost
    mbrtu.o(.text) refers to mbrtu.o(.data) for .data
    mbrtu.o(.text) refers to mbrtu.o(.bss) for .bss
    mbfunccoils.o(.text) refers to main.o(.text) for eMBRegCoilsCB
[...]
    ..\modbus\functions\mbfuncother.c        0x00000000   Number         0  mbfuncother.o ABSOLUTE
    ..\modbus\functions\mbutils.c            0x00000000   Number         0  mbutils.o ABSOLUTE
    ..\modbus\mb.c                           0x00000000   Number         0  mb.o ABSOLUTE
    ..\modbus\rtu\mbcrc.c                    0x00000000   Number         0  mbcrc.o ABSOLUTE
    ..\modbus\rtu\mbrtu.c                    0x00000000   Number         0  mbrtu.o ABSOLUTE
    ..\rtos\RTX_Config.c                     0x00000000   Number         0  rtx_config.o ABSOLUTE
    ..\src\Hmi.c                             0x00000000   Number         0  hmi.o ABSOLUTE
    ..\src\Startup.s                         0x00000000   Number         0  startup.o ABSOLUTE
    ..\src\main.c                            0x00000000   Number         0  main.o ABSOLUTE
    SRC\ARM\HAL_ARM.c                        0x00000000   Number         0  hal_arm.o ABSOLUTE
    SRC\ARM\SWI_Table.s                      0x00000000   Number         0  swi_table.o ABSOLUTE
    SRC\ARM\rt_Event.c                       0x00000000   Number         0  rt_event.o ABSOLUTE
    SRC\ARM\rt_List.c                        0x00000000   Number         0  rt_list.o ABSOLUTE
    SRC\ARM\rt_Mailbox.c                     0x00000000   Number         0  rt_mailbox.o ABSOLUTE
    SRC\ARM\rt_MemBox.c                      0x00000000   Number         0  rt_membox.o ABSOLUTE
    SRC\ARM\rt_Mutex.c                       0x00000000   Number         0  rt_mutex.o ABSOLUTE
    SRC\ARM\rt_Robin.c                       0x00000000   Number         0  rt_robin.o ABSOLUTE
    SRC\ARM\rt_Semaphore.c                   0x00000000   Number         0  rt_semaphore.o ABSOLUTE
    SRC\ARM\rt_System.c                      0x00000000   Number         0  rt_system.o ABSOLUTE
    SRC\ARM\rt_Task.c                        0x00000000   Number         0  rt_task.o ABSOLUTE
    SRC\ARM\rt_Time.c                        0x00000000   Number         0  rt_time.o ABSOLUTE
    SRC\ARM\rt_Timer.c                       0x00000000   Number         0  rt_timer.o ABSOLUTE
    SRC\\ARM\\HAL_ARM.c                      0x00000000   Number         0  hal_arm.o ABSOLUTE
    SRC\\ARM\\rt_System.c                    0x00000000   Number         0  rt_system.o ABSOLUTE
    dc.s                                     0x00000000   Number         0  dc.o ABSOLUTE
    .data                                    0x00010000   Section       20  main.o(.data)
    .data                                    0x00010014   Section        2  portevent.o(.data)
    eQueuedEvent                             0x00010014   Data           1  portevent.o(.data)
    xEventInQueue                            0x00010015   Data           1  portevent.o(.data)
    .data                                    0x00010016   Section        1  portserial.o(.data)
    ucCOMIID0                                0x00010016   Data           1  portserial.o(.data)
    .data                                    0x00010018   Section        4  porttimer.o(.data)
    mb_timer                                 0x00010018   Data           4  porttimer.o(.data)
    .data                                    0x0001001c   Section      172  mb.o(.data)
    eMBState                                 0x0001001c   Data           1  mb.o(.data)
    ucRcvAddress                             0x0001001d   Data           1  mb.o(.data)
    ucFunctionCode                           0x0001001e   Data           1  mb.o(.data)
    eException                               0x0001001f   Data           1  mb.o(.data)
    ucMBAddress                              0x00010020   Data           1  mb.o(.data)
    eMBCurrentMode                           0x00010021   Data           1  mb.o(.data)
    usLength                                 0x00010022   Data           2  mb.o(.data)
    ucMBFrame                                0x00010024   Data           4  mb.o(.data)
    peMBFrameSendCur                         0x00010028   Data           4  mb.o(.data)
    pvMBFrameStartCur                        0x0001002c   Data           4  mb.o(.data)
    pvMBFrameStopCur                         0x00010030   Data           4  mb.o(.data)
    peMBFrameReceiveCur                      0x00010034   Data           4  mb.o(.data)
    pvMBFrameCloseCur                        0x00010038   Data           4  mb.o(.data)
    xFuncHandlers                            0x00010048   Data         128  mb.o(.data)
    .data                                    0x000100c8   Section       16  mbascii.o(.data)
    eSndState                                0x000100c8   Data           1  mbascii.o(.data)
    eRcvState                                0x000100c9   Data           1  mbascii.o(.data)
    eBytePos                                 0x000100ca   Data           1  mbascii.o(.data)
    ucMBLFCharacter                          0x000100cb   Data           1  mbascii.o(.data)
    usRcvBufferPos                           0x000100cc   Data           2  mbascii.o(.data)
    usSndBufferCount                         0x000100ce   Data           2  mbascii.o(.data)
    ucASCIIBuf                               0x000100d0   Data           4  mbascii.o(.data)
    pucSndBufferCur                          0x000100d4   Data           4  mbascii.o(.data)
    .data                                    0x000100d8   Section       12  mbrtu.o(.data)
    eSndState                                0x000100d8   Data           1  mbrtu.o(.data)
    eRcvState                                0x000100d9   Data           1  mbrtu.o(.data)
    usSndBufferCount                         0x000100da   Data           2  mbrtu.o(.data)
    usRcvBufferPos                           0x000100dc   Data           2  mbrtu.o(.data)
    pucSndBufferCur                          0x000100e0   Data           4  mbrtu.o(.data)
    .data                                    0x000100e4   Section        2  mbfuncother.o(.data)
    usMBSlaveIDLen                           0x000100e4   Data           2  mbfuncother.o(.data)
    .data                                    0x000100e8   Section        4  rtx_config.o(.data)
    .data                                    0x000100ec   Section        8  rtx_config.o(.data)
    force_irq                                0x000100ec   Data           1  rtx_config.o(.data)
    nr_mutex                                 0x000100f0   Data           4  rtx_config.o(.data)
    .data                                    0x000100f4   Section        8  iap.o(.data)
    status                                   0x000100f4   Data           4  iap.o(.data)
    status                                   0x000100f8   Data           4  iap.o(.data)
    .data                                    0x000100fc   Section       28  hmi.o(.data)
    m_byPageNo                               0x000100fc   Data           1  hmi.o(.data)
    m_byCursorPos                            0x000100fd   Data           1  hmi.o(.data)
    _cnts                                    0x000100fe   Data           3  hmi.o(.data)
    nVal                                     0x00010104   Data           4  hmi.o(.data)
    .data                                    0x00010118   Section        4  rt_task.o(.data)
    .data                                    0x0001011c   Section        2  rt_time.o(.data)
    .data                                    0x00010120   Section        4  hal_arm.o(.data)
    .data                                    0x00010124   Section        8  rt_system.o(.data)
    .data                                    0x0001012c   Section        8  rt_robin.o(.data)
    .data                                    0x00010134   Section        8  rt_timer.o(.data)
    .bss                                     0x0001013c   Section      196  main.o(.bss)
    .bss                                     0x00010200   Section      256  mbrtu.o(.bss)
    .bss                                     0x00010300   Section       32  mbfuncother.o(.bss)
    ucMBSlaveID                              0x00010300   Data          32  mbfuncother.o(.bss)
    .bss                                     0x00010320   Section      300  rtx_config.o(.bss)
    .bss                                     0x00010450   Section     3544  rtx_config.o(.bss)
    .bss                                     0x00011228   Section      132  rtx_config.o(.bss)
    .bss                                     0x000112ac   Section       24  rtx_config.o(.bss)
    .bss                                     0x000112c4   Section      672  rtx_config.o(.bss)
    std_libspace                             0x000112c4   Data         576  rtx_config.o(.bss)
    std_libmutex                             0x00011504   Data          96  rtx_config.o(.bss)
    .bss                                     0x00011564   Section      192  hmi.o(.bss)
    m_bufKeyboard                            0x00011614   Data          16  hmi.o(.bss)
    .bss                                     0x00011624   Section       48  rt_task.o(.bss)
    .bss                                     0x00011654   Section       48  rt_list.o(.bss)
    .bss                                     0x00011684   Section       96  libspace.o(.bss)
    HEAP                                     0x000116e8   Section        0  startup.o(HEAP)
    STACK                                    0x000116e8   Section     1152  startup.o(STACK)
    Heap_Mem                                 0x000116e8   Data           0  startup.o(HEAP)
    Stack_Mem                                0x000116e8   Data        1024  startup.o(STACK)
    Stack_Top                                0x00011b68   Data           0  startup.o(STACK)
    RESET                                    0x00080000   Section      204  startup.o(RESET)
    Undef_Handler                            0x00080040   ARM Code       4  startup.o(RESET)
    PAbt_Handler                             0x00080044   ARM Code       4  startup.o(RESET)
    DAbt_Handler                             0x00080048   ARM Code       4  startup.o(RESET)
    FIQ_Handler                              0x0008004c   ARM Code       4  startup.o(RESET)
    !!!main                                  0x000800cc   Section        8  __main.o(!!!main)
    !!!scatter                               0x000800d4   Section       60  __scatter.o(!!!scatter)
    !!dczerorl2                              0x00080110   Section       92  __dczerorl2.o(!!dczerorl2)
    _decompress_loop                         0x0008011b   Thumb Code     0  __dczerorl2.o(!!dczerorl2)
    _decompress_zerolen                      0x00080129   Thumb Code     0  __dczerorl2.o(!!dczerorl2)
    _decompress_litn                         0x00080131   Thumb Code     0  __dczerorl2.o(!!dczerorl2)
    _decompress_lit                          0x00080135   Thumb Code     0  __dczerorl2.o(!!dczerorl2)
    _decompress_copyorzero                   0x00080141   Thumb Code     0  __dczerorl2.o(!!dczerorl2)
    _decompress_zero                         0x00080149   Thumb Code     0  __dczerorl2.o(!!dczerorl2)
    _decompress_copyn                        0x00080153   Thumb Code     0  __dczerorl2.o(!!dczerorl2)
    _decompress_copy                         0x0008015b   Thumb Code     0  __dczerorl2.o(!!dczerorl2)
    _decompress_end                          0x00080167   Thumb Code     0  __dczerorl2.o(!!dczerorl2)
    !!handler_zi                             0x0008016c   Section       44  __scatter_zi.o(!!handler_zi)
    .ARM.Collect$$libinit$$00000000          0x000801a0   Section        6  libinit.o(.ARM.Collect$$libinit$$00000000)
    .ARM.Collect$$libinit$$00000006          0x000801a6   Section        0  libinit2.o(.ARM.Collect$$libinit$$00000006)
    .ARM.Collect$$libinit$$00000008          0x000801a6   Section        0  libinit2.o(.ARM.Collect$$libinit$$00000008)
    .ARM.Collect$$libinit$$0000000A          0x000801a6   Section        0  libinit2.o(.ARM.Collect$$libinit$$0000000A)
    .ARM.Collect$$libinit$$0000000D          0x000801a6   Section        0  libinit2.o(.ARM.Collect$$libinit$$0000000D)
    .ARM.Collect$$libinit$$0000000F          0x000801a6   Section        0  libinit2.o(.ARM.Collect$$libinit$$0000000F)
    .ARM.Collect$$libinit$$00000011          0x000801a6   Section        0  libinit2.o(.ARM.Collect$$libinit$$00000011)
    .ARM.Collect$$libinit$$00000013          0x000801a6   Section        0  libinit2.o(.ARM.Collect$$libinit$$00000013)
    .ARM.Collect$$libinit$$00000015          0x000801a6   Section        0  libinit2.o(.ARM.Collect$$libinit$$00000015)
    .ARM.Collect$$libinit$$00000017          0x000801a6   Section        0  libinit2.o(.ARM.Collect$$libinit$$00000017)
    .ARM.Collect$$libinit$$00000019          0x000801a6   Section        0  libinit2.o(.ARM.Collect$$libinit$$00000019)
    .ARM.Collect$$libinit$$0000001B          0x000801a6   Section        0  libinit2.o(.ARM.Collect$$libinit$$0000001B)
    .ARM.Collect$$libinit$$0000001D          0x000801a6   Section        0  libinit2.o(.ARM.Collect$$libinit$$0000001D)
    .ARM.Collect$$libinit$$0000001F          0x000801a6   Section        0  libinit2.o(.ARM.Collect$$libinit$$0000001F)
    .ARM.Collect$$libinit$$00000021          0x000801a6   Section        0  libinit2.o(.ARM.Collect$$libinit$$00000021)
    .ARM.Collect$$libinit$$00000028          0x000801a6   Section        0  libinit2.o(.ARM.Collect$$libinit$$00000028)
    .ARM.Collect$$libinit$$0000002A          0x000801a6   Section        0  libinit2.o(.ARM.Collect$$libinit$$0000002A)
    .ARM.Collect$$libinit$$0000002C          0x000801a6   Section        0  libinit2.o(.ARM.Collect$$libinit$$0000002C)
    .ARM.Collect$$libinit$$0000002E          0x000801a6   Section        0  libinit2.o(.ARM.Collect$$libinit$$0000002E)
    .ARM.Collect$$libinit$$0000002F          0x000801a6   Section       12  libinit2.o(.ARM.Collect$$libinit$$0000002F)
    .ARM.Collect$$libshutdown$$00000000      0x000801bc   Section        4  libshutdown.o(.ARM.Collect$$libshutdown$$00000000)
    .ARM.Collect$$libshutdown$$00000003      0x000801c0   Section        0  libshutdown2.o(.ARM.Collect$$libshutdown$$00000003)
    .ARM.Collect$$libshutdown$$00000006      0x000801c0   Section        0  libshutdown2.o(.ARM.Collect$$libshutdown$$00000006)
    .ARM.Collect$$libshutdown$$00000009      0x000801c0   Section        0  libshutdown2.o(.ARM.Collect$$libshutdown$$00000009)
    .ARM.Collect$$libshutdown$$0000000B      0x000801c0   Section        0  libshutdown2.o(.ARM.Collect$$libshutdown$$0000000B)
    .ARM.Collect$$libshutdown$$0000000E      0x000801c0   Section        0  libshutdown2.o(.ARM.Collect$$libshutdown$$0000000E)
    .ARM.Collect$$libshutdown$$0000000F      0x000801c0   Section        6  libshutdown2.o(.ARM.Collect$$libshutdown$$0000000F)
    .ARM.Collect$$rtentry$$00000000          0x000801c8   Section        0  rtentry.o(.ARM.Collect$$rtentry$$00000000)
    .ARM.Collect$$rtentry$$00000002          0x000801c8   Section        0  rtentry2.o(.ARM.Collect$$rtentry$$00000002)
    .ARM.Collect$$rtentry$$00000004          0x000801c8   Section        8  rtentry4.o(.ARM.Collect$$rtentry$$00000004)
    .ARM.Collect$$rtentry$$00000009          0x000801d0   Section        0  rtentry2.o(.ARM.Collect$$rtentry$$00000009)
    .ARM.Collect$$rtentry$$0000000A          0x000801d0   Section        4  rtentry2.o(.ARM.Collect$$rtentry$$0000000A)
    .ARM.Collect$$rtentry$$0000000C          0x000801d4   Section        0  rtentry2.o(.ARM.Collect$$rtentry$$0000000C)
    .ARM.Collect$$rtentry$$0000000D          0x000801d4   Section       40  rtentry2.o(.ARM.Collect$$rtentry$$0000000D)
    .ARM.Collect$$rtexit$$00000000           0x00080200   Section        4  rtexit.o(.ARM.Collect$$rtexit$$00000000)
    .ARM.Collect$$rtexit$$00000002           0x00080204   Section        0  rtexit2.o(.ARM.Collect$$rtexit$$00000002)
    .ARM.Collect$$rtexit$$00000003           0x00080204   Section        4  rtexit2.o(.ARM.Collect$$rtexit$$00000003)
    .ARM.Collect$$rtexit$$00000004           0x00080208   Section        8  rtexit2.o(.ARM.Collect$$rtexit$$00000004)
    .emb_text                                0x00080210   Section       72  rtx_config.o(.emb_text)
    .emb_text                                0x00080258   Section      488  hal_arm.o(.emb_text)
    Switch_task                              0x000803bc   ARM Code       0  hal_arm.o(.emb_text)
    .text                                    0x00080440   Section       32  startup.o(.text)
    .text                                    0x00080460   Section        0  main.o(.text)
    .text                                    0x00080704   Section        0  portevent.o(.text)
    .text                                    0x00080738   Section        0  portserial.o(.text)
    .text                                    0x00080820   Section        0  portserial.o(.text)
    .text                                    0x00080878   Section        0  porttimer.o(.text)
    .text                                    0x00080888   Section        0  porttimer.o(.text)
    .text                                    0x000808b8   Section        0  mb.o(.text)
    .text                                    0x00080b10   Section        0  mbascii.o(.text)
    prvucMBLRC                               0x00080de5   Thumb Code    34  mbascii.o(.text)
    prvucMBBIN2CHAR                          0x00080e07   Thumb Code    28  mbascii.o(.text)
    .text                                    0x00080e2c   Section        0  mbcrc.o(.text)
    .text                                    0x00080e60   Section        0  mbrtu.o(.text)
    .text                                    0x000810a0   Section        0  mbfunccoils.o(.text)
    .text                                    0x000811e4   Section        0  mbfuncdisc.o(.text)
    .text                                    0x00081260   Section        0  mbfuncholding.o(.text)
    .text                                    0x000813ec   Section        0  mbfuncinput.o(.text)
    .text                                    0x00081450   Section        0  mbfuncother.o(.text)
    .text                                    0x000814b8   Section        0  mbutils.o(.text)
    .text                                    0x00081530   Section        0  rtx_config.o(.text)
    .text                                    0x0008163c   Section        0  rtx_config.o(.text)
    __tagsym$$used                           0x0008163c   Number         0  rtx_config.o(.text)
    .text                                    0x00081640   Section        0  iap.o(.text)
    .text                                    0x000816a4   Section        0  ht1622.o(.text)
    SendBit_HT1622                           0x000816a5   Thumb Code    94  ht1622.o(.text)
    Reset_1622                               0x00081703   Thumb Code    70  ht1622.o(.text)
    Delay                                    0x00081ea1   Thumb Code    12  ht1622.o(.text)
    SENDCOMB                                 0x00081ead   Thumb Code    26  ht1622.o(.text)
    LCDWRITE_1622                            0x00081ec7   Thumb Code    32  ht1622.o(.text)
    Delay50ms                                0x00081ee7   Thumb Code    10  ht1622.o(.text)
    SENDCOMA                                 0x00081ef1   Thumb Code    26  ht1622.o(.text)
    .text                                    0x00081f3c   Section        0  hmi.o(.text)
    MenuKeyboardHandler                      0x00081f3d   Thumb Code   162  hmi.o(.text)
    MainMenu_KeyboardHandler                 0x00081fdf   Thumb Code     2  hmi.o(.text)
    MainMenu_DisplayHandler                  0x00081fe1   Thumb Code    14  hmi.o(.text)
    ZeroConfig_KeyboardHandler               0x00081fef   Thumb Code   104  hmi.o(.text)
    ZeroConfig_DisplayHandler                0x00082057   Thumb Code    62  hmi.o(.text)
    ZeroConfig_OpeningHandler                0x00082095   Thumb Code    26  hmi.o(.text)
    DispConfig_KeyboardHandler               0x000820af   Thumb Code    76  hmi.o(.text)
    DispConfig_DisplayHandler                0x000820fb   Thumb Code    60  hmi.o(.text)
    DispConfig_OpeningHandler                0x00082137   Thumb Code    20  hmi.o(.text)
    Display                                  0x000821f5   Thumb Code    84  hmi.o(.text)
    CheckKeyboard                            0x00082249   Thumb Code    86  hmi.o(.text)
    OnKeyUp                                  0x0008229f   Thumb Code    98  hmi.o(.text)
    .text                                    0x00082340   Section       12  libspace.o(.text)
    .text                                    0x0008234c   Section        0  abort.o(.text)
    .text                                    0x00082360   Section      212  rt_memcpy.o(.text)
    .text                                    0x00082438   Section      384  aeabi_sdiv.o(.text)
    __arm_div8                               0x00082464   ARM Code       0  aeabi_sdiv.o(.text)
    __arm_div5                               0x00082488   ARM Code       0  aeabi_sdiv.o(.text)
    __arm_div2                               0x000824ac   ARM Code       0  aeabi_sdiv.o(.text)
    __arm_div_large                          0x000824e8   ARM Code       0  aeabi_sdiv.o(.text)
    .text                                    0x000825b8   Section        0  heapauxi.o(.text)
    .text                                    0x000825c8   Section        0  sys_exit.o(.text)
    .text                                    0x000825d4   Section        0  defsig_abrt_outer.o(.text)
    .text                                    0x000825e4   Section      100  rt_memcpy_w.o(.text)
    .text                                    0x00082648   Section        4  use_no_semi.o(.text)
    .text                                    0x0008264c   Section        0  defsig_exit.o(.text)
    .text                                    0x0008265c   Section        0  defsig_abrt_inner.o(.text)
    .text                                    0x00082690   Section       96  sys_stackheap_outer.o(.text)
    .text                                    0x000826f0   Section        0  exit.o(.text)
    .text                                    0x000826fc   Section        0  defsig_general.o(.text)
    .text                                    0x00082734   Section        0  sys_wrch.o(.text)
    .text                                    0x00082744   Section       20  rt_fp_status_addr_twolibspace.o(.text)
    .text_udiv                               0x0008275c   Section       36  aeabi_sdiv.o(.text_udiv)
    SWI_TABLE                                0x00082780   Section       36  swi_table.o(SWI_TABLE)
    i.__ARM_common_call_via_r0               0x000827a4   Section        0  mb.o(i.__ARM_common_call_via_r0)
    i.__ARM_common_call_via_r2               0x000827a6   Section        0  mb.o(i.__ARM_common_call_via_r2)
    i.__ARM_common_call_via_r3               0x000827a8   Section        0  mb.o(i.__ARM_common_call_via_r3)
    i.__ARM_common_disable_irq               0x000827b0   Section        0  mb.o(i.__ARM_common_disable_irq)
    i.__ARM_common_enable_irq                0x000827c8   Section        0  mb.o(i.__ARM_common_enable_irq)
    i.__ARM_common_switch8                   0x000827dc   Section        0  mbascii.o(i.__ARM_common_switch8)
    i.__SWI_0                                0x000827f4   Section        0  hal_arm.o(i.__SWI_0)
    i.__SWI_1                                0x00082824   Section        0  rt_membox.o(i.__SWI_1)
    i.__SWI_2                                0x00082832   Section        0  rt_membox.o(i.__SWI_2)
    i.__SWI_3                                0x0008284a   Section        0  hal_arm.o(i.__SWI_3)
    i.__SWI_4                                0x00082852   Section        0  hal_arm.o(i.__SWI_4)
    i.__SWI_6                                0x0008285a   Section        0  hal_arm.o(i.__SWI_6)
    i.__SWI_7                                0x0008285c   Section        0  hal_arm.o(i.__SWI_7)
    i._init_box                              0x0008285e   Section        0  rt_membox.o(i._init_box)
    i.os_block                               0x000828a8   Section        0  rt_task.o(i.os_block)
    i.os_chk_robin                           0x000828f0   Section        0  rt_robin.o(i.os_chk_robin)
    i.os_dec_dly                             0x00082934   Section        0  rt_list.o(i.os_dec_dly)
    i.os_dispatch                            0x000829b0   Section        0  rt_task.o(i.os_dispatch)
    i.os_dly_wait                            0x000829f4   Section        0  rt_time.o(i.os_dly_wait)
    i.os_evt_psh                             0x00082a0c   Section        0  rt_event.o(i.os_evt_psh)
    i.os_get_first                           0x00082a5c   Section        0  rt_list.o(i.os_get_first)
    i.os_init_context                        0x00082a88   Section        0  rt_task.o(i.os_init_context)
    os_init_context                          0x00082a89   Thumb Code    66  rt_task.o(i.os_init_context)
    i.os_init_robin                          0x00082ad0   Section        0  rt_robin.o(i.os_init_robin)
    i.os_init_stack                          0x00082ae8   Section        0  hal_arm.o(i.os_init_stack)
    i.os_itv_set                             0x00082b4c   Section        0  rt_time.o(i.os_itv_set)
    i.os_itv_wait                            0x00082b64   Section        0  rt_time.o(i.os_itv_wait)
    i.os_mbx_psh                             0x00082b9c   Section        0  rt_mailbox.o(i.os_mbx_psh)
    i.os_mut_init                            0x00082c24   Section        0  rt_mutex.o(i.os_mut_init)
    i.os_mut_release                         0x00082c54   Section        0  rt_mutex.o(i.os_mut_release)
    i.os_mut_wait                            0x00082cfc   Section        0  rt_mutex.o(i.os_mut_wait)
    i.os_put_dly                             0x00082d80   Section        0  rt_list.o(i.os_put_dly)
    i.os_put_prio                            0x00082dd0   Section        0  rt_list.o(i.os_put_prio)
    i.os_put_rdy_first                       0x00082e10   Section        0  rt_list.o(i.os_put_rdy_first)
    i.os_resort_prio                         0x00082e24   Section        0  rt_list.o(i.os_resort_prio)
    i.os_rmv_dly                             0x00082e58   Section        0  rt_list.o(i.os_rmv_dly)
    i.os_rmv_list                            0x00082e84   Section        0  rt_list.o(i.os_rmv_list)
    i.os_sem_psh                             0x00082eb8   Section        0  rt_semaphore.o(i.os_sem_psh)
    i.os_stk_check                           0x00082ef0   Section        0  hal_arm.o(i.os_stk_check)
    i.os_sys_init1                           0x00082f1c   Section        0  rt_task.o(i.os_sys_init1)
    i.os_sys_manager                         0x00083004   Section        0  rt_system.o(i.os_sys_manager)
    i.os_tmr_tick                            0x000830d0   Section        0  rt_timer.o(i.os_tmr_tick)
    i.os_tsk_create0                         0x00083114   Section        0  rt_task.o(i.os_tsk_create0)
    i.os_tsk_delete                          0x000831a4   Section        0  rt_task.o(i.os_tsk_delete)
    i.os_tsk_self                            0x0008324c   Section        0  rt_task.o(i.os_tsk_self)
    i.vMBPortTimersDisable                   0x0008325c   Section        0  porttimer.o(i.vMBPortTimersDisable)
    i.vMBPortTimersEnable                    0x0008326c   Section        0  porttimer.o(i.vMBPortTimersEnable)
    x$fpl$d2f                                0x00083294   Section      108  d2f.o(x$fpl$d2f)
    x$fpl$dadd                               0x00083304   Section      336  daddsub_noclz.o(x$fpl$dadd)
    _dadd1                                   0x00083314   ARM Code       0  daddsub_noclz.o(x$fpl$dadd)
    x$fpl$dnaninf                            0x00083454   Section      192  dnaninf.o(x$fpl$dnaninf)
    x$fpl$dretinf                            0x00083514   Section       16  dretinf.o(x$fpl$dretinf)
    x$fpl$dsub                               0x00083524   Section      580  daddsub_noclz.o(x$fpl$dsub)
    _dsub1                                   0x00083534   ARM Code       0  daddsub_noclz.o(x$fpl$dsub)
    x$fpl$f2d                                0x0008376c   Section      100  f2d.o(x$fpl$f2d)
    x$fpl$fadd                               0x000837d4   Section      196  faddsub_noclz.o(x$fpl$fadd)
    _fadd1                                   0x000837e0   ARM Code       0  faddsub_noclz.o(x$fpl$fadd)
    x$fpl$ffix                               0x0008389c   Section       68  ffix.o(x$fpl$ffix)
    x$fpl$fmul                               0x000838e4   Section      256  fmul.o(x$fpl$fmul)
    x$fpl$fnaninf                            0x000839e4   Section      168  fnaninf.o(x$fpl$fnaninf)
    x$fpl$fpinit                             0x00083a90   Section       24  fpinit.o(x$fpl$fpinit)
    x$fpl$fretinf                            0x00083aa8   Section       16  fretinf.o(x$fpl$fretinf)
    x$fpl$fsub                               0x00083ab8   Section      304  faddsub_noclz.o(x$fpl$fsub)
    _fsub1                                   0x00083ac4   ARM Code       0  faddsub_noclz.o(x$fpl$fsub)
    .constdata                               0x00083be8   Section      512  mbcrc.o(.constdata)
    x$fpl$usenofp                            0x00083be8   Section        0  usenofp.o(x$fpl$usenofp)
    aucCRCHi                                 0x00083be8   Data         256  mbcrc.o(.constdata)
    aucCRCLo                                 0x00083ce8   Data         256  mbcrc.o(.constdata)
    .constdata                               0x00083de8   Section        2  rtx_config.o(.constdata)
    .constdata                               0x00083dec   Section        4  rtx_config.o(.constdata)
    .constdata                               0x00083df0   Section        4  rtx_config.o(.constdata)
    .constdata                               0x00083df4   Section        8  rtx_config.o(.constdata)
    __tagsym$$used                           0x00083df4   Number         0  rtx_config.o(.constdata)
    __tagsym$$used                           0x00083df8   Number         0  rtx_config.o(.constdata)
    .constdata                               0x00083dfc   Section        2  rtx_config.o(.constdata)
    .constdata                               0x00083e00   Section        4  rtx_config.o(.constdata)
    .constdata                               0x00083e04   Section        1  rtx_config.o(.constdata)
    .constdata                               0x00083e06   Section        2  rtx_config.o(.constdata)
    .constdata                               0x00083e08   Section      130  ht1622.o(.constdata)
    .constdata                               0x00083e8c   Section       38  hmi.o(.constdata)
    .ARM.__AT_0x0008F400                     0x0008f400   Section      164  main.o(.ARM.__AT_0x0008F400)

    Global Symbols

    Symbol Name                              Value     Ov Type        Size  Object(Section)

    BuildAttributes$$THM_ISAv1$ARM_ISAv4$S$PE$A:L22$X:L11$S22$IEEE1$IW$USESV6$~STKCKD$USESV7$~SHL$OSPACE$ROPI$EBA8$UX$STANDARDLIB$REQ8$PRES8$EABIv2 0x00000000   Number         0  anon$$obj.o ABSOLUTE
    __ARM_use_no_argv                        0x00000000   Number         0  main.o ABSOLUTE
    __ARM_exceptions_init                     - Undefined Weak Reference
    __alloca_initialize                       - Undefined Weak Reference
    __cpp_initialize__aeabi_                  - Undefined Weak Reference
    __cxa_finalize                            - Undefined Weak Reference
    __rt_locale                               - Undefined Weak Reference
    __sigvec_lookup                           - Undefined Weak Reference
    _atexit_init                              - Undefined Weak Reference
    _call_atexit_fns                          - Undefined Weak Reference
    _clock_init                               - Undefined Weak Reference
    _fp_trap_init                             - Undefined Weak Reference
    _fp_trap_shutdown                         - Undefined Weak Reference
    _get_lc_collate                           - Undefined Weak Reference
    _get_lc_ctype                             - Undefined Weak Reference
    _get_lc_monetary                          - Undefined Weak Reference
    _get_lc_numeric                           - Undefined Weak Reference
    _get_lc_time                              - Undefined Weak Reference
    _getenv_init                              - Undefined Weak Reference
    _handle_redirection                       - Undefined Weak Reference
    _init_alloc                               - Undefined Weak Reference
    _init_user_alloc                          - Undefined Weak Reference
    _initio                                   - Undefined Weak Reference
    _rand_init                                - Undefined Weak Reference
    _signal_finish                            - Undefined Weak Reference
    _signal_init                              - Undefined Weak Reference
    _terminate_alloc                          - Undefined Weak Reference
    _terminate_user_alloc                     - Undefined Weak Reference
    _terminateio                              - Undefined Weak Reference
    os_tmr_reload                             - Undefined Weak Reference
    rt_init                                   - Undefined Weak Reference
    rt_notify                                 - Undefined Weak Reference
    rt_post_taskswitch                        - Undefined Weak Reference
    __RTX_ARM_VER                            0x00000413   Number         0  rt_system.o ABSOLUTE
    t_feeddog                                0x00010000   Data           4  main.o(.data)
    t_blink                                  0x00010004   Data           4  main.o(.data)
    t_modbus                                 0x00010008   Data           4  main.o(.data)
    t_adc                                    0x0001000c   Data           4  main.o(.data)
    t_hmi                                    0x00010010   Data           4  main.o(.data)
    pxMBFrameCBByteReceived                  0x0001003c   Data           4  mb.o(.data)
    pxMBFrameCBTransmitterEmpty              0x00010040   Data           4  mb.o(.data)
    pxMBPortCBTimerExpired                   0x00010044   Data           4  mb.o(.data)
    m_tmr                                    0x000100e8   Data           4  rtx_config.o(.data)
    m_mcbCurrent                             0x00010108   Data           8  hmi.o(.data)
    m_stackMenuCtlBlock                      0x00010110   Data           8  hmi.o(.data)
    os_runtask                               0x00010118   Data           4  rt_task.o(.data)
    os_time                                  0x0001011c   Data           2  rt_time.o(.data)
    sys_stktop                               0x00010120   Data           4  hal_arm.o(.data)
    os_psh                                   0x00010124   Data           8  rt_system.o(.data)
    os_robin                                 0x0001012c   Data           8  rt_robin.o(.data)
    os_tmr                                   0x00010134   Data           8  rt_timer.o(.data)
    g_UnitData                               0x0001013c   Data          32  main.o(.bss)
    g_UnitCfg                                0x0001015c   Data         164  main.o(.bss)
    ucRTUBuf                                 0x00010200   Data         256  mbrtu.o(.bss)
    mp_tcb                                   0x00010320   Data         300  rtx_config.o(.bss)
    mp_stk                                   0x00010450   Data        3544  rtx_config.o(.bss)
    os_fifo                                  0x00011228   Data         132  rtx_config.o(.bss)
    os_active_TCB                            0x000112ac   Data          24  rtx_config.o(.bss)
    m_aMenuItems                             0x00011564   Data         144  hmi.o(.bss)
    m_aMenuCtlBlocks                         0x000115f4   Data          32  hmi.o(.bss)
    os_idle_TCB                              0x00011624   Data          48  rt_task.o(.bss)
    os_rdy                                   0x00011654   Data          24  rt_list.o(.bss)
    os_dly                                   0x0001166c   Data          24  rt_list.o(.bss)
    __libspace_start                         0x00011684   Data          96  libspace.o(.bss)
    __temporary_stack_top$libspace           0x000116e4   Data           0  libspace.o(.bss)
    Reset_Handler                            0x00080050   ARM Code       0  startup.o(RESET)
    __main                                   0x000800cc   ARM Code       8  __main.o(!!!main)
    __scatterload                            0x000800d4   ARM Code       0  __scatter.o(!!!scatter)
    __scatterload_rt2                        0x000800d4   ARM Code      52  __scatter.o(!!!scatter)
    __scatterload_null                       0x000800e8   ARM Code       0  __scatter.o(!!!scatter)
    __decompress                             0x00080110   ARM Code      92  __dczerorl2.o(!!dczerorl2)
    __decompress1                            0x00080110   ARM Code       0  __dczerorl2.o(!!dczerorl2)
    __scatterload_zeroinit                   0x0008016c   ARM Code      44  __scatter_zi.o(!!handler_zi)
    Inline ARM to Thumb Veneer to __rt_lib_init 0x00080198   ARM Code       8  libinit.o(.ARM.Collect$$libinit$$00000000)
    __rt_lib_init                            0x000801a1   Thumb Code     0  libinit.o(.ARM.Collect$$libinit$$00000000)
    __rt_lib_init_alloca_1                   0x000801a7   Thumb Code     0  libinit2.o(.ARM.Collect$$libinit$$0000002A)
    __rt_lib_init_argv_1                     0x000801a7   Thumb Code     0  libinit2.o(.ARM.Collect$$libinit$$00000028)
    __rt_lib_init_atexit_1                   0x000801a7   Thumb Code     0  libinit2.o(.ARM.Collect$$libinit$$00000017)
    __rt_lib_init_clock_1                    0x000801a7   Thumb Code     0  libinit2.o(.ARM.Collect$$libinit$$0000001D)
    __rt_lib_init_cpp_1                      0x000801a7   Thumb Code     0  libinit2.o(.ARM.Collect$$libinit$$0000002E)
    __rt_lib_init_exceptions_1               0x000801a7   Thumb Code     0  libinit2.o(.ARM.Collect$$libinit$$0000002C)
    __rt_lib_init_fp_trap_1                  0x000801a7   Thumb Code     0  libinit2.o(.ARM.Collect$$libinit$$0000001B)
    __rt_lib_init_getenv_1                   0x000801a7   Thumb Code     0  libinit2.o(.ARM.Collect$$libinit$$0000001F)
    __rt_lib_init_heap_1                     0x000801a7   Thumb Code     0  libinit2.o(.ARM.Collect$$libinit$$00000006)
    __rt_lib_init_lc_collate_1               0x000801a7   Thumb Code     0  libinit2.o(.ARM.Collect$$libinit$$0000000D)
    __rt_lib_init_lc_ctype_1                 0x000801a7   Thumb Code     0  libinit2.o(.ARM.Collect$$libinit$$0000000F)
    __rt_lib_init_lc_monetary_1              0x000801a7   Thumb Code     0  libinit2.o(.ARM.Collect$$libinit$$00000011)
    __rt_lib_init_lc_numeric_1               0x000801a7   Thumb Code     0  libinit2.o(.ARM.Collect$$libinit$$00000013)
    __rt_lib_init_lc_time_1                  0x000801a7   Thumb Code     0  libinit2.o(.ARM.Collect$$libinit$$00000015)
    __rt_lib_init_rand_1                     0x000801a7   Thumb Code     0  libinit2.o(.ARM.Collect$$libinit$$0000000A)
    __rt_lib_init_return                     0x000801a7   Thumb Code     0  libinit2.o(.ARM.Collect$$libinit$$0000002F)
    __rt_lib_init_signal_1                   0x000801a7   Thumb Code     0  libinit2.o(.ARM.Collect$$libinit$$00000019)
    __rt_lib_init_stdio_1                    0x000801a7   Thumb Code     0  libinit2.o(.ARM.Collect$$libinit$$00000021)
    __rt_lib_init_user_alloc_1               0x000801a7   Thumb Code     0  libinit2.o(.ARM.Collect$$libinit$$00000008)
    Inline ARM to Thumb Veneer to __rt_lib_shutdown 0x000801b4   ARM Code       8  libshutdown.o(.ARM.Collect$$libshutdown$$00000000)
    __rt_lib_shutdown                        0x000801bd   Thumb Code     0  libshutdown.o(.ARM.Collect$$libshutdown$$00000000)
    __rt_lib_shutdown_fp_trap_1              0x000801c1   Thumb Code     0  libshutdown2.o(.ARM.Collect$$libshutdown$$00000006)
    __rt_lib_shutdown_heap_1                 0x000801c1   Thumb Code     0  libshutdown2.o(.ARM.Collect$$libshutdown$$0000000E)
    __rt_lib_shutdown_return                 0x000801c1   Thumb Code     0  libshutdown2.o(.ARM.Collect$$libshutdown$$0000000F)
    __rt_lib_shutdown_signal_1               0x000801c1   Thumb Code     0  libshutdown2.o(.ARM.Collect$$libshutdown$$00000009)
    __rt_lib_shutdown_stdio_1                0x000801c1   Thumb Code     0  libshutdown2.o(.ARM.Collect$$libshutdown$$00000003)
    __rt_lib_shutdown_user_alloc_1           0x000801c1   Thumb Code     0  libshutdown2.o(.ARM.Collect$$libshutdown$$0000000B)
    __rt_entry                               0x000801c8   ARM Code       0  rtentry.o(.ARM.Collect$$rtentry$$00000000)
    __rt_entry_presh_1                       0x000801c8   ARM Code       0  rtentry2.o(.ARM.Collect$$rtentry$$00000002)
    __rt_entry_sh                            0x000801c8   ARM Code       0  rtentry4.o(.ARM.Collect$$rtentry$$00000004)
    __rt_entry_li                            0x000801d0   ARM Code       0  rtentry2.o(.ARM.Collect$$rtentry$$0000000A)
    __rt_entry_postsh_1                      0x000801d0   ARM Code       0  rtentry2.o(.ARM.Collect$$rtentry$$00000009)
    __rt_entry_main                          0x000801d4   ARM Code       0  rtentry2.o(.ARM.Collect$$rtentry$$0000000D)
    __rt_entry_postli_1                      0x000801d4   ARM Code       0  rtentry2.o(.ARM.Collect$$rtentry$$0000000C)
    Inline Thumb to ARM Veneer to __rt_exit  0x000801fd   Thumb Code     4  rtexit.o(.ARM.Collect$$rtexit$$00000000)
    __rt_exit                                0x00080200   ARM Code       0  rtexit.o(.ARM.Collect$$rtexit$$00000000)
    __rt_exit_ls                             0x00080204   ARM Code       0  rtexit2.o(.ARM.Collect$$rtexit$$00000003)
    __rt_exit_prels_1                        0x00080204   ARM Code       0  rtexit2.o(.ARM.Collect$$rtexit$$00000002)
    __rt_exit_exit                           0x00080208   ARM Code       0  rtexit2.o(.ARM.Collect$$rtexit$$00000004)
    IRQ_Handler                              0x00080210   ARM Code      52  rtx_config.o(.emb_text)
    _inc_qi                                  0x00080259   Thumb Code    60  hal_arm.o(.emb_text)
    _dec_qc                                  0x00080295   Thumb Code    32  hal_arm.o(.emb_text)
    os_set_env                               0x000802b5   Thumb Code     8  hal_arm.o(.emb_text)
    os_sys_init0                             0x000802bd   Thumb Code    12  hal_arm.o(.emb_text)
    os_sys_run                               0x000802d1   Thumb Code    16  hal_arm.o(.emb_text)
    os_clock_interrupt                       0x000802e4   ARM Code     128  hal_arm.o(.emb_text)
    os_sys_manager_ret                       0x00080351   Thumb Code     0  hal_arm.o(.emb_text)
    SWI_Handler                              0x00080378   ARM Code     192  hal_arm.o(.emb_text)
    os_switch_tasks_ret                      0x000803b5   Thumb Code     0  hal_arm.o(.emb_text)
    __user_initial_stackheap                 0x00080440   ARM Code       0  startup.o(.text)
    feeddog                                  0x00080461   Thumb Code    18  main.o(.text)
    blink                                    0x00080473   Thumb Code    20  main.o(.text)
    modbus                                   0x00080487   Thumb Code    12  main.o(.text)
    GetADC                                   0x00080493   Thumb Code    78  main.o(.text)
    adc                                      0x000804e1   Thumb Code    28  main.o(.text)
    hmi                                      0x000804fd   Thumb Code    12  main.o(.text)
    ADCpoweron                               0x00080509   Thumb Code    16  main.o(.text)
    init                                     0x00080519   Thumb Code   242  main.o(.text)
    main                                     0x0008060b   Thumb Code    20  main.o(.text)
    eMBRegInputCB                            0x0008061f   Thumb Code    50  main.o(.text)
    eMBRegHoldingCB                          0x00080651   Thumb Code   106  main.o(.text)
    eMBRegCoilsCB                            0x000806bb   Thumb Code     4  main.o(.text)
    eMBRegDiscreteCB                         0x000806bf   Thumb Code     4  main.o(.text)
    xMBPortEventInit                         0x00080705   Thumb Code    10  portevent.o(.text)
    xMBPortEventPost                         0x0008070f   Thumb Code    12  portevent.o(.text)
    xMBPortEventGet                          0x0008071b   Thumb Code    24  portevent.o(.text)
    vMBPortSerialEnable                      0x00080739   Thumb Code    64  portserial.o(.text)
    xMBPortSerialInit                        0x00080779   Thumb Code   130  portserial.o(.text)
    xMBPortSerialPutByte                     0x000807fb   Thumb Code     8  portserial.o(.text)
    xMBPortSerialGetByte                     0x00080803   Thumb Code    10  portserial.o(.text)
    mb_uart_interrupt                        0x00080820   ARM Code      72  portserial.o(.text)
    xMBPortTimersInit                        0x00080879   Thumb Code    10  porttimer.o(.text)
    mb_timer2_interrupt                      0x00080888   ARM Code      40  porttimer.o(.text)
    eMBInit                                  0x000808b9   Thumb Code   138  mb.o(.text)
    eMBRegisterCB                            0x00080943   Thumb Code   110  mb.o(.text)
    eMBClose                                 0x000809b1   Thumb Code    34  mb.o(.text)
    eMBEnable                                0x000809d3   Thumb Code    30  mb.o(.text)
    eMBDisable                               0x000809f1   Thumb Code    32  mb.o(.text)
    eMBPoll                                  0x00080a11   Thumb Code   196  mb.o(.text)
    eMBASCIIInit                             0x00080b11   Thumb Code    60  mbascii.o(.text)
    eMBASCIIStart                            0x00080b4d   Thumb Code    36  mbascii.o(.text)
    eMBASCIIStop                             0x00080b71   Thumb Code    24  mbascii.o(.text)
    eMBASCIIReceive                          0x00080b89   Thumb Code    76  mbascii.o(.text)
    eMBASCIISend                             0x00080bd5   Thumb Code    80  mbascii.o(.text)
    xMBASCIIReceiveFSM                       0x00080c25   Thumb Code   230  mbascii.o(.text)
    xMBASCIITransmitFSM                      0x00080d0b   Thumb Code   176  mbascii.o(.text)
    xMBASCIITimerT1SExpired                  0x00080dbb   Thumb Code    42  mbascii.o(.text)
    usMBCRC16                                0x00080e2d   Thumb Code    46  mbcrc.o(.text)
    eMBRTUInit                               0x00080e61   Thumb Code    76  mbrtu.o(.text)
    eMBRTUStart                              0x00080ead   Thumb Code    34  mbrtu.o(.text)
    eMBRTUStop                               0x00080ecf   Thumb Code    24  mbrtu.o(.text)
    eMBRTUReceive                            0x00080ee7   Thumb Code    78  mbrtu.o(.text)
    eMBRTUSend                               0x00080f35   Thumb Code    90  mbrtu.o(.text)
    xMBRTUReceiveFSM                         0x00080f8f   Thumb Code   104  mbrtu.o(.text)
    xMBRTUTransmitFSM                        0x00080ff7   Thumb Code    94  mbrtu.o(.text)
    xMBRTUTimerT35Expired                    0x00081055   Thumb Code    62  mbrtu.o(.text)
    eMBFuncReadCoils                         0x000810a1   Thumb Code   120  mbfunccoils.o(.text)
    eMBFuncWriteCoil                         0x00081119   Thumb Code    92  mbfunccoils.o(.text)
    eMBFuncWriteMultipleCoils                0x00081175   Thumb Code   106  mbfunccoils.o(.text)
    eMBFuncReadDiscreteInputs                0x000811e5   Thumb Code   118  mbfuncdisc.o(.text)
    eMBFuncWriteHoldingRegister              0x00081261   Thumb Code    56  mbfuncholding.o(.text)
    eMBFuncWriteMultipleHoldingRegister      0x00081299   Thumb Code    86  mbfuncholding.o(.text)
    eMBFuncReadHoldingRegister               0x000812ef   Thumb Code    92  mbfuncholding.o(.text)
    eMBFuncReadWriteMultipleHoldingRegister  0x0008134b   Thumb Code   162  mbfuncholding.o(.text)
    eMBFuncReadInputRegister                 0x000813ed   Thumb Code   100  mbfuncinput.o(.text)
    eMBSetSlaveID                            0x00081451   Thumb Code    64  mbfuncother.o(.text)
    eMBFuncReportSlaveID                     0x00081491   Thumb Code    30  mbfuncother.o(.text)
    xMBUtilSetBits                           0x000814b9   Thumb Code    50  mbutils.o(.text)
    xMBUtilGetBits                           0x000814eb   Thumb Code    36  mbutils.o(.text)
    prveMBError2Exception                    0x0008150f   Thumb Code    24  mbutils.o(.text)
    Inline ARM to Thumb Veneer to __user_perthread_libspace 0x00081528   ARM Code       8  rtx_config.o(.text)
    os_idle_demon                            0x00081531   Thumb Code     2  rtx_config.o(.text)
    os_tmr_call                              0x00081533   Thumb Code     2  rtx_config.o(.text)
    os_error                                 0x00081535   Thumb Code     2  rtx_config.o(.text)
    os_tmr_init                              0x00081537   Thumb Code    12  rtx_config.o(.text)
    os_tmr_force_irq                         0x00081543   Thumb Code    26  rtx_config.o(.text)
    os_tmr_inspect_cnt                       0x0008155d   Thumb Code    10  rtx_config.o(.text)
    os_tmr_inspect_ovf                       0x00081567   Thumb Code    10  rtx_config.o(.text)
    os_irq_ack_lock                          0x00081571   Thumb Code    28  rtx_config.o(.text)
    __SWI_5                                  0x0008158d   Thumb Code     8  rtx_config.o(.text)
    tsk_unlock                               0x00081595   Thumb Code    28  rtx_config.o(.text)
    __user_perthread_libspace                0x000815b1   Thumb Code    30  rtx_config.o(.text)
    _mutex_initialize                        0x000815cf   Thumb Code    36  rtx_config.o(.text)
    _mutex_acquire                           0x000815f3   Thumb Code    24  rtx_config.o(.text)
    _mutex_release                           0x0008160b   Thumb Code    20  rtx_config.o(.text)
    os_def_interrupt                         0x0008163c   ARM Code       4  rtx_config.o(.text)
    Init_FEE                                 0x00081641   Thumb Code     8  iap.o(.text)
    EepromWr_n                               0x00081649   Thumb Code    82  iap.o(.text)
    display_char                             0x00081749   Thumb Code   782  ht1622.o(.text)
    digital                                  0x00081a57   Thumb Code   708  ht1622.o(.text)
    display_digital                          0x00081d1b   Thumb Code   116  ht1622.o(.text)
    clearLCD                                 0x00081d8f   Thumb Code    44  ht1622.o(.text)
    SENDCOMC                                 0x00081dbb   Thumb Code    26  ht1622.o(.text)
    initLCD_1622                             0x00081dd5   Thumb Code    32  ht1622.o(.text)
    floattochar                              0x00081df5   Thumb Code   172  ht1622.o(.text)
    HMI_Init                                 0x0008214b   Thumb Code   158  hmi.o(.text)
    HMI_Handler                              0x000821e9   Thumb Code    12  hmi.o(.text)
    __user_libspace                          0x00082340   ARM Code      12  libspace.o(.text)
    __user_perproc_libspace                  0x00082340   ARM Code       0  libspace.o(.text)
    abort                                    0x0008234d   Thumb Code    16  abort.o(.text)
    Inline Thumb to ARM Veneer to __aeabi_memcpy 0x0008235d   Thumb Code     4  rt_memcpy.o(.text)
    __aeabi_memcpy                           0x00082360   ARM Code       0  rt_memcpy.o(.text)
    __rt_memcpy                              0x00082360   ARM Code     212  rt_memcpy.o(.text)
    _memcpy_lastbytes                        0x00082414   ARM Code       0  rt_memcpy.o(.text)
    Inline Thumb to ARM Veneer to __aeabi_idivmod 0x00082435   Thumb Code     4  aeabi_sdiv.o(.text)
    __aeabi_idiv                             0x00082438   ARM Code       0  aeabi_sdiv.o(.text)
    __aeabi_idivmod                          0x00082438   ARM Code     384  aeabi_sdiv.o(.text)
    __use_two_region_memory                  0x000825b9   Thumb Code     2  heapauxi.o(.text)
    __rt_heap_escrow$2region                 0x000825bb   Thumb Code     2  heapauxi.o(.text)
    __rt_heap_expand$2region                 0x000825bd   Thumb Code     2  heapauxi.o(.text)
    Inline ARM to Thumb Veneer to _sys_exit  0x000825c0   ARM Code       8  sys_exit.o(.text)
    _sys_exit                                0x000825c9   Thumb Code     8  sys_exit.o(.text)
    __rt_SIGABRT                             0x000825d5   Thumb Code    16  defsig_abrt_outer.o(.text)
    __aeabi_memcpy4                          0x000825e4   ARM Code       0  rt_memcpy_w.o(.text)
    __aeabi_memcpy8                          0x000825e4   ARM Code       0  rt_memcpy_w.o(.text)
    __rt_memcpy_w                            0x000825e4   ARM Code     100  rt_memcpy_w.o(.text)
    _memcpy_lastbytes_aligned                0x00082630   ARM Code       0  rt_memcpy_w.o(.text)
    __I$use$semihosting                      0x00082648   ARM Code       0  use_no_semi.o(.text)
    __use_no_semihosting_swi                 0x00082648   ARM Code       4  use_no_semi.o(.text)
    __sig_exit                               0x0008264d   Thumb Code    16  defsig_exit.o(.text)
    __rt_SIGABRT_inner                       0x0008265d   Thumb Code    18  defsig_abrt_inner.o(.text)
    __user_setup_stackheap                   0x00082690   ARM Code      96  sys_stackheap_outer.o(.text)
    exit                                     0x000826f1   Thumb Code    12  exit.o(.text)
    __default_signal_display                 0x000826fd   Thumb Code    56  defsig_general.o(.text)
    _ttywrch                                 0x00082735   Thumb Code    16  sys_wrch.o(.text)
    __rt_fp_status_addr                      0x00082744   ARM Code      20  rt_fp_status_addr_twolibspace.o(.text)
    Inline Thumb to ARM Veneer to __aeabi_uidivmod 0x00082759   Thumb Code     4  aeabi_sdiv.o(.text_udiv)
    __aeabi_uidiv                            0x0008275c   ARM Code       0  aeabi_sdiv.o(.text_udiv)
    __aeabi_uidivmod                         0x0008275c   ARM Code      36  aeabi_sdiv.o(.text_udiv)
    SWI_Count                                0x00082780   Data           4  swi_table.o(SWI_TABLE)
    SWI_Table                                0x00082784   Data           0  swi_table.o(SWI_TABLE)
    __ARM_common_call_via_r0                 0x000827a5   Thumb Code     2  mb.o(i.__ARM_common_call_via_r0)
    __ARM_common_call_via_r2                 0x000827a7   Thumb Code     2  mb.o(i.__ARM_common_call_via_r2)
    __ARM_common_call_via_r3                 0x000827a9   Thumb Code     2  mb.o(i.__ARM_common_call_via_r3)
    Inline Thumb to ARM Veneer to __ARM_common_disable_irq 0x000827ad   Thumb Code     4  mb.o(i.__ARM_common_disable_irq)
    __ARM_common_disable_irq                 0x000827b0   ARM Code      20  mb.o(i.__ARM_common_disable_irq)
    Inline Thumb to ARM Veneer to __ARM_common_enable_irq 0x000827c5   Thumb Code     4  mb.o(i.__ARM_common_enable_irq)
    __ARM_common_enable_irq                  0x000827c8   ARM Code      16  mb.o(i.__ARM_common_enable_irq)
    Inline Thumb to ARM Veneer to __ARM_common_switch8 0x000827d9   Thumb Code     4  mbascii.o(i.__ARM_common_switch8)
    __ARM_common_switch8                     0x000827dc   ARM Code      24  mbascii.o(i.__ARM_common_switch8)
    __SWI_0                                  0x000827f5   Thumb Code    44  hal_arm.o(i.__SWI_0)
    __SWI_1                                  0x00082825   Thumb Code    14  rt_membox.o(i.__SWI_1)
    __SWI_2                                  0x00082833   Thumb Code    24  rt_membox.o(i.__SWI_2)
    __SWI_3                                  0x0008284b   Thumb Code     8  hal_arm.o(i.__SWI_3)
    __SWI_4                                  0x00082853   Thumb Code     8  hal_arm.o(i.__SWI_4)
    __SWI_6                                  0x0008285b   Thumb Code     2  hal_arm.o(i.__SWI_6)
    __SWI_7                                  0x0008285d   Thumb Code     2  hal_arm.o(i.__SWI_7)
    _init_box                                0x0008285f   Thumb Code    74  rt_membox.o(i._init_box)
    os_block                                 0x000828a9   Thumb Code    58  rt_task.o(i.os_block)
    os_chk_robin                             0x000828f1   Thumb Code    56  rt_robin.o(i.os_chk_robin)
    os_dec_dly                               0x00082935   Thumb Code   116  rt_list.o(i.os_dec_dly)
    os_dispatch                              0x000829b1   Thumb Code    60  rt_task.o(i.os_dispatch)
    os_dly_wait                              0x000829f5   Thumb Code    24  rt_time.o(i.os_dly_wait)
    os_evt_psh                               0x00082a0d   Thumb Code    74  rt_event.o(i.os_evt_psh)
    os_get_first                             0x00082a5d   Thumb Code    42  rt_list.o(i.os_get_first)
    os_init_robin                            0x00082ad1   Thumb Code    16  rt_robin.o(i.os_init_robin)
    os_init_stack                            0x00082ae9   Thumb Code    86  hal_arm.o(i.os_init_stack)
    os_itv_set                               0x00082b4d   Thumb Code    16  rt_time.o(i.os_itv_set)
    os_itv_wait                              0x00082b65   Thumb Code    46  rt_time.o(i.os_itv_wait)
    os_mbx_psh                               0x00082b9d   Thumb Code   132  rt_mailbox.o(i.os_mbx_psh)
    os_mut_init                              0x00082c25   Thumb Code    44  rt_mutex.o(i.os_mut_init)
    os_mut_release                           0x00082c55   Thumb Code   160  rt_mutex.o(i.os_mut_release)
    os_mut_wait                              0x00082cfd   Thumb Code   126  rt_mutex.o(i.os_mut_wait)
    os_put_dly                               0x00082d81   Thumb Code    76  rt_list.o(i.os_put_dly)
    os_put_prio                              0x00082dd1   Thumb Code    62  rt_list.o(i.os_put_prio)
    os_put_rdy_first                         0x00082e11   Thumb Code    14  rt_list.o(i.os_put_rdy_first)
    os_resort_prio                           0x00082e25   Thumb Code    48  rt_list.o(i.os_resort_prio)
    os_rmv_dly                               0x00082e59   Thumb Code    44  rt_list.o(i.os_rmv_dly)
    os_rmv_list                              0x00082e85   Thumb Code    46  rt_list.o(i.os_rmv_list)
    os_sem_psh                               0x00082eb9   Thumb Code    50  rt_semaphore.o(i.os_sem_psh)
    os_stk_check                             0x00082ef1   Thumb Code    34  hal_arm.o(i.os_stk_check)
    os_sys_init1                             0x00082f1d   Thumb Code   162  rt_task.o(i.os_sys_init1)
    os_sys_manager                           0x00083005   Thumb Code   182  rt_system.o(i.os_sys_manager)
    os_tmr_tick                              0x000830d1   Thumb Code    58  rt_timer.o(i.os_tmr_tick)
    os_tsk_create0                           0x00083115   Thumb Code   130  rt_task.o(i.os_tsk_create0)
    os_tsk_delete                            0x000831a5   Thumb Code   148  rt_task.o(i.os_tsk_delete)
    os_tsk_self                              0x0008324d   Thumb Code    12  rt_task.o(i.os_tsk_self)
    vMBPortTimersDisable                     0x0008325d   Thumb Code    12  porttimer.o(i.vMBPortTimersDisable)
    vMBPortTimersEnable                      0x0008326d   Thumb Code    24  porttimer.o(i.vMBPortTimersEnable)
    Inline Thumb to ARM Veneer to __aeabi_d2f 0x00083291   Thumb Code     4  d2f.o(x$fpl$d2f)
    __aeabi_d2f                              0x00083294   ARM Code       0  d2f.o(x$fpl$d2f)
    _d2f                                     0x00083294   ARM Code     108  d2f.o(x$fpl$d2f)
    Inline Thumb to ARM Veneer to __aeabi_dadd 0x00083301   Thumb Code     4  daddsub_noclz.o(x$fpl$dadd)
    __aeabi_dadd                             0x00083304   ARM Code       0  daddsub_noclz.o(x$fpl$dadd)
    _dadd                                    0x00083304   ARM Code     332  daddsub_noclz.o(x$fpl$dadd)
    __fpl_dnaninf                            0x00083454   ARM Code     192  dnaninf.o(x$fpl$dnaninf)
    __fpl_dretinf                            0x00083514   ARM Code      16  dretinf.o(x$fpl$dretinf)
    __aeabi_dsub                             0x00083524   ARM Code       0  daddsub_noclz.o(x$fpl$dsub)
    _dsub                                    0x00083524   ARM Code     576  daddsub_noclz.o(x$fpl$dsub)
    Inline Thumb to ARM Veneer to __aeabi_f2d 0x00083769   Thumb Code     4  f2d.o(x$fpl$f2d)
    __aeabi_f2d                              0x0008376c   ARM Code       0  f2d.o(x$fpl$f2d)
    _f2d                                     0x0008376c   ARM Code     100  f2d.o(x$fpl$f2d)
    Inline Thumb to ARM Veneer to __aeabi_fadd 0x000837d1   Thumb Code     4  faddsub_noclz.o(x$fpl$fadd)
    __aeabi_fadd                             0x000837d4   ARM Code       0  faddsub_noclz.o(x$fpl$fadd)
    _fadd                                    0x000837d4   ARM Code     196  faddsub_noclz.o(x$fpl$fadd)
    Inline Thumb to ARM Veneer to __aeabi_f2iz 0x00083899   Thumb Code     4  ffix.o(x$fpl$ffix)
    __aeabi_f2iz                             0x0008389c   ARM Code       0  ffix.o(x$fpl$ffix)
    _ffix                                    0x0008389c   ARM Code      68  ffix.o(x$fpl$ffix)
    Inline Thumb to ARM Veneer to __aeabi_fmul 0x000838e1   Thumb Code     4  fmul.o(x$fpl$fmul)
    __aeabi_fmul                             0x000838e4   ARM Code       0  fmul.o(x$fpl$fmul)
    _fmul                                    0x000838e4   ARM Code     256  fmul.o(x$fpl$fmul)
    __fpl_fnaninf                            0x000839e4   ARM Code     168  fnaninf.o(x$fpl$fnaninf)
    Inline Thumb to ARM Veneer to _fp_init   0x00083a8d   Thumb Code     4  fpinit.o(x$fpl$fpinit)
    _fp_init                                 0x00083a90   ARM Code      24  fpinit.o(x$fpl$fpinit)
    __fplib_config_pureend_doubles           0x00083aa0   ARM Code       0  fpinit.o(x$fpl$fpinit)
    __fpl_fretinf                            0x00083aa8   ARM Code      16  fretinf.o(x$fpl$fretinf)
    __aeabi_fsub                             0x00083ab8   ARM Code       0  faddsub_noclz.o(x$fpl$fsub)
    _fsub                                    0x00083ab8   ARM Code     304  faddsub_noclz.o(x$fpl$fsub)
    __I$use$fp                               0x00083be8   ARM Code       0  usenofp.o(x$fpl$usenofp)
    os_maxtaskrun                            0x00083de8   Data           2  rtx_config.o(.constdata)
    os_stackinfo                             0x00083dec   Data           4  rtx_config.o(.constdata)
    os_rrobin                                0x00083df0   Data           4  rtx_config.o(.constdata)
    os_clockrate                             0x00083df4   Data           4  rtx_config.o(.constdata)
    os_timernum                              0x00083df8   Data           4  rtx_config.o(.constdata)
    mp_tcb_size                              0x00083dfc   Data           2  rtx_config.o(.constdata)
    mp_stk_size                              0x00083e00   Data           4  rtx_config.o(.constdata)
    os_fifo_size                             0x00083e04   Data           1  rtx_config.o(.constdata)
    mp_tmr_size                              0x00083e06   Data           2  rtx_config.o(.constdata)
    LED7Code                                 0x00083e08   Data          22  ht1622.o(.constdata)
    LED16Char                                0x00083e1e   Data         108  ht1622.o(.constdata)
    Region$$Table$$Base                      0x00083eb4   Number         0  anon$$obj.o(Region$$Table)
    Region$$Table$$Limit                     0x00083ed4   Number         0  anon$$obj.o(Region$$Table)
    g_UnitCfgInFlash                         0x0008f400   Data         164  main.o(.ARM.__AT_0x0008F400)



==============================================================================

Memory Map of the image

  Image Entry point : 0x000800cc

  Load Region LR_IROM1 (Base: 0x00080000, Size: 0x0000f5e0, Max: 0x0000f800, ABSOLUTE, COMPRESSED[0x0000f4e8])

    Execution Region RW_IRAM1 (Base: 0x00010000, Size: 0x00001b68, Max: 0x00002000, ABSOLUTE, COMPRESSED[0x00000044])

    Base Addr    Size         Type   Attr      Idx    E Section Name        Object

    0x00010000   0x00000014   Data   RW           15    .data               main.o
    0x00010014   0x00000002   Data   RW           97    .data               portevent.o
    0x00010016   0x00000001   Data   RW          112    .data               portserial.o
    0x00010017   0x00000001   PAD
    0x00010018   0x00000004   Data   RW          134    .data               porttimer.o
    0x0001001c   0x000000ac   Data   RW          165    .data               mb.o
    0x000100c8   0x00000010   Data   RW          219    .data               mbascii.o
    0x000100d8   0x0000000c   Data   RW          254    .data               mbrtu.o
    0x000100e4   0x00000002   Data   RW          321    .data               mbfuncother.o
    0x000100e6   0x00000002   PAD
    0x000100e8   0x00000004   Data   RW          362    .data               rtx_config.o
    0x000100ec   0x00000008   Data   RW          363    .data               rtx_config.o
    0x000100f4   0x00000008   Data   RW          390    .data               iap.o
    0x000100fc   0x0000001c   Data   RW          439    .data               hmi.o
    0x00010118   0x00000004   Data   RW          474    .data               RTX_ARM_L.LIB(rt_task.o)(RTX_ARM_L.LIB)
    0x0001011c   0x00000002   Data   RW          559    .data               RTX_ARM_L.LIB(rt_time.o)(RTX_ARM_L.LIB)
    0x0001011e   0x00000002   PAD
    0x00010120   0x00000004   Data   RW          619    .data               RTX_ARM_L.LIB(hal_arm.o)(RTX_ARM_L.LIB)
    0x00010124   0x00000008   Data   RW          672    .data               RTX_ARM_L.LIB(rt_system.o)(RTX_ARM_L.LIB)
    0x0001012c   0x00000008   Data   RW          779    .data               RTX_ARM_L.LIB(rt_robin.o)(RTX_ARM_L.LIB)
    0x00010134   0x00000008   Data   RW          960    .data               RTX_ARM_L.LIB(rt_timer.o)(RTX_ARM_L.LIB)
    0x0001013c   0x000000c4   Zero   RW           13    .bss                main.o
    0x00010200   0x00000100   Zero   RW          253    .bss                mbrtu.o
    0x00010300   0x00000020   Zero   RW          320    .bss                mbfuncother.o
    0x00010320   0x0000012c   Zero   RW          349    .bss                rtx_config.o
    0x0001044c   0x00000004   PAD
    0x00010450   0x00000dd8   Zero   RW          350    .bss                rtx_config.o
    0x00011228   0x00000084   Zero   RW          351    .bss                rtx_config.o
    0x000112ac   0x00000018   Zero   RW          352    .bss                rtx_config.o
    0x000112c4   0x000002a0   Zero   RW          353    .bss                rtx_config.o
    0x00011564   0x000000c0   Zero   RW          437    .bss                hmi.o
    0x00011624   0x00000030   Zero   RW          473    .bss                RTX_ARM_L.LIB(rt_task.o)(RTX_ARM_L.LIB)
    0x00011654   0x00000030   Zero   RW          715    .bss                RTX_ARM_L.LIB(rt_list.o)(RTX_ARM_L.LIB)
    0x00011684   0x00000060   Zero   RW          987    .bss                c_t.l(libspace.o)(c_t.l)
    0x000116e4   0x00000004   PAD
    0x000116e8   0x00000000   Zero   RW            2    HEAP                startup.o
    0x000116e8   0x00000480   Zero   RW            1    STACK               startup.o


    Execution Region ER_IROM1 (Base: 0x00080000, Size: 0x0000f4a4, Max: 0x0000f800, ABSOLUTE)

    Base Addr    Size         Type   Attr      Idx    E Section Name        Object

    0x00080000   0x000000cc   Code   RO            3    RESET               startup.o
    0x000800cc   0x00000008   Code   RO         1011  * !!!main             c_t.l(__main.o)(c_t.l)
    0x000800d4   0x0000003c   Code   RO         1221    !!!scatter          c_t.l(__scatter.o)(c_t.l)
    0x00080110   0x0000005c   Code   RO         1219    !!dczerorl2         c_t.l(__dczerorl2.o)(c_t.l)
    0x0008016c   0x0000002c   Code   RO         1223    !!handler_zi        c_t.l(__scatter_zi.o)(c_t.l)
    0x00080198   0x00000008   Ven    RO         1104    .ARM.Collect$$libinit$$00000000  c_t.l(libinit.o)(c_t.l)
    0x000801a0   0x00000006   Code   RO         1104    .ARM.Collect$$libinit$$00000000  c_t.l(libinit.o)(c_t.l)
    0x000801a6   0x00000000   Code   RO         1115    .ARM.Collect$$libinit$$00000006  c_t.l(libinit2.o)(c_t.l)
    0x000801a6   0x00000000   Code   RO         1117    .ARM.Collect$$libinit$$00000008  c_t.l(libinit2.o)(c_t.l)
    0x000801a6   0x00000000   Code   RO         1119    .ARM.Collect$$libinit$$0000000A  c_t.l(libinit2.o)(c_t.l)
    0x000801a6   0x00000000   Code   RO         1122    .ARM.Collect$$libinit$$0000000D  c_t.l(libinit2.o)(c_t.l)
    0x000801a6   0x00000000   Code   RO         1124    .ARM.Collect$$libinit$$0000000F  c_t.l(libinit2.o)(c_t.l)
    0x000801a6   0x00000000   Code   RO         1126    .ARM.Collect$$libinit$$00000011  c_t.l(libinit2.o)(c_t.l)
    0x000801a6   0x00000000   Code   RO         1128    .ARM.Collect$$libinit$$00000013  c_t.l(libinit2.o)(c_t.l)
    0x000801a6   0x00000000   Code   RO         1130    .ARM.Collect$$libinit$$00000015  c_t.l(libinit2.o)(c_t.l)
    0x000801a6   0x00000000   Code   RO         1132    .ARM.Collect$$libinit$$00000017  c_t.l(libinit2.o)(c_t.l)
    0x000801a6   0x00000000   Code   RO         1134    .ARM.Collect$$libinit$$00000019  c_t.l(libinit2.o)(c_t.l)
    0x000801a6   0x00000000   Code   RO         1136    .ARM.Collect$$libinit$$0000001B  c_t.l(libinit2.o)(c_t.l)
    0x000801a6   0x00000000   Code   RO         1138    .ARM.Collect$$libinit$$0000001D  c_t.l(libinit2.o)(c_t.l)
    0x000801a6   0x00000000   Code   RO         1140    .ARM.Collect$$libinit$$0000001F  c_t.l(libinit2.o)(c_t.l)
    0x000801a6   0x00000000   Code   RO         1142    .ARM.Collect$$libinit$$00000021  c_t.l(libinit2.o)(c_t.l)
    0x000801a6   0x00000000   Code   RO         1146    .ARM.Collect$$libinit$$00000028  c_t.l(libinit2.o)(c_t.l)
    0x000801a6   0x00000000   Code   RO         1148    .ARM.Collect$$libinit$$0000002A  c_t.l(libinit2.o)(c_t.l)
    0x000801a6   0x00000000   Code   RO         1150    .ARM.Collect$$libinit$$0000002C  c_t.l(libinit2.o)(c_t.l)
    0x000801a6   0x00000000   Code   RO         1152    .ARM.Collect$$libinit$$0000002E  c_t.l(libinit2.o)(c_t.l)
    0x000801a6   0x0000000c   Code   RO         1153    .ARM.Collect$$libinit$$0000002F  c_t.l(libinit2.o)(c_t.l)
    0x000801b2   0x00000002   PAD
    0x000801b4   0x00000008   Ven    RO         1193    .ARM.Collect$$libshutdown$$00000000  c_t.l(libshutdown.o)(c_t.l)
    0x000801bc   0x00000004   Code   RO         1193    .ARM.Collect$$libshutdown$$00000000  c_t.l(libshutdown.o)(c_t.l)
    0x000801c0   0x00000000   Code   RO         1204    .ARM.Collect$$libshutdown$$00000003  c_t.l(libshutdown2.o)(c_t.l)
    0x000801c0   0x00000000   Code   RO         1207    .ARM.Collect$$libshutdown$$00000006  c_t.l(libshutdown2.o)(c_t.l)
    0x000801c0   0x00000000   Code   RO         1210    .ARM.Collect$$libshutdown$$00000009  c_t.l(libshutdown2.o)(c_t.l)
    0x000801c0   0x00000000   Code   RO         1212    .ARM.Collect$$libshutdown$$0000000B  c_t.l(libshutdown2.o)(c_t.l)
    0x000801c0   0x00000000   Code   RO         1215    .ARM.Collect$$libshutdown$$0000000E  c_t.l(libshutdown2.o)(c_t.l)
    0x000801c0   0x00000006   Code   RO         1216    .ARM.Collect$$libshutdown$$0000000F  c_t.l(libshutdown2.o)(c_t.l)
    0x000801c6   0x00000002   PAD
    0x000801c8   0x00000000   Code   RO         1037    .ARM.Collect$$rtentry$$00000000  c_t.l(rtentry.o)(c_t.l)
    0x000801c8   0x00000000   Code   RO         1061    .ARM.Collect$$rtentry$$00000002  c_t.l(rtentry2.o)(c_t.l)
    0x000801c8   0x00000008   Code   RO         1076    .ARM.Collect$$rtentry$$00000004  c_t.l(rtentry4.o)(c_t.l)
    0x000801d0   0x00000000   Code   RO         1063    .ARM.Collect$$rtentry$$00000009  c_t.l(rtentry2.o)(c_t.l)
    0x000801d0   0x00000004   Code   RO         1064    .ARM.Collect$$rtentry$$0000000A  c_t.l(rtentry2.o)(c_t.l)
    0x000801d4   0x00000000   Code   RO         1066    .ARM.Collect$$rtentry$$0000000C  c_t.l(rtentry2.o)(c_t.l)
    0x000801d4   0x00000028   Code   RO         1067    .ARM.Collect$$rtentry$$0000000D  c_t.l(rtentry2.o)(c_t.l)
    0x000801fc   0x00000004   Ven    RO         1107    .ARM.Collect$$rtexit$$00000000  c_t.l(rtexit.o)(c_t.l)
    0x00080200   0x00000004   Code   RO         1107    .ARM.Collect$$rtexit$$00000000  c_t.l(rtexit.o)(c_t.l)
    0x00080204   0x00000000   Code   RO         1157    .ARM.Collect$$rtexit$$00000002  c_t.l(rtexit2.o)(c_t.l)
    0x00080204   0x00000004   Code   RO         1158    .ARM.Collect$$rtexit$$00000003  c_t.l(rtexit2.o)(c_t.l)
    0x00080208   0x00000008   Code   RO         1159    .ARM.Collect$$rtexit$$00000004  c_t.l(rtexit2.o)(c_t.l)
    0x00080210   0x00000048   Code   RO          346    .emb_text           rtx_config.o
    0x00080258   0x000001e8   Code   RO          611    .emb_text           RTX_ARM_L.LIB(hal_arm.o)(RTX_ARM_L.LIB)
    0x00080440   0x00000020   Code   RO            4    .text               startup.o
    0x00080460   0x000002a4   Code   RO           11    .text               main.o
    0x00080704   0x00000034   Code   RO           96    .text               portevent.o
    0x00080738   0x000000e8   Code   RO          110    .text               portserial.o
    0x00080820   0x00000058   Code   RO          111    .text               portserial.o
    0x00080878   0x00000010   Code   RO          132    .text               porttimer.o
    0x00080888   0x00000030   Code   RO          133    .text               porttimer.o
    0x000808b8   0x00000258   Code   RO          164    .text               mb.o
    0x00080b10   0x0000031c   Code   RO          218    .text               mbascii.o
    0x00080e2c   0x00000034   Code   RO          238    .text               mbcrc.o
    0x00080e60   0x00000240   Code   RO          252    .text               mbrtu.o
    0x000810a0   0x00000144   Code   RO          268    .text               mbfunccoils.o
    0x000811e4   0x0000007c   Code   RO          283    .text               mbfuncdisc.o
    0x00081260   0x0000018c   Code   RO          295    .text               mbfuncholding.o
    0x000813ec   0x00000064   Code   RO          307    .text               mbfuncinput.o
    0x00081450   0x00000068   Code   RO          319    .text               mbfuncother.o
    0x000814b8   0x0000006e   Code   RO          334    .text               mbutils.o
    0x00081526   0x00000002   PAD
    0x00081528   0x00000008   Ven    RO          347    .text               rtx_config.o
    0x00081530   0x0000010c   Code   RO          347    .text               rtx_config.o
    0x0008163c   0x00000004   Code   RO          348    .text               rtx_config.o
    0x00081640   0x00000064   Code   RO          389    .text               iap.o
    0x000816a4   0x00000898   Code   RO          403    .text               ht1622.o
    0x00081f3c   0x00000404   Code   RO          436    .text               hmi.o
    0x00082340   0x0000000c   Code   RO          986    .text               c_t.l(libspace.o)(c_t.l)
    0x0008234c   0x00000010   Code   RO          989    .text               c_t.l(abort.o)(c_t.l)
    0x0008235c   0x00000004   Ven    RO          991    .text               c_t.l(rt_memcpy.o)(c_t.l)
    0x00082360   0x000000d4   Code   RO          991    .text               c_t.l(rt_memcpy.o)(c_t.l)
    0x00082434   0x00000004   Ven    RO          993    .text               c_t.l(aeabi_sdiv.o)(c_t.l)
    0x00082438   0x00000180   Code   RO          993    .text               c_t.l(aeabi_sdiv.o)(c_t.l)
    0x000825b8   0x00000006   Code   RO         1009    .text               c_t.l(heapauxi.o)(c_t.l)
    0x000825be   0x00000002   PAD
    0x000825c0   0x00000008   Ven    RO         1035    .text               c_t.l(sys_exit.o)(c_t.l)
    0x000825c8   0x0000000c   Code   RO         1035    .text               c_t.l(sys_exit.o)(c_t.l)
    0x000825d4   0x00000010   Code   RO         1043    .text               c_t.l(defsig_abrt_outer.o)(c_t.l)
    0x000825e4   0x00000064   Code   RO         1047    .text               c_t.l(rt_memcpy_w.o)(c_t.l)
    0x00082648   0x00000004   Code   RO         1058    .text               c_t.l(use_no_semi.o)(c_t.l)
    0x0008264c   0x00000010   Code   RO         1082    .text               c_t.l(defsig_exit.o)(c_t.l)
    0x0008265c   0x00000034   Code   RO         1084    .text               c_t.l(defsig_abrt_inner.o)(c_t.l)
    0x00082690   0x00000060   Code   RO         1086    .text               c_t.l(sys_stackheap_outer.o)(c_t.l)
    0x000826f0   0x0000000c   Code   RO         1088    .text               c_t.l(exit.o)(c_t.l)
    0x000826fc   0x00000038   Code   RO         1092    .text               c_t.l(defsig_general.o)(c_t.l)
    0x00082734   0x00000010   Code   RO         1105    .text               c_t.l(sys_wrch.o)(c_t.l)
    0x00082744   0x00000014   Code   RO         1169    .text               c_t.l(rt_fp_status_addr_twolibspace.o)(c_t.l)
    0x00082758   0x00000004   Ven    RO          994    .text_udiv          c_t.l(aeabi_sdiv.o)(c_t.l)
    0x0008275c   0x00000024   Code   RO          994    .text_udiv          c_t.l(aeabi_sdiv.o)(c_t.l)
    0x00082780   0x00000024   Code   RO          828    SWI_TABLE           RTX_ARM_L.LIB(swi_table.o)(RTX_ARM_L.LIB)
    0x000827a4   0x00000002   Code   RO          182    i.__ARM_common_call_via_r0  mb.o
    0x000827a6   0x00000002   Code   RO          178    i.__ARM_common_call_via_r2  mb.o
    0x000827a8   0x00000002   Code   RO          180    i.__ARM_common_call_via_r3  mb.o
    0x000827aa   0x00000002   PAD
    0x000827ac   0x00000004   Ven    RO          186    i.__ARM_common_disable_irq  mb.o
    0x000827b0   0x00000014   Code   RO          186    i.__ARM_common_disable_irq  mb.o
    0x000827c4   0x00000004   Ven    RO          184    i.__ARM_common_enable_irq  mb.o
    0x000827c8   0x00000010   Code   RO          184    i.__ARM_common_enable_irq  mb.o
    0x000827d8   0x00000004   Ven    RO          229    i.__ARM_common_switch8  mbascii.o
    0x000827dc   0x00000018   Code   RO          229    i.__ARM_common_switch8  mbascii.o
    0x000827f4   0x00000030   Code   RO          612    i.__SWI_0           RTX_ARM_L.LIB(hal_arm.o)(RTX_ARM_L.LIB)
    0x00082824   0x0000000e   Code   RO          798    i.__SWI_1           RTX_ARM_L.LIB(rt_membox.o)(RTX_ARM_L.LIB)
    0x00082832   0x00000018   Code   RO          799    i.__SWI_2           RTX_ARM_L.LIB(rt_membox.o)(RTX_ARM_L.LIB)
    0x0008284a   0x00000008   Code   RO          613    i.__SWI_3           RTX_ARM_L.LIB(hal_arm.o)(RTX_ARM_L.LIB)
    0x00082852   0x00000008   Code   RO          614    i.__SWI_4           RTX_ARM_L.LIB(hal_arm.o)(RTX_ARM_L.LIB)
    0x0008285a   0x00000002   Code   RO          615    i.__SWI_6           RTX_ARM_L.LIB(hal_arm.o)(RTX_ARM_L.LIB)
    0x0008285c   0x00000002   Code   RO          616    i.__SWI_7           RTX_ARM_L.LIB(hal_arm.o)(RTX_ARM_L.LIB)
    0x0008285e   0x0000004a   Code   RO          801    i._init_box         RTX_ARM_L.LIB(rt_membox.o)(RTX_ARM_L.LIB)
    0x000828a8   0x00000048   Code   RO          463    i.os_block          RTX_ARM_L.LIB(rt_task.o)(RTX_ARM_L.LIB)
    0x000828f0   0x00000044   Code   RO          777    i.os_chk_robin      RTX_ARM_L.LIB(rt_robin.o)(RTX_ARM_L.LIB)
    0x00082934   0x0000007c   Code   RO          705    i.os_dec_dly        RTX_ARM_L.LIB(rt_list.o)(RTX_ARM_L.LIB)
    0x000829b0   0x00000044   Code   RO          464    i.os_dispatch       RTX_ARM_L.LIB(rt_task.o)(RTX_ARM_L.LIB)
    0x000829f4   0x00000018   Code   RO          556    i.os_dly_wait       RTX_ARM_L.LIB(rt_time.o)(RTX_ARM_L.LIB)
    0x00082a0c   0x00000050   Code   RO          834    i.os_evt_psh        RTX_ARM_L.LIB(rt_event.o)(RTX_ARM_L.LIB)
    0x00082a5c   0x0000002a   Code   RO          706    i.os_get_first      RTX_ARM_L.LIB(rt_list.o)(RTX_ARM_L.LIB)
    0x00082a86   0x00000002   PAD
    0x00082a88   0x00000048   Code   RO          465    i.os_init_context   RTX_ARM_L.LIB(rt_task.o)(RTX_ARM_L.LIB)
    0x00082ad0   0x00000018   Code   RO          778    i.os_init_robin     RTX_ARM_L.LIB(rt_robin.o)(RTX_ARM_L.LIB)
    0x00082ae8   0x00000064   Code   RO          617    i.os_init_stack     RTX_ARM_L.LIB(hal_arm.o)(RTX_ARM_L.LIB)
    0x00082b4c   0x00000018   Code   RO          557    i.os_itv_set        RTX_ARM_L.LIB(rt_time.o)(RTX_ARM_L.LIB)
    0x00082b64   0x00000038   Code   RO          558    i.os_itv_wait       RTX_ARM_L.LIB(rt_time.o)(RTX_ARM_L.LIB)
    0x00082b9c   0x00000088   Code   RO          877    i.os_mbx_psh        RTX_ARM_L.LIB(rt_mailbox.o)(RTX_ARM_L.LIB)
    0x00082c24   0x00000030   Code   RO          587    i.os_mut_init       RTX_ARM_L.LIB(rt_mutex.o)(RTX_ARM_L.LIB)
    0x00082c54   0x000000a8   Code   RO          588    i.os_mut_release    RTX_ARM_L.LIB(rt_mutex.o)(RTX_ARM_L.LIB)
    0x00082cfc   0x00000084   Code   RO          589    i.os_mut_wait       RTX_ARM_L.LIB(rt_mutex.o)(RTX_ARM_L.LIB)
    0x00082d80   0x00000050   Code   RO          709    i.os_put_dly        RTX_ARM_L.LIB(rt_list.o)(RTX_ARM_L.LIB)
    0x00082dd0   0x0000003e   Code   RO          710    i.os_put_prio       RTX_ARM_L.LIB(rt_list.o)(RTX_ARM_L.LIB)
    0x00082e0e   0x00000002   PAD
    0x00082e10   0x00000014   Code   RO          711    i.os_put_rdy_first  RTX_ARM_L.LIB(rt_list.o)(RTX_ARM_L.LIB)
    0x00082e24   0x00000034   Code   RO          712    i.os_resort_prio    RTX_ARM_L.LIB(rt_list.o)(RTX_ARM_L.LIB)
    0x00082e58   0x0000002c   Code   RO          713    i.os_rmv_dly        RTX_ARM_L.LIB(rt_list.o)(RTX_ARM_L.LIB)
    0x00082e84   0x00000034   Code   RO          714    i.os_rmv_list       RTX_ARM_L.LIB(rt_list.o)(RTX_ARM_L.LIB)
    0x00082eb8   0x00000038   Code   RO          923    i.os_sem_psh        RTX_ARM_L.LIB(rt_semaphore.o)(RTX_ARM_L.LIB)
    0x00082ef0   0x0000002c   Code   RO          618    i.os_stk_check      RTX_ARM_L.LIB(hal_arm.o)(RTX_ARM_L.LIB)
    0x00082f1c   0x000000e8   Code   RO          466    i.os_sys_init1      RTX_ARM_L.LIB(rt_task.o)(RTX_ARM_L.LIB)
    0x00083004   0x000000cc   Code   RO          671    i.os_sys_manager    RTX_ARM_L.LIB(rt_system.o)(RTX_ARM_L.LIB)
    0x000830d0   0x00000044   Code   RO          959    i.os_tmr_tick       RTX_ARM_L.LIB(rt_timer.o)(RTX_ARM_L.LIB)
    0x00083114   0x00000090   Code   RO          467    i.os_tsk_create0    RTX_ARM_L.LIB(rt_task.o)(RTX_ARM_L.LIB)
    0x000831a4   0x000000a8   Code   RO          469    i.os_tsk_delete     RTX_ARM_L.LIB(rt_task.o)(RTX_ARM_L.LIB)
    0x0008324c   0x00000010   Code   RO          472    i.os_tsk_self       RTX_ARM_L.LIB(rt_task.o)(RTX_ARM_L.LIB)
    0x0008325c   0x00000010   Code   RO          155    i.vMBPortTimersDisable  porttimer.o
    0x0008326c   0x00000024   Code   RO          149    i.vMBPortTimersEnable  porttimer.o
    0x00083290   0x00000004   Ven    RO         1013    x$fpl$d2f           fz_ts.l(d2f.o)(fz_ts.l)
    0x00083294   0x0000006c   Code   RO         1013    x$fpl$d2f           fz_ts.l(d2f.o)(fz_ts.l)
    0x00083300   0x00000004   Ven    RO         1015    x$fpl$dadd          fz_ts.l(daddsub_noclz.o)(fz_ts.l)
    0x00083304   0x00000150   Code   RO         1015    x$fpl$dadd          fz_ts.l(daddsub_noclz.o)(fz_ts.l)
    0x00083454   0x000000c0   Code   RO         1049    x$fpl$dnaninf       fz_ts.l(dnaninf.o)(fz_ts.l)
    0x00083514   0x00000010   Code   RO         1051    x$fpl$dretinf       fz_ts.l(dretinf.o)(fz_ts.l)
    0x00083524   0x00000244   Code   RO         1017    x$fpl$dsub          fz_ts.l(daddsub_noclz.o)(fz_ts.l)
    0x00083768   0x00000004   Ven    RO         1021    x$fpl$f2d           fz_ts.l(f2d.o)(fz_ts.l)
    0x0008376c   0x00000064   Code   RO         1021    x$fpl$f2d           fz_ts.l(f2d.o)(fz_ts.l)
    0x000837d0   0x00000004   Ven    RO         1023    x$fpl$fadd          fz_ts.l(faddsub_noclz.o)(fz_ts.l)
    0x000837d4   0x000000c4   Code   RO         1023    x$fpl$fadd          fz_ts.l(faddsub_noclz.o)(fz_ts.l)
    0x00083898   0x00000004   Ven    RO         1029    x$fpl$ffix          fz_ts.l(ffix.o)(fz_ts.l)
    0x0008389c   0x00000044   Code   RO         1029    x$fpl$ffix          fz_ts.l(ffix.o)(fz_ts.l)
    0x000838e0   0x00000004   Ven    RO         1033    x$fpl$fmul          fz_ts.l(fmul.o)(fz_ts.l)
    0x000838e4   0x00000100   Code   RO         1033    x$fpl$fmul          fz_ts.l(fmul.o)(fz_ts.l)
    0x000839e4   0x000000a8   Code   RO         1053    x$fpl$fnaninf       fz_ts.l(fnaninf.o)(fz_ts.l)
    0x00083a8c   0x00000004   Ven    RO         1154    x$fpl$fpinit        fz_ts.l(fpinit.o)(fz_ts.l)
    0x00083a90   0x00000018   Code   RO         1154    x$fpl$fpinit        fz_ts.l(fpinit.o)(fz_ts.l)
    0x00083aa8   0x00000010   Code   RO         1055    x$fpl$fretinf       fz_ts.l(fretinf.o)(fz_ts.l)
    0x00083ab8   0x00000130   Code   RO         1025    x$fpl$fsub          fz_ts.l(faddsub_noclz.o)(fz_ts.l)
    0x00083be8   0x00000000   Code   RO         1057    x$fpl$usenofp       fz_ts.l(usenofp.o)(fz_ts.l)
    0x00083be8   0x00000200   Data   RO          239    .constdata          mbcrc.o
    0x00083de8   0x00000002   Data   RO          354    .constdata          rtx_config.o
    0x00083dea   0x00000002   PAD
    0x00083dec   0x00000004   Data   RO          355    .constdata          rtx_config.o
    0x00083df0   0x00000004   Data   RO          356    .constdata          rtx_config.o
    0x00083df4   0x00000008   Data   RO          357    .constdata          rtx_config.o
    0x00083dfc   0x00000002   Data   RO          358    .constdata          rtx_config.o
    0x00083dfe   0x00000002   PAD
    0x00083e00   0x00000004   Data   RO          359    .constdata          rtx_config.o
    0x00083e04   0x00000001   Data   RO          360    .constdata          rtx_config.o
    0x00083e05   0x00000001   PAD
    0x00083e06   0x00000002   Data   RO          361    .constdata          rtx_config.o
    0x00083e08   0x00000082   Data   RO          404    .constdata          ht1622.o
    0x00083e8a   0x00000002   PAD
    0x00083e8c   0x00000026   Data   RO          438    .constdata          hmi.o
    0x00083eb2   0x00000002   PAD
    0x00083eb4   0x00000020   Data   RO         1217    Region$$Table       anon$$obj.o
    0x00083ed4   0x0000b52c   PAD
    0x0008f400   0x000000a4   Data   RO           12    .ARM.__AT_0x0008F400  main.o


==============================================================================

Image component sizes


      Code (inc. data)   RO Data    RW Data    ZI Data      Debug   Object Name

      1028         64         38         28        192          0   hmi.o
      2200         82        130          0          0          0   ht1622.o
       100         10          0          8          0          0   iap.o
       676         66        164         20        196          0   main.o
       642         60          0        172          0          0   mb.o
       820         18          0         16          0          0   mbascii.o
        52          6        512          0          0          0   mbcrc.o
       324          6          0          0          0          0   mbfunccoils.o
       124          6          0          0          0          0   mbfuncdisc.o
       396          0          0          0          0          0   mbfuncholding.o
       100          0          0          0          0          0   mbfuncinput.o
       104         10          0          2         32          0   mbfuncother.o
       576         14          0         12        256          0   mbrtu.o
       110          0          0          0          0          0   mbutils.o
        52          6          0          2          0          0   portevent.o
       320         36          0          1          0          0   portserial.o
       116         30          0          4          0          0   porttimer.o
       344         50         27         12       4672          0   rtx_config.o
       236         56          0          0       1152          0   startup.o

    ----------------------------------------------------------------------
      8344        520      47292        280       6504          0   Object Totals
        20          0         32          0          0          0   (incl. Generated)
         4          0      46389          3          4          2   (incl. Padding)

    ----------------------------------------------------------------------

      Code (inc. data)   RO Data    RW Data    ZI Data      Debug   Library Member Name

       700         72          0          4          0          0   hal_arm.o
        80          6          0          0          0          0   rt_event.o
       476         28          0          0         48          0   rt_list.o
       136          4          0          0          0          0   rt_mailbox.o
       112          0          0          0          0          0   rt_membox.o
       348         18          0          0          0          0   rt_mutex.o
        92         20          0          8          0          0   rt_robin.o
        56          6          0          0          0          0   rt_semaphore.o
       204         22          0          8          0          0   rt_system.o
       772        136          0          4         48          0   rt_task.o
       104         18          0          2          0          0   rt_time.o
        68         10          0          8          0          0   rt_timer.o
        36         36          0          0          0          0   swi_table.o
        92          0          0          0          0          0   __dczerorl2.o
         8          0          0          0          0          0   __main.o
        60          8          0          0          0          0   __scatter.o
        44          0          0          0          0          0   __scatter_zi.o
        16          0          0          0          0          0   abort.o
       428          0          0          0          0          0   aeabi_sdiv.o
        52         34          0          0          0          0   defsig_abrt_inner.o
        16          0          0          0          0          0   defsig_abrt_outer.o
        16          0          0          0          0          0   defsig_exit.o
        56          0          0          0          0          0   defsig_general.o
        12          0          0          0          0          0   exit.o
         6          0          0          0          0          0   heapauxi.o
        14          0          0          0          0          0   libinit.o
        12          0          0          0          0          0   libinit2.o
        12          0          0          0          0          0   libshutdown.o
         6          0          0          0          0          0   libshutdown2.o
        12          4          0          0         96          0   libspace.o
        20          0          0          0          0          0   rt_fp_status_addr_twolibspace.o
       216          0          0          0          0          0   rt_memcpy.o
       100          0          0          0          0          0   rt_memcpy_w.o
         0          0          0          0          0          0   rtentry.o
        44          4          0          0          0          0   rtentry2.o
         8          0          0          0          0          0   rtentry4.o
         8          0          0          0          0          0   rtexit.o
        12          0          0          0          0          0   rtexit2.o
        20          4          0          0          0          0   sys_exit.o
        96          0          0          0          0          0   sys_stackheap_outer.o
        16          0          0          0          0          0   sys_wrch.o
         4          0          0          0          0          0   use_no_semi.o
       112          4          0          0          0          0   d2f.o
       920         16          0          0          0          0   daddsub_noclz.o
       192          0          0          0          0          0   dnaninf.o
        16          0          0          0          0          0   dretinf.o
       104          4          0          0          0          0   f2d.o
       504          8          0          0          0          0   faddsub_noclz.o
        72          4          0          0          0          0   ffix.o
       260          4          0          0          0          0   fmul.o
       168          0          0          0          0          0   fnaninf.o
        28          0          0          0          0          0   fpinit.o
        16          0          0          0          0          0   fretinf.o
         0          0          0          0          0          0   usenofp.o

    ----------------------------------------------------------------------
      6992        470          0         36        196          0   Library Totals
        10          0          0          2          4          0   (incl. Padding)

    ----------------------------------------------------------------------

      Code (inc. data)   RO Data    RW Data    ZI Data      Debug   Library Name

      3184        376          0         34         96      24534   RTX_ARM_L.LIB
      1406         54          0          0         96       1376   c_t.l
      2392         40          0          0          0       1224   fz_ts.l

    ----------------------------------------------------------------------
      6992        470          0         36        196          0   Library Totals

    ----------------------------------------------------------------------

==============================================================================


      Code (inc. data)   RO Data    RW Data    ZI Data      Debug   

     15336        990      47292        316       6700      87364   Grand Totals
     15336        990      47292         68       6700      87364   ELF Image Totals (compressed)
     15336        990      47292         68          0          0   ROM Totals

==============================================================================

    Total RO  Size (Code + RO Data)                62628 (  61.16kB)
    Total RW  Size (RW Data + ZI Data)              7016 (   6.85kB)
    Total ROM Size (Code + RO Data + RW Data)      62696 (  61.23kB)

==============================================================================

