ARM Linker, 4.1 [Build 481] [Standard]

==============================================================================

Section Cross References

    startup.o(STACK) refers (Special) to heapauxi.o(.text) for __use_two_region_memory
    startup.o(HEAP) refers (Special) to heapauxi.o(.text) for __use_two_region_memory
    startup.o(RESET) refers (Special) to heapauxi.o(.text) for __use_two_region_memory
    startup.o(RESET) refers to hal_arm.o(.emb_text) for SWI_Handler
    startup.o(RESET) refers to rtx_config.o(.emb_text) for IRQ_Handler
    startup.o(RESET) refers to startup.o(STACK) for Stack_Top
    startup.o(RESET) refers to __main.o(!!!main) for __main
    startup.o(.text) refers (Special) to heapauxi.o(.text) for __use_two_region_memory
    startup.o(.text) refers to startup.o(HEAP) for Heap_Mem
    startup.o(.text) refers to startup.o(STACK) for Stack_Mem
    main.o(.text) refers to rt_time.o(i.os_itv_set) for os_itv_set
    main.o(.text) refers to rt_time.o(i.os_itv_wait) for os_itv_wait
    main.o(.text) refers to rt_time.o(i.os_dly_wait) for os_dly_wait
    main.o(.text) refers to mb.o(.text) for eMBPoll
    main.o(.text) refers to fflt_noclz.o(x$fpl$ffltu) for __aeabi_ui2f
    main.o(.text) refers to faddsub_noclz.o(x$fpl$frsb) for __aeabi_frsub
    main.o(.text) refers to fmul.o(x$fpl$fmul) for __aeabi_fmul
    main.o(.text) refers to f2d.o(x$fpl$f2d) for __aeabi_f2d
    main.o(.text) refers to sqrt.o(i.sqrt) for sqrt
    main.o(.text) refers to daddsub_noclz.o(x$fpl$dadd) for __aeabi_dadd
    main.o(.text) refers to ddiv.o(x$fpl$ddiv) for __aeabi_ddiv
    main.o(.text) refers to d2f.o(x$fpl$d2f) for __aeabi_d2f
    main.o(.text) refers to ds18b20.o(.text) for DS18B20_Temperature
    main.o(.text) refers to faddsub_noclz.o(x$fpl$fadd) for __aeabi_fadd
    main.o(.text) refers to faddsub_noclz.o(x$fpl$fsub) for __aeabi_fsub
    main.o(.text) refers to hmi.o(.text) for HMI_Handler
    main.o(.text) refers to iap.o(.text) for Init_FEE
    main.o(.text) refers to rt_task.o(i.os_tsk_create0) for os_tsk_create0
    main.o(.text) refers to rt_task.o(i.os_tsk_delete) for os_tsk_delete
    main.o(.text) refers to hal_arm.o(.emb_text) for os_sys_init0
    main.o(.text) refers to main.o(.bss) for .bss
    main.o(.text) refers to main.o(.data) for .data
    main.o(.text) refers to main.o(.ARM.__AT_0x0008F400) for .ARM.__AT_0x0008F400
    portevent.o(.text) refers to portevent.o(.data) for .data
    portserial.o(.text) refers to aeabi_sdiv.o(.text_udiv) for __aeabi_uidivmod
    portserial.o(.text) refers to portserial.o(.data) for .data
    portserial.o(.text) refers to mb.o(.data) for pxMBFrameCBTransmitterEmpty
    porttimer.o(.text) refers to porttimer.o(.data) for .data
    porttimer.o(.text) refers to mb.o(.data) for pxMBPortCBTimerExpired
    mb.o(.text) refers to mbrtu.o(.text) for eMBRTUInit
    mb.o(.text) refers to mbascii.o(.text) for eMBASCIIInit
    mb.o(.text) refers to portevent.o(.text) for xMBPortEventInit
    mb.o(.text) refers to mb.o(i.__ARM_common_disable_irq) for __ARM_common_disable_irq
    mb.o(.text) refers to mb.o(i.__ARM_common_enable_irq) for __ARM_common_enable_irq
    mb.o(.text) refers to mb.o(i.__ARM_common_call_via_r0) for __ARM_common_call_via_r0
    mb.o(.text) refers to mb.o(i.__ARM_common_call_via_r3) for __ARM_common_call_via_r3
    mb.o(.text) refers to mb.o(i.__ARM_common_call_via_r2) for __ARM_common_call_via_r2
    mb.o(.text) refers to mb.o(.data) for .data
    mb.o(.data) refers to mbfuncother.o(.text) for eMBFuncReportSlaveID
    mb.o(.data) refers to mbfuncinput.o(.text) for eMBFuncReadInputRegister
    mb.o(.data) refers to mbfuncholding.o(.text) for eMBFuncReadHoldingRegister
    mb.o(.data) refers to mbfunccoils.o(.text) for eMBFuncReadCoils
    mb.o(.data) refers to mbfuncdisc.o(.text) for eMBFuncReadDiscreteInputs
    mbascii.o(.text) refers to mb.o(i.__ARM_common_disable_irq) for __ARM_common_disable_irq
    mbascii.o(.text) refers to portserial.o(.text) for xMBPortSerialInit
    mbascii.o(.text) refers to porttimer.o(.text) for xMBPortTimersInit
    mbascii.o(.text) refers to mb.o(i.__ARM_common_enable_irq) for __ARM_common_enable_irq
    mbascii.o(.text) refers to portevent.o(.text) for xMBPortEventPost
    mbascii.o(.text) refers to porttimer.o(i.vMBPortTimersDisable) for vMBPortTimersDisable
    mbascii.o(.text) refers to abort.o(.text) for abort
    mbascii.o(.text) refers to porttimer.o(i.vMBPortTimersEnable) for vMBPortTimersEnable
    mbascii.o(.text) refers to mbascii.o(i.__ARM_common_switch8) for __ARM_common_switch8
    mbascii.o(.text) refers to mbascii.o(.data) for .data
    mbascii.o(.data) refers to mbrtu.o(.bss) for ucRTUBuf
    mbcrc.o(.text) refers to mbcrc.o(.constdata) for .constdata
    mbrtu.o(.text) refers to mb.o(i.__ARM_common_disable_irq) for __ARM_common_disable_irq
    mbrtu.o(.text) refers to portserial.o(.text) for xMBPortSerialInit
    mbrtu.o(.text) refers to aeabi_sdiv.o(.text_udiv) for __aeabi_uidivmod
[...]
    .bss                                     0x00010430   Section     3544  rtx_config.o(.bss)
    .bss                                     0x00011208   Section      132  rtx_config.o(.bss)
    .bss                                     0x0001128c   Section       24  rtx_config.o(.bss)
    .bss                                     0x000112a4   Section      672  rtx_config.o(.bss)
    std_libspace                             0x000112a4   Data         576  rtx_config.o(.bss)
    std_libmutex                             0x000114e4   Data          96  rtx_config.o(.bss)
    .bss                                     0x00011544   Section      192  hmi.o(.bss)
    m_bufKeyboard                            0x000115f4   Data          16  hmi.o(.bss)
    .bss                                     0x00011604   Section       48  rt_task.o(.bss)
    .bss                                     0x00011634   Section       48  rt_list.o(.bss)
    .bss                                     0x00011664   Section       96  libspace.o(.bss)
    HEAP                                     0x000116c8   Section        0  startup.o(HEAP)
    STACK                                    0x000116c8   Section     1152  startup.o(STACK)
    Heap_Mem                                 0x000116c8   Data           0  startup.o(HEAP)
    Stack_Mem                                0x000116c8   Data        1024  startup.o(STACK)
    Stack_Top                                0x00011b48   Data           0  startup.o(STACK)
    RESET                                    0x00080000   Section      204  startup.o(RESET)
    Undef_Handler                            0x00080040   ARM Code       4  startup.o(RESET)
    PAbt_Handler                             0x00080044   ARM Code       4  startup.o(RESET)
    DAbt_Handler                             0x00080048   ARM Code       4  startup.o(RESET)
    FIQ_Handler                              0x0008004c   ARM Code       4  startup.o(RESET)
    !!!main                                  0x000800cc   Section        8  __main.o(!!!main)
    !!!scatter                               0x000800d4   Section       60  __scatter.o(!!!scatter)
    !!dczerorl2                              0x00080110   Section       92  __dczerorl2.o(!!dczerorl2)
    _decompress_loop                         0x0008011b   Thumb Code     0  __dczerorl2.o(!!dczerorl2)
    _decompress_zerolen                      0x00080129   Thumb Code     0  __dczerorl2.o(!!dczerorl2)
    _decompress_litn                         0x00080131   Thumb Code     0  __dczerorl2.o(!!dczerorl2)
    _decompress_lit                          0x00080135   Thumb Code     0  __dczerorl2.o(!!dczerorl2)
    _decompress_copyorzero                   0x00080141   Thumb Code     0  __dczerorl2.o(!!dczerorl2)
    _decompress_zero                         0x00080149   Thumb Code     0  __dczerorl2.o(!!dczerorl2)
    _decompress_copyn                        0x00080153   Thumb Code     0  __dczerorl2.o(!!dczerorl2)
    _decompress_copy                         0x0008015b   Thumb Code     0  __dczerorl2.o(!!dczerorl2)
    _decompress_end                          0x00080167   Thumb Code     0  __dczerorl2.o(!!dczerorl2)
    !!handler_zi                             0x0008016c   Section       44  __scatter_zi.o(!!handler_zi)
    .ARM.Collect$$libinit$$00000000          0x000801a0   Section        6  libinit.o(.ARM.Collect$$libinit$$00000000)
    .ARM.Collect$$libinit$$00000006          0x000801a6   Section        0  libinit2.o(.ARM.Collect$$libinit$$00000006)
    .ARM.Collect$$libinit$$00000008          0x000801a6   Section        0  libinit2.o(.ARM.Collect$$libinit$$00000008)
    .ARM.Collect$$libinit$$0000000A          0x000801a6   Section        0  libinit2.o(.ARM.Collect$$libinit$$0000000A)
    .ARM.Collect$$libinit$$0000000D          0x000801a6   Section        0  libinit2.o(.ARM.Collect$$libinit$$0000000D)
    .ARM.Collect$$libinit$$0000000F          0x000801a6   Section        0  libinit2.o(.ARM.Collect$$libinit$$0000000F)
    .ARM.Collect$$libinit$$00000011          0x000801a6   Section        0  libinit2.o(.ARM.Collect$$libinit$$00000011)
    .ARM.Collect$$libinit$$00000013          0x000801a6   Section        0  libinit2.o(.ARM.Collect$$libinit$$00000013)
    .ARM.Collect$$libinit$$00000015          0x000801a6   Section        0  libinit2.o(.ARM.Collect$$libinit$$00000015)
    .ARM.Collect$$libinit$$00000017          0x000801a6   Section        0  libinit2.o(.ARM.Collect$$libinit$$00000017)
    .ARM.Collect$$libinit$$00000019          0x000801a6   Section        0  libinit2.o(.ARM.Collect$$libinit$$00000019)
    .ARM.Collect$$libinit$$0000001B          0x000801a6   Section        0  libinit2.o(.ARM.Collect$$libinit$$0000001B)
    .ARM.Collect$$libinit$$0000001D          0x000801a6   Section        0  libinit2.o(.ARM.Collect$$libinit$$0000001D)
    .ARM.Collect$$libinit$$0000001F          0x000801a6   Section        0  libinit2.o(.ARM.Collect$$libinit$$0000001F)
    .ARM.Collect$$libinit$$00000021          0x000801a6   Section        0  libinit2.o(.ARM.Collect$$libinit$$00000021)
    .ARM.Collect$$libinit$$00000028          0x000801a6   Section        0  libinit2.o(.ARM.Collect$$libinit$$00000028)
    .ARM.Collect$$libinit$$0000002A          0x000801a6   Section        0  libinit2.o(.ARM.Collect$$libinit$$0000002A)
    .ARM.Collect$$libinit$$0000002C          0x000801a6   Section        0  libinit2.o(.ARM.Collect$$libinit$$0000002C)
    .ARM.Collect$$libinit$$0000002E          0x000801a6   Section        0  libinit2.o(.ARM.Collect$$libinit$$0000002E)
    .ARM.Collect$$libinit$$0000002F          0x000801a6   Section       12  libinit2.o(.ARM.Collect$$libinit$$0000002F)
    .ARM.Collect$$libshutdown$$00000000      0x000801bc   Section        4  libshutdown.o(.ARM.Collect$$libshutdown$$00000000)
    .ARM.Collect$$libshutdown$$00000003      0x000801c0   Section        0  libshutdown2.o(.ARM.Collect$$libshutdown$$00000003)
    .ARM.Collect$$libshutdown$$00000006      0x000801c0   Section        0  libshutdown2.o(.ARM.Collect$$libshutdown$$00000006)
    .ARM.Collect$$libshutdown$$00000009      0x000801c0   Section        0  libshutdown2.o(.ARM.Collect$$libshutdown$$00000009)
    .ARM.Collect$$libshutdown$$0000000B      0x000801c0   Section        0  libshutdown2.o(.ARM.Collect$$libshutdown$$0000000B)
    .ARM.Collect$$libshutdown$$0000000E      0x000801c0   Section        0  libshutdown2.o(.ARM.Collect$$libshutdown$$0000000E)
    .ARM.Collect$$libshutdown$$0000000F      0x000801c0   Section        6  libshutdown2.o(.ARM.Collect$$libshutdown$$0000000F)
    .ARM.Collect$$rtentry$$00000000          0x000801c8   Section        0  rtentry.o(.ARM.Collect$$rtentry$$00000000)
    .ARM.Collect$$rtentry$$00000002          0x000801c8   Section        0  rtentry2.o(.ARM.Collect$$rtentry$$00000002)
    .ARM.Collect$$rtentry$$00000004          0x000801c8   Section        8  rtentry4.o(.ARM.Collect$$rtentry$$00000004)
    .ARM.Collect$$rtentry$$00000009          0x000801d0   Section        0  rtentry2.o(.ARM.Collect$$rtentry$$00000009)
    .ARM.Collect$$rtentry$$0000000A          0x000801d0   Section        4  rtentry2.o(.ARM.Collect$$rtentry$$0000000A)
    .ARM.Collect$$rtentry$$0000000C          0x000801d4   Section        0  rtentry2.o(.ARM.Collect$$rtentry$$0000000C)
    .ARM.Collect$$rtentry$$0000000D          0x000801d4   Section       40  rtentry2.o(.ARM.Collect$$rtentry$$0000000D)
    .ARM.Collect$$rtexit$$00000000           0x00080200   Section        4  rtexit.o(.ARM.Collect$$rtexit$$00000000)
    .ARM.Collect$$rtexit$$00000002           0x00080204   Section        0  rtexit2.o(.ARM.Collect$$rtexit$$00000002)
    .ARM.Collect$$rtexit$$00000003           0x00080204   Section        4  rtexit2.o(.ARM.Collect$$rtexit$$00000003)
    .ARM.Collect$$rtexit$$00000004           0x00080208   Section        8  rtexit2.o(.ARM.Collect$$rtexit$$00000004)
    .emb_text                                0x00080210   Section       72  rtx_config.o(.emb_text)
    .emb_text                                0x00080258   Section      488  hal_arm.o(.emb_text)
    Switch_task                              0x000803bc   ARM Code       0  hal_arm.o(.emb_text)
    .text                                    0x00080440   Section       32  startup.o(.text)
    .text                                    0x00080460   Section        0  main.o(.text)
    .text                                    0x0008095c   Section        0  portevent.o(.text)
    .text                                    0x00080990   Section        0  portserial.o(.text)
    .text                                    0x00080a88   Section        0  portserial.o(.text)
    .text                                    0x00080ae0   Section        0  porttimer.o(.text)
    .text                                    0x00080af0   Section        0  porttimer.o(.text)
    .text                                    0x00080b20   Section        0  mb.o(.text)
    .text                                    0x00080d78   Section        0  mbascii.o(.text)
    prvucMBLRC                               0x0008104d   Thumb Code    34  mbascii.o(.text)
    prvucMBBIN2CHAR                          0x0008106f   Thumb Code    28  mbascii.o(.text)
    .text                                    0x00081094   Section        0  mbcrc.o(.text)
    .text                                    0x000810c8   Section        0  mbrtu.o(.text)
    .text                                    0x00081308   Section        0  mbfunccoils.o(.text)
    .text                                    0x0008144c   Section        0  mbfuncdisc.o(.text)
    .text                                    0x000814c8   Section        0  mbfuncholding.o(.text)
    .text                                    0x00081654   Section        0  mbfuncinput.o(.text)
    .text                                    0x000816b8   Section        0  mbfuncother.o(.text)
    .text                                    0x00081720   Section        0  mbutils.o(.text)
    .text                                    0x00081798   Section        0  rtx_config.o(.text)
    .text                                    0x000818a4   Section        0  rtx_config.o(.text)
    __tagsym$$used                           0x000818a4   Number         0  rtx_config.o(.text)
    .text                                    0x000818a8   Section        0  iap.o(.text)
    .text                                    0x0008190c   Section        0  ht1622.o(.text)
    SendBit_HT1622                           0x0008190d   Thumb Code    94  ht1622.o(.text)
    Reset_1622                               0x0008196b   Thumb Code    70  ht1622.o(.text)
    Delay                                    0x00082109   Thumb Code    12  ht1622.o(.text)
    SENDCOMB                                 0x00082115   Thumb Code    26  ht1622.o(.text)
    LCDWRITE_1622                            0x0008212f   Thumb Code    32  ht1622.o(.text)
    Delay50ms                                0x0008214f   Thumb Code    10  ht1622.o(.text)
    SENDCOMA                                 0x00082159   Thumb Code    26  ht1622.o(.text)
    .text                                    0x000821a4   Section        0  hmi.o(.text)
    MenuKeyboardHandler                      0x000821a5   Thumb Code   162  hmi.o(.text)
    MainMenu_KeyboardHandler                 0x00082247   Thumb Code     2  hmi.o(.text)
    MainMenu_DisplayHandler                  0x00082249   Thumb Code    14  hmi.o(.text)
    ZeroConfig_KeyboardHandler               0x00082257   Thumb Code   104  hmi.o(.text)
    ZeroConfig_DisplayHandler                0x000822bf   Thumb Code    62  hmi.o(.text)
    ZeroConfig_OpeningHandler                0x000822fd   Thumb Code    26  hmi.o(.text)
    DispConfig_KeyboardHandler               0x00082317   Thumb Code    76  hmi.o(.text)
    DispConfig_DisplayHandler                0x00082363   Thumb Code    60  hmi.o(.text)
    DispConfig_OpeningHandler                0x0008239f   Thumb Code    20  hmi.o(.text)
    Display                                  0x0008245d   Thumb Code    86  hmi.o(.text)
    CheckKeyboard                            0x000824b3   Thumb Code    86  hmi.o(.text)
    OnKeyUp                                  0x00082509   Thumb Code    98  hmi.o(.text)
    .text                                    0x000825b0   Section        0  ds18b20.o(.text)
    Init_DS18B20                             0x000825b1   Thumb Code   116  ds18b20.o(.text)
    DS18B20_WriteByte                        0x00082625   Thumb Code    86  ds18b20.o(.text)
    delay_5us                                0x00082715   Thumb Code    24  ds18b20.o(.text)
    DS18B20_ReadByte                         0x0008272d   Thumb Code   118  ds18b20.o(.text)
    .text                                    0x000827ac   Section       12  libspace.o(.text)
    .text                                    0x000827b8   Section        0  abort.o(.text)
    .text                                    0x000827cc   Section      212  rt_memcpy.o(.text)
    .text                                    0x000828a4   Section      384  aeabi_sdiv.o(.text)
    __arm_div8                               0x000828d0   ARM Code       0  aeabi_sdiv.o(.text)
    __arm_div5                               0x000828f4   ARM Code       0  aeabi_sdiv.o(.text)
    __arm_div2                               0x00082918   ARM Code       0  aeabi_sdiv.o(.text)
    __arm_div_large                          0x00082954   ARM Code       0  aeabi_sdiv.o(.text)
    .text                                    0x00082a24   Section        0  heapauxi.o(.text)
    .text                                    0x00082a34   Section        0  sys_exit.o(.text)
    .text                                    0x00082a48   Section        0  _rserrno.o(.text)
    .text                                    0x00082a62   Section        0  defsig_abrt_outer.o(.text)
    .text                                    0x00082a74   Section      100  rt_memcpy_w.o(.text)
    .text                                    0x00082ad8   Section        4  use_no_semi.o(.text)
    .text                                    0x00082ae0   Section        4  rt_errno_addr_twolibspace.o(.text)
    .text                                    0x00082ae4   Section        0  defsig_exit.o(.text)
    .text                                    0x00082af4   Section        0  defsig_abrt_inner.o(.text)
    .text                                    0x00082b28   Section       96  sys_stackheap_outer.o(.text)
    .text                                    0x00082b88   Section        0  exit.o(.text)
    .text                                    0x00082b94   Section        0  defsig_general.o(.text)
    .text                                    0x00082bcc   Section        0  sys_wrch.o(.text)
    .text                                    0x00082bdc   Section       20  rt_fp_status_addr_twolibspace.o(.text)
    .text_udiv                               0x00082bf4   Section       36  aeabi_sdiv.o(.text_udiv)
    SWI_TABLE                                0x00082c18   Section       36  swi_table.o(SWI_TABLE)
    i.__ARM_common_call_via_r0               0x00082c3c   Section        0  mb.o(i.__ARM_common_call_via_r0)
    i.__ARM_common_call_via_r2               0x00082c3e   Section        0  mb.o(i.__ARM_common_call_via_r2)
    i.__ARM_common_call_via_r3               0x00082c40   Section        0  mb.o(i.__ARM_common_call_via_r3)
    i.__ARM_common_disable_irq               0x00082c48   Section        0  mb.o(i.__ARM_common_disable_irq)
    i.__ARM_common_enable_irq                0x00082c60   Section        0  mb.o(i.__ARM_common_enable_irq)
    i.__ARM_common_switch8                   0x00082c74   Section        0  mbascii.o(i.__ARM_common_switch8)
    i.__SWI_0                                0x00082c8c   Section        0  hal_arm.o(i.__SWI_0)
    i.__SWI_1                                0x00082cbc   Section        0  rt_membox.o(i.__SWI_1)
    i.__SWI_2                                0x00082cca   Section        0  rt_membox.o(i.__SWI_2)
    i.__SWI_3                                0x00082ce2   Section        0  hal_arm.o(i.__SWI_3)
    i.__SWI_4                                0x00082cea   Section        0  hal_arm.o(i.__SWI_4)
    i.__SWI_6                                0x00082cf2   Section        0  hal_arm.o(i.__SWI_6)
    i.__SWI_7                                0x00082cf4   Section        0  hal_arm.o(i.__SWI_7)
    i._init_box                              0x00082cf6   Section        0  rt_membox.o(i._init_box)
    i.os_block                               0x00082d40   Section        0  rt_task.o(i.os_block)
    i.os_chk_robin                           0x00082d88   Section        0  rt_robin.o(i.os_chk_robin)
    i.os_dec_dly                             0x00082dcc   Section        0  rt_list.o(i.os_dec_dly)
    i.os_dispatch                            0x00082e48   Section        0  rt_task.o(i.os_dispatch)
    i.os_dly_wait                            0x00082e8c   Section        0  rt_time.o(i.os_dly_wait)
    i.os_evt_psh                             0x00082ea4   Section        0  rt_event.o(i.os_evt_psh)
    i.os_get_first                           0x00082ef4   Section        0  rt_list.o(i.os_get_first)
    i.os_init_context                        0x00082f20   Section        0  rt_task.o(i.os_init_context)
    os_init_context                          0x00082f21   Thumb Code    66  rt_task.o(i.os_init_context)
    i.os_init_robin                          0x00082f68   Section        0  rt_robin.o(i.os_init_robin)
    i.os_init_stack                          0x00082f80   Section        0  hal_arm.o(i.os_init_stack)
    i.os_itv_set                             0x00082fe4   Section        0  rt_time.o(i.os_itv_set)
    i.os_itv_wait                            0x00082ffc   Section        0  rt_time.o(i.os_itv_wait)
    i.os_mbx_psh                             0x00083034   Section        0  rt_mailbox.o(i.os_mbx_psh)
    i.os_mut_init                            0x000830bc   Section        0  rt_mutex.o(i.os_mut_init)
    i.os_mut_release                         0x000830ec   Section        0  rt_mutex.o(i.os_mut_release)
    i.os_mut_wait                            0x00083194   Section        0  rt_mutex.o(i.os_mut_wait)
    i.os_put_dly                             0x00083218   Section        0  rt_list.o(i.os_put_dly)
    i.os_put_prio                            0x00083268   Section        0  rt_list.o(i.os_put_prio)
    i.os_put_rdy_first                       0x000832a8   Section        0  rt_list.o(i.os_put_rdy_first)
    i.os_resort_prio                         0x000832bc   Section        0  rt_list.o(i.os_resort_prio)
    i.os_rmv_dly                             0x000832f0   Section        0  rt_list.o(i.os_rmv_dly)
    i.os_rmv_list                            0x0008331c   Section        0  rt_list.o(i.os_rmv_list)
    i.os_sem_psh                             0x00083350   Section        0  rt_semaphore.o(i.os_sem_psh)
    i.os_stk_check                           0x00083388   Section        0  hal_arm.o(i.os_stk_check)
    i.os_sys_init1                           0x000833b4   Section        0  rt_task.o(i.os_sys_init1)
    i.os_sys_manager                         0x0008349c   Section        0  rt_system.o(i.os_sys_manager)
    i.os_tmr_tick                            0x00083568   Section        0  rt_timer.o(i.os_tmr_tick)
    i.os_tsk_create0                         0x000835ac   Section        0  rt_task.o(i.os_tsk_create0)
    i.os_tsk_delete                          0x0008363c   Section        0  rt_task.o(i.os_tsk_delete)
    i.os_tsk_self                            0x000836e4   Section        0  rt_task.o(i.os_tsk_self)
    i.sqrt                                   0x000836f8   Section        0  sqrt.o(i.sqrt)
    i.vMBPortTimersDisable                   0x00083764   Section        0  porttimer.o(i.vMBPortTimersDisable)
    i.vMBPortTimersEnable                    0x00083774   Section        0  porttimer.o(i.vMBPortTimersEnable)
    x$fpl$d2f                                0x0008379c   Section      108  d2f.o(x$fpl$d2f)
    x$fpl$dadd                               0x0008380c   Section      336  daddsub_noclz.o(x$fpl$dadd)
    _dadd1                                   0x0008381c   ARM Code       0  daddsub_noclz.o(x$fpl$dadd)
    x$fpl$ddiv                               0x00083960   Section      736  ddiv.o(x$fpl$ddiv)
    ddiv_entry                               0x00083968   ARM Code       0  ddiv.o(x$fpl$ddiv)
    x$fpl$dnaninf                            0x00083c40   Section      192  dnaninf.o(x$fpl$dnaninf)
    x$fpl$dretinf                            0x00083d00   Section       16  dretinf.o(x$fpl$dretinf)
    x$fpl$dsqrt                              0x00083d10   Section      520  dsqrt_noumaal.o(x$fpl$dsqrt)
    x$fpl$dsub                               0x00083f18   Section      580  daddsub_noclz.o(x$fpl$dsub)
    _dsub1                                   0x00083f28   ARM Code       0  daddsub_noclz.o(x$fpl$dsub)
    x$fpl$f2d                                0x00084160   Section      100  f2d.o(x$fpl$f2d)
    x$fpl$fadd                               0x000841c8   Section      196  faddsub_noclz.o(x$fpl$fadd)
    _fadd1                                   0x000841d4   ARM Code       0  faddsub_noclz.o(x$fpl$fadd)
    x$fpl$fcheck1                            0x0008428c   Section       12  fcheck1.o(x$fpl$fcheck1)
    x$fpl$ffix                               0x0008429c   Section       68  ffix.o(x$fpl$ffix)
    x$fpl$fflt                               0x000842e0   Section       92  fflt_noclz.o(x$fpl$fflt)
    x$fpl$ffltu                              0x00084340   Section        8  fflt_noclz.o(x$fpl$ffltu)
    x$fpl$fmul                               0x0008434c   Section      256  fmul.o(x$fpl$fmul)
    x$fpl$fnaninf                            0x0008444c   Section      168  fnaninf.o(x$fpl$fnaninf)
    x$fpl$fpinit                             0x000844f8   Section       24  fpinit.o(x$fpl$fpinit)
    x$fpl$fretinf                            0x00084510   Section       16  fretinf.o(x$fpl$fretinf)
    x$fpl$frsb                               0x00084524   Section       20  faddsub_noclz.o(x$fpl$frsb)
    x$fpl$fsub                               0x0008453c   Section      304  faddsub_noclz.o(x$fpl$fsub)
    _fsub1                                   0x00084548   ARM Code       0  faddsub_noclz.o(x$fpl$fsub)
    x$fpl$retnan                             0x0008466c   Section      116  retnan.o(x$fpl$retnan)
    x$fpl$scalbnf                            0x000846e4   Section       96  scalbnf.o(x$fpl$scalbnf)
    x$fpl$trapveneer                         0x00084744   Section       60  trapv.o(x$fpl$trapveneer)
    .constdata                               0x00084780   Section      512  mbcrc.o(.constdata)
    x$fpl$usenofp                            0x00084780   Section        0  usenofp.o(x$fpl$usenofp)
    aucCRCHi                                 0x00084780   Data         256  mbcrc.o(.constdata)
    aucCRCLo                                 0x00084880   Data         256  mbcrc.o(.constdata)
    .constdata                               0x00084980   Section        2  rtx_config.o(.constdata)
    .constdata                               0x00084984   Section        4  rtx_config.o(.constdata)
    .constdata                               0x00084988   Section        4  rtx_config.o(.constdata)
    .constdata                               0x0008498c   Section        8  rtx_config.o(.constdata)
    __tagsym$$used                           0x0008498c   Number         0  rtx_config.o(.constdata)
    __tagsym$$used                           0x00084990   Number         0  rtx_config.o(.constdata)
    .constdata                               0x00084994   Section        2  rtx_config.o(.constdata)
    .constdata                               0x00084998   Section        4  rtx_config.o(.constdata)
    .constdata                               0x0008499c   Section        1  rtx_config.o(.constdata)
    .constdata                               0x0008499e   Section        2  rtx_config.o(.constdata)
    .constdata                               0x000849a0   Section      130  ht1622.o(.constdata)
    .constdata                               0x00084a24   Section       38  hmi.o(.constdata)
    .ARM.__AT_0x0008F400                     0x0008f400   Section      112  main.o(.ARM.__AT_0x0008F400)

    Global Symbols

    Symbol Name                              Value     Ov Type        Size  Object(Section)

    BuildAttributes$$THM_ISAv1$ARM_ISAv4$S$PE$A:L22$X:L11$S22$IEEE1$IW$USESV6$~STKCKD$USESV7$~SHL$OTIME$ROPI$IEEEJ$EBA8$UX$STANDARDLIB$REQ8$PRES8$EABIv2 0x00000000   Number         0  anon$$obj.o ABSOLUTE
    __ARM_use_no_argv                        0x00000000   Number         0  main.o ABSOLUTE
    __ARM_exceptions_init                     - Undefined Weak Reference
    __alloca_initialize                       - Undefined Weak Reference
    __cpp_initialize__aeabi_                  - Undefined Weak Reference
    __cxa_finalize                            - Undefined Weak Reference
    __fpl_infinity                            - Undefined Weak Reference
    __rt_locale                               - Undefined Weak Reference
    __sigvec_lookup                           - Undefined Weak Reference
    _atexit_init                              - Undefined Weak Reference
    _call_atexit_fns                          - Undefined Weak Reference
    _clock_init                               - Undefined Weak Reference
    _fp_trap_init                             - Undefined Weak Reference
    _fp_trap_shutdown                         - Undefined Weak Reference
    _get_lc_collate                           - Undefined Weak Reference
    _get_lc_ctype                             - Undefined Weak Reference
    _get_lc_monetary                          - Undefined Weak Reference
    _get_lc_numeric                           - Undefined Weak Reference
    _get_lc_time                              - Undefined Weak Reference
    _getenv_init                              - Undefined Weak Reference
    _handle_redirection                       - Undefined Weak Reference
    _init_alloc                               - Undefined Weak Reference
    _init_user_alloc                          - Undefined Weak Reference
    _initio                                   - Undefined Weak Reference
    _rand_init                                - Undefined Weak Reference
    _signal_finish                            - Undefined Weak Reference
    _signal_init                              - Undefined Weak Reference
    _terminate_alloc                          - Undefined Weak Reference
    _terminate_user_alloc                     - Undefined Weak Reference
    _terminateio                              - Undefined Weak Reference
    os_tmr_reload                             - Undefined Weak Reference
    rt_init                                   - Undefined Weak Reference
    rt_notify                                 - Undefined Weak Reference
    rt_post_taskswitch                        - Undefined Weak Reference
    __RTX_ARM_VER                            0x00000413   Number         0  rt_system.o ABSOLUTE
    t_feeddog                                0x0001000c   Data           4  main.o(.data)
    t_blink                                  0x00010010   Data           4  main.o(.data)
    t_modbus                                 0x00010014   Data           4  main.o(.data)
    t_adc                                    0x00010018   Data           4  main.o(.data)
    t_hmi                                    0x0001001c   Data           4  main.o(.data)
    pxMBFrameCBByteReceived                  0x00010048   Data           4  mb.o(.data)
    pxMBFrameCBTransmitterEmpty              0x0001004c   Data           4  mb.o(.data)
    pxMBPortCBTimerExpired                   0x00010050   Data           4  mb.o(.data)
    m_tmr                                    0x000100f4   Data           4  rtx_config.o(.data)
    m_mcbCurrent                             0x00010114   Data           8  hmi.o(.data)
    m_stackMenuCtlBlock                      0x0001011c   Data           8  hmi.o(.data)
    os_runtask                               0x00010124   Data           4  rt_task.o(.data)
    os_time                                  0x00010128   Data           2  rt_time.o(.data)
    sys_stktop                               0x0001012c   Data           4  hal_arm.o(.data)
    os_psh                                   0x00010130   Data           8  rt_system.o(.data)
    os_robin                                 0x00010138   Data           8  rt_robin.o(.data)
    os_tmr                                   0x00010140   Data           8  rt_timer.o(.data)
    g_UnitData                               0x00010148   Data          40  main.o(.bss)
    g_UnitCfg                                0x00010170   Data         112  main.o(.bss)
    ucRTUBuf                                 0x000101e0   Data         256  mbrtu.o(.bss)
    mp_tcb                                   0x00010300   Data         300  rtx_config.o(.bss)
    mp_stk                                   0x00010430   Data        3544  rtx_config.o(.bss)
    os_fifo                                  0x00011208   Data         132  rtx_config.o(.bss)
    os_active_TCB                            0x0001128c   Data          24  rtx_config.o(.bss)
    m_aMenuItems                             0x00011544   Data         144  hmi.o(.bss)
    m_aMenuCtlBlocks                         0x000115d4   Data          32  hmi.o(.bss)
    os_idle_TCB                              0x00011604   Data          48  rt_task.o(.bss)
    os_rdy                                   0x00011634   Data          24  rt_list.o(.bss)
    os_dly                                   0x0001164c   Data          24  rt_list.o(.bss)
    __libspace_start                         0x00011664   Data          96  libspace.o(.bss)
    __temporary_stack_top$libspace           0x000116c4   Data           0  libspace.o(.bss)
    Reset_Handler                            0x00080050   ARM Code       0  startup.o(RESET)
    __main                                   0x000800cc   ARM Code       8  __main.o(!!!main)
    __scatterload                            0x000800d4   ARM Code       0  __scatter.o(!!!scatter)
    __scatterload_rt2                        0x000800d4   ARM Code      52  __scatter.o(!!!scatter)
    __scatterload_null                       0x000800e8   ARM Code       0  __scatter.o(!!!scatter)
    __decompress                             0x00080110   ARM Code      92  __dczerorl2.o(!!dczerorl2)
    __decompress1                            0x00080110   ARM Code       0  __dczerorl2.o(!!dczerorl2)
    __scatterload_zeroinit                   0x0008016c   ARM Code      44  __scatter_zi.o(!!handler_zi)
    Inline ARM to Thumb Veneer to __rt_lib_init 0x00080198   ARM Code       8  libinit.o(.ARM.Collect$$libinit$$00000000)
    __rt_lib_init                            0x000801a1   Thumb Code     0  libinit.o(.ARM.Collect$$libinit$$00000000)
    __rt_lib_init_alloca_1                   0x000801a7   Thumb Code     0  libinit2.o(.ARM.Collect$$libinit$$0000002A)
    __rt_lib_init_argv_1                     0x000801a7   Thumb Code     0  libinit2.o(.ARM.Collect$$libinit$$00000028)
    __rt_lib_init_atexit_1                   0x000801a7   Thumb Code     0  libinit2.o(.ARM.Collect$$libinit$$00000017)
    __rt_lib_init_clock_1                    0x000801a7   Thumb Code     0  libinit2.o(.ARM.Collect$$libinit$$0000001D)
    __rt_lib_init_cpp_1                      0x000801a7   Thumb Code     0  libinit2.o(.ARM.Collect$$libinit$$0000002E)
    __rt_lib_init_exceptions_1               0x000801a7   Thumb Code     0  libinit2.o(.ARM.Collect$$libinit$$0000002C)
    __rt_lib_init_fp_trap_1                  0x000801a7   Thumb Code     0  libinit2.o(.ARM.Collect$$libinit$$0000001B)
    __rt_lib_init_getenv_1                   0x000801a7   Thumb Code     0  libinit2.o(.ARM.Collect$$libinit$$0000001F)
    __rt_lib_init_heap_1                     0x000801a7   Thumb Code     0  libinit2.o(.ARM.Collect$$libinit$$00000006)
    __rt_lib_init_lc_collate_1               0x000801a7   Thumb Code     0  libinit2.o(.ARM.Collect$$libinit$$0000000D)
    __rt_lib_init_lc_ctype_1                 0x000801a7   Thumb Code     0  libinit2.o(.ARM.Collect$$libinit$$0000000F)
    __rt_lib_init_lc_monetary_1              0x000801a7   Thumb Code     0  libinit2.o(.ARM.Collect$$libinit$$00000011)
    __rt_lib_init_lc_numeric_1               0x000801a7   Thumb Code     0  libinit2.o(.ARM.Collect$$libinit$$00000013)
    __rt_lib_init_lc_time_1                  0x000801a7   Thumb Code     0  libinit2.o(.ARM.Collect$$libinit$$00000015)
    __rt_lib_init_rand_1                     0x000801a7   Thumb Code     0  libinit2.o(.ARM.Collect$$libinit$$0000000A)
    __rt_lib_init_return                     0x000801a7   Thumb Code     0  libinit2.o(.ARM.Collect$$libinit$$0000002F)
    __rt_lib_init_signal_1                   0x000801a7   Thumb Code     0  libinit2.o(.ARM.Collect$$libinit$$00000019)
    __rt_lib_init_stdio_1                    0x000801a7   Thumb Code     0  libinit2.o(.ARM.Collect$$libinit$$00000021)
    __rt_lib_init_user_alloc_1               0x000801a7   Thumb Code     0  libinit2.o(.ARM.Collect$$libinit$$00000008)
    Inline ARM to Thumb Veneer to __rt_lib_shutdown 0x000801b4   ARM Code       8  libshutdown.o(.ARM.Collect$$libshutdown$$00000000)
    __rt_lib_shutdown                        0x000801bd   Thumb Code     0  libshutdown.o(.ARM.Collect$$libshutdown$$00000000)
    __rt_lib_shutdown_fp_trap_1              0x000801c1   Thumb Code     0  libshutdown2.o(.ARM.Collect$$libshutdown$$00000006)
    __rt_lib_shutdown_heap_1                 0x000801c1   Thumb Code     0  libshutdown2.o(.ARM.Collect$$libshutdown$$0000000E)
    __rt_lib_shutdown_return                 0x000801c1   Thumb Code     0  libshutdown2.o(.ARM.Collect$$libshutdown$$0000000F)
    __rt_lib_shutdown_signal_1               0x000801c1   Thumb Code     0  libshutdown2.o(.ARM.Collect$$libshutdown$$00000009)
    __rt_lib_shutdown_stdio_1                0x000801c1   Thumb Code     0  libshutdown2.o(.ARM.Collect$$libshutdown$$00000003)
    __rt_lib_shutdown_user_alloc_1           0x000801c1   Thumb Code     0  libshutdown2.o(.ARM.Collect$$libshutdown$$0000000B)
    __rt_entry                               0x000801c8   ARM Code       0  rtentry.o(.ARM.Collect$$rtentry$$00000000)
    __rt_entry_presh_1                       0x000801c8   ARM Code       0  rtentry2.o(.ARM.Collect$$rtentry$$00000002)
    __rt_entry_sh                            0x000801c8   ARM Code       0  rtentry4.o(.ARM.Collect$$rtentry$$00000004)
    __rt_entry_li                            0x000801d0   ARM Code       0  rtentry2.o(.ARM.Collect$$rtentry$$0000000A)
    __rt_entry_postsh_1                      0x000801d0   ARM Code       0  rtentry2.o(.ARM.Collect$$rtentry$$00000009)
    __rt_entry_main                          0x000801d4   ARM Code       0  rtentry2.o(.ARM.Collect$$rtentry$$0000000D)
    __rt_entry_postli_1                      0x000801d4   ARM Code       0  rtentry2.o(.ARM.Collect$$rtentry$$0000000C)
    Inline Thumb to ARM Veneer to __rt_exit  0x000801fd   Thumb Code     4  rtexit.o(.ARM.Collect$$rtexit$$00000000)
    __rt_exit                                0x00080200   ARM Code       0  rtexit.o(.ARM.Collect$$rtexit$$00000000)
    __rt_exit_ls                             0x00080204   ARM Code       0  rtexit2.o(.ARM.Collect$$rtexit$$00000003)
    __rt_exit_prels_1                        0x00080204   ARM Code       0  rtexit2.o(.ARM.Collect$$rtexit$$00000002)
    __rt_exit_exit                           0x00080208   ARM Code       0  rtexit2.o(.ARM.Collect$$rtexit$$00000004)
    IRQ_Handler                              0x00080210   ARM Code      52  rtx_config.o(.emb_text)
    _inc_qi                                  0x00080259   Thumb Code    60  hal_arm.o(.emb_text)
    _dec_qc                                  0x00080295   Thumb Code    32  hal_arm.o(.emb_text)
    os_set_env                               0x000802b5   Thumb Code     8  hal_arm.o(.emb_text)
    os_sys_init0                             0x000802bd   Thumb Code    12  hal_arm.o(.emb_text)
    os_sys_run                               0x000802d1   Thumb Code    16  hal_arm.o(.emb_text)
    os_clock_interrupt                       0x000802e4   ARM Code     128  hal_arm.o(.emb_text)
    os_sys_manager_ret                       0x00080351   Thumb Code     0  hal_arm.o(.emb_text)
    SWI_Handler                              0x00080378   ARM Code     192  hal_arm.o(.emb_text)
    os_switch_tasks_ret                      0x000803b5   Thumb Code     0  hal_arm.o(.emb_text)
    __user_initial_stackheap                 0x00080440   ARM Code       0  startup.o(.text)
    feeddog                                  0x00080461   Thumb Code    18  main.o(.text)
    blink                                    0x00080473   Thumb Code    20  main.o(.text)
    modbus                                   0x00080487   Thumb Code    12  main.o(.text)
    GetADC                                   0x00080493   Thumb Code    78  main.o(.text)
    adc                                      0x000804e1   Thumb Code   586  main.o(.text)
    hmi                                      0x0008072b   Thumb Code    12  main.o(.text)
    ADCpoweron                               0x00080737   Thumb Code    16  main.o(.text)
    init                                     0x00080747   Thumb Code   244  main.o(.text)
    main                                     0x0008083b   Thumb Code   118  main.o(.text)
    eMBRegInputCB                            0x000808b1   Thumb Code    54  main.o(.text)
    eMBRegHoldingCB                          0x000808e7   Thumb Code   106  main.o(.text)
    eMBRegCoilsCB                            0x00080951   Thumb Code     4  main.o(.text)
    eMBRegDiscreteCB                         0x00080955   Thumb Code     4  main.o(.text)
    xMBPortEventInit                         0x0008095d   Thumb Code    10  portevent.o(.text)
    xMBPortEventPost                         0x00080967   Thumb Code    12  portevent.o(.text)
    xMBPortEventGet                          0x00080973   Thumb Code    24  portevent.o(.text)
    vMBPortSerialEnable                      0x00080991   Thumb Code    78  portserial.o(.text)
    xMBPortSerialInit                        0x000809df   Thumb Code   130  portserial.o(.text)
    xMBPortSerialPutByte                     0x00080a61   Thumb Code     8  portserial.o(.text)
    xMBPortSerialGetByte                     0x00080a69   Thumb Code    10  portserial.o(.text)
    mb_uart_interrupt                        0x00080a88   ARM Code      72  portserial.o(.text)
    xMBPortTimersInit                        0x00080ae1   Thumb Code    10  porttimer.o(.text)
    mb_timer2_interrupt                      0x00080af0   ARM Code      40  porttimer.o(.text)
    eMBInit                                  0x00080b21   Thumb Code   138  mb.o(.text)
    eMBRegisterCB                            0x00080bab   Thumb Code   110  mb.o(.text)
    eMBClose                                 0x00080c19   Thumb Code    34  mb.o(.text)
    eMBEnable                                0x00080c3b   Thumb Code    30  mb.o(.text)
    eMBDisable                               0x00080c59   Thumb Code    32  mb.o(.text)
    eMBPoll                                  0x00080c79   Thumb Code   196  mb.o(.text)
    eMBASCIIInit                             0x00080d79   Thumb Code    60  mbascii.o(.text)
    eMBASCIIStart                            0x00080db5   Thumb Code    36  mbascii.o(.text)
    eMBASCIIStop                             0x00080dd9   Thumb Code    24  mbascii.o(.text)
    eMBASCIIReceive                          0x00080df1   Thumb Code    76  mbascii.o(.text)
    eMBASCIISend                             0x00080e3d   Thumb Code    80  mbascii.o(.text)
    xMBASCIIReceiveFSM                       0x00080e8d   Thumb Code   230  mbascii.o(.text)
    xMBASCIITransmitFSM                      0x00080f73   Thumb Code   176  mbascii.o(.text)
    xMBASCIITimerT1SExpired                  0x00081023   Thumb Code    42  mbascii.o(.text)
    usMBCRC16                                0x00081095   Thumb Code    46  mbcrc.o(.text)
    eMBRTUInit                               0x000810c9   Thumb Code    76  mbrtu.o(.text)
    eMBRTUStart                              0x00081115   Thumb Code    34  mbrtu.o(.text)
    eMBRTUStop                               0x00081137   Thumb Code    24  mbrtu.o(.text)
    eMBRTUReceive                            0x0008114f   Thumb Code    78  mbrtu.o(.text)
    eMBRTUSend                               0x0008119d   Thumb Code    90  mbrtu.o(.text)
    xMBRTUReceiveFSM                         0x000811f7   Thumb Code   104  mbrtu.o(.text)
    xMBRTUTransmitFSM                        0x0008125f   Thumb Code    94  mbrtu.o(.text)
    xMBRTUTimerT35Expired                    0x000812bd   Thumb Code    62  mbrtu.o(.text)
    eMBFuncReadCoils                         0x00081309   Thumb Code   120  mbfunccoils.o(.text)
    eMBFuncWriteCoil                         0x00081381   Thumb Code    92  mbfunccoils.o(.text)
    eMBFuncWriteMultipleCoils                0x000813dd   Thumb Code   106  mbfunccoils.o(.text)
    eMBFuncReadDiscreteInputs                0x0008144d   Thumb Code   118  mbfuncdisc.o(.text)
    eMBFuncWriteHoldingRegister              0x000814c9   Thumb Code    56  mbfuncholding.o(.text)
    eMBFuncWriteMultipleHoldingRegister      0x00081501   Thumb Code    86  mbfuncholding.o(.text)
    eMBFuncReadHoldingRegister               0x00081557   Thumb Code    92  mbfuncholding.o(.text)
    eMBFuncReadWriteMultipleHoldingRegister  0x000815b3   Thumb Code   162  mbfuncholding.o(.text)
    eMBFuncReadInputRegister                 0x00081655   Thumb Code   100  mbfuncinput.o(.text)
    eMBSetSlaveID                            0x000816b9   Thumb Code    64  mbfuncother.o(.text)
    eMBFuncReportSlaveID                     0x000816f9   Thumb Code    30  mbfuncother.o(.text)
    xMBUtilSetBits                           0x00081721   Thumb Code    50  mbutils.o(.text)
    xMBUtilGetBits                           0x00081753   Thumb Code    36  mbutils.o(.text)
    prveMBError2Exception                    0x00081777   Thumb Code    24  mbutils.o(.text)
    Inline ARM to Thumb Veneer to __user_perthread_libspace 0x00081790   ARM Code       8  rtx_config.o(.text)
    os_idle_demon                            0x00081799   Thumb Code     2  rtx_config.o(.text)
    os_tmr_call                              0x0008179b   Thumb Code     2  rtx_config.o(.text)
    os_error                                 0x0008179d   Thumb Code     2  rtx_config.o(.text)
    os_tmr_init                              0x0008179f   Thumb Code    12  rtx_config.o(.text)
    os_tmr_force_irq                         0x000817ab   Thumb Code    26  rtx_config.o(.text)
    os_tmr_inspect_cnt                       0x000817c5   Thumb Code    10  rtx_config.o(.text)
    os_tmr_inspect_ovf                       0x000817cf   Thumb Code    10  rtx_config.o(.text)
    os_irq_ack_lock                          0x000817d9   Thumb Code    28  rtx_config.o(.text)
    __SWI_5                                  0x000817f5   Thumb Code     8  rtx_config.o(.text)
    tsk_unlock                               0x000817fd   Thumb Code    28  rtx_config.o(.text)
    __user_perthread_libspace                0x00081819   Thumb Code    30  rtx_config.o(.text)
    _mutex_initialize                        0x00081837   Thumb Code    36  rtx_config.o(.text)
    _mutex_acquire                           0x0008185b   Thumb Code    24  rtx_config.o(.text)
    _mutex_release                           0x00081873   Thumb Code    20  rtx_config.o(.text)
    os_def_interrupt                         0x000818a4   ARM Code       4  rtx_config.o(.text)
    Init_FEE                                 0x000818a9   Thumb Code     8  iap.o(.text)
    EepromWr_n                               0x000818b1   Thumb Code    82  iap.o(.text)
    display_char                             0x000819b1   Thumb Code   782  ht1622.o(.text)
    digital                                  0x00081cbf   Thumb Code   708  ht1622.o(.text)
    display_digital                          0x00081f83   Thumb Code   116  ht1622.o(.text)
    clearLCD                                 0x00081ff7   Thumb Code    44  ht1622.o(.text)
    SENDCOMC                                 0x00082023   Thumb Code    26  ht1622.o(.text)
    initLCD_1622                             0x0008203d   Thumb Code    32  ht1622.o(.text)
    floattochar                              0x0008205d   Thumb Code   172  ht1622.o(.text)
    HMI_Init                                 0x000823b3   Thumb Code   158  hmi.o(.text)
    HMI_Handler                              0x00082451   Thumb Code    12  hmi.o(.text)
    DS18B20_Temperature                      0x0008267b   Thumb Code   154  ds18b20.o(.text)
    __user_libspace                          0x000827ac   ARM Code      12  libspace.o(.text)
    __user_perproc_libspace                  0x000827ac   ARM Code       0  libspace.o(.text)
    abort                                    0x000827b9   Thumb Code    16  abort.o(.text)
    Inline Thumb to ARM Veneer to __aeabi_memcpy 0x000827c9   Thumb Code     4  rt_memcpy.o(.text)
    __aeabi_memcpy                           0x000827cc   ARM Code       0  rt_memcpy.o(.text)
    __rt_memcpy                              0x000827cc   ARM Code     212  rt_memcpy.o(.text)
    _memcpy_lastbytes                        0x00082880   ARM Code       0  rt_memcpy.o(.text)
    Inline Thumb to ARM Veneer to __aeabi_idivmod 0x000828a1   Thumb Code     4  aeabi_sdiv.o(.text)
    __aeabi_idiv                             0x000828a4   ARM Code       0  aeabi_sdiv.o(.text)
    __aeabi_idivmod                          0x000828a4   ARM Code     384  aeabi_sdiv.o(.text)
    __use_two_region_memory                  0x00082a25   Thumb Code     2  heapauxi.o(.text)
    __rt_heap_escrow$2region                 0x00082a27   Thumb Code     2  heapauxi.o(.text)
    __rt_heap_expand$2region                 0x00082a29   Thumb Code     2  heapauxi.o(.text)
    Inline ARM to Thumb Veneer to _sys_exit  0x00082a2c   ARM Code       8  sys_exit.o(.text)
    _sys_exit                                0x00082a35   Thumb Code     8  sys_exit.o(.text)
    Inline ARM to Thumb Veneer to __set_errno 0x00082a40   ARM Code       8  _rserrno.o(.text)
    __read_errno                             0x00082a49   Thumb Code    14  _rserrno.o(.text)
    __set_errno                              0x00082a57   Thumb Code    12  _rserrno.o(.text)
    __rt_SIGABRT                             0x00082a63   Thumb Code    16  defsig_abrt_outer.o(.text)
    __aeabi_memcpy4                          0x00082a74   ARM Code       0  rt_memcpy_w.o(.text)
    __aeabi_memcpy8                          0x00082a74   ARM Code       0  rt_memcpy_w.o(.text)
    __rt_memcpy_w                            0x00082a74   ARM Code     100  rt_memcpy_w.o(.text)
    _memcpy_lastbytes_aligned                0x00082ac0   ARM Code       0  rt_memcpy_w.o(.text)
    __I$use$semihosting                      0x00082ad8   ARM Code       0  use_no_semi.o(.text)
    __use_no_semihosting_swi                 0x00082ad8   ARM Code       4  use_no_semi.o(.text)
    Inline Thumb to ARM Veneer to __aeabi_errno_addr 0x00082add   Thumb Code     4  rt_errno_addr_twolibspace.o(.text)
    __aeabi_errno_addr                       0x00082ae0   ARM Code       4  rt_errno_addr_twolibspace.o(.text)
    __errno$twolibspace                      0x00082ae0   ARM Code       0  rt_errno_addr_twolibspace.o(.text)
    __rt_errno_addr$twolibspace              0x00082ae0   ARM Code       0  rt_errno_addr_twolibspace.o(.text)
    __sig_exit                               0x00082ae5   Thumb Code    16  defsig_exit.o(.text)
    __rt_SIGABRT_inner                       0x00082af5   Thumb Code    18  defsig_abrt_inner.o(.text)
    __user_setup_stackheap                   0x00082b28   ARM Code      96  sys_stackheap_outer.o(.text)
    exit                                     0x00082b89   Thumb Code    12  exit.o(.text)
    __default_signal_display                 0x00082b95   Thumb Code    56  defsig_general.o(.text)
    _ttywrch                                 0x00082bcd   Thumb Code    16  sys_wrch.o(.text)
    __rt_fp_status_addr                      0x00082bdc   ARM Code      20  rt_fp_status_addr_twolibspace.o(.text)
    Inline Thumb to ARM Veneer to __aeabi_uidivmod 0x00082bf1   Thumb Code     4  aeabi_sdiv.o(.text_udiv)
    __aeabi_uidiv                            0x00082bf4   ARM Code       0  aeabi_sdiv.o(.text_udiv)
    __aeabi_uidivmod                         0x00082bf4   ARM Code      36  aeabi_sdiv.o(.text_udiv)
    SWI_Count                                0x00082c18   Data           4  swi_table.o(SWI_TABLE)
    SWI_Table                                0x00082c1c   Data           0  swi_table.o(SWI_TABLE)
    __ARM_common_call_via_r0                 0x00082c3d   Thumb Code     2  mb.o(i.__ARM_common_call_via_r0)
    __ARM_common_call_via_r2                 0x00082c3f   Thumb Code     2  mb.o(i.__ARM_common_call_via_r2)
    __ARM_common_call_via_r3                 0x00082c41   Thumb Code     2  mb.o(i.__ARM_common_call_via_r3)
    Inline Thumb to ARM Veneer to __ARM_common_disable_irq 0x00082c45   Thumb Code     4  mb.o(i.__ARM_common_disable_irq)
    __ARM_common_disable_irq                 0x00082c48   ARM Code      20  mb.o(i.__ARM_common_disable_irq)
    Inline Thumb to ARM Veneer to __ARM_common_enable_irq 0x00082c5d   Thumb Code     4  mb.o(i.__ARM_common_enable_irq)
    __ARM_common_enable_irq                  0x00082c60   ARM Code      16  mb.o(i.__ARM_common_enable_irq)
    Inline Thumb to ARM Veneer to __ARM_common_switch8 0x00082c71   Thumb Code     4  mbascii.o(i.__ARM_common_switch8)
    __ARM_common_switch8                     0x00082c74   ARM Code      24  mbascii.o(i.__ARM_common_switch8)
    __SWI_0                                  0x00082c8d   Thumb Code    44  hal_arm.o(i.__SWI_0)
    __SWI_1                                  0x00082cbd   Thumb Code    14  rt_membox.o(i.__SWI_1)
    __SWI_2                                  0x00082ccb   Thumb Code    24  rt_membox.o(i.__SWI_2)
    __SWI_3                                  0x00082ce3   Thumb Code     8  hal_arm.o(i.__SWI_3)
    __SWI_4                                  0x00082ceb   Thumb Code     8  hal_arm.o(i.__SWI_4)
    __SWI_6                                  0x00082cf3   Thumb Code     2  hal_arm.o(i.__SWI_6)
    __SWI_7                                  0x00082cf5   Thumb Code     2  hal_arm.o(i.__SWI_7)
    _init_box                                0x00082cf7   Thumb Code    74  rt_membox.o(i._init_box)
    os_block                                 0x00082d41   Thumb Code    58  rt_task.o(i.os_block)
    os_chk_robin                             0x00082d89   Thumb Code    56  rt_robin.o(i.os_chk_robin)
    os_dec_dly                               0x00082dcd   Thumb Code   116  rt_list.o(i.os_dec_dly)
    os_dispatch                              0x00082e49   Thumb Code    60  rt_task.o(i.os_dispatch)
    os_dly_wait                              0x00082e8d   Thumb Code    24  rt_time.o(i.os_dly_wait)
    os_evt_psh                               0x00082ea5   Thumb Code    74  rt_event.o(i.os_evt_psh)
    os_get_first                             0x00082ef5   Thumb Code    42  rt_list.o(i.os_get_first)
    os_init_robin                            0x00082f69   Thumb Code    16  rt_robin.o(i.os_init_robin)
    os_init_stack                            0x00082f81   Thumb Code    86  hal_arm.o(i.os_init_stack)
    os_itv_set                               0x00082fe5   Thumb Code    16  rt_time.o(i.os_itv_set)
    os_itv_wait                              0x00082ffd   Thumb Code    46  rt_time.o(i.os_itv_wait)
    os_mbx_psh                               0x00083035   Thumb Code   132  rt_mailbox.o(i.os_mbx_psh)
    os_mut_init                              0x000830bd   Thumb Code    44  rt_mutex.o(i.os_mut_init)
    os_mut_release                           0x000830ed   Thumb Code   160  rt_mutex.o(i.os_mut_release)
    os_mut_wait                              0x00083195   Thumb Code   126  rt_mutex.o(i.os_mut_wait)
    os_put_dly                               0x00083219   Thumb Code    76  rt_list.o(i.os_put_dly)
    os_put_prio                              0x00083269   Thumb Code    62  rt_list.o(i.os_put_prio)
    os_put_rdy_first                         0x000832a9   Thumb Code    14  rt_list.o(i.os_put_rdy_first)
    os_resort_prio                           0x000832bd   Thumb Code    48  rt_list.o(i.os_resort_prio)
    os_rmv_dly                               0x000832f1   Thumb Code    44  rt_list.o(i.os_rmv_dly)
    os_rmv_list                              0x0008331d   Thumb Code    46  rt_list.o(i.os_rmv_list)
    os_sem_psh                               0x00083351   Thumb Code    50  rt_semaphore.o(i.os_sem_psh)
    os_stk_check                             0x00083389   Thumb Code    34  hal_arm.o(i.os_stk_check)
    os_sys_init1                             0x000833b5   Thumb Code   162  rt_task.o(i.os_sys_init1)
    os_sys_manager                           0x0008349d   Thumb Code   182  rt_system.o(i.os_sys_manager)
    os_tmr_tick                              0x00083569   Thumb Code    58  rt_timer.o(i.os_tmr_tick)
    os_tsk_create0                           0x000835ad   Thumb Code   130  rt_task.o(i.os_tsk_create0)
    os_tsk_delete                            0x0008363d   Thumb Code   148  rt_task.o(i.os_tsk_delete)
    os_tsk_self                              0x000836e5   Thumb Code    12  rt_task.o(i.os_tsk_self)
    Inline Thumb to ARM Veneer to sqrt       0x000836f5   Thumb Code     4  sqrt.o(i.sqrt)
    sqrt                                     0x000836f8   ARM Code     108  sqrt.o(i.sqrt)
    vMBPortTimersDisable                     0x00083765   Thumb Code    12  porttimer.o(i.vMBPortTimersDisable)
    vMBPortTimersEnable                      0x00083775   Thumb Code    24  porttimer.o(i.vMBPortTimersEnable)
    Inline Thumb to ARM Veneer to __aeabi_d2f 0x00083799   Thumb Code     4  d2f.o(x$fpl$d2f)
    __aeabi_d2f                              0x0008379c   ARM Code       0  d2f.o(x$fpl$d2f)
    _d2f                                     0x0008379c   ARM Code     108  d2f.o(x$fpl$d2f)
    Inline Thumb to ARM Veneer to __aeabi_dadd 0x00083809   Thumb Code     4  daddsub_noclz.o(x$fpl$dadd)
    __aeabi_dadd                             0x0008380c   ARM Code       0  daddsub_noclz.o(x$fpl$dadd)
    _dadd                                    0x0008380c   ARM Code     332  daddsub_noclz.o(x$fpl$dadd)
    Inline Thumb to ARM Veneer to __aeabi_ddiv 0x0008395d   Thumb Code     4  ddiv.o(x$fpl$ddiv)
    __aeabi_ddiv                             0x00083960   ARM Code       0  ddiv.o(x$fpl$ddiv)
    _ddiv                                    0x00083960   ARM Code     600  ddiv.o(x$fpl$ddiv)
    __fpl_dnaninf                            0x00083c40   ARM Code     192  dnaninf.o(x$fpl$dnaninf)
    __fpl_dretinf                            0x00083d00   ARM Code      16  dretinf.o(x$fpl$dretinf)
    _dsqrt                                   0x00083d10   ARM Code     516  dsqrt_noumaal.o(x$fpl$dsqrt)
    __aeabi_dsub                             0x00083f18   ARM Code       0  daddsub_noclz.o(x$fpl$dsub)
    _dsub                                    0x00083f18   ARM Code     576  daddsub_noclz.o(x$fpl$dsub)
    Inline Thumb to ARM Veneer to __aeabi_f2d 0x0008415d   Thumb Code     4  f2d.o(x$fpl$f2d)
    __aeabi_f2d                              0x00084160   ARM Code       0  f2d.o(x$fpl$f2d)
    _f2d                                     0x00084160   ARM Code     100  f2d.o(x$fpl$f2d)
    Inline Thumb to ARM Veneer to __aeabi_fadd 0x000841c5   Thumb Code     4  faddsub_noclz.o(x$fpl$fadd)
    __aeabi_fadd                             0x000841c8   ARM Code       0  faddsub_noclz.o(x$fpl$fadd)
    _fadd                                    0x000841c8   ARM Code     196  faddsub_noclz.o(x$fpl$fadd)
    __fpl_fcheck_NaN1                        0x0008428c   ARM Code       8  fcheck1.o(x$fpl$fcheck1)
    Inline Thumb to ARM Veneer to __aeabi_f2iz 0x00084299   Thumb Code     4  ffix.o(x$fpl$ffix)
    __aeabi_f2iz                             0x0008429c   ARM Code       0  ffix.o(x$fpl$ffix)
    _ffix                                    0x0008429c   ARM Code      68  ffix.o(x$fpl$ffix)
    __aeabi_i2f                              0x000842e0   ARM Code       0  fflt_noclz.o(x$fpl$fflt)
    _fflt                                    0x000842e0   ARM Code      92  fflt_noclz.o(x$fpl$fflt)
    __fflt_normalise                         0x000842ec   ARM Code       0  fflt_noclz.o(x$fpl$fflt)
    Inline Thumb to ARM Veneer to __aeabi_ui2f 0x0008433d   Thumb Code     4  fflt_noclz.o(x$fpl$ffltu)
    __aeabi_ui2f                             0x00084340   ARM Code       0  fflt_noclz.o(x$fpl$ffltu)
    _ffltu                                   0x00084340   ARM Code       8  fflt_noclz.o(x$fpl$ffltu)
    Inline Thumb to ARM Veneer to __aeabi_fmul 0x00084349   Thumb Code     4  fmul.o(x$fpl$fmul)
    __aeabi_fmul                             0x0008434c   ARM Code       0  fmul.o(x$fpl$fmul)
    _fmul                                    0x0008434c   ARM Code     256  fmul.o(x$fpl$fmul)
    __fpl_fnaninf                            0x0008444c   ARM Code     168  fnaninf.o(x$fpl$fnaninf)
    Inline Thumb to ARM Veneer to _fp_init   0x000844f5   Thumb Code     4  fpinit.o(x$fpl$fpinit)
    _fp_init                                 0x000844f8   ARM Code      24  fpinit.o(x$fpl$fpinit)
    __fplib_config_pureend_doubles           0x00084508   ARM Code       0  fpinit.o(x$fpl$fpinit)
    __fpl_fretinf                            0x00084510   ARM Code      16  fretinf.o(x$fpl$fretinf)
    Inline Thumb to ARM Veneer to __aeabi_frsub 0x00084521   Thumb Code     4  faddsub_noclz.o(x$fpl$frsb)
    __aeabi_frsub                            0x00084524   ARM Code       0  faddsub_noclz.o(x$fpl$frsb)
    _frsb                                    0x00084524   ARM Code      20  faddsub_noclz.o(x$fpl$frsb)
    Inline Thumb to ARM Veneer to __aeabi_fsub 0x00084539   Thumb Code     4  faddsub_noclz.o(x$fpl$fsub)
    __aeabi_fsub                             0x0008453c   ARM Code       0  faddsub_noclz.o(x$fpl$fsub)
    _fsub                                    0x0008453c   ARM Code     304  faddsub_noclz.o(x$fpl$fsub)
    __fpl_return_NaN                         0x0008466c   ARM Code     116  retnan.o(x$fpl$retnan)
    Inline Thumb to ARM Veneer to scalbnf    0x000846e1   Thumb Code     4  scalbnf.o(x$fpl$scalbnf)
    __ARM_scalbnf                            0x000846e4   ARM Code       0  scalbnf.o(x$fpl$scalbnf)
    scalbnf                                  0x000846e4   ARM Code      96  scalbnf.o(x$fpl$scalbnf)
    __fpl_inf_scalbnf                        0x00084740   ARM Code       0  scalbnf.o(x$fpl$scalbnf)
    __fpl_cmpreturn                          0x00084744   ARM Code      60  trapv.o(x$fpl$trapveneer)
    __I$use$fp                               0x00084780   ARM Code       0  usenofp.o(x$fpl$usenofp)
    os_maxtaskrun                            0x00084980   Data           2  rtx_config.o(.constdata)
    os_stackinfo                             0x00084984   Data           4  rtx_config.o(.constdata)
    os_rrobin                                0x00084988   Data           4  rtx_config.o(.constdata)
    os_clockrate                             0x0008498c   Data           4  rtx_config.o(.constdata)
    os_timernum                              0x00084990   Data           4  rtx_config.o(.constdata)
    mp_tcb_size                              0x00084994   Data           2  rtx_config.o(.constdata)
    mp_stk_size                              0x00084998   Data           4  rtx_config.o(.constdata)
    os_fifo_size                             0x0008499c   Data           1  rtx_config.o(.constdata)
    mp_tmr_size                              0x0008499e   Data           2  rtx_config.o(.constdata)
    LED7Code                                 0x000849a0   Data          22  ht1622.o(.constdata)
    LED16Char                                0x000849b6   Data         108  ht1622.o(.constdata)
    Region$$Table$$Base                      0x00084a4c   Number         0  anon$$obj.o(Region$$Table)
    Region$$Table$$Limit                     0x00084a6c   Number         0  anon$$obj.o(Region$$Table)
    g_UnitCfgInFlash                         0x0008f400   Data         112  main.o(.ARM.__AT_0x0008F400)



==============================================================================

Memory Map of the image

  Image Entry point : 0x000800cc

  Load Region LR_IROM1 (Base: 0x00080000, Size: 0x0000f5b8, Max: 0x0000f800, ABSOLUTE, COMPRESSED[0x0000f4b4])

    Execution Region RW_IRAM1 (Base: 0x00010000, Size: 0x00001b48, Max: 0x00002000, ABSOLUTE, COMPRESSED[0x00000044])

    Base Addr    Size         Type   Attr      Idx    E Section Name        Object

    0x00010000   0x00000020   Data   RW           15    .data               main.o
    0x00010020   0x00000002   Data   RW          104    .data               portevent.o
    0x00010022   0x00000001   Data   RW          119    .data               portserial.o
    0x00010023   0x00000001   PAD
    0x00010024   0x00000004   Data   RW          141    .data               porttimer.o
    0x00010028   0x000000ac   Data   RW          172    .data               mb.o
    0x000100d4   0x00000010   Data   RW          226    .data               mbascii.o
    0x000100e4   0x0000000c   Data   RW          261    .data               mbrtu.o
    0x000100f0   0x00000002   Data   RW          328    .data               mbfuncother.o
    0x000100f2   0x00000002   PAD
    0x000100f4   0x00000004   Data   RW          369    .data               rtx_config.o
    0x000100f8   0x00000008   Data   RW          370    .data               rtx_config.o
    0x00010100   0x00000008   Data   RW          397    .data               iap.o
    0x00010108   0x0000001c   Data   RW          442    .data               hmi.o
    0x00010124   0x00000004   Data   RW          489    .data               RTX_ARM_L.LIB(rt_task.o)(RTX_ARM_L.LIB)
    0x00010128   0x00000002   Data   RW          574    .data               RTX_ARM_L.LIB(rt_time.o)(RTX_ARM_L.LIB)
    0x0001012a   0x00000002   PAD
    0x0001012c   0x00000004   Data   RW          634    .data               RTX_ARM_L.LIB(hal_arm.o)(RTX_ARM_L.LIB)
    0x00010130   0x00000008   Data   RW          687    .data               RTX_ARM_L.LIB(rt_system.o)(RTX_ARM_L.LIB)
    0x00010138   0x00000008   Data   RW          794    .data               RTX_ARM_L.LIB(rt_robin.o)(RTX_ARM_L.LIB)
    0x00010140   0x00000008   Data   RW          975    .data               RTX_ARM_L.LIB(rt_timer.o)(RTX_ARM_L.LIB)
    0x00010148   0x00000098   Zero   RW           13    .bss                main.o
    0x000101e0   0x00000100   Zero   RW          260    .bss                mbrtu.o
    0x000102e0   0x00000020   Zero   RW          327    .bss                mbfuncother.o
    0x00010300   0x0000012c   Zero   RW          356    .bss                rtx_config.o
    0x0001042c   0x00000004   PAD
    0x00010430   0x00000dd8   Zero   RW          357    .bss                rtx_config.o
    0x00011208   0x00000084   Zero   RW          358    .bss                rtx_config.o
    0x0001128c   0x00000018   Zero   RW          359    .bss                rtx_config.o
    0x000112a4   0x000002a0   Zero   RW          360    .bss                rtx_config.o
    0x00011544   0x000000c0   Zero   RW          440    .bss                hmi.o
    0x00011604   0x00000030   Zero   RW          488    .bss                RTX_ARM_L.LIB(rt_task.o)(RTX_ARM_L.LIB)
    0x00011634   0x00000030   Zero   RW          730    .bss                RTX_ARM_L.LIB(rt_list.o)(RTX_ARM_L.LIB)
    0x00011664   0x00000060   Zero   RW         1002    .bss                c_t.l(libspace.o)(c_t.l)
    0x000116c4   0x00000004   PAD
    0x000116c8   0x00000000   Zero   RW            2    HEAP                startup.o
    0x000116c8   0x00000480   Zero   RW            1    STACK               startup.o


    Execution Region ER_IROM1 (Base: 0x00080000, Size: 0x0000f470, Max: 0x0000f800, ABSOLUTE)

    Base Addr    Size         Type   Attr      Idx    E Section Name        Object

    0x00080000   0x000000cc   Code   RO            3    RESET               startup.o
    0x000800cc   0x00000008   Code   RO         1026  * !!!main             c_t.l(__main.o)(c_t.l)
    0x000800d4   0x0000003c   Code   RO         1277    !!!scatter          c_t.l(__scatter.o)(c_t.l)
    0x00080110   0x0000005c   Code   RO         1275    !!dczerorl2         c_t.l(__dczerorl2.o)(c_t.l)
    0x0008016c   0x0000002c   Code   RO         1279    !!handler_zi        c_t.l(__scatter_zi.o)(c_t.l)
    0x00080198   0x00000008   Ven    RO         1158    .ARM.Collect$$libinit$$00000000  c_t.l(libinit.o)(c_t.l)
    0x000801a0   0x00000006   Code   RO         1158    .ARM.Collect$$libinit$$00000000  c_t.l(libinit.o)(c_t.l)
    0x000801a6   0x00000000   Code   RO         1171    .ARM.Collect$$libinit$$00000006  c_t.l(libinit2.o)(c_t.l)
    0x000801a6   0x00000000   Code   RO         1173    .ARM.Collect$$libinit$$00000008  c_t.l(libinit2.o)(c_t.l)
    0x000801a6   0x00000000   Code   RO         1175    .ARM.Collect$$libinit$$0000000A  c_t.l(libinit2.o)(c_t.l)
    0x000801a6   0x00000000   Code   RO         1178    .ARM.Collect$$libinit$$0000000D  c_t.l(libinit2.o)(c_t.l)
    0x000801a6   0x00000000   Code   RO         1180    .ARM.Collect$$libinit$$0000000F  c_t.l(libinit2.o)(c_t.l)
    0x000801a6   0x00000000   Code   RO         1182    .ARM.Collect$$libinit$$00000011  c_t.l(libinit2.o)(c_t.l)
    0x000801a6   0x00000000   Code   RO         1184    .ARM.Collect$$libinit$$00000013  c_t.l(libinit2.o)(c_t.l)
    0x000801a6   0x00000000   Code   RO         1186    .ARM.Collect$$libinit$$00000015  c_t.l(libinit2.o)(c_t.l)
    0x000801a6   0x00000000   Code   RO         1188    .ARM.Collect$$libinit$$00000017  c_t.l(libinit2.o)(c_t.l)
    0x000801a6   0x00000000   Code   RO         1190    .ARM.Collect$$libinit$$00000019  c_t.l(libinit2.o)(c_t.l)
    0x000801a6   0x00000000   Code   RO         1192    .ARM.Collect$$libinit$$0000001B  c_t.l(libinit2.o)(c_t.l)
    0x000801a6   0x00000000   Code   RO         1194    .ARM.Collect$$libinit$$0000001D  c_t.l(libinit2.o)(c_t.l)
    0x000801a6   0x00000000   Code   RO         1196    .ARM.Collect$$libinit$$0000001F  c_t.l(libinit2.o)(c_t.l)
    0x000801a6   0x00000000   Code   RO         1198    .ARM.Collect$$libinit$$00000021  c_t.l(libinit2.o)(c_t.l)
    0x000801a6   0x00000000   Code   RO         1202    .ARM.Collect$$libinit$$00000028  c_t.l(libinit2.o)(c_t.l)
    0x000801a6   0x00000000   Code   RO         1204    .ARM.Collect$$libinit$$0000002A  c_t.l(libinit2.o)(c_t.l)
    0x000801a6   0x00000000   Code   RO         1206    .ARM.Collect$$libinit$$0000002C  c_t.l(libinit2.o)(c_t.l)
    0x000801a6   0x00000000   Code   RO         1208    .ARM.Collect$$libinit$$0000002E  c_t.l(libinit2.o)(c_t.l)
    0x000801a6   0x0000000c   Code   RO         1209    .ARM.Collect$$libinit$$0000002F  c_t.l(libinit2.o)(c_t.l)
    0x000801b2   0x00000002   PAD
    0x000801b4   0x00000008   Ven    RO         1249    .ARM.Collect$$libshutdown$$00000000  c_t.l(libshutdown.o)(c_t.l)
    0x000801bc   0x00000004   Code   RO         1249    .ARM.Collect$$libshutdown$$00000000  c_t.l(libshutdown.o)(c_t.l)
    0x000801c0   0x00000000   Code   RO         1260    .ARM.Collect$$libshutdown$$00000003  c_t.l(libshutdown2.o)(c_t.l)
    0x000801c0   0x00000000   Code   RO         1263    .ARM.Collect$$libshutdown$$00000006  c_t.l(libshutdown2.o)(c_t.l)
    0x000801c0   0x00000000   Code   RO         1266    .ARM.Collect$$libshutdown$$00000009  c_t.l(libshutdown2.o)(c_t.l)
    0x000801c0   0x00000000   Code   RO         1268    .ARM.Collect$$libshutdown$$0000000B  c_t.l(libshutdown2.o)(c_t.l)
    0x000801c0   0x00000000   Code   RO         1271    .ARM.Collect$$libshutdown$$0000000E  c_t.l(libshutdown2.o)(c_t.l)
    0x000801c0   0x00000006   Code   RO         1272    .ARM.Collect$$libshutdown$$0000000F  c_t.l(libshutdown2.o)(c_t.l)
    0x000801c6   0x00000002   PAD
    0x000801c8   0x00000000   Code   RO         1072    .ARM.Collect$$rtentry$$00000000  c_t.l(rtentry.o)(c_t.l)
    0x000801c8   0x00000000   Code   RO         1104    .ARM.Collect$$rtentry$$00000002  c_t.l(rtentry2.o)(c_t.l)
    0x000801c8   0x00000008   Code   RO         1119    .ARM.Collect$$rtentry$$00000004  c_t.l(rtentry4.o)(c_t.l)
    0x000801d0   0x00000000   Code   RO         1106    .ARM.Collect$$rtentry$$00000009  c_t.l(rtentry2.o)(c_t.l)
    0x000801d0   0x00000004   Code   RO         1107    .ARM.Collect$$rtentry$$0000000A  c_t.l(rtentry2.o)(c_t.l)
    0x000801d4   0x00000000   Code   RO         1109    .ARM.Collect$$rtentry$$0000000C  c_t.l(rtentry2.o)(c_t.l)
    0x000801d4   0x00000028   Code   RO         1110    .ARM.Collect$$rtentry$$0000000D  c_t.l(rtentry2.o)(c_t.l)
    0x000801fc   0x00000004   Ven    RO         1163    .ARM.Collect$$rtexit$$00000000  c_t.l(rtexit.o)(c_t.l)
    0x00080200   0x00000004   Code   RO         1163    .ARM.Collect$$rtexit$$00000000  c_t.l(rtexit.o)(c_t.l)
    0x00080204   0x00000000   Code   RO         1213    .ARM.Collect$$rtexit$$00000002  c_t.l(rtexit2.o)(c_t.l)
    0x00080204   0x00000004   Code   RO         1214    .ARM.Collect$$rtexit$$00000003  c_t.l(rtexit2.o)(c_t.l)
    0x00080208   0x00000008   Code   RO         1215    .ARM.Collect$$rtexit$$00000004  c_t.l(rtexit2.o)(c_t.l)
    0x00080210   0x00000048   Code   RO          353    .emb_text           rtx_config.o
    0x00080258   0x000001e8   Code   RO          626    .emb_text           RTX_ARM_L.LIB(hal_arm.o)(RTX_ARM_L.LIB)
    0x00080440   0x00000020   Code   RO            4    .text               startup.o
    0x00080460   0x000004fc   Code   RO           11    .text               main.o
    0x0008095c   0x00000034   Code   RO          103    .text               portevent.o
    0x00080990   0x000000f8   Code   RO          117    .text               portserial.o
    0x00080a88   0x00000058   Code   RO          118    .text               portserial.o
    0x00080ae0   0x00000010   Code   RO          139    .text               porttimer.o
    0x00080af0   0x00000030   Code   RO          140    .text               porttimer.o
    0x00080b20   0x00000258   Code   RO          171    .text               mb.o
    0x00080d78   0x0000031c   Code   RO          225    .text               mbascii.o
    0x00081094   0x00000034   Code   RO          245    .text               mbcrc.o
    0x000810c8   0x00000240   Code   RO          259    .text               mbrtu.o
    0x00081308   0x00000144   Code   RO          275    .text               mbfunccoils.o
    0x0008144c   0x0000007c   Code   RO          290    .text               mbfuncdisc.o
    0x000814c8   0x0000018c   Code   RO          302    .text               mbfuncholding.o
    0x00081654   0x00000064   Code   RO          314    .text               mbfuncinput.o
    0x000816b8   0x00000068   Code   RO          326    .text               mbfuncother.o
    0x00081720   0x0000006e   Code   RO          341    .text               mbutils.o
    0x0008178e   0x00000002   PAD
    0x00081790   0x00000008   Ven    RO          354    .text               rtx_config.o
    0x00081798   0x0000010c   Code   RO          354    .text               rtx_config.o
    0x000818a4   0x00000004   Code   RO          355    .text               rtx_config.o
    0x000818a8   0x00000064   Code   RO          396    .text               iap.o
    0x0008190c   0x00000898   Code   RO          410    .text               ht1622.o
    0x000821a4   0x0000040c   Code   RO          439    .text               hmi.o
    0x000825b0   0x000001fc   Code   RO          466    .text               ds18b20.o
    0x000827ac   0x0000000c   Code   RO         1001    .text               c_t.l(libspace.o)(c_t.l)
    0x000827b8   0x00000010   Code   RO         1004    .text               c_t.l(abort.o)(c_t.l)
    0x000827c8   0x00000004   Ven    RO         1006    .text               c_t.l(rt_memcpy.o)(c_t.l)
    0x000827cc   0x000000d4   Code   RO         1006    .text               c_t.l(rt_memcpy.o)(c_t.l)
    0x000828a0   0x00000004   Ven    RO         1008    .text               c_t.l(aeabi_sdiv.o)(c_t.l)
    0x000828a4   0x00000180   Code   RO         1008    .text               c_t.l(aeabi_sdiv.o)(c_t.l)
    0x00082a24   0x00000006   Code   RO         1024    .text               c_t.l(heapauxi.o)(c_t.l)
    0x00082a2a   0x00000002   PAD
    0x00082a2c   0x00000008   Ven    RO         1070    .text               c_t.l(sys_exit.o)(c_t.l)
    0x00082a34   0x0000000c   Code   RO         1070    .text               c_t.l(sys_exit.o)(c_t.l)
    0x00082a40   0x00000008   Ven    RO         1078    .text               c_t.l(_rserrno.o)(c_t.l)
    0x00082a48   0x0000001a   Code   RO         1078    .text               c_t.l(_rserrno.o)(c_t.l)
    0x00082a62   0x00000010   Code   RO         1080    .text               c_t.l(defsig_abrt_outer.o)(c_t.l)
    0x00082a72   0x00000002   PAD
    0x00082a74   0x00000064   Code   RO         1084    .text               c_t.l(rt_memcpy_w.o)(c_t.l)
    0x00082ad8   0x00000004   Code   RO         1101    .text               c_t.l(use_no_semi.o)(c_t.l)
    0x00082adc   0x00000004   Ven    RO         1130    .text               c_t.l(rt_errno_addr_twolibspace.o)(c_t.l)
    0x00082ae0   0x00000004   Code   RO         1130    .text               c_t.l(rt_errno_addr_twolibspace.o)(c_t.l)
    0x00082ae4   0x00000010   Code   RO         1132    .text               c_t.l(defsig_exit.o)(c_t.l)
    0x00082af4   0x00000034   Code   RO         1134    .text               c_t.l(defsig_abrt_inner.o)(c_t.l)
    0x00082b28   0x00000060   Code   RO         1140    .text               c_t.l(sys_stackheap_outer.o)(c_t.l)
    0x00082b88   0x0000000c   Code   RO         1142    .text               c_t.l(exit.o)(c_t.l)
    0x00082b94   0x00000038   Code   RO         1146    .text               c_t.l(defsig_general.o)(c_t.l)
    0x00082bcc   0x00000010   Code   RO         1161    .text               c_t.l(sys_wrch.o)(c_t.l)
    0x00082bdc   0x00000014   Code   RO         1225    .text               c_t.l(rt_fp_status_addr_twolibspace.o)(c_t.l)
    0x00082bf0   0x00000004   Ven    RO         1009    .text_udiv          c_t.l(aeabi_sdiv.o)(c_t.l)
    0x00082bf4   0x00000024   Code   RO         1009    .text_udiv          c_t.l(aeabi_sdiv.o)(c_t.l)
    0x00082c18   0x00000024   Code   RO          843    SWI_TABLE           RTX_ARM_L.LIB(swi_table.o)(RTX_ARM_L.LIB)
    0x00082c3c   0x00000002   Code   RO          189    i.__ARM_common_call_via_r0  mb.o
    0x00082c3e   0x00000002   Code   RO          185    i.__ARM_common_call_via_r2  mb.o
    0x00082c40   0x00000002   Code   RO          187    i.__ARM_common_call_via_r3  mb.o
    0x00082c42   0x00000002   PAD
    0x00082c44   0x00000004   Ven    RO          193    i.__ARM_common_disable_irq  mb.o
    0x00082c48   0x00000014   Code   RO          193    i.__ARM_common_disable_irq  mb.o
    0x00082c5c   0x00000004   Ven    RO          191    i.__ARM_common_enable_irq  mb.o
    0x00082c60   0x00000010   Code   RO          191    i.__ARM_common_enable_irq  mb.o
    0x00082c70   0x00000004   Ven    RO          236    i.__ARM_common_switch8  mbascii.o
    0x00082c74   0x00000018   Code   RO          236    i.__ARM_common_switch8  mbascii.o
    0x00082c8c   0x00000030   Code   RO          627    i.__SWI_0           RTX_ARM_L.LIB(hal_arm.o)(RTX_ARM_L.LIB)
    0x00082cbc   0x0000000e   Code   RO          813    i.__SWI_1           RTX_ARM_L.LIB(rt_membox.o)(RTX_ARM_L.LIB)
    0x00082cca   0x00000018   Code   RO          814    i.__SWI_2           RTX_ARM_L.LIB(rt_membox.o)(RTX_ARM_L.LIB)
    0x00082ce2   0x00000008   Code   RO          628    i.__SWI_3           RTX_ARM_L.LIB(hal_arm.o)(RTX_ARM_L.LIB)
    0x00082cea   0x00000008   Code   RO          629    i.__SWI_4           RTX_ARM_L.LIB(hal_arm.o)(RTX_ARM_L.LIB)
    0x00082cf2   0x00000002   Code   RO          630    i.__SWI_6           RTX_ARM_L.LIB(hal_arm.o)(RTX_ARM_L.LIB)
    0x00082cf4   0x00000002   Code   RO          631    i.__SWI_7           RTX_ARM_L.LIB(hal_arm.o)(RTX_ARM_L.LIB)
    0x00082cf6   0x0000004a   Code   RO          816    i._init_box         RTX_ARM_L.LIB(rt_membox.o)(RTX_ARM_L.LIB)
    0x00082d40   0x00000048   Code   RO          478    i.os_block          RTX_ARM_L.LIB(rt_task.o)(RTX_ARM_L.LIB)
    0x00082d88   0x00000044   Code   RO          792    i.os_chk_robin      RTX_ARM_L.LIB(rt_robin.o)(RTX_ARM_L.LIB)
    0x00082dcc   0x0000007c   Code   RO          720    i.os_dec_dly        RTX_ARM_L.LIB(rt_list.o)(RTX_ARM_L.LIB)
    0x00082e48   0x00000044   Code   RO          479    i.os_dispatch       RTX_ARM_L.LIB(rt_task.o)(RTX_ARM_L.LIB)
    0x00082e8c   0x00000018   Code   RO          571    i.os_dly_wait       RTX_ARM_L.LIB(rt_time.o)(RTX_ARM_L.LIB)
    0x00082ea4   0x00000050   Code   RO          849    i.os_evt_psh        RTX_ARM_L.LIB(rt_event.o)(RTX_ARM_L.LIB)
    0x00082ef4   0x0000002a   Code   RO          721    i.os_get_first      RTX_ARM_L.LIB(rt_list.o)(RTX_ARM_L.LIB)
    0x00082f1e   0x00000002   PAD
    0x00082f20   0x00000048   Code   RO          480    i.os_init_context   RTX_ARM_L.LIB(rt_task.o)(RTX_ARM_L.LIB)
    0x00082f68   0x00000018   Code   RO          793    i.os_init_robin     RTX_ARM_L.LIB(rt_robin.o)(RTX_ARM_L.LIB)
    0x00082f80   0x00000064   Code   RO          632    i.os_init_stack     RTX_ARM_L.LIB(hal_arm.o)(RTX_ARM_L.LIB)
    0x00082fe4   0x00000018   Code   RO          572    i.os_itv_set        RTX_ARM_L.LIB(rt_time.o)(RTX_ARM_L.LIB)
    0x00082ffc   0x00000038   Code   RO          573    i.os_itv_wait       RTX_ARM_L.LIB(rt_time.o)(RTX_ARM_L.LIB)
    0x00083034   0x00000088   Code   RO          892    i.os_mbx_psh        RTX_ARM_L.LIB(rt_mailbox.o)(RTX_ARM_L.LIB)
    0x000830bc   0x00000030   Code   RO          602    i.os_mut_init       RTX_ARM_L.LIB(rt_mutex.o)(RTX_ARM_L.LIB)
    0x000830ec   0x000000a8   Code   RO          603    i.os_mut_release    RTX_ARM_L.LIB(rt_mutex.o)(RTX_ARM_L.LIB)
    0x00083194   0x00000084   Code   RO          604    i.os_mut_wait       RTX_ARM_L.LIB(rt_mutex.o)(RTX_ARM_L.LIB)
    0x00083218   0x00000050   Code   RO          724    i.os_put_dly        RTX_ARM_L.LIB(rt_list.o)(RTX_ARM_L.LIB)
    0x00083268   0x0000003e   Code   RO          725    i.os_put_prio       RTX_ARM_L.LIB(rt_list.o)(RTX_ARM_L.LIB)
    0x000832a6   0x00000002   PAD
    0x000832a8   0x00000014   Code   RO          726    i.os_put_rdy_first  RTX_ARM_L.LIB(rt_list.o)(RTX_ARM_L.LIB)
    0x000832bc   0x00000034   Code   RO          727    i.os_resort_prio    RTX_ARM_L.LIB(rt_list.o)(RTX_ARM_L.LIB)
    0x000832f0   0x0000002c   Code   RO          728    i.os_rmv_dly        RTX_ARM_L.LIB(rt_list.o)(RTX_ARM_L.LIB)
    0x0008331c   0x00000034   Code   RO          729    i.os_rmv_list       RTX_ARM_L.LIB(rt_list.o)(RTX_ARM_L.LIB)
    0x00083350   0x00000038   Code   RO          938    i.os_sem_psh        RTX_ARM_L.LIB(rt_semaphore.o)(RTX_ARM_L.LIB)
    0x00083388   0x0000002c   Code   RO          633    i.os_stk_check      RTX_ARM_L.LIB(hal_arm.o)(RTX_ARM_L.LIB)
    0x000833b4   0x000000e8   Code   RO          481    i.os_sys_init1      RTX_ARM_L.LIB(rt_task.o)(RTX_ARM_L.LIB)
    0x0008349c   0x000000cc   Code   RO          686    i.os_sys_manager    RTX_ARM_L.LIB(rt_system.o)(RTX_ARM_L.LIB)
    0x00083568   0x00000044   Code   RO          974    i.os_tmr_tick       RTX_ARM_L.LIB(rt_timer.o)(RTX_ARM_L.LIB)
    0x000835ac   0x00000090   Code   RO          482    i.os_tsk_create0    RTX_ARM_L.LIB(rt_task.o)(RTX_ARM_L.LIB)
    0x0008363c   0x000000a8   Code   RO          484    i.os_tsk_delete     RTX_ARM_L.LIB(rt_task.o)(RTX_ARM_L.LIB)
    0x000836e4   0x00000010   Code   RO          487    i.os_tsk_self       RTX_ARM_L.LIB(rt_task.o)(RTX_ARM_L.LIB)
    0x000836f4   0x00000004   Ven    RO         1063    i.sqrt              m_ts.l(sqrt.o)(m_ts.l)
    0x000836f8   0x0000006c   Code   RO         1063    i.sqrt              m_ts.l(sqrt.o)(m_ts.l)
    0x00083764   0x00000010   Code   RO          162    i.vMBPortTimersDisable  porttimer.o
    0x00083774   0x00000024   Code   RO          156    i.vMBPortTimersEnable  porttimer.o
    0x00083798   0x00000004   Ven    RO         1028    x$fpl$d2f           fz_ts.l(d2f.o)(fz_ts.l)
    0x0008379c   0x0000006c   Code   RO         1028    x$fpl$d2f           fz_ts.l(d2f.o)(fz_ts.l)
    0x00083808   0x00000004   Ven    RO         1030    x$fpl$dadd          fz_ts.l(daddsub_noclz.o)(fz_ts.l)
    0x0008380c   0x00000150   Code   RO         1030    x$fpl$dadd          fz_ts.l(daddsub_noclz.o)(fz_ts.l)
    0x0008395c   0x00000004   Ven    RO         1037    x$fpl$ddiv          fz_ts.l(ddiv.o)(fz_ts.l)
    0x00083960   0x000002e0   Code   RO         1037    x$fpl$ddiv          fz_ts.l(ddiv.o)(fz_ts.l)
    0x00083c40   0x000000c0   Code   RO         1088    x$fpl$dnaninf       fz_ts.l(dnaninf.o)(fz_ts.l)
    0x00083d00   0x00000010   Code   RO         1090    x$fpl$dretinf       fz_ts.l(dretinf.o)(fz_ts.l)
    0x00083d10   0x00000208   Code   RO         1092    x$fpl$dsqrt         fz_ts.l(dsqrt_noumaal.o)(fz_ts.l)
    0x00083f18   0x00000244   Code   RO         1032    x$fpl$dsub          fz_ts.l(daddsub_noclz.o)(fz_ts.l)
    0x0008415c   0x00000004   Ven    RO         1040    x$fpl$f2d           fz_ts.l(f2d.o)(fz_ts.l)
    0x00084160   0x00000064   Code   RO         1040    x$fpl$f2d           fz_ts.l(f2d.o)(fz_ts.l)
    0x000841c4   0x00000004   Ven    RO         1042    x$fpl$fadd          fz_ts.l(faddsub_noclz.o)(fz_ts.l)
    0x000841c8   0x000000c4   Code   RO         1042    x$fpl$fadd          fz_ts.l(faddsub_noclz.o)(fz_ts.l)
    0x0008428c   0x0000000c   Code   RO         1094    x$fpl$fcheck1       fz_ts.l(fcheck1.o)(fz_ts.l)
    0x00084298   0x00000004   Ven    RO         1048    x$fpl$ffix          fz_ts.l(ffix.o)(fz_ts.l)
    0x0008429c   0x00000044   Code   RO         1048    x$fpl$ffix          fz_ts.l(ffix.o)(fz_ts.l)
    0x000842e0   0x0000005c   Code   RO         1053    x$fpl$fflt          fz_ts.l(fflt_noclz.o)(fz_ts.l)
    0x0008433c   0x00000004   Ven    RO         1052    x$fpl$ffltu         fz_ts.l(fflt_noclz.o)(fz_ts.l)
    0x00084340   0x00000008   Code   RO         1052    x$fpl$ffltu         fz_ts.l(fflt_noclz.o)(fz_ts.l)
    0x00084348   0x00000004   Ven    RO         1056    x$fpl$fmul          fz_ts.l(fmul.o)(fz_ts.l)
    0x0008434c   0x00000100   Code   RO         1056    x$fpl$fmul          fz_ts.l(fmul.o)(fz_ts.l)
    0x0008444c   0x000000a8   Code   RO         1096    x$fpl$fnaninf       fz_ts.l(fnaninf.o)(fz_ts.l)
    0x000844f4   0x00000004   Ven    RO         1210    x$fpl$fpinit        fz_ts.l(fpinit.o)(fz_ts.l)
    0x000844f8   0x00000018   Code   RO         1210    x$fpl$fpinit        fz_ts.l(fpinit.o)(fz_ts.l)
    0x00084510   0x00000010   Code   RO         1098    x$fpl$fretinf       fz_ts.l(fretinf.o)(fz_ts.l)
    0x00084520   0x00000004   Ven    RO         1043    x$fpl$frsb          fz_ts.l(faddsub_noclz.o)(fz_ts.l)
    0x00084524   0x00000014   Code   RO         1043    x$fpl$frsb          fz_ts.l(faddsub_noclz.o)(fz_ts.l)
    0x00084538   0x00000004   Ven    RO         1044    x$fpl$fsub          fz_ts.l(faddsub_noclz.o)(fz_ts.l)
    0x0008453c   0x00000130   Code   RO         1044    x$fpl$fsub          fz_ts.l(faddsub_noclz.o)(fz_ts.l)
    0x0008466c   0x00000074   Code   RO         1138    x$fpl$retnan        fz_ts.l(retnan.o)(fz_ts.l)
    0x000846e0   0x00000004   Ven    RO         1059    x$fpl$scalbnf       fz_ts.l(scalbnf.o)(fz_ts.l)
    0x000846e4   0x00000060   Code   RO         1059    x$fpl$scalbnf       fz_ts.l(scalbnf.o)(fz_ts.l)
    0x00084744   0x0000003c   Code   RO         1159    x$fpl$trapveneer    fz_ts.l(trapv.o)(fz_ts.l)
    0x00084780   0x00000000   Code   RO         1100    x$fpl$usenofp       fz_ts.l(usenofp.o)(fz_ts.l)
    0x00084780   0x00000200   Data   RO          246    .constdata          mbcrc.o
    0x00084980   0x00000002   Data   RO          361    .constdata          rtx_config.o
    0x00084982   0x00000002   PAD
    0x00084984   0x00000004   Data   RO          362    .constdata          rtx_config.o
    0x00084988   0x00000004   Data   RO          363    .constdata          rtx_config.o
    0x0008498c   0x00000008   Data   RO          364    .constdata          rtx_config.o
    0x00084994   0x00000002   Data   RO          365    .constdata          rtx_config.o
    0x00084996   0x00000002   PAD
    0x00084998   0x00000004   Data   RO          366    .constdata          rtx_config.o
    0x0008499c   0x00000001   Data   RO          367    .constdata          rtx_config.o
    0x0008499d   0x00000001   PAD
    0x0008499e   0x00000002   Data   RO          368    .constdata          rtx_config.o
    0x000849a0   0x00000082   Data   RO          411    .constdata          ht1622.o
    0x00084a22   0x00000002   PAD
    0x00084a24   0x00000026   Data   RO          441    .constdata          hmi.o
    0x00084a4a   0x00000002   PAD
    0x00084a4c   0x00000020   Data   RO         1273    Region$$Table       anon$$obj.o
    0x00084a6c   0x0000a994   PAD
    0x0008f400   0x00000070   Data   RO           12    .ARM.__AT_0x0008F400  main.o


==============================================================================

Image component sizes


      Code (inc. data)   RO Data    RW Data    ZI Data      Debug   Object Name

       508         10          0          0          0          0   ds18b20.o
      1036         70         38         28        192          0   hmi.o
      2200         82        130          0          0          0   ht1622.o
       100         10          0          8          0          0   iap.o
      1276        102        112         32        152          0   main.o
       642         60          0        172          0          0   mb.o
       820         18          0         16          0          0   mbascii.o
        52          6        512          0          0          0   mbcrc.o
       324          6          0          0          0          0   mbfunccoils.o
       124          6          0          0          0          0   mbfuncdisc.o
       396          0          0          0          0          0   mbfuncholding.o
       100          0          0          0          0          0   mbfuncinput.o
       104         10          0          2         32          0   mbfuncother.o
       576         14          0         12        256          0   mbrtu.o
       110          0          0          0          0          0   mbutils.o
        52          6          0          2          0          0   portevent.o
       336         38          0          1          0          0   portserial.o
       116         30          0          4          0          0   porttimer.o
       344         50         27         12       4672          0   rtx_config.o
       236         56          0          0       1152          0   startup.o

    ----------------------------------------------------------------------
      9476        574      44272        292       6460          0   Object Totals
        20          0         32          0          0          0   (incl. Generated)
         4          0      43421          3          4          0   (incl. Padding)

    ----------------------------------------------------------------------

      Code (inc. data)   RO Data    RW Data    ZI Data      Debug   Library Member Name

       700         72          0          4          0          0   hal_arm.o
        80          6          0          0          0          0   rt_event.o
       476         28          0          0         48          0   rt_list.o
       136          4          0          0          0          0   rt_mailbox.o
       112          0          0          0          0          0   rt_membox.o
       348         18          0          0          0          0   rt_mutex.o
        92         20          0          8          0          0   rt_robin.o
        56          6          0          0          0          0   rt_semaphore.o
       204         22          0          8          0          0   rt_system.o
       772        136          0          4         48          0   rt_task.o
       104         18          0          2          0          0   rt_time.o
        68         10          0          8          0          0   rt_timer.o
        36         36          0          0          0          0   swi_table.o
        92          0          0          0          0          0   __dczerorl2.o
         8          0          0          0          0          0   __main.o
        60          8          0          0          0          0   __scatter.o
        44          0          0          0          0          0   __scatter_zi.o
        34          0          0          0          0          0   _rserrno.o
        16          0          0          0          0          0   abort.o
       428          0          0          0          0          0   aeabi_sdiv.o
        52         34          0          0          0          0   defsig_abrt_inner.o
        16          0          0          0          0          0   defsig_abrt_outer.o
        16          0          0          0          0          0   defsig_exit.o
        56          0          0          0          0          0   defsig_general.o
        12          0          0          0          0          0   exit.o
         6          0          0          0          0          0   heapauxi.o
        14          0          0          0          0          0   libinit.o
        12          0          0          0          0          0   libinit2.o
        12          0          0          0          0          0   libshutdown.o
         6          0          0          0          0          0   libshutdown2.o
        12          4          0          0         96          0   libspace.o
         8          0          0          0          0          0   rt_errno_addr_twolibspace.o
        20          0          0          0          0          0   rt_fp_status_addr_twolibspace.o
       216          0          0          0          0          0   rt_memcpy.o
       100          0          0          0          0          0   rt_memcpy_w.o
         0          0          0          0          0          0   rtentry.o
        44          4          0          0          0          0   rtentry2.o
         8          0          0          0          0          0   rtentry4.o
         8          0          0          0          0          0   rtexit.o
        12          0          0          0          0          0   rtexit2.o
        20          4          0          0          0          0   sys_exit.o
        96          0          0          0          0          0   sys_stackheap_outer.o
        16          0          0          0          0          0   sys_wrch.o
         4          0          0          0          0          0   use_no_semi.o
       112          4          0          0          0          0   d2f.o
       920         16          0          0          0          0   daddsub_noclz.o
       740        140          0          0          0          0   ddiv.o
       192          0          0          0          0          0   dnaninf.o
        16          0          0          0          0          0   dretinf.o
       520         56          0          0          0          0   dsqrt_noumaal.o
       104          4          0          0          0          0   f2d.o
       532          8          0          0          0          0   faddsub_noclz.o
        12          4          0          0          0          0   fcheck1.o
        72          4          0          0          0          0   ffix.o
       104          0          0          0          0          0   fflt_noclz.o
       260          4          0          0          0          0   fmul.o
       168          0          0          0          0          0   fnaninf.o
        28          0          0          0          0          0   fpinit.o
        16          0          0          0          0          0   fretinf.o
       116          0          0          0          0          0   retnan.o
       100          0          0          0          0          0   scalbnf.o
        60          0          0          0          0          0   trapv.o
         0          0          0          0          0          0   usenofp.o
       112          0          0          0          0          0   sqrt.o

    ----------------------------------------------------------------------
      8828        670          0         36        196          0   Library Totals
        12          0          0          2          4          0   (incl. Padding)

    ----------------------------------------------------------------------

      Code (inc. data)   RO Data    RW Data    ZI Data      Debug   Library Name

      3184        376          0         34         96      24534   RTX_ARM_L.LIB
      1448         54          0          0         96       1548   c_t.l
      4072        240          0          0          0       2076   fz_ts.l
       112          0          0          0          0        100   m_ts.l

    ----------------------------------------------------------------------
      8828        670          0         36        196          0   Library Totals

    ----------------------------------------------------------------------

==============================================================================


      Code (inc. data)   RO Data    RW Data    ZI Data      Debug   

     18304       1244      44272        328       6656      91012   Grand Totals
     18304       1244      44272         68       6656      91012   ELF Image Totals (compressed)
     18304       1244      44272         68          0          0   ROM Totals

==============================================================================

    Total RO  Size (Code + RO Data)                62576 (  61.11kB)
    Total RW  Size (RW Data + ZI Data)              6984 (   6.82kB)
    Total ROM Size (Code + RO Data + RW Data)      62644 (  61.18kB)

==============================================================================

