ARM Linker, 4.1 [Build 894] [Standard]

==============================================================================

Section Cross References

    startup.o(STACK) refers (Special) to heapauxi.o(.text) for __use_two_region_memory
    startup.o(HEAP) refers (Special) to heapauxi.o(.text) for __use_two_region_memory
    startup.o(RESET) refers (Special) to heapauxi.o(.text) for __use_two_region_memory
    startup.o(RESET) refers to hal_arm.o(.emb_text) for SWI_Handler
    startup.o(RESET) refers to rtx_config.o(.emb_text) for IRQ_Handler
    startup.o(RESET) refers to startup.o(STACK) for Stack_Top
    startup.o(RESET) refers to __main.o(!!!main) for __main
    startup.o(.text) refers (Special) to heapauxi.o(.text) for __use_two_region_memory
    startup.o(.text) refers to startup.o(HEAP) for Heap_Mem
    startup.o(.text) refers to startup.o(STACK) for Stack_Mem
    main.o(i.SetPwmDutyCycle1) refers to fflt_noclz.o(x$fpl$fflt) for __aeabi_i2f
    main.o(i.SetPwmDutyCycle1) refers to fdiv.o(x$fpl$fdiv) for __aeabi_fdiv
    main.o(i.SetPwmDutyCycle1) refers to faddsub_noclz.o(x$fpl$fadd) for __aeabi_fadd
    main.o(i.SetPwmDutyCycle1) refers to faddsub_noclz.o(x$fpl$frsb) for __aeabi_frsub
    main.o(i.SetPwmDutyCycle1) refers to scalbnf.o(x$fpl$scalbnf) for __ARM_scalbnf
    main.o(i.SetPwmDutyCycle1) refers to ffixu.o(x$fpl$ffixu) for __aeabi_f2uiz
    main.o(i.SetPwmDutyCycle2) refers to fflt_noclz.o(x$fpl$fflt) for __aeabi_i2f
    main.o(i.SetPwmDutyCycle2) refers to fdiv.o(x$fpl$fdiv) for __aeabi_fdiv
    main.o(i.SetPwmDutyCycle2) refers to faddsub_noclz.o(x$fpl$fadd) for __aeabi_fadd
    main.o(i.SetPwmDutyCycle2) refers to faddsub_noclz.o(x$fpl$frsb) for __aeabi_frsub
    main.o(i.SetPwmDutyCycle2) refers to scalbnf.o(x$fpl$scalbnf) for __ARM_scalbnf
    main.o(i.SetPwmDutyCycle2) refers to ffixu.o(x$fpl$ffixu) for __aeabi_f2uiz
    main.o(i.adc) refers to main.o(i.adc_read_data) for adc_read_data
    main.o(i.adc) refers to rt_event.o(i.os_evt_set) for os_evt_set
    main.o(i.adc) refers to rt_time.o(i.os_dly_wait) for os_dly_wait
    main.o(i.adc) refers to main.o(.bss) for .bss
    main.o(i.adc) refers to main.o(.data) for .data
    main.o(i.adc_init) refers to main.o(i.adc_poweron) for adc_poweron
    main.o(i.adc_read_data) refers to rtx_config.o(i.tsk_unlock) for tsk_unlock
    main.o(i.data_init) refers to uread4.o(.text) for __aeabi_uread4
    main.o(i.data_init) refers to uwrite4.o(.text) for __aeabi_uwrite4
    main.o(i.data_init) refers to main.o(.bss) for .bss
    main.o(i.data_init) refers to main.o(.ARM.__AT_0x0008F400) for .ARM.__AT_0x0008F400
    main.o(i.eMBRegHoldingCB) refers to iap.o(i.EepromWr_n) for EepromWr_n
    main.o(i.eMBRegHoldingCB) refers to main.o(.bss) for .bss
    main.o(i.eMBRegInputCB) refers to main.o(.bss) for .bss
    main.o(i.hmi) refers to rt_time.o(i.os_itv_set) for os_itv_set
    main.o(i.hmi) refers to ds18b20.o(i.DS18B20_Temperature) for DS18B20_Temperature
    main.o(i.hmi) refers to uwrite4.o(.text) for __aeabi_uwrite4
    main.o(i.hmi) refers to hmi.o(i.HMI_Handler) for HMI_Handler
    main.o(i.hmi) refers to main.o(i.lpReset) for lpReset
    main.o(i.hmi) refers to rt_time.o(i.os_itv_wait) for os_itv_wait
    main.o(i.hmi) refers to main.o(.data) for .data
    main.o(i.hmi) refers to main.o(.bss) for .bss
    main.o(i.init) refers to main.o(i.adc_init) for adc_init
    main.o(i.init) refers to main.o(i.data_init) for data_init
    main.o(i.init) refers to iap.o(i.iap_init) for iap_init
    main.o(i.init) refers to hmi.o(i.HMI_Init) for HMI_Init
    main.o(i.init) refers to main.o(i.adc_read_data) for adc_read_data
    main.o(i.init) refers to uread4.o(.text) for __aeabi_uread4
    main.o(i.init) refers to mb.o(i.eMBInit) for eMBInit
    main.o(i.init) refers to mb.o(i.eMBEnable) for eMBEnable
    main.o(i.init) refers to rt_task.o(i.os_tsk_create0) for os_tsk_create0
    main.o(i.init) refers to pid.o(i.pid_init) for pid_init
    main.o(i.init) refers to rt_task.o(i.os_tsk_delete) for os_tsk_delete
    main.o(i.init) refers to main.o(.data) for .data
    main.o(i.init) refers to main.o(.bss) for .bss
    main.o(i.init) refers to main.o(i.modbus) for modbus
    main.o(i.init) refers to main.o(i.pid) for pid
    main.o(i.init) refers to main.o(i.adc) for adc
    main.o(i.init) refers to main.o(i.hmi) for hmi
    main.o(i.main) refers to hal_arm.o(.emb_text) for os_sys_init0
    main.o(i.main) refers to main.o(i.init) for init
    main.o(i.modbus) refers to mb.o(i.eMBPoll) for eMBPoll
    main.o(i.modbus) refers to rt_time.o(i.os_dly_wait) for os_dly_wait
    main.o(i.pid) refers to rt_event.o(i.os_evt_wait) for os_evt_wait
    main.o(i.pid) refers to calc.o(i.posHandle) for posHandle
    main.o(i.pid) refers to calc.o(i.cmdHandle) for cmdHandle
    main.o(i.pid) refers to main.o(i.__ARM_common_switch8) for __ARM_common_switch8
    main.o(i.pid) refers to calc.o(i.p1Handle) for p1Handle
    main.o(i.pid) refers to calc.o(i.p2Handle) for p2Handle
[...]
    _rand_init                                - Undefined Weak Reference
    _signal_finish                            - Undefined Weak Reference
    _signal_init                              - Undefined Weak Reference
    _terminate_alloc                          - Undefined Weak Reference
    _terminate_user_alloc                     - Undefined Weak Reference
    _terminateio                              - Undefined Weak Reference
    os_tmr_reload                             - Undefined Weak Reference
    rt_init                                   - Undefined Weak Reference
    rt_notify                                 - Undefined Weak Reference
    rt_post_taskswitch                        - Undefined Weak Reference
    __RTX_ARM_VER                            0x00000413   Number         0  rt_system.o ABSOLUTE
    t_pid                                    0x00010008   Data           4  main.o(.data)
    t_modbus                                 0x0001000c   Data           4  main.o(.data)
    t_adc                                    0x00010010   Data           4  main.o(.data)
    t_hmi                                    0x00010014   Data           4  main.o(.data)
    pxMBFrameCBByteReceived                  0x00010040   Data           4  mb.o(.data)
    pxMBFrameCBTransmitterEmpty              0x00010044   Data           4  mb.o(.data)
    pxMBPortCBTimerExpired                   0x00010048   Data           4  mb.o(.data)
    m_tmr                                    0x000100b0   Data           4  rtx_config.o(.data)
    m_mcbCurrent                             0x000100dc   Data           8  hmi.o(.data)
    m_stackMenuCtlBlock                      0x000100e4   Data           8  hmi.o(.data)
    os_runtask                               0x000101f4   Data           4  rt_task.o(.data)
    os_time                                  0x000101f8   Data           2  rt_time.o(.data)
    sys_stktop                               0x000101fc   Data           4  hal_arm.o(.data)
    os_psh                                   0x00010200   Data           8  rt_system.o(.data)
    os_robin                                 0x00010208   Data           8  rt_robin.o(.data)
    os_tmr                                   0x00010210   Data           8  rt_timer.o(.data)
    g_UnitData                               0x00010218   Data          54  main.o(.bss)
    g_UnitCfg                                0x0001024e   Data         138  main.o(.bss)
    Controller                               0x000102d8   Data          12  main.o(.bss)
    ucRTUBuf                                 0x000102e4   Data         256  mbrtu.o(.bss)
    mp_tcb                                   0x000103e4   Data         300  rtx_config.o(.bss)
    mp_stk                                   0x00010510   Data        1808  rtx_config.o(.bss)
    os_fifo                                  0x00010c20   Data         132  rtx_config.o(.bss)
    os_active_TCB                            0x00010ca4   Data          24  rtx_config.o(.bss)
    m_aMenuItems                             0x00010f5c   Data        3672  hmi.o(.bss)
    os_idle_TCB                              0x00011df4   Data          48  rt_task.o(.bss)
    os_rdy                                   0x00011e24   Data          24  rt_list.o(.bss)
    os_dly                                   0x00011e3c   Data          24  rt_list.o(.bss)
    __libspace_start                         0x00011e54   Data          96  libspace.o(.bss)
    __temporary_stack_top$libspace           0x00011eb4   Data           0  libspace.o(.bss)
    Reset_Handler                            0x00080050   ARM Code       0  startup.o(RESET)
    __main                                   0x000800cc   ARM Code       8  __main.o(!!!main)
    __scatterload                            0x000800d4   ARM Code       0  __scatter.o(!!!scatter)
    __scatterload_rt2                        0x000800d4   ARM Code      52  __scatter.o(!!!scatter)
    __scatterload_null                       0x000800e8   ARM Code       0  __scatter.o(!!!scatter)
    __decompress                             0x00080110   ARM Code      92  __dczerorl2.o(!!dczerorl2)
    __decompress1                            0x00080110   ARM Code       0  __dczerorl2.o(!!dczerorl2)
    __scatterload_zeroinit                   0x0008016c   ARM Code      44  __scatter_zi.o(!!handler_zi)
    Inline ARM to Thumb Veneer to __rt_lib_init 0x00080198   ARM Code       8  libinit.o(.ARM.Collect$$libinit$$00000000)
    __rt_lib_init                            0x000801a1   Thumb Code     0  libinit.o(.ARM.Collect$$libinit$$00000000)
    __rt_lib_init_alloca_1                   0x000801a7   Thumb Code     0  libinit2.o(.ARM.Collect$$libinit$$0000002A)
    __rt_lib_init_argv_1                     0x000801a7   Thumb Code     0  libinit2.o(.ARM.Collect$$libinit$$00000028)
    __rt_lib_init_atexit_1                   0x000801a7   Thumb Code     0  libinit2.o(.ARM.Collect$$libinit$$00000017)
    __rt_lib_init_clock_1                    0x000801a7   Thumb Code     0  libinit2.o(.ARM.Collect$$libinit$$0000001D)
    __rt_lib_init_cpp_1                      0x000801a7   Thumb Code     0  libinit2.o(.ARM.Collect$$libinit$$0000002E)
    __rt_lib_init_exceptions_1               0x000801a7   Thumb Code     0  libinit2.o(.ARM.Collect$$libinit$$0000002C)
    __rt_lib_init_fp_trap_1                  0x000801a7   Thumb Code     0  libinit2.o(.ARM.Collect$$libinit$$0000001B)
    __rt_lib_init_getenv_1                   0x000801a7   Thumb Code     0  libinit2.o(.ARM.Collect$$libinit$$0000001F)
    __rt_lib_init_heap_1                     0x000801a7   Thumb Code     0  libinit2.o(.ARM.Collect$$libinit$$00000006)
    __rt_lib_init_lc_collate_1               0x000801a7   Thumb Code     0  libinit2.o(.ARM.Collect$$libinit$$0000000D)
    __rt_lib_init_lc_ctype_1                 0x000801a7   Thumb Code     0  libinit2.o(.ARM.Collect$$libinit$$0000000F)
    __rt_lib_init_lc_monetary_1              0x000801a7   Thumb Code     0  libinit2.o(.ARM.Collect$$libinit$$00000011)
    __rt_lib_init_lc_numeric_1               0x000801a7   Thumb Code     0  libinit2.o(.ARM.Collect$$libinit$$00000013)
    __rt_lib_init_lc_time_1                  0x000801a7   Thumb Code     0  libinit2.o(.ARM.Collect$$libinit$$00000015)
    __rt_lib_init_rand_1                     0x000801a7   Thumb Code     0  libinit2.o(.ARM.Collect$$libinit$$0000000A)
    __rt_lib_init_return                     0x000801a7   Thumb Code     0  libinit2.o(.ARM.Collect$$libinit$$0000002F)
    __rt_lib_init_signal_1                   0x000801a7   Thumb Code     0  libinit2.o(.ARM.Collect$$libinit$$00000019)
    __rt_lib_init_stdio_1                    0x000801a7   Thumb Code     0  libinit2.o(.ARM.Collect$$libinit$$00000021)
    __rt_lib_init_user_alloc_1               0x000801a7   Thumb Code     0  libinit2.o(.ARM.Collect$$libinit$$00000008)
    Inline ARM to Thumb Veneer to __rt_lib_shutdown 0x000801b4   ARM Code       8  libshutdown.o(.ARM.Collect$$libshutdown$$00000000)
    __rt_lib_shutdown                        0x000801bd   Thumb Code     0  libshutdown.o(.ARM.Collect$$libshutdown$$00000000)
    __rt_lib_shutdown_fp_trap_1              0x000801c1   Thumb Code     0  libshutdown2.o(.ARM.Collect$$libshutdown$$00000006)
    __rt_lib_shutdown_heap_1                 0x000801c1   Thumb Code     0  libshutdown2.o(.ARM.Collect$$libshutdown$$0000000E)
    __rt_lib_shutdown_return                 0x000801c1   Thumb Code     0  libshutdown2.o(.ARM.Collect$$libshutdown$$0000000F)
    __rt_lib_shutdown_signal_1               0x000801c1   Thumb Code     0  libshutdown2.o(.ARM.Collect$$libshutdown$$00000009)
    __rt_lib_shutdown_stdio_1                0x000801c1   Thumb Code     0  libshutdown2.o(.ARM.Collect$$libshutdown$$00000003)
    __rt_lib_shutdown_user_alloc_1           0x000801c1   Thumb Code     0  libshutdown2.o(.ARM.Collect$$libshutdown$$0000000B)
    __rt_entry                               0x000801c8   ARM Code       0  rtentry.o(.ARM.Collect$$rtentry$$00000000)
    __rt_entry_presh_1                       0x000801c8   ARM Code       0  rtentry2.o(.ARM.Collect$$rtentry$$00000002)
    __rt_entry_sh                            0x000801c8   ARM Code       0  rtentry4.o(.ARM.Collect$$rtentry$$00000004)
    __rt_entry_li                            0x000801d0   ARM Code       0  rtentry2.o(.ARM.Collect$$rtentry$$0000000A)
    __rt_entry_postsh_1                      0x000801d0   ARM Code       0  rtentry2.o(.ARM.Collect$$rtentry$$00000009)
    __rt_entry_main                          0x000801d4   ARM Code       0  rtentry2.o(.ARM.Collect$$rtentry$$0000000D)
    __rt_entry_postli_1                      0x000801d4   ARM Code       0  rtentry2.o(.ARM.Collect$$rtentry$$0000000C)
    Inline Thumb to ARM Veneer to __rt_exit  0x000801fd   Thumb Code     4  rtexit.o(.ARM.Collect$$rtexit$$00000000)
    __rt_exit                                0x00080200   ARM Code       0  rtexit.o(.ARM.Collect$$rtexit$$00000000)
    __rt_exit_ls                             0x00080204   ARM Code       0  rtexit2.o(.ARM.Collect$$rtexit$$00000003)
    __rt_exit_prels_1                        0x00080204   ARM Code       0  rtexit2.o(.ARM.Collect$$rtexit$$00000002)
    __rt_exit_exit                           0x00080208   ARM Code       0  rtexit2.o(.ARM.Collect$$rtexit$$00000004)
    IRQ_Handler                              0x00080210   ARM Code      52  rtx_config.o(.emb_text)
    _inc_qi                                  0x00080259   Thumb Code    60  hal_arm.o(.emb_text)
    _dec_qc                                  0x00080295   Thumb Code    32  hal_arm.o(.emb_text)
    os_set_env                               0x000802b5   Thumb Code     8  hal_arm.o(.emb_text)
    os_sys_init0                             0x000802bd   Thumb Code    12  hal_arm.o(.emb_text)
    os_sys_run                               0x000802d1   Thumb Code    16  hal_arm.o(.emb_text)
    os_clock_interrupt                       0x000802e4   ARM Code     128  hal_arm.o(.emb_text)
    os_sys_manager_ret                       0x00080351   Thumb Code     0  hal_arm.o(.emb_text)
    SWI_Handler                              0x00080378   ARM Code     192  hal_arm.o(.emb_text)
    os_switch_tasks_ret                      0x000803b5   Thumb Code     0  hal_arm.o(.emb_text)
    __user_initial_stackheap                 0x00080440   ARM Code       0  startup.o(.text)
    __user_libspace                          0x00080460   ARM Code      12  libspace.o(.text)
    __user_perproc_libspace                  0x00080460   ARM Code       0  libspace.o(.text)
    abort                                    0x0008046d   Thumb Code    16  abort.o(.text)
    Inline Thumb to ARM Veneer to __aeabi_uread4 0x0008047d   Thumb Code     4  uread4.o(.text)
    __aeabi_uread4                           0x00080480   ARM Code       0  uread4.o(.text)
    __rt_uread4                              0x00080480   ARM Code      32  uread4.o(.text)
    Inline Thumb to ARM Veneer to __aeabi_uwrite4 0x000804a1   Thumb Code     4  uwrite4.o(.text)
    __aeabi_uwrite4                          0x000804a4   ARM Code       0  uwrite4.o(.text)
    __rt_uwrite4                             0x000804a4   ARM Code      32  uwrite4.o(.text)
    Inline Thumb to ARM Veneer to __aeabi_idivmod 0x000804c5   Thumb Code     4  aeabi_sdiv.o(.text)
    __aeabi_idiv                             0x000804c8   ARM Code       0  aeabi_sdiv.o(.text)
    __aeabi_idivmod                          0x000804c8   ARM Code     384  aeabi_sdiv.o(.text)
    __use_two_region_memory                  0x00080649   Thumb Code     2  heapauxi.o(.text)
    __rt_heap_escrow$2region                 0x0008064b   Thumb Code     2  heapauxi.o(.text)
    __rt_heap_expand$2region                 0x0008064d   Thumb Code     2  heapauxi.o(.text)
    Inline ARM to Thumb Veneer to _sys_exit  0x00080650   ARM Code       8  sys_exit.o(.text)
    _sys_exit                                0x00080659   Thumb Code     8  sys_exit.o(.text)
    Inline ARM to Thumb Veneer to __set_errno 0x00080664   ARM Code       8  _rserrno.o(.text)
    __read_errno                             0x0008066d   Thumb Code    14  _rserrno.o(.text)
    __set_errno                              0x0008067b   Thumb Code    12  _rserrno.o(.text)
    __rt_SIGABRT                             0x00080687   Thumb Code    16  defsig_abrt_outer.o(.text)
    __I$use$semihosting                      0x00080698   ARM Code       0  use_no_semi.o(.text)
    __use_no_semihosting_swi                 0x00080698   ARM Code       4  use_no_semi.o(.text)
    Inline Thumb to ARM Veneer to __aeabi_errno_addr 0x0008069d   Thumb Code     4  rt_errno_addr_twolibspace.o(.text)
    __semihosting_library_function           0x0008069c   ARM Code       0  indicate_semi.o(.text)
    __aeabi_errno_addr                       0x000806a0   ARM Code       4  rt_errno_addr_twolibspace.o(.text)
    __errno$twolibspace                      0x000806a0   ARM Code       0  rt_errno_addr_twolibspace.o(.text)
    __rt_errno_addr$twolibspace              0x000806a0   ARM Code       0  rt_errno_addr_twolibspace.o(.text)
    __sig_exit                               0x000806a5   Thumb Code    16  defsig_exit.o(.text)
    __rt_SIGABRT_inner                       0x000806b5   Thumb Code    18  defsig_abrt_inner.o(.text)
    __user_setup_stackheap                   0x000806e8   ARM Code      96  sys_stackheap_outer.o(.text)
    exit                                     0x00080749   Thumb Code    12  exit.o(.text)
    __default_signal_display                 0x00080755   Thumb Code    56  defsig_general.o(.text)
    _ttywrch                                 0x0008078d   Thumb Code    16  sys_wrch.o(.text)
    __rt_fp_status_addr                      0x0008079c   ARM Code      20  rt_fp_status_addr_twolibspace.o(.text)
    Inline Thumb to ARM Veneer to __aeabi_uidivmod 0x000807b1   Thumb Code     4  aeabi_sdiv.o(.text_udiv)
    __aeabi_uidiv                            0x000807b4   ARM Code       0  aeabi_sdiv.o(.text_udiv)
    __aeabi_uidivmod                         0x000807b4   ARM Code      36  aeabi_sdiv.o(.text_udiv)
    SWI_Count                                0x000807d8   Data           4  swi_table.o(SWI_TABLE)
    SWI_Table                                0x000807dc   Data           0  swi_table.o(SWI_TABLE)
    DS18B20_Temperature                      0x000814d1   Thumb Code   166  ds18b20.o(i.DS18B20_Temperature)
    EepromWr_n                               0x0008181d   Thumb Code    64  iap.o(i.EepromWr_n)
    HMI_Handler                              0x00081861   Thumb Code    16  hmi.o(i.HMI_Handler)
    HMI_Init                                 0x00081871   Thumb Code  4546  hmi.o(i.HMI_Init)
    SetPwmDutyCycle1                         0x00083fe1   Thumb Code   128  main.o(i.SetPwmDutyCycle1)
    SetPwmDutyCycle2                         0x0008406d   Thumb Code   246  main.o(i.SetPwmDutyCycle2)
    __ARM_common_call_via_r0                 0x00084e5d   Thumb Code     2  mb.o(i.__ARM_common_call_via_r0)
    __ARM_common_call_via_r2                 0x00084e5f   Thumb Code     2  mb.o(i.__ARM_common_call_via_r2)
    __ARM_common_call_via_r3                 0x00084e61   Thumb Code     2  mb.o(i.__ARM_common_call_via_r3)
    Inline Thumb to ARM Veneer to __ARM_common_disable_irq 0x00084e65   Thumb Code     4  mb.o(i.__ARM_common_disable_irq)
    __ARM_common_disable_irq                 0x00084e68   ARM Code      20  mb.o(i.__ARM_common_disable_irq)
    Inline Thumb to ARM Veneer to __ARM_common_enable_irq 0x00084e7d   Thumb Code     4  mb.o(i.__ARM_common_enable_irq)
    __ARM_common_enable_irq                  0x00084e80   ARM Code      16  mb.o(i.__ARM_common_enable_irq)
    Inline Thumb to ARM Veneer to __ARM_common_switch8 0x00084e91   Thumb Code     4  main.o(i.__ARM_common_switch8)
    __ARM_common_switch8                     0x00084e94   ARM Code      24  main.o(i.__ARM_common_switch8)
    __SWI_0                                  0x00084ead   Thumb Code    44  hal_arm.o(i.__SWI_0)
    __SWI_1                                  0x00084edd   Thumb Code    14  rt_membox.o(i.__SWI_1)
    __SWI_2                                  0x00084eeb   Thumb Code    24  rt_membox.o(i.__SWI_2)
    __SWI_3                                  0x00084f03   Thumb Code     8  hal_arm.o(i.__SWI_3)
    __SWI_4                                  0x00084f0b   Thumb Code     8  hal_arm.o(i.__SWI_4)
    __SWI_5                                  0x00084f15   Thumb Code     8  rtx_config.o(i.__SWI_5)
    __SWI_6                                  0x00084f21   Thumb Code     2  hal_arm.o(i.__SWI_6)
    __SWI_7                                  0x00084f23   Thumb Code     2  hal_arm.o(i.__SWI_7)
    __kernel_poly                            0x00084f24   ARM Code     256  poly.o(i.__kernel_poly)
    Inline ARM to Thumb Veneer to __user_perthread_libspace 0x00085024   ARM Code       8  rtx_config.o(i.__user_perthread_libspace)
    __user_perthread_libspace                0x0008502d   Thumb Code    30  rtx_config.o(i.__user_perthread_libspace)
    _init_box                                0x00085055   Thumb Code    74  rt_membox.o(i._init_box)
    _mutex_acquire                           0x000850a1   Thumb Code    26  rtx_config.o(i._mutex_acquire)
    _mutex_release                           0x000850c1   Thumb Code    24  rtx_config.o(i._mutex_release)
    adc                                      0x000850d9   Thumb Code    94  main.o(i.adc)
    adc_init                                 0x00085149   Thumb Code    28  main.o(i.adc_init)
    adc_poweron                              0x00085171   Thumb Code    16  main.o(i.adc_poweron)
    adc_read_data                            0x00085185   Thumb Code    94  main.o(i.adc_read_data)
    clearLCD                                 0x00085229   Thumb Code    44  ht1622.o(i.clearLCD)
    cmdHandle                                0x0008525d   Thumb Code   606  calc.o(i.cmdHandle)
    data_init                                0x000854e5   Thumb Code   180  main.o(i.data_init)
    digital                                  0x000855c1   Thumb Code   692  ht1622.o(i.digital)
    display_char                             0x00085879   Thumb Code  1498  ht1622.o(i.display_char)
    display_digital                          0x00085e55   Thumb Code   112  ht1622.o(i.display_digital)
    eMBASCIIInit                             0x00085ec9   Thumb Code    60  mbascii.o(i.eMBASCIIInit)
    eMBASCIIReceive                          0x00085f0d   Thumb Code    76  mbascii.o(i.eMBASCIIReceive)
    eMBASCIISend                             0x00085f5d   Thumb Code    84  mbascii.o(i.eMBASCIISend)
    eMBASCIIStart                            0x00085fb5   Thumb Code    36  mbascii.o(i.eMBASCIIStart)
    eMBASCIIStop                             0x00085fdd   Thumb Code    28  mbascii.o(i.eMBASCIIStop)
    eMBEnable                                0x00085ff9   Thumb Code    34  mb.o(i.eMBEnable)
    eMBFuncReadCoils                         0x00086021   Thumb Code   120  mbfunccoils.o(i.eMBFuncReadCoils)
    eMBFuncReadDiscreteInputs                0x0008609d   Thumb Code   118  mbfuncdisc.o(i.eMBFuncReadDiscreteInputs)
    eMBFuncReadHoldingRegister               0x00086119   Thumb Code    96  mbfuncholding.o(i.eMBFuncReadHoldingRegister)
    eMBFuncReadInputRegister                 0x00086179   Thumb Code   100  mbfuncinput.o(i.eMBFuncReadInputRegister)
    eMBFuncReadWriteMultipleHoldingRegister  0x000861dd   Thumb Code   162  mbfuncholding.o(i.eMBFuncReadWriteMultipleHoldingRegister)
    eMBFuncWriteCoil                         0x0008627f   Thumb Code    92  mbfunccoils.o(i.eMBFuncWriteCoil)
    eMBFuncWriteHoldingRegister              0x000862db   Thumb Code    56  mbfuncholding.o(i.eMBFuncWriteHoldingRegister)
    eMBFuncWriteMultipleCoils                0x00086315   Thumb Code   104  mbfunccoils.o(i.eMBFuncWriteMultipleCoils)
    eMBFuncWriteMultipleHoldingRegister      0x00086381   Thumb Code    86  mbfuncholding.o(i.eMBFuncWriteMultipleHoldingRegister)
    eMBInit                                  0x000863d9   Thumb Code   138  mb.o(i.eMBInit)
    eMBPoll                                  0x000864a1   Thumb Code   196  mb.o(i.eMBPoll)
    eMBRTUInit                               0x00086569   Thumb Code    76  mbrtu.o(i.eMBRTUInit)
    eMBRTUReceive                            0x000865b9   Thumb Code    78  mbrtu.o(i.eMBRTUReceive)
    eMBRTUSend                               0x00086611   Thumb Code    94  mbrtu.o(i.eMBRTUSend)
    eMBRTUStart                              0x00086679   Thumb Code    34  mbrtu.o(i.eMBRTUStart)
    eMBRTUStop                               0x000866a1   Thumb Code    28  mbrtu.o(i.eMBRTUStop)
    eMBRegCoilsCB                            0x000866bd   Thumb Code     4  main.o(i.eMBRegCoilsCB)
    eMBRegDiscreteCB                         0x000866c1   Thumb Code     4  main.o(i.eMBRegDiscreteCB)
    eMBRegHoldingCB                          0x000866c5   Thumb Code   102  main.o(i.eMBRegHoldingCB)
    eMBRegInputCB                            0x00086731   Thumb Code    56  main.o(i.eMBRegInputCB)
    floattochar                              0x0008676d   Thumb Code   302  ht1622.o(i.floattochar)
    hmi                                      0x000868c1   Thumb Code   148  main.o(i.hmi)
    iap_init                                 0x0008696d   Thumb Code     8  iap.o(i.iap_init)
    init                                     0x00086979   Thumb Code   218  main.o(i.init)
    initLCD_1622                             0x00086a85   Thumb Code    36  ht1622.o(i.initLCD_1622)
    Inline Thumb to ARM Veneer to log        0x00086aa9   Thumb Code     4  log.o(i.log)
    log                                      0x00086aac   ARM Code    1392  log.o(i.log)
    lpReset                                  0x0008703d   Thumb Code    12  main.o(i.lpReset)
    main                                     0x0008704d   Thumb Code    20  main.o(i.main)
    mb_timer2_interrupt                      0x00087064   ARM Code      40  porttimer.o(i.mb_timer2_interrupt)
    mb_uart_interrupt                        0x00087094   ARM Code      72  portserial.o(i.mb_uart_interrupt)
    modbus                                   0x0008718d   Thumb Code    12  main.o(i.modbus)
    os_block                                 0x00087199   Thumb Code    58  rt_task.o(i.os_block)
    os_chk_robin                             0x000871e1   Thumb Code    56  rt_robin.o(i.os_chk_robin)
    os_dec_dly                               0x00087225   Thumb Code   116  rt_list.o(i.os_dec_dly)
    os_def_interrupt                         0x000872a0   ARM Code       4  rtx_config.o(i.os_def_interrupt)
    os_dispatch                              0x000872a5   Thumb Code    60  rt_task.o(i.os_dispatch)
    os_dly_wait                              0x000872e9   Thumb Code    24  rt_time.o(i.os_dly_wait)
    os_error                                 0x00087301   Thumb Code     2  rtx_config.o(i.os_error)
    os_evt_psh                               0x00087305   Thumb Code    74  rt_event.o(i.os_evt_psh)
    os_evt_set                               0x00087355   Thumb Code    94  rt_event.o(i.os_evt_set)
    os_evt_wait                              0x000873b9   Thumb Code    84  rt_event.o(i.os_evt_wait)
    os_get_first                             0x00087411   Thumb Code    42  rt_list.o(i.os_get_first)
    os_idle_demon                            0x0008743b   Thumb Code     2  rtx_config.o(i.os_idle_demon)
    os_init_robin                            0x00087485   Thumb Code    16  rt_robin.o(i.os_init_robin)
    os_init_stack                            0x0008749d   Thumb Code    86  hal_arm.o(i.os_init_stack)
    os_irq_ack_lock                          0x00087501   Thumb Code    28  rtx_config.o(i.os_irq_ack_lock)
    os_itv_set                               0x00087529   Thumb Code    16  rt_time.o(i.os_itv_set)
    os_itv_wait                              0x00087541   Thumb Code    46  rt_time.o(i.os_itv_wait)
    os_mbx_psh                               0x00087579   Thumb Code   132  rt_mailbox.o(i.os_mbx_psh)
    os_mut_release                           0x00087601   Thumb Code   160  rt_mutex.o(i.os_mut_release)
    os_mut_wait                              0x000876a9   Thumb Code   126  rt_mutex.o(i.os_mut_wait)
    os_put_dly                               0x0008772d   Thumb Code    76  rt_list.o(i.os_put_dly)
    os_put_prio                              0x0008777d   Thumb Code    62  rt_list.o(i.os_put_prio)
    os_put_rdy_first                         0x000877bd   Thumb Code    14  rt_list.o(i.os_put_rdy_first)
    os_resort_prio                           0x000877d1   Thumb Code    48  rt_list.o(i.os_resort_prio)
    os_rmv_dly                               0x00087805   Thumb Code    44  rt_list.o(i.os_rmv_dly)
    os_rmv_list                              0x00087831   Thumb Code    46  rt_list.o(i.os_rmv_list)
    os_sem_psh                               0x00087865   Thumb Code    50  rt_semaphore.o(i.os_sem_psh)
    os_stk_check                             0x0008789d   Thumb Code    34  hal_arm.o(i.os_stk_check)
    os_sys_init1                             0x000878c9   Thumb Code   162  rt_task.o(i.os_sys_init1)
    os_sys_manager                           0x000879b1   Thumb Code   182  rt_system.o(i.os_sys_manager)
    os_tmr_call                              0x00087a7d   Thumb Code     2  rtx_config.o(i.os_tmr_call)
    os_tmr_init                              0x00087a81   Thumb Code    12  rtx_config.o(i.os_tmr_init)
    os_tmr_inspect_cnt                       0x00087a95   Thumb Code    10  rtx_config.o(i.os_tmr_inspect_cnt)
    os_tmr_inspect_ovf                       0x00087aa9   Thumb Code    10  rtx_config.o(i.os_tmr_inspect_ovf)
    os_tmr_tick                              0x00087ab9   Thumb Code    58  rt_timer.o(i.os_tmr_tick)
    os_tsk_create0                           0x00087afd   Thumb Code   130  rt_task.o(i.os_tsk_create0)
    os_tsk_delete                            0x00087b8d   Thumb Code   148  rt_task.o(i.os_tsk_delete)
    os_tsk_self                              0x00087c35   Thumb Code    12  rt_task.o(i.os_tsk_self)
    p1Handle                                 0x00087c45   Thumb Code   104  calc.o(i.p1Handle)
    p2Handle                                 0x00087cb9   Thumb Code   104  calc.o(i.p2Handle)
    pid                                      0x00087d2d   Thumb Code   378  main.o(i.pid)
    pid_init                                 0x00087eb9   Thumb Code    62  pid.o(i.pid_init)
    pid_reset_integrator                     0x00087f01   Thumb Code    18  pid.o(i.pid_reset_integrator)
    posHandle                                0x00087f15   Thumb Code   178  calc.o(i.posHandle)
    prveMBError2Exception                    0x00087fd5   Thumb Code    24  mbutils.o(i.prveMBError2Exception)
    Inline Thumb to ARM Veneer to sqrt       0x0008802d   Thumb Code     4  sqrt.o(i.sqrt)
    sqrt                                     0x00088030   ARM Code     112  sqrt.o(i.sqrt)
    tempHandle                               0x000880a1   Thumb Code   252  calc.o(i.tempHandle)
    tsk_unlock                               0x000881bd   Thumb Code    28  rtx_config.o(i.tsk_unlock)
    usMBCRC16                                0x000881e1   Thumb Code    46  mbcrc.o(i.usMBCRC16)
    vMBPortSerialEnable                      0x00088215   Thumb Code    78  portserial.o(i.vMBPortSerialEnable)
    vMBPortTimersDisable                     0x00088271   Thumb Code    12  porttimer.o(i.vMBPortTimersDisable)
    vMBPortTimersEnable                      0x00088281   Thumb Code    24  porttimer.o(i.vMBPortTimersEnable)
    xMBASCIIReceiveFSM                       0x000882a5   Thumb Code   234  mbascii.o(i.xMBASCIIReceiveFSM)
    xMBASCIITimerT1SExpired                  0x00088395   Thumb Code    46  mbascii.o(i.xMBASCIITimerT1SExpired)
    xMBASCIITransmitFSM                      0x000883c9   Thumb Code   178  mbascii.o(i.xMBASCIITransmitFSM)
    xMBPortEventGet                          0x00088481   Thumb Code    24  portevent.o(i.xMBPortEventGet)
    xMBPortEventInit                         0x0008849d   Thumb Code    10  portevent.o(i.xMBPortEventInit)
    xMBPortEventPost                         0x000884ad   Thumb Code    12  portevent.o(i.xMBPortEventPost)
    xMBPortSerialGetByte                     0x000884bd   Thumb Code    10  portserial.o(i.xMBPortSerialGetByte)
    xMBPortSerialInit                        0x000884cd   Thumb Code   130  portserial.o(i.xMBPortSerialInit)
    xMBPortSerialPutByte                     0x00088561   Thumb Code     8  portserial.o(i.xMBPortSerialPutByte)
    xMBPortTimersInit                        0x0008856d   Thumb Code    10  porttimer.o(i.xMBPortTimersInit)
    xMBRTUReceiveFSM                         0x0008857d   Thumb Code   104  mbrtu.o(i.xMBRTUReceiveFSM)
    xMBRTUTimerT35Expired                    0x000885ed   Thumb Code    66  mbrtu.o(i.xMBRTUTimerT35Expired)
    xMBRTUTransmitFSM                        0x00088635   Thumb Code    94  mbrtu.o(i.xMBRTUTransmitFSM)
    Inline Thumb to ARM Veneer to __aeabi_d2f 0x00088699   Thumb Code     4  d2f.o(x$fpl$d2f)
    __aeabi_d2f                              0x0008869c   ARM Code       0  d2f.o(x$fpl$d2f)
    _d2f                                     0x0008869c   ARM Code     108  d2f.o(x$fpl$d2f)
    Inline Thumb to ARM Veneer to __aeabi_dadd 0x00088709   Thumb Code     4  daddsub_noclz.o(x$fpl$dadd)
    __aeabi_dadd                             0x0008870c   ARM Code       0  daddsub_noclz.o(x$fpl$dadd)
    _dadd                                    0x0008870c   ARM Code     336  daddsub_noclz.o(x$fpl$dadd)
    __fpl_dcheck_NaN1                        0x00088860   ARM Code      12  dcheck1.o(x$fpl$dcheck1)
    __fpl_dcmp_Inf                           0x00088870   ARM Code      28  dcmpi.o(x$fpl$dcmpinf)
    Inline Thumb to ARM Veneer to __aeabi_ddiv 0x0008888d   Thumb Code     4  ddiv.o(x$fpl$ddiv)
    __aeabi_ddiv                             0x00088890   ARM Code       0  ddiv.o(x$fpl$ddiv)
    _ddiv                                    0x00088890   ARM Code     600  ddiv.o(x$fpl$ddiv)
    __aeabi_cdcmpeq                          0x00088b70   ARM Code       0  deqf.o(x$fpl$deqf)
    _dcmpeq                                  0x00088b70   ARM Code     148  deqf.o(x$fpl$deqf)
    Inline Thumb to ARM Veneer to __aeabi_i2d 0x00088c05   Thumb Code     4  dflt_noclz.o(x$fpl$dflt)
    __aeabi_i2d                              0x00088c08   ARM Code       0  dflt_noclz.o(x$fpl$dflt)
    _dflt                                    0x00088c08   ARM Code      88  dflt_noclz.o(x$fpl$dflt)
    __dflt_normalise                         0x00088c18   ARM Code       0  dflt_noclz.o(x$fpl$dflt)
    Inline Thumb to ARM Veneer to __aeabi_ui2d 0x00088c61   Thumb Code     4  dflt_noclz.o(x$fpl$dfltu)
    __aeabi_ui2d                             0x00088c64   ARM Code       0  dflt_noclz.o(x$fpl$dfltu)
    _dfltu                                   0x00088c64   ARM Code      12  dflt_noclz.o(x$fpl$dfltu)
    Inline Thumb to ARM Veneer to __aeabi_dmul 0x00088c71   Thumb Code     4  dmul.o(x$fpl$dmul)
    __aeabi_dmul                             0x00088c74   ARM Code       0  dmul.o(x$fpl$dmul)
    _dmul                                    0x00088c74   ARM Code     372  dmul.o(x$fpl$dmul)
    __fpl_dnaninf                            0x00088df4   ARM Code     192  dnaninf.o(x$fpl$dnaninf)
    __fpl_dretinf                            0x00088eb4   ARM Code      16  dretinf.o(x$fpl$dretinf)
    __aeabi_drsub                            0x00088ec4   ARM Code       0  daddsub_noclz.o(x$fpl$drsb)
    _drsb                                    0x00088ec4   ARM Code      24  daddsub_noclz.o(x$fpl$drsb)
    _dsqrt                                   0x00088edc   ARM Code     516  dsqrt_noumaal.o(x$fpl$dsqrt)
    __aeabi_dsub                             0x000890e4   ARM Code       0  daddsub_noclz.o(x$fpl$dsub)
    _dsub                                    0x000890e4   ARM Code     576  daddsub_noclz.o(x$fpl$dsub)
    Inline Thumb to ARM Veneer to __aeabi_f2d 0x00089329   Thumb Code     4  f2d.o(x$fpl$f2d)
    __aeabi_f2d                              0x0008932c   ARM Code       0  f2d.o(x$fpl$f2d)
    _f2d                                     0x0008932c   ARM Code     100  f2d.o(x$fpl$f2d)
    Inline Thumb to ARM Veneer to __aeabi_fadd 0x00089391   Thumb Code     4  faddsub_noclz.o(x$fpl$fadd)
    __aeabi_fadd                             0x00089394   ARM Code       0  faddsub_noclz.o(x$fpl$fadd)
    _fadd                                    0x00089394   ARM Code     196  faddsub_noclz.o(x$fpl$fadd)
    __fpl_fcheck_NaN1                        0x00089458   ARM Code       8  fcheck1.o(x$fpl$fcheck1)
    Inline Thumb to ARM Veneer to __aeabi_fdiv 0x00089465   Thumb Code     4  fdiv.o(x$fpl$fdiv)
    __aeabi_fdiv                             0x00089468   ARM Code       0  fdiv.o(x$fpl$fdiv)
    _fdiv                                    0x00089468   ARM Code     396  fdiv.o(x$fpl$fdiv)
    Inline Thumb to ARM Veneer to __aeabi_f2iz 0x000895f9   Thumb Code     4  ffix.o(x$fpl$ffix)
    __aeabi_f2iz                             0x000895fc   ARM Code       0  ffix.o(x$fpl$ffix)
    _ffix                                    0x000895fc   ARM Code      68  ffix.o(x$fpl$ffix)
    Inline Thumb to ARM Veneer to __aeabi_f2uiz 0x00089641   Thumb Code     4  ffixu.o(x$fpl$ffixu)
    __aeabi_f2uiz                            0x00089644   ARM Code       0  ffixu.o(x$fpl$ffixu)
    _ffixu                                   0x00089644   ARM Code      84  ffixu.o(x$fpl$ffixu)
    Inline Thumb to ARM Veneer to __aeabi_i2f 0x00089699   Thumb Code     4  fflt_noclz.o(x$fpl$fflt)
    __aeabi_i2f                              0x0008969c   ARM Code       0  fflt_noclz.o(x$fpl$fflt)
    _fflt                                    0x0008969c   ARM Code      92  fflt_noclz.o(x$fpl$fflt)
    __fflt_normalise                         0x000896a8   ARM Code       0  fflt_noclz.o(x$fpl$fflt)
    Inline Thumb to ARM Veneer to __aeabi_ui2f 0x000896f9   Thumb Code     4  fflt_noclz.o(x$fpl$ffltu)
    __aeabi_ui2f                             0x000896fc   ARM Code       0  fflt_noclz.o(x$fpl$ffltu)
    _ffltu                                   0x000896fc   ARM Code       8  fflt_noclz.o(x$fpl$ffltu)
    Inline Thumb to ARM Veneer to __aeabi_fmul 0x00089705   Thumb Code     4  fmul.o(x$fpl$fmul)
    __aeabi_fmul                             0x00089708   ARM Code       0  fmul.o(x$fpl$fmul)
    _fmul                                    0x00089708   ARM Code     256  fmul.o(x$fpl$fmul)
    __fpl_fnaninf                            0x00089808   ARM Code     168  fnaninf.o(x$fpl$fnaninf)
    Inline Thumb to ARM Veneer to _fp_init   0x000898b1   Thumb Code     4  fpinit.o(x$fpl$fpinit)
    _fp_init                                 0x000898b4   ARM Code      24  fpinit.o(x$fpl$fpinit)
    __fplib_config_pureend_doubles           0x000898c4   ARM Code       0  fpinit.o(x$fpl$fpinit)
    __fpl_fretinf                            0x000898cc   ARM Code      16  fretinf.o(x$fpl$fretinf)
    Inline Thumb to ARM Veneer to __aeabi_frsub 0x000898dd   Thumb Code     4  faddsub_noclz.o(x$fpl$frsb)
    __aeabi_frsub                            0x000898e0   ARM Code       0  faddsub_noclz.o(x$fpl$frsb)
    _frsb                                    0x000898e0   ARM Code      20  faddsub_noclz.o(x$fpl$frsb)
    Inline Thumb to ARM Veneer to __aeabi_fsub 0x000898f5   Thumb Code     4  faddsub_noclz.o(x$fpl$fsub)
    __aeabi_fsub                             0x000898f8   ARM Code       0  faddsub_noclz.o(x$fpl$fsub)
    _fsub                                    0x000898f8   ARM Code     304  faddsub_noclz.o(x$fpl$fsub)
    __fpl_return_NaN                         0x00089a28   ARM Code     116  retnan.o(x$fpl$retnan)
    Inline Thumb to ARM Veneer to __ARM_scalbn 0x00089a9d   Thumb Code     4  scalbn.o(x$fpl$scalbn)
    __ARM_scalbn                             0x00089aa0   ARM Code     104  scalbn.o(x$fpl$scalbn)
    Inline Thumb to ARM Veneer to __ARM_scalbnf 0x00089b09   Thumb Code     4  scalbnf.o(x$fpl$scalbnf)
    __ARM_scalbnf                            0x00089b0c   ARM Code      92  scalbnf.o(x$fpl$scalbnf)
    __fpl_cmpreturn                          0x00089b68   ARM Code      60  trapv.o(x$fpl$trapveneer)
    __I$use$fp                               0x00089ba4   ARM Code       0  usenofp.o(x$fpl$usenofp)
    os_maxtaskrun                            0x00089da4   Data           2  rtx_config.o(.constdata)
    os_stackinfo                             0x00089da8   Data           4  rtx_config.o(.constdata)
    os_rrobin                                0x00089dac   Data           4  rtx_config.o(.constdata)
    os_clockrate                             0x00089db0   Data           4  rtx_config.o(.constdata)
    os_timernum                              0x00089db4   Data           4  rtx_config.o(.constdata)
    mp_tcb_size                              0x00089db8   Data           2  rtx_config.o(.constdata)
    mp_stk_size                              0x00089dbc   Data           4  rtx_config.o(.constdata)
    os_fifo_size                             0x00089dc0   Data           1  rtx_config.o(.constdata)
    mp_tmr_size                              0x00089dc2   Data           2  rtx_config.o(.constdata)
    LED7Code                                 0x00089dc4   Data          22  ht1622.o(.constdata)
    LED16Char                                0x00089dda   Data         108  ht1622.o(.constdata)
    LED16Num                                 0x00089e46   Data          40  ht1622.o(.constdata)
    display                                  0x00089e70   Data        1224  hmi.o(.constdata)
    __mathlib_zero                           0x0008a388   Data           8  qnan.o(.constdata)
    Region$$Table$$Base                      0x0008a390   Number         0  anon$$obj.o(Region$$Table)
    Region$$Table$$Limit                     0x0008a3b0   Number         0  anon$$obj.o(Region$$Table)
    g_UnitCfgInFlash                         0x0008f400   Data         512  main.o(.ARM.__AT_0x0008F400)



==============================================================================

Memory Map of the image

  Image Entry point : 0x000800cc

  Load Region LR_IROM1 (Base: 0x00080000, Size: 0x0000f818, Max: 0x0000f800, ABSOLUTE, COMPRESSED[0x0000f748])

    Execution Region RW_IRAM1 (Base: 0x00010000, Size: 0x00001f68, Max: 0x00002000, ABSOLUTE, COMPRESSED[0x00000148])

    Base Addr    Size         Type   Attr      Idx    E Section Name        Object

    0x00010000   0x00000018   Data   RW           30    .data               main.o
    0x00010018   0x00000002   Data   RW          203    .data               portevent.o
    0x0001001a   0x00000001   Data   RW          231    .data               portserial.o
    0x0001001b   0x00000001   PAD
    0x0001001c   0x00000004   Data   RW          268    .data               porttimer.o
    0x00010020   0x00000074   Data   RW          304    .data               mb.o
    0x00010094   0x0000000c   Data   RW          405    .data               mbrtu.o
    0x000100a0   0x00000010   Data   RW          575    .data               mbascii.o
    0x000100b0   0x00000004   Data   RW          664    .data               rtx_config.o
    0x000100b4   0x00000008   Data   RW          665    .data               rtx_config.o
    0x000100bc   0x00000001   Data   RW          788    .data               ht1622.o
    0x000100bd   0x00000003   PAD
    0x000100c0   0x0000002c   Data   RW         1015    .data               hmi.o
    0x000100ec   0x00000100   Data   RW         1673    .data               ds18b20.o
    0x000101ec   0x00000006   Data   RW         1732    .data               calc.o
    0x000101f2   0x00000002   PAD
    0x000101f4   0x00000004   Data   RW         1883    .data               RTX_ARM_L.lib(rt_task.o)
    0x000101f8   0x00000002   Data   RW         1968    .data               RTX_ARM_L.lib(rt_time.o)
    0x000101fa   0x00000002   PAD
    0x000101fc   0x00000004   Data   RW         2070    .data               RTX_ARM_L.lib(hal_arm.o)
    0x00010200   0x00000008   Data   RW         2123    .data               RTX_ARM_L.lib(rt_system.o)
    0x00010208   0x00000008   Data   RW         2230    .data               RTX_ARM_L.lib(rt_robin.o)
    0x00010210   0x00000008   Data   RW         2369    .data               RTX_ARM_L.lib(rt_timer.o)
    0x00010218   0x000000cc   Zero   RW           29    .bss                main.o
    0x000102e4   0x00000100   Zero   RW          404    .bss                mbrtu.o
    0x000103e4   0x0000012c   Zero   RW          651    .bss                rtx_config.o
    0x00010510   0x00000710   Zero   RW          652    .bss                rtx_config.o
    0x00010c20   0x00000084   Zero   RW          653    .bss                rtx_config.o
    0x00010ca4   0x00000018   Zero   RW          654    .bss                rtx_config.o
    0x00010cbc   0x000002a0   Zero   RW          655    .bss                rtx_config.o
    0x00010f5c   0x00000e97   Zero   RW         1013    .bss                hmi.o
    0x00011df3   0x00000001   PAD
    0x00011df4   0x00000030   Zero   RW         1882    .bss                RTX_ARM_L.lib(rt_task.o)
    0x00011e24   0x00000030   Zero   RW         2166    .bss                RTX_ARM_L.lib(rt_list.o)
    0x00011e54   0x00000060   Zero   RW         2396    .bss                c_t.l(libspace.o)
    0x00011eb4   0x00000004   PAD
    0x00011eb8   0x00000000   Zero   RW            2    HEAP                startup.o
    0x00011eb8   0x000000b0   Zero   RW            1    STACK               startup.o


    Execution Region ER_IROM1 (Base: 0x00080000, Size: 0x0000f600, Max: 0x0000f800, ABSOLUTE)

    Base Addr    Size         Type   Attr      Idx    E Section Name        Object

    0x00080000   0x000000cc   Code   RO            3    RESET               startup.o
    0x000800cc   0x00000008   Code   RO         2422  * !!!main             c_t.l(__main.o)
    0x000800d4   0x0000003c   Code   RO         2697    !!!scatter          c_t.l(__scatter.o)
    0x00080110   0x0000005c   Code   RO         2695    !!dczerorl2         c_t.l(__dczerorl2.o)
    0x0008016c   0x0000002c   Code   RO         2699    !!handler_zi        c_t.l(__scatter_zi.o)
    0x00080198   0x00000008   Ven    RO         2579    .ARM.Collect$$libinit$$00000000  c_t.l(libinit.o)
    0x000801a0   0x00000006   Code   RO         2579    .ARM.Collect$$libinit$$00000000  c_t.l(libinit.o)
    0x000801a6   0x00000000   Code   RO         2592    .ARM.Collect$$libinit$$00000006  c_t.l(libinit2.o)
    0x000801a6   0x00000000   Code   RO         2594    .ARM.Collect$$libinit$$00000008  c_t.l(libinit2.o)
    0x000801a6   0x00000000   Code   RO         2596    .ARM.Collect$$libinit$$0000000A  c_t.l(libinit2.o)
    0x000801a6   0x00000000   Code   RO         2599    .ARM.Collect$$libinit$$0000000D  c_t.l(libinit2.o)
    0x000801a6   0x00000000   Code   RO         2601    .ARM.Collect$$libinit$$0000000F  c_t.l(libinit2.o)
    0x000801a6   0x00000000   Code   RO         2603    .ARM.Collect$$libinit$$00000011  c_t.l(libinit2.o)
    0x000801a6   0x00000000   Code   RO         2605    .ARM.Collect$$libinit$$00000013  c_t.l(libinit2.o)
    0x000801a6   0x00000000   Code   RO         2607    .ARM.Collect$$libinit$$00000015  c_t.l(libinit2.o)
    0x000801a6   0x00000000   Code   RO         2609    .ARM.Collect$$libinit$$00000017  c_t.l(libinit2.o)
    0x000801a6   0x00000000   Code   RO         2611    .ARM.Collect$$libinit$$00000019  c_t.l(libinit2.o)
    0x000801a6   0x00000000   Code   RO         2613    .ARM.Collect$$libinit$$0000001B  c_t.l(libinit2.o)
    0x000801a6   0x00000000   Code   RO         2615    .ARM.Collect$$libinit$$0000001D  c_t.l(libinit2.o)
    0x000801a6   0x00000000   Code   RO         2617    .ARM.Collect$$libinit$$0000001F  c_t.l(libinit2.o)
    0x000801a6   0x00000000   Code   RO         2619    .ARM.Collect$$libinit$$00000021  c_t.l(libinit2.o)
    0x000801a6   0x00000000   Code   RO         2623    .ARM.Collect$$libinit$$00000028  c_t.l(libinit2.o)
    0x000801a6   0x00000000   Code   RO         2625    .ARM.Collect$$libinit$$0000002A  c_t.l(libinit2.o)
    0x000801a6   0x00000000   Code   RO         2627    .ARM.Collect$$libinit$$0000002C  c_t.l(libinit2.o)
    0x000801a6   0x00000000   Code   RO         2629    .ARM.Collect$$libinit$$0000002E  c_t.l(libinit2.o)
    0x000801a6   0x0000000c   Code   RO         2630    .ARM.Collect$$libinit$$0000002F  c_t.l(libinit2.o)
    0x000801b2   0x00000002   PAD
    0x000801b4   0x00000008   Ven    RO         2669    .ARM.Collect$$libshutdown$$00000000  c_t.l(libshutdown.o)
    0x000801bc   0x00000004   Code   RO         2669    .ARM.Collect$$libshutdown$$00000000  c_t.l(libshutdown.o)
    0x000801c0   0x00000000   Code   RO         2680    .ARM.Collect$$libshutdown$$00000003  c_t.l(libshutdown2.o)
    0x000801c0   0x00000000   Code   RO         2683    .ARM.Collect$$libshutdown$$00000006  c_t.l(libshutdown2.o)
    0x000801c0   0x00000000   Code   RO         2686    .ARM.Collect$$libshutdown$$00000009  c_t.l(libshutdown2.o)
    0x000801c0   0x00000000   Code   RO         2688    .ARM.Collect$$libshutdown$$0000000B  c_t.l(libshutdown2.o)
    0x000801c0   0x00000000   Code   RO         2691    .ARM.Collect$$libshutdown$$0000000E  c_t.l(libshutdown2.o)
    0x000801c0   0x00000006   Code   RO         2692    .ARM.Collect$$libshutdown$$0000000F  c_t.l(libshutdown2.o)
    0x000801c6   0x00000002   PAD
    0x000801c8   0x00000000   Code   RO         2492    .ARM.Collect$$rtentry$$00000000  c_t.l(rtentry.o)
    0x000801c8   0x00000000   Code   RO         2529    .ARM.Collect$$rtentry$$00000002  c_t.l(rtentry2.o)
    0x000801c8   0x00000008   Code   RO         2541    .ARM.Collect$$rtentry$$00000004  c_t.l(rtentry4.o)
    0x000801d0   0x00000000   Code   RO         2531    .ARM.Collect$$rtentry$$00000009  c_t.l(rtentry2.o)
    0x000801d0   0x00000004   Code   RO         2532    .ARM.Collect$$rtentry$$0000000A  c_t.l(rtentry2.o)
    0x000801d4   0x00000000   Code   RO         2534    .ARM.Collect$$rtentry$$0000000C  c_t.l(rtentry2.o)
    0x000801d4   0x00000028   Code   RO         2535    .ARM.Collect$$rtentry$$0000000D  c_t.l(rtentry2.o)
    0x000801fc   0x00000004   Ven    RO         2584    .ARM.Collect$$rtexit$$00000000  c_t.l(rtexit.o)
    0x00080200   0x00000004   Code   RO         2584    .ARM.Collect$$rtexit$$00000000  c_t.l(rtexit.o)
    0x00080204   0x00000000   Code   RO         2634    .ARM.Collect$$rtexit$$00000002  c_t.l(rtexit2.o)
    0x00080204   0x00000004   Code   RO         2635    .ARM.Collect$$rtexit$$00000003  c_t.l(rtexit2.o)
    0x00080208   0x00000008   Code   RO         2636    .ARM.Collect$$rtexit$$00000004  c_t.l(rtexit2.o)
    0x00080210   0x00000048   Code   RO          635    .emb_text           rtx_config.o
    0x00080258   0x000001e8   Code   RO         2062    .emb_text           RTX_ARM_L.lib(hal_arm.o)
    0x00080440   0x00000020   Code   RO            4    .text               startup.o
    0x00080460   0x0000000c   Code   RO         2395    .text               c_t.l(libspace.o)
    0x0008046c   0x00000010   Code   RO         2398    .text               c_t.l(abort.o)
    0x0008047c   0x00000004   Ven    RO         2400    .text               c_t.l(uread4.o)
    0x00080480   0x00000020   Code   RO         2400    .text               c_t.l(uread4.o)
    0x000804a0   0x00000004   Ven    RO         2402    .text               c_t.l(uwrite4.o)
    0x000804a4   0x00000020   Code   RO         2402    .text               c_t.l(uwrite4.o)
    0x000804c4   0x00000004   Ven    RO         2404    .text               c_t.l(aeabi_sdiv.o)
    0x000804c8   0x00000180   Code   RO         2404    .text               c_t.l(aeabi_sdiv.o)
    0x00080648   0x00000006   Code   RO         2420    .text               c_t.l(heapauxi.o)
    0x0008064e   0x00000002   PAD
    0x00080650   0x00000008   Ven    RO         2490    .text               c_t.l(sys_exit.o)
    0x00080658   0x0000000c   Code   RO         2490    .text               c_t.l(sys_exit.o)
    0x00080664   0x00000008   Ven    RO         2497    .text               c_t.l(_rserrno.o)
    0x0008066c   0x0000001a   Code   RO         2497    .text               c_t.l(_rserrno.o)
    0x00080686   0x00000010   Code   RO         2499    .text               c_t.l(defsig_abrt_outer.o)
    0x00080696   0x00000002   PAD
    0x00080698   0x00000004   Code   RO         2525    .text               c_t.l(use_no_semi.o)
    0x0008069c   0x00000000   Code   RO         2527    .text               c_t.l(indicate_semi.o)
    0x0008069c   0x00000004   Ven    RO         2552    .text               c_t.l(rt_errno_addr_twolibspace.o)
    0x000806a0   0x00000004   Code   RO         2552    .text               c_t.l(rt_errno_addr_twolibspace.o)
    0x000806a4   0x00000010   Code   RO         2554    .text               c_t.l(defsig_exit.o)
    0x000806b4   0x00000034   Code   RO         2556    .text               c_t.l(defsig_abrt_inner.o)
    0x000806e8   0x00000060   Code   RO         2562    .text               c_t.l(sys_stackheap_outer.o)
    0x00080748   0x0000000c   Code   RO         2564    .text               c_t.l(exit.o)
    0x00080754   0x00000038   Code   RO         2568    .text               c_t.l(defsig_general.o)
    0x0008078c   0x00000010   Code   RO         2582    .text               c_t.l(sys_wrch.o)
    0x0008079c   0x00000014   Code   RO         2645    .text               c_t.l(rt_fp_status_addr_twolibspace.o)
    0x000807b0   0x00000004   Ven    RO         2405    .text_udiv          c_t.l(aeabi_sdiv.o)
    0x000807b4   0x00000024   Code   RO         2405    .text_udiv          c_t.l(aeabi_sdiv.o)
    0x000807d8   0x00000024   Code   RO         2279    SWI_TABLE           RTX_ARM_L.lib(swi_table.o)
    0x000807fc   0x00000018   Code   RO          856    i.ActDoub_OpeningHandler  hmi.o
    0x00080814   0x00000018   Code   RO          857    i.ActSngl_OpeningHandler  hmi.o
    0x0008082c   0x0000007c   Code   RO          858    i.AddFun_DisplayHandler  hmi.o
    0x000808a8   0x00000060   Code   RO          859    i.AddFun_KeyboardHandler  hmi.o
    0x00080908   0x0000000c   Code   RO          860    i.AddFun_OpeningHandler  hmi.o
    0x00080914   0x0000000c   Code   RO          861    i.AnlCmd_OpeningHandler  hmi.o
    0x00080920   0x0000000c   Code   RO          862    i.AnlP1_OpeningHandler  hmi.o
    0x0008092c   0x0000000c   Code   RO          863    i.AnlP2_OpeningHandler  hmi.o
    0x00080938   0x0000000c   Code   RO          864    i.AnlPos_OpeningHandler  hmi.o
    0x00080944   0x0000000c   Code   RO          865    i.AnlSet0_OpeningHandler  hmi.o
    0x00080950   0x0000000c   Code   RO          866    i.AnlSet10_OpeningHandler  hmi.o
    0x0008095c   0x0000000c   Code   RO          867    i.AnlSet4_OpeningHandler  hmi.o
    0x00080968   0x0000000c   Code   RO          868    i.AnlSet5_OpeningHandler  hmi.o
    0x00080974   0x0000000c   Code   RO          869    i.AnlSp_OpeningHandler  hmi.o
    0x00080980   0x0000000c   Code   RO          870    i.AnlT_OpeningHandler  hmi.o
    0x0008098c   0x0000001c   Code   RO          871    i.Bin1Cls_OpeningHandler  hmi.o
    0x000809a8   0x00000020   Code   RO          872    i.Bin1Drv_OpeningHandler  hmi.o
    0x000809c8   0x00000020   Code   RO          873    i.Bin1Err1_OpeningHandler  hmi.o
    0x000809e8   0x00000020   Code   RO          874    i.Bin1Err2_OpeningHandler  hmi.o
    0x00080a08   0x00000020   Code   RO          875    i.Bin1ErrS_OpeningHandler  hmi.o
    0x00080a28   0x00000020   Code   RO          876    i.Bin1ErrT_OpeningHandler  hmi.o
    0x00080a48   0x00000020   Code   RO          877    i.Bin1Lim_OpeningHandler  hmi.o
    0x00080a68   0x0000001c   Code   RO          878    i.Bin1Opn_OpeningHandler  hmi.o
    0x00080a84   0x00000020   Code   RO          879    i.Bin1Spos_OpeningHandler  hmi.o
    0x00080aa4   0x0000001c   Code   RO          880    i.Bin2Cls_OpeningHandler  hmi.o
    0x00080ac0   0x00000020   Code   RO          881    i.Bin2Drv_OpeningHandler  hmi.o
    0x00080ae0   0x00000020   Code   RO          882    i.Bin2Err1_OpeningHandler  hmi.o
    0x00080b00   0x00000020   Code   RO          883    i.Bin2Err2_OpeningHandler  hmi.o
    0x00080b20   0x00000020   Code   RO          884    i.Bin2ErrS_OpeningHandler  hmi.o
    0x00080b40   0x00000020   Code   RO          885    i.Bin2ErrT_OpeningHandler  hmi.o
    0x00080b60   0x00000020   Code   RO          886    i.Bin2Lim_OpeningHandler  hmi.o
    0x00080b80   0x0000001c   Code   RO          887    i.Bin2Opn_OpeningHandler  hmi.o
    0x00080b9c   0x00000020   Code   RO          888    i.Bin2Spos_OpeningHandler  hmi.o
    0x00080bbc   0x0000000c   Code   RO          889    i.CaluserFact_OpeningHandler  hmi.o
    0x00080bc8   0x00000088   Code   RO          890    i.CaluserInp_DisplayHandler  hmi.o
    0x00080c50   0x00000054   Code   RO          891    i.CaluserInp_KeyboardHandler  hmi.o
    0x00080ca4   0x0000000c   Code   RO          892    i.CaluserInp_OpeningHandler  hmi.o
    0x00080cb0   0x00000088   Code   RO          893    i.CaluserPos_DisplayHandler  hmi.o
    0x00080d38   0x0000006c   Code   RO          894    i.CaluserPos_KeyboardHandler  hmi.o
    0x00080da4   0x0000001c   Code   RO          895    i.CaluserPos_OpeningHandler  hmi.o
    0x00080dc0   0x0000001c   Code   RO          896    i.Charact11_OpeningHandler  hmi.o
    0x00080ddc   0x00000020   Code   RO          897    i.Charact125_OpeningHandler  hmi.o
    0x00080dfc   0x00000020   Code   RO          898    i.Charact133_OpeningHandler  hmi.o
    0x00080e1c   0x00000020   Code   RO          899    i.Charact150_OpeningHandler  hmi.o
    0x00080e3c   0x0000001c   Code   RO          900    i.Charact251_OpeningHandler  hmi.o
    0x00080e58   0x0000001c   Code   RO          901    i.Charact331_OpeningHandler  hmi.o
    0x00080e74   0x0000001c   Code   RO          902    i.Charact501_OpeningHandler  hmi.o
    0x00080e90   0x00000090   Code   RO          903    i.CharactFree_DisplayHandler  hmi.o
    0x00080f20   0x000000b8   Code   RO          904    i.CharactFree_KeyboardHandler  hmi.o
    0x00080fd8   0x00000030   Code   RO          905    i.CharactFree_OpeningHandler  hmi.o
    0x00081008   0x00000094   Code   RO          906    i.CheckKeyboard     hmi.o
    0x0008109c   0x00000080   Code   RO          907    i.CodeGlob_DisplayHandler  hmi.o
    0x0008111c   0x00000094   Code   RO          908    i.CodeGlob_KeyboardHandler  hmi.o
    0x000811b0   0x00000028   Code   RO          909    i.CodeGlob_OpeningHandler  hmi.o
    0x000811d8   0x00000080   Code   RO          910    i.CodeKey_DisplayHandler  hmi.o
    0x00081258   0x00000094   Code   RO          911    i.CodeKey_KeyboardHandler  hmi.o
    0x000812ec   0x00000028   Code   RO          912    i.CodeKey_OpeningHandler  hmi.o
    0x00081314   0x00000080   Code   RO          913    i.CodeMenu_DisplayHandler  hmi.o
    0x00081394   0x00000094   Code   RO          914    i.CodeMenu_KeyboardHandler  hmi.o
    0x00081428   0x00000028   Code   RO          915    i.CodeMenu_OpeningHandler  hmi.o
    0x00081450   0x00000080   Code   RO         1668    i.DS18B20_ReadByte  ds18b20.o
    0x000814d0   0x000000b8   Code   RO         1669    i.DS18B20_Temperature  ds18b20.o
    0x00081588   0x00000060   Code   RO         1670    i.DS18B20_WriteByte  ds18b20.o
    0x000815e8   0x00000018   Code   RO          916    i.DiractFall_OpeningHandler  hmi.o
    0x00081600   0x00000018   Code   RO          917    i.DiractRise_OpeningHandler  hmi.o
    0x00081618   0x00000018   Code   RO          918    i.DircmdFall_OpeningHandler  hmi.o
    0x00081630   0x00000018   Code   RO          919    i.DircmdRise_OpeningHandler  hmi.o
    0x00081648   0x000001d4   Code   RO          920    i.Display           hmi.o
    0x0008181c   0x00000044   Code   RO          756    i.EepromWr_n        iap.o
    0x00081860   0x00000010   Code   RO          921    i.HMI_Handler       hmi.o
    0x00081870   0x00001270   Code   RO          922    i.HMI_Init          hmi.o
    0x00082ae0   0x00000078   Code   RO         1671    i.Init_DS18B20      ds18b20.o
    0x00082b58   0x00000018   Code   RO          923    i.Input0_OpeningHandler  hmi.o
    0x00082b70   0x00000018   Code   RO          924    i.Input10_OpeningHandler  hmi.o
    0x00082b88   0x00000018   Code   RO          925    i.Input4_OpeningHandler  hmi.o
    0x00082ba0   0x00000018   Code   RO          926    i.Input5_OpeningHandler  hmi.o
    0x00082bb8   0x00000098   Code   RO          927    i.InsetCutoff_DisplayHandler  hmi.o
    0x00082c50   0x000000b0   Code   RO          928    i.InsetCutoff_KeyboardHandler  hmi.o
    0x00082d00   0x00000028   Code   RO          929    i.InsetCutoff_OpeningHandler  hmi.o
    0x00082d28   0x00000098   Code   RO          930    i.InsetSpltrng_DisplayHandler  hmi.o
    0x00082dc0   0x000000b0   Code   RO          931    i.InsetSpltrng_KeyboardHandler  hmi.o
    0x00082e70   0x00000028   Code   RO          932    i.InsetSpltrng_OpeningHandler  hmi.o
    0x00082e98   0x0000002c   Code   RO          775    i.LCDWRITE_1622     ht1622.o
    0x00082ec4   0x0000000c   Code   RO          933    i.LeakChar_OpeningHandler  hmi.o
    0x00082ed0   0x000000d4   Code   RO          934    i.LeakMeas_DisplayHandler  hmi.o
    0x00082fa4   0x00000068   Code   RO          935    i.LeakMeas_KeyboardHandler  hmi.o
    0x0008300c   0x00000028   Code   RO          936    i.LeakMeas_OpeningHandler  hmi.o
    0x00083034   0x0000000c   Code   RO          937    i.LeakNot_OpeningHandler  hmi.o
    0x00083040   0x0000008c   Code   RO          938    i.MENU_MAIN_MANUAL_DisplayHandler  hmi.o
    0x000830cc   0x000000a8   Code   RO          939    i.MENU_MAIN_MANUAL_KeyboardHandler  hmi.o
    0x00083174   0x00000028   Code   RO          940    i.MENU_MAIN_MANUAL_OpeningHandler  hmi.o
    0x0008319c   0x00000030   Code   RO          941    i.MainMenu_DisplayHandler  hmi.o
    0x000831cc   0x0000000c   Code   RO          942    i.MainMenu_KeyboardHandler  hmi.o
    0x000831d8   0x00000124   Code   RO          943    i.MenuKeyboardHandler  hmi.o
    0x000832fc   0x00000074   Code   RO          944    i.OnKeyDown         hmi.o
    0x00083370   0x0000006c   Code   RO          945    i.OnKeyUp           hmi.o
    0x000833dc   0x00000070   Code   RO          946    i.PcontrlDbnd_DisplayHandler  hmi.o
    0x0008344c   0x00000080   Code   RO          947    i.PcontrlDbnd_KeyboardHandler  hmi.o
    0x000834cc   0x00000028   Code   RO          948    i.PcontrlDbnd_OpeningHandler  hmi.o
    0x000834f4   0x0000006c   Code   RO          949    i.PcontrlFilt_DisplayHandler  hmi.o
    0x00083560   0x00000068   Code   RO          950    i.PcontrlFilt_KeyboardHandler  hmi.o
    0x000835c8   0x00000018   Code   RO          951    i.PcontrlFilt_OpeningHandler  hmi.o
    0x000835e0   0x000000d4   Code   RO          952    i.PcontrlKv_DisplayHandler  hmi.o
    0x000836b4   0x00000068   Code   RO          953    i.PcontrlKv_KeyboardHandler  hmi.o
    0x0008371c   0x00000028   Code   RO          954    i.PcontrlKv_OpeningHandler  hmi.o
    0x00083744   0x000000d4   Code   RO          955    i.PcontrlPara_DisplayHandler  hmi.o
    0x00083818   0x00000068   Code   RO          956    i.PcontrlPara_KeyboardHandler  hmi.o
    0x00083880   0x00000028   Code   RO          957    i.PcontrlPara_OpeningHandler  hmi.o
    0x000838a8   0x0000001c   Code   RO          958    i.PortD_OpeningHandler  hmi.o
    0x000838c4   0x00000048   Code   RO          776    i.Reset_1622        ht1622.o
    0x0008390c   0x0000001e   Code   RO          777    i.SENDCOMA          ht1622.o
    0x0008392a   0x0000001e   Code   RO          778    i.SENDCOMB          ht1622.o
    0x00083948   0x000000d4   Code   RO          959    i.ScalF_DisplayHandler  hmi.o
    0x00083a1c   0x00000068   Code   RO          960    i.ScalF_KeyboardHandler  hmi.o
    0x00083a84   0x00000028   Code   RO          961    i.ScalF_OpeningHandler  hmi.o
    0x00083aac   0x000000d4   Code   RO          962    i.ScalP_DisplayHandler  hmi.o
    0x00083b80   0x00000068   Code   RO          963    i.ScalP_KeyboardHandler  hmi.o
    0x00083be8   0x00000028   Code   RO          964    i.ScalP_OpeningHandler  hmi.o
    0x00083c10   0x000000d4   Code   RO          965    i.ScalS_DisplayHandler  hmi.o
    0x00083ce4   0x00000068   Code   RO          966    i.ScalS_KeyboardHandler  hmi.o
    0x00083d4c   0x00000028   Code   RO          967    i.ScalS_OpeningHandler  hmi.o
    0x00083d74   0x000000d4   Code   RO          968    i.ScalT_DisplayHandler  hmi.o
    0x00083e48   0x00000068   Code   RO          969    i.ScalT_KeyboardHandler  hmi.o
    0x00083eb0   0x00000028   Code   RO          970    i.ScalT_OpeningHandler  hmi.o
    0x00083ed8   0x00000060   Code   RO          780    i.SendBit_HT1622    ht1622.o
    0x00083f38   0x0000001c   Code   RO          971    i.Serio1200_OpeningHandler  hmi.o
    0x00083f54   0x0000001c   Code   RO          972    i.Serio19200_OpeningHandler  hmi.o
    0x00083f70   0x0000001c   Code   RO          973    i.Serio2400_OpeningHandler  hmi.o
    0x00083f8c   0x0000001c   Code   RO          974    i.Serio38400_OpeningHandler  hmi.o
    0x00083fa8   0x0000001c   Code   RO          975    i.Serio4800_OpeningHandler  hmi.o
    0x00083fc4   0x0000001c   Code   RO          976    i.Serio9600_OpeningHandler  hmi.o
    0x00083fe0   0x0000008c   Code   RO           11    i.SetPwmDutyCycle1  main.o
    0x0008406c   0x00000108   Code   RO           12    i.SetPwmDutyCycle2  main.o
    0x00084174   0x00000018   Code   RO          977    i.SigerrFunon_OpeningHandler  hmi.o
    0x0008418c   0x00000018   Code   RO          978    i.SigerrOff_OpeningHandler  hmi.o
    0x000841a4   0x00000018   Code   RO          979    i.SigerrPoson_OpeningHandler  hmi.o
    0x000841bc   0x00000080   Code   RO          980    i.SystemSafepos_DisplayHandler  hmi.o
    0x0008423c   0x00000084   Code   RO          981    i.SystemSafepos_KeyboardHandler  hmi.o
    0x000842c0   0x00000028   Code   RO          982    i.SystemSafepos_OpeningHandler  hmi.o
    0x000842e8   0x000000d8   Code   RO          983    i.SystemSetfact_OpeningHandler  hmi.o
    0x000843c0   0x0000000c   Code   RO          984    i.TuneDef_OpeningHandler  hmi.o
    0x000843cc   0x0000000c   Code   RO          985    i.TuneFlow_OpeningHandler  hmi.o
    0x000843d8   0x0000000c   Code   RO          986    i.TuneLevl_OpeningHandler  hmi.o
    0x000843e4   0x0000000c   Code   RO          987    i.TuneNot_OpeningHandler  hmi.o
    0x000843f0   0x0000000c   Code   RO          988    i.TunePres_OpeningHandler  hmi.o
    0x000843fc   0x0000000c   Code   RO          989    i.TuneTemp_OpeningHandler  hmi.o
    0x00084408   0x00000080   Code   RO          990    i.XcontrolDbnd_DisplayHandler  hmi.o
    0x00084488   0x00000084   Code   RO          991    i.XcontrolDbnd_KeyboardHandler  hmi.o
    0x0008450c   0x00000028   Code   RO          992    i.XcontrolDbnd_OpeningHandler  hmi.o
    0x00084534   0x00000098   Code   RO          993    i.XcontrolPara_DisplayHandler  hmi.o
    0x000845cc   0x000000b0   Code   RO          994    i.XcontrolPara_KeyboardHandler  hmi.o
    0x0008467c   0x00000028   Code   RO          995    i.XcontrolPara_OpeningHandler  hmi.o
    0x000846a4   0x00000098   Code   RO          996    i.XsetXlimit_DisplayHandler  hmi.o
    0x0008473c   0x000000b0   Code   RO          997    i.XsetXlimit_KeyboardHandler  hmi.o
    0x000847ec   0x00000028   Code   RO          998    i.XsetXlimit_OpeningHandler  hmi.o
    0x00084814   0x00000094   Code   RO          999    i.XsetXtime_DisplayHandler  hmi.o
    0x000848a8   0x00000090   Code   RO         1000    i.XsetXtime_KeyboardHandler  hmi.o
    0x00084938   0x00000028   Code   RO         1001    i.XsetXtime_OpeningHandler  hmi.o
    0x00084960   0x00000094   Code   RO         1002    i.XtuneAir_DisplayHandler  hmi.o
    0x000849f4   0x00000090   Code   RO         1003    i.XtuneAir_KeyboardHandler  hmi.o
    0x00084a84   0x00000028   Code   RO         1004    i.XtuneAir_OpeningHandler  hmi.o
    0x00084aac   0x0000023c   Code   RO         1005    i.XtuneAuto_OpeningHandler  hmi.o
    0x00084ce8   0x00000098   Code   RO         1006    i.XtunePwm_DisplayHandler  hmi.o
    0x00084d80   0x000000b4   Code   RO         1007    i.XtunePwm_KeyboardHandler  hmi.o
    0x00084e34   0x00000028   Code   RO         1008    i.XtunePwm_OpeningHandler  hmi.o
    0x00084e5c   0x00000002   Code   RO          346    i.__ARM_common_call_via_r0  mb.o
    0x00084e5e   0x00000002   Code   RO          342    i.__ARM_common_call_via_r2  mb.o
    0x00084e60   0x00000002   Code   RO          344    i.__ARM_common_call_via_r3  mb.o
    0x00084e62   0x00000002   PAD
    0x00084e64   0x00000004   Ven    RO          350    i.__ARM_common_disable_irq  mb.o
    0x00084e68   0x00000014   Code   RO          350    i.__ARM_common_disable_irq  mb.o
    0x00084e7c   0x00000004   Ven    RO          348    i.__ARM_common_enable_irq  mb.o
    0x00084e80   0x00000010   Code   RO          348    i.__ARM_common_enable_irq  mb.o
    0x00084e90   0x00000004   Ven    RO          119    i.__ARM_common_switch8  main.o
    0x00084e94   0x00000018   Code   RO          119    i.__ARM_common_switch8  main.o
    0x00084eac   0x00000030   Code   RO         2063    i.__SWI_0           RTX_ARM_L.lib(hal_arm.o)
    0x00084edc   0x0000000e   Code   RO         2249    i.__SWI_1           RTX_ARM_L.lib(rt_membox.o)
    0x00084eea   0x00000018   Code   RO         2250    i.__SWI_2           RTX_ARM_L.lib(rt_membox.o)
    0x00084f02   0x00000008   Code   RO         2064    i.__SWI_3           RTX_ARM_L.lib(hal_arm.o)
    0x00084f0a   0x00000008   Code   RO         2065    i.__SWI_4           RTX_ARM_L.lib(hal_arm.o)
    0x00084f12   0x00000002   PAD
    0x00084f14   0x0000000c   Code   RO          636    i.__SWI_5           rtx_config.o
    0x00084f20   0x00000002   Code   RO         2066    i.__SWI_6           RTX_ARM_L.lib(hal_arm.o)
    0x00084f22   0x00000002   Code   RO         2067    i.__SWI_7           RTX_ARM_L.lib(hal_arm.o)
    0x00084f24   0x00000100   Code   RO         2522    i.__kernel_poly     m_ts.l(poly.o)
    0x00085024   0x00000008   Ven    RO          637    i.__user_perthread_libspace  rtx_config.o
    0x0008502c   0x00000028   Code   RO          637    i.__user_perthread_libspace  rtx_config.o
    0x00085054   0x0000004a   Code   RO         2252    i._init_box         RTX_ARM_L.lib(rt_membox.o)
    0x0008509e   0x00000002   PAD
    0x000850a0   0x00000020   Code   RO          638    i._mutex_acquire    rtx_config.o
    0x000850c0   0x00000018   Code   RO          640    i._mutex_release    rtx_config.o
    0x000850d8   0x00000070   Code   RO           13    i.adc               main.o
    0x00085148   0x00000028   Code   RO           14    i.adc_init          main.o
    0x00085170   0x00000014   Code   RO           15    i.adc_poweron       main.o
    0x00085184   0x00000068   Code   RO           16    i.adc_read_data     main.o
    0x000851ec   0x0000003c   Code   RO         1009    i.adj_display       hmi.o
    0x00085228   0x00000034   Code   RO          781    i.clearLCD          ht1622.o
    0x0008525c   0x00000288   Code   RO         1726    i.cmdHandle         calc.o
    0x000854e4   0x000000c4   Code   RO           17    i.data_init         main.o
    0x000855a8   0x00000018   Code   RO         1672    i.delay_5us         ds18b20.o
    0x000855c0   0x000002b8   Code   RO          782    i.digital           ht1622.o
    0x00085878   0x000005da   Code   RO          783    i.display_char      ht1622.o
    0x00085e52   0x00000002   PAD
    0x00085e54   0x00000074   Code   RO          784    i.display_digital   ht1622.o
    0x00085ec8   0x00000044   Code   RO          565    i.eMBASCIIInit      mbascii.o
    0x00085f0c   0x00000050   Code   RO          566    i.eMBASCIIReceive   mbascii.o
    0x00085f5c   0x00000058   Code   RO          567    i.eMBASCIISend      mbascii.o
    0x00085fb4   0x00000028   Code   RO          568    i.eMBASCIIStart     mbascii.o
    0x00085fdc   0x0000001c   Code   RO          569    i.eMBASCIIStop      mbascii.o
    0x00085ff8   0x00000028   Code   RO          300    i.eMBEnable         mb.o
    0x00086020   0x0000007c   Code   RO          457    i.eMBFuncReadCoils  mbfunccoils.o
    0x0008609c   0x0000007c   Code   RO          481    i.eMBFuncReadDiscreteInputs  mbfuncdisc.o
    0x00086118   0x00000060   Code   RO          493    i.eMBFuncReadHoldingRegister  mbfuncholding.o
    0x00086178   0x00000064   Code   RO          523    i.eMBFuncReadInputRegister  mbfuncinput.o
    0x000861dc   0x000000a2   Code   RO          494    i.eMBFuncReadWriteMultipleHoldingRegister  mbfuncholding.o
    0x0008627e   0x0000005c   Code   RO          458    i.eMBFuncWriteCoil  mbfunccoils.o
    0x000862da   0x00000038   Code   RO          495    i.eMBFuncWriteHoldingRegister  mbfuncholding.o
    0x00086312   0x00000002   PAD
    0x00086314   0x0000006c   Code   RO          459    i.eMBFuncWriteMultipleCoils  mbfunccoils.o
    0x00086380   0x00000056   Code   RO          496    i.eMBFuncWriteMultipleHoldingRegister  mbfuncholding.o
    0x000863d6   0x00000002   PAD
    0x000863d8   0x000000c8   Code   RO          301    i.eMBInit           mb.o
    0x000864a0   0x000000c8   Code   RO          302    i.eMBPoll           mb.o
    0x00086568   0x00000050   Code   RO          396    i.eMBRTUInit        mbrtu.o
    0x000865b8   0x00000058   Code   RO          397    i.eMBRTUReceive     mbrtu.o
    0x00086610   0x00000068   Code   RO          398    i.eMBRTUSend        mbrtu.o
    0x00086678   0x00000028   Code   RO          399    i.eMBRTUStart       mbrtu.o
    0x000866a0   0x0000001c   Code   RO          400    i.eMBRTUStop        mbrtu.o
    0x000866bc   0x00000004   Code   RO           18    i.eMBRegCoilsCB     main.o
    0x000866c0   0x00000004   Code   RO           19    i.eMBRegDiscreteCB  main.o
    0x000866c4   0x0000006c   Code   RO           20    i.eMBRegHoldingCB   main.o
    0x00086730   0x0000003c   Code   RO           21    i.eMBRegInputCB     main.o
    0x0008676c   0x00000154   Code   RO          785    i.floattochar       ht1622.o
    0x000868c0   0x000000ac   Code   RO           22    i.hmi               main.o
    0x0008696c   0x0000000c   Code   RO          757    i.iap_init          iap.o
    0x00086978   0x0000010c   Code   RO           23    i.init              main.o
    0x00086a84   0x00000024   Code   RO          786    i.initLCD_1622      ht1622.o
    0x00086aa8   0x00000004   Ven    RO         2473    i.log               m_ts.l(log.o)
    0x00086aac   0x00000590   Code   RO         2473    i.log               m_ts.l(log.o)
    0x0008703c   0x00000010   Code   RO           24    i.lpReset           main.o
    0x0008704c   0x00000018   Code   RO           25    i.main              main.o
    0x00087064   0x00000030   Code   RO          266    i.mb_timer2_interrupt  porttimer.o
    0x00087094   0x00000058   Code   RO          226    i.mb_uart_interrupt  portserial.o
    0x000870ec   0x00000024   Code   RO         1010    i.menu_display_done  hmi.o
    0x00087110   0x00000040   Code   RO         1011    i.menu_return       hmi.o
    0x00087150   0x0000003c   Code   RO         1012    i.menu_update       hmi.o
    0x0008718c   0x0000000c   Code   RO           26    i.modbus            main.o
    0x00087198   0x00000048   Code   RO         1872    i.os_block          RTX_ARM_L.lib(rt_task.o)
    0x000871e0   0x00000044   Code   RO         2228    i.os_chk_robin      RTX_ARM_L.lib(rt_robin.o)
    0x00087224   0x0000007c   Code   RO         2156    i.os_dec_dly        RTX_ARM_L.lib(rt_list.o)
    0x000872a0   0x00000004   Code   RO          641    i.os_def_interrupt  rtx_config.o
    0x000872a4   0x00000044   Code   RO         1873    i.os_dispatch       RTX_ARM_L.lib(rt_task.o)
    0x000872e8   0x00000018   Code   RO         1965    i.os_dly_wait       RTX_ARM_L.lib(rt_time.o)
    0x00087300   0x00000002   Code   RO          642    i.os_error          rtx_config.o
    0x00087302   0x00000002   PAD
    0x00087304   0x00000050   Code   RO         1999    i.os_evt_psh        RTX_ARM_L.lib(rt_event.o)
    0x00087354   0x00000064   Code   RO         2000    i.os_evt_set        RTX_ARM_L.lib(rt_event.o)
    0x000873b8   0x00000058   Code   RO         2001    i.os_evt_wait       RTX_ARM_L.lib(rt_event.o)
    0x00087410   0x0000002a   Code   RO         2157    i.os_get_first      RTX_ARM_L.lib(rt_list.o)
    0x0008743a   0x00000002   Code   RO          643    i.os_idle_demon     rtx_config.o
    0x0008743c   0x00000048   Code   RO         1874    i.os_init_context   RTX_ARM_L.lib(rt_task.o)
    0x00087484   0x00000018   Code   RO         2229    i.os_init_robin     RTX_ARM_L.lib(rt_robin.o)
    0x0008749c   0x00000064   Code   RO         2068    i.os_init_stack     RTX_ARM_L.lib(hal_arm.o)
    0x00087500   0x00000028   Code   RO          644    i.os_irq_ack_lock   rtx_config.o
    0x00087528   0x00000018   Code   RO         1966    i.os_itv_set        RTX_ARM_L.lib(rt_time.o)
    0x00087540   0x00000038   Code   RO         1967    i.os_itv_wait       RTX_ARM_L.lib(rt_time.o)
    0x00087578   0x00000088   Code   RO         2286    i.os_mbx_psh        RTX_ARM_L.lib(rt_mailbox.o)
    0x00087600   0x000000a8   Code   RO         2039    i.os_mut_release    RTX_ARM_L.lib(rt_mutex.o)
    0x000876a8   0x00000084   Code   RO         2040    i.os_mut_wait       RTX_ARM_L.lib(rt_mutex.o)
    0x0008772c   0x00000050   Code   RO         2160    i.os_put_dly        RTX_ARM_L.lib(rt_list.o)
    0x0008777c   0x0000003e   Code   RO         2161    i.os_put_prio       RTX_ARM_L.lib(rt_list.o)
    0x000877ba   0x00000002   PAD
    0x000877bc   0x00000014   Code   RO         2162    i.os_put_rdy_first  RTX_ARM_L.lib(rt_list.o)
    0x000877d0   0x00000034   Code   RO         2163    i.os_resort_prio    RTX_ARM_L.lib(rt_list.o)
    0x00087804   0x0000002c   Code   RO         2164    i.os_rmv_dly        RTX_ARM_L.lib(rt_list.o)
    0x00087830   0x00000034   Code   RO         2165    i.os_rmv_list       RTX_ARM_L.lib(rt_list.o)
    0x00087864   0x00000038   Code   RO         2332    i.os_sem_psh        RTX_ARM_L.lib(rt_semaphore.o)
    0x0008789c   0x0000002c   Code   RO         2069    i.os_stk_check      RTX_ARM_L.lib(hal_arm.o)
    0x000878c8   0x000000e8   Code   RO         1875    i.os_sys_init1      RTX_ARM_L.lib(rt_task.o)
    0x000879b0   0x000000cc   Code   RO         2122    i.os_sys_manager    RTX_ARM_L.lib(rt_system.o)
    0x00087a7c   0x00000002   Code   RO          645    i.os_tmr_call       rtx_config.o
    0x00087a7e   0x00000002   PAD
    0x00087a80   0x00000014   Code   RO          647    i.os_tmr_init       rtx_config.o
    0x00087a94   0x00000014   Code   RO          648    i.os_tmr_inspect_cnt  rtx_config.o
    0x00087aa8   0x00000010   Code   RO          649    i.os_tmr_inspect_ovf  rtx_config.o
    0x00087ab8   0x00000044   Code   RO         2368    i.os_tmr_tick       RTX_ARM_L.lib(rt_timer.o)
    0x00087afc   0x00000090   Code   RO         1876    i.os_tsk_create0    RTX_ARM_L.lib(rt_task.o)
    0x00087b8c   0x000000a8   Code   RO         1878    i.os_tsk_delete     RTX_ARM_L.lib(rt_task.o)
    0x00087c34   0x00000010   Code   RO         1881    i.os_tsk_self       RTX_ARM_L.lib(rt_task.o)
    0x00087c44   0x00000074   Code   RO         1727    i.p1Handle          calc.o
    0x00087cb8   0x00000074   Code   RO         1728    i.p2Handle          calc.o
    0x00087d2c   0x0000018c   Code   RO           27    i.pid               main.o
    0x00087eb8   0x00000048   Code   RO         1703    i.pid_init          pid.o
    0x00087f00   0x00000012   Code   RO         1704    i.pid_reset_integrator  pid.o
    0x00087f12   0x00000002   PAD
    0x00087f14   0x000000c0   Code   RO         1729    i.posHandle         calc.o
    0x00087fd4   0x00000018   Code   RO          541    i.prveMBError2Exception  mbutils.o
    0x00087fec   0x0000001c   Code   RO          570    i.prvucMBBIN2CHAR   mbascii.o
    0x00088008   0x00000022   Code   RO          571    i.prvucMBLRC        mbascii.o
    0x0008802a   0x00000002   PAD
    0x0008802c   0x00000004   Ven    RO         2483    i.sqrt              m_ts.l(sqrt.o)
    0x00088030   0x00000070   Code   RO         2483    i.sqrt              m_ts.l(sqrt.o)
    0x000880a0   0x0000011c   Code   RO         1731    i.tempHandle        calc.o
    0x000881bc   0x00000024   Code   RO          650    i.tsk_unlock        rtx_config.o
    0x000881e0   0x00000034   Code   RO          382    i.usMBCRC16         mbcrc.o
    0x00088214   0x0000005c   Code   RO          227    i.vMBPortSerialEnable  portserial.o
    0x00088270   0x00000010   Code   RO          289    i.vMBPortTimersDisable  porttimer.o
    0x00088280   0x00000024   Code   RO          283    i.vMBPortTimersEnable  porttimer.o
    0x000882a4   0x000000f0   Code   RO          572    i.xMBASCIIReceiveFSM  mbascii.o
    0x00088394   0x00000034   Code   RO          573    i.xMBASCIITimerT1SExpired  mbascii.o
    0x000883c8   0x000000b8   Code   RO          574    i.xMBASCIITransmitFSM  mbascii.o
    0x00088480   0x0000001c   Code   RO          200    i.xMBPortEventGet   portevent.o
    0x0008849c   0x00000010   Code   RO          201    i.xMBPortEventInit  portevent.o
    0x000884ac   0x00000010   Code   RO          202    i.xMBPortEventPost  portevent.o
    0x000884bc   0x00000010   Code   RO          228    i.xMBPortSerialGetByte  portserial.o
    0x000884cc   0x00000094   Code   RO          229    i.xMBPortSerialInit  portserial.o
    0x00088560   0x0000000c   Code   RO          230    i.xMBPortSerialPutByte  portserial.o
    0x0008856c   0x00000010   Code   RO          267    i.xMBPortTimersInit  porttimer.o
    0x0008857c   0x00000070   Code   RO          401    i.xMBRTUReceiveFSM  mbrtu.o
    0x000885ec   0x00000048   Code   RO          402    i.xMBRTUTimerT35Expired  mbrtu.o
    0x00088634   0x00000064   Code   RO          403    i.xMBRTUTransmitFSM  mbrtu.o
    0x00088698   0x00000004   Ven    RO         2424    x$fpl$d2f           fz_ts.l(d2f.o)
    0x0008869c   0x0000006c   Code   RO         2424    x$fpl$d2f           fz_ts.l(d2f.o)
    0x00088708   0x00000004   Ven    RO         2426    x$fpl$dadd          fz_ts.l(daddsub_noclz.o)
    0x0008870c   0x00000154   Code   RO         2426    x$fpl$dadd          fz_ts.l(daddsub_noclz.o)
    0x00088860   0x00000010   Code   RO         2503    x$fpl$dcheck1       fz_ts.l(dcheck1.o)
    0x00088870   0x0000001c   Code   RO         2558    x$fpl$dcmpinf       fz_ts.l(dcmpi.o)
    0x0008888c   0x00000004   Ven    RO         2433    x$fpl$ddiv          fz_ts.l(ddiv.o)
    0x00088890   0x000002e0   Code   RO         2433    x$fpl$ddiv          fz_ts.l(ddiv.o)
    0x00088b70   0x00000094   Code   RO         2505    x$fpl$deqf          fz_ts.l(deqf.o)
    0x00088c04   0x00000004   Ven    RO         2437    x$fpl$dflt          fz_ts.l(dflt_noclz.o)
    0x00088c08   0x00000058   Code   RO         2437    x$fpl$dflt          fz_ts.l(dflt_noclz.o)
    0x00088c60   0x00000004   Ven    RO         2436    x$fpl$dfltu         fz_ts.l(dflt_noclz.o)
    0x00088c64   0x0000000c   Code   RO         2436    x$fpl$dfltu         fz_ts.l(dflt_noclz.o)
    0x00088c70   0x00000004   Ven    RO         2440    x$fpl$dmul          fz_ts.l(dmul.o)
    0x00088c74   0x00000180   Code   RO         2440    x$fpl$dmul          fz_ts.l(dmul.o)
    0x00088df4   0x000000c0   Code   RO         2509    x$fpl$dnaninf       fz_ts.l(dnaninf.o)
    0x00088eb4   0x00000010   Code   RO         2511    x$fpl$dretinf       fz_ts.l(dretinf.o)
    0x00088ec4   0x00000018   Code   RO         2427    x$fpl$drsb          fz_ts.l(daddsub_noclz.o)
    0x00088edc   0x00000208   Code   RO         2513    x$fpl$dsqrt         fz_ts.l(dsqrt_noumaal.o)
    0x000890e4   0x00000244   Code   RO         2428    x$fpl$dsub          fz_ts.l(daddsub_noclz.o)
    0x00089328   0x00000004   Ven    RO         2442    x$fpl$f2d           fz_ts.l(f2d.o)
    0x0008932c   0x00000064   Code   RO         2442    x$fpl$f2d           fz_ts.l(f2d.o)
    0x00089390   0x00000004   Ven    RO         2444    x$fpl$fadd          fz_ts.l(faddsub_noclz.o)
    0x00089394   0x000000c4   Code   RO         2444    x$fpl$fadd          fz_ts.l(faddsub_noclz.o)
    0x00089458   0x0000000c   Code   RO         2515    x$fpl$fcheck1       fz_ts.l(fcheck1.o)
    0x00089464   0x00000004   Ven    RO         2451    x$fpl$fdiv          fz_ts.l(fdiv.o)
    0x00089468   0x00000190   Code   RO         2451    x$fpl$fdiv          fz_ts.l(fdiv.o)
    0x000895f8   0x00000004   Ven    RO         2454    x$fpl$ffix          fz_ts.l(ffix.o)
    0x000895fc   0x00000044   Code   RO         2454    x$fpl$ffix          fz_ts.l(ffix.o)
    0x00089640   0x00000004   Ven    RO         2458    x$fpl$ffixu         fz_ts.l(ffixu.o)
    0x00089644   0x00000054   Code   RO         2458    x$fpl$ffixu         fz_ts.l(ffixu.o)
    0x00089698   0x00000004   Ven    RO         2463    x$fpl$fflt          fz_ts.l(fflt_noclz.o)
    0x0008969c   0x0000005c   Code   RO         2463    x$fpl$fflt          fz_ts.l(fflt_noclz.o)
    0x000896f8   0x00000004   Ven    RO         2462    x$fpl$ffltu         fz_ts.l(fflt_noclz.o)
    0x000896fc   0x00000008   Code   RO         2462    x$fpl$ffltu         fz_ts.l(fflt_noclz.o)
    0x00089704   0x00000004   Ven    RO         2466    x$fpl$fmul          fz_ts.l(fmul.o)
    0x00089708   0x00000100   Code   RO         2466    x$fpl$fmul          fz_ts.l(fmul.o)
    0x00089808   0x000000a8   Code   RO         2517    x$fpl$fnaninf       fz_ts.l(fnaninf.o)
    0x000898b0   0x00000004   Ven    RO         2631    x$fpl$fpinit        fz_ts.l(fpinit.o)
    0x000898b4   0x00000018   Code   RO         2631    x$fpl$fpinit        fz_ts.l(fpinit.o)
    0x000898cc   0x00000010   Code   RO         2519    x$fpl$fretinf       fz_ts.l(fretinf.o)
    0x000898dc   0x00000004   Ven    RO         2445    x$fpl$frsb          fz_ts.l(faddsub_noclz.o)
    0x000898e0   0x00000014   Code   RO         2445    x$fpl$frsb          fz_ts.l(faddsub_noclz.o)
    0x000898f4   0x00000004   Ven    RO         2446    x$fpl$fsub          fz_ts.l(faddsub_noclz.o)
    0x000898f8   0x00000130   Code   RO         2446    x$fpl$fsub          fz_ts.l(faddsub_noclz.o)
    0x00089a28   0x00000074   Code   RO         2560    x$fpl$retnan        fz_ts.l(retnan.o)
    0x00089a9c   0x00000004   Ven    RO         2468    x$fpl$scalbn        fz_ts.l(scalbn.o)
    0x00089aa0   0x00000068   Code   RO         2468    x$fpl$scalbn        fz_ts.l(scalbn.o)
    0x00089b08   0x00000004   Ven    RO         2470    x$fpl$scalbnf       fz_ts.l(scalbnf.o)
    0x00089b0c   0x0000005c   Code   RO         2470    x$fpl$scalbnf       fz_ts.l(scalbnf.o)
    0x00089b68   0x0000003c   Code   RO         2580    x$fpl$trapveneer    fz_ts.l(trapv.o)
    0x00089ba4   0x00000000   Code   RO         2521    x$fpl$usenofp       fz_ts.l(usenofp.o)
    0x00089ba4   0x00000200   Data   RO          383    .constdata          mbcrc.o
    0x00089da4   0x00000002   Data   RO          656    .constdata          rtx_config.o
    0x00089da6   0x00000002   PAD
    0x00089da8   0x00000004   Data   RO          657    .constdata          rtx_config.o
    0x00089dac   0x00000004   Data   RO          658    .constdata          rtx_config.o
    0x00089db0   0x00000008   Data   RO          659    .constdata          rtx_config.o
    0x00089db8   0x00000002   Data   RO          660    .constdata          rtx_config.o
    0x00089dba   0x00000002   PAD
    0x00089dbc   0x00000004   Data   RO          661    .constdata          rtx_config.o
    0x00089dc0   0x00000001   Data   RO          662    .constdata          rtx_config.o
    0x00089dc1   0x00000001   PAD
    0x00089dc2   0x00000002   Data   RO          663    .constdata          rtx_config.o
    0x00089dc4   0x000000aa   Data   RO          787    .constdata          ht1622.o
    0x00089e6e   0x00000002   PAD
    0x00089e70   0x000004db   Data   RO         1014    .constdata          hmi.o
    0x0008a34b   0x00000005   PAD
    0x0008a350   0x00000038   Data   RO         2474    .constdata          m_ts.l(log.o)
    0x0008a388   0x00000008   Data   RO         2524    .constdata          m_ts.l(qnan.o)
    0x0008a390   0x00000020   Data   RO         2693    Region$$Table       anon$$obj.o
    0x0008a3b0   0x00005050   PAD
    0x0008f400   0x00000200   Data   RO           28    .ARM.__AT_0x0008F400  main.o


==============================================================================

Image component sizes


      Code (inc. data)   RO Data    RW Data    ZI Data      Debug   Object Name

      1356        112          0          6          0       2846   calc.o
       552         34          0        256          0       3910   ds18b20.o
     16964       3300       1243         44       3735      75504   hmi.o
      3010        110        170          1          0       7185   ht1622.o
        80          8          0          0          0       1424   iap.o
      1964        208        512         24        204      23693   main.o
       482         72          0        116          0       4576   mb.o
       842         46          0         16          0       7139   mbascii.o
        52          6        512          0          0        964   mbcrc.o
       324          8          0          0          0       3430   mbfunccoils.o
       124          6          0          0          0       1372   mbfuncdisc.o
       400          0          0          0          0       4791   mbfuncholding.o
       100          0          0          0          0       1375   mbfuncinput.o
       624         50          0         12        256       5559   mbrtu.o
        24          0          0          0          0        512   mbutils.o
        90         10          0          0          0       1210   pid.o
        60         14          0          2          0       1652   portevent.o
       356         58          0          1          0       3132   portserial.o
       116         30          0          4          0       1655   porttimer.o
       322         84         27         12       2936       6493   rtx_config.o
       236         56          0          0        176        428   startup.o

    ----------------------------------------------------------------------
     28114       4212      23068        500       7308     158850   Object Totals
        20          0         32          0          0          0   (incl. Generated)
        16          0      20572          6          1          0   (incl. Padding)

    ----------------------------------------------------------------------

      Code (inc. data)   RO Data    RW Data    ZI Data      Debug   Library Member Name

       700         72          0          4          0       3882   hal_arm.o
       268         16          0          0          0       1908   rt_event.o
       476         28          0          0         48       4354   rt_list.o
       136          4          0          0          0        693   rt_mailbox.o
       112          0          0          0          0       1624   rt_membox.o
       300         14          0          0          0       1439   rt_mutex.o
        92         20          0          8          0        954   rt_robin.o
        56          6          0          0          0        525   rt_semaphore.o
       204         22          0          8          0        810   rt_system.o
       772        136          0          4         48       6492   rt_task.o
       104         18          0          2          0       1407   rt_time.o
        68         10          0          8          0        615   rt_timer.o
        36         36          0          0          0        128   swi_table.o
        92          0          0          0          0          0   __dczerorl2.o
         8          0          0          0          0         68   __main.o
        60          8          0          0          0          0   __scatter.o
        44          0          0          0          0          0   __scatter_zi.o
        34          0          0          0          0        104   _rserrno.o
        16          0          0          0          0         64   abort.o
       428          0          0          0          0        148   aeabi_sdiv.o
        52         34          0          0          0         80   defsig_abrt_inner.o
        16          0          0          0          0         80   defsig_abrt_outer.o
        16          0          0          0          0         80   defsig_exit.o
        56          0          0          0          0         84   defsig_general.o
        12          0          0          0          0         64   exit.o
         6          0          0          0          0        136   heapauxi.o
         0          0          0          0          0          0   indicate_semi.o
        14          0          0          0          0          0   libinit.o
        12          0          0          0          0          0   libinit2.o
        12          0          0          0          0          0   libshutdown.o
         6          0          0          0          0          0   libshutdown2.o
        12          4          0          0         96         68   libspace.o
         8          0          0          0          0         68   rt_errno_addr_twolibspace.o
        20          0          0          0          0         80   rt_fp_status_addr_twolibspace.o
         0          0          0          0          0          0   rtentry.o
        44          4          0          0          0          0   rtentry2.o
         8          0          0          0          0          0   rtentry4.o
         8          0          0          0          0          0   rtexit.o
        12          0          0          0          0          0   rtexit2.o
        20          4          0          0          0         60   sys_exit.o
        96          0          0          0          0         80   sys_stackheap_outer.o
        16          0          0          0          0         76   sys_wrch.o
        36          0          0          0          0         68   uread4.o
         4          0          0          0          0         68   use_no_semi.o
        36          0          0          0          0         68   uwrite4.o
       112          4          0          0          0         92   d2f.o
       948         16          0          0          0        372   daddsub_noclz.o
        16          4          0          0          0         68   dcheck1.o
        28          0          0          0          0         68   dcmpi.o
       740        140          0          0          0        232   ddiv.o
       148          4          0          0          0         92   deqf.o
       108          0          0          0          0        136   dflt_noclz.o
       388         16          0          0          0        124   dmul.o
       192          0          0          0          0        108   dnaninf.o
        16          0          0          0          0         68   dretinf.o
       520         56          0          0          0        144   dsqrt_noumaal.o
       104          4          0          0          0         84   f2d.o
       532          8          0          0          0        236   faddsub_noclz.o
        12          4          0          0          0         68   fcheck1.o
       404         76          0          0          0         96   fdiv.o
        72          4          0          0          0         84   ffix.o
        88          4          0          0          0         84   ffixu.o
       108          0          0          0          0        136   fflt_noclz.o
       260          4          0          0          0         84   fmul.o
       168          0          0          0          0        100   fnaninf.o
        28          0          0          0          0         80   fpinit.o
        16          0          0          0          0         68   fretinf.o
       116          0          0          0          0         68   retnan.o
       108          0          0          0          0         68   scalbn.o
        96          0          0          0          0         68   scalbnf.o
        60          0          0          0          0         68   trapv.o
         0          0          0          0          0          0   usenofp.o
      1428         32         56          0          0        332   log.o
       256          0          0          0          0        116   poly.o
         0          0          8          0          0          0   qnan.o
       116          0          0          0          0        100   sqrt.o

    ----------------------------------------------------------------------
     11730        812         64         36        196      29819   Library Totals
        14          0          0          2          4          0   (incl. Padding)

    ----------------------------------------------------------------------

      Code (inc. data)   RO Data    RW Data    ZI Data      Debug   Library Name

      3324        382          0         34         96      24831   RTX_ARM_L.lib
      1204         54          0          0         96       1544   c_t.l
      5388        344          0          0          0       2896   fz_ts.l
      1800         32         64          0          0        548   m_ts.l

    ----------------------------------------------------------------------
     11730        812         64         36        196      29819   Library Totals

    ----------------------------------------------------------------------

==============================================================================


      Code (inc. data)   RO Data    RW Data    ZI Data      Debug   

     39844       5024      23132        536       7504     172869   Grand Totals
     39844       5024      23132        328       7504     172869   ELF Image Totals (compressed)
     39844       5024      23132        328          0          0   ROM Totals

==============================================================================

    Total RO  Size (Code + RO Data)                62976 (  61.50kB)
    Total RW  Size (RW Data + ZI Data)              8040 (   7.85kB)
    Total ROM Size (Code + RO Data + RW Data)      63304 (  61.82kB)

==============================================================================

