ARM Linker, 4.1 [Build 894] [Standard]

==============================================================================

Section Cross References

    startup.o(STACK) refers (Special) to heapauxi.o(.text) for __use_two_region_memory
    startup.o(HEAP) refers (Special) to heapauxi.o(.text) for __use_two_region_memory
    startup.o(RESET) refers (Special) to heapauxi.o(.text) for __use_two_region_memory
    startup.o(RESET) refers to hal_arm.o(.emb_text) for SWI_Handler
    startup.o(RESET) refers to rtx_config.o(.emb_text) for IRQ_Handler
    startup.o(RESET) refers to startup.o(STACK) for Stack_Top
    startup.o(RESET) refers to __main.o(!!!main) for __main
    startup.o(.text) refers (Special) to heapauxi.o(.text) for __use_two_region_memory
    startup.o(.text) refers to startup.o(HEAP) for Heap_Mem
    startup.o(.text) refers to startup.o(STACK) for Stack_Mem
    main.o(i.SetPwmDutyCycle1) refers to fflt_noclz.o(x$fpl$fflt) for __aeabi_i2f
    main.o(i.SetPwmDutyCycle1) refers to fdiv.o(x$fpl$fdiv) for __aeabi_fdiv
    main.o(i.SetPwmDutyCycle1) refers to faddsub_noclz.o(x$fpl$fadd) for __aeabi_fadd
    main.o(i.SetPwmDutyCycle1) refers to faddsub_noclz.o(x$fpl$frsb) for __aeabi_frsub
    main.o(i.SetPwmDutyCycle1) refers to scalbnf.o(x$fpl$scalbnf) for __ARM_scalbnf
    main.o(i.SetPwmDutyCycle1) refers to ffixu.o(x$fpl$ffixu) for __aeabi_f2uiz
    main.o(i.SetPwmDutyCycle2) refers to fflt_noclz.o(x$fpl$fflt) for __aeabi_i2f
    main.o(i.SetPwmDutyCycle2) refers to fdiv.o(x$fpl$fdiv) for __aeabi_fdiv
    main.o(i.SetPwmDutyCycle2) refers to faddsub_noclz.o(x$fpl$fadd) for __aeabi_fadd
    main.o(i.SetPwmDutyCycle2) refers to faddsub_noclz.o(x$fpl$frsb) for __aeabi_frsub
    main.o(i.SetPwmDutyCycle2) refers to scalbnf.o(x$fpl$scalbnf) for __ARM_scalbnf
    main.o(i.SetPwmDutyCycle2) refers to ffixu.o(x$fpl$ffixu) for __aeabi_f2uiz
    main.o(i.adc_init) refers to main.o(i.adc_poweron) for adc_poweron
    main.o(i.dac) refers to main.o(i.__ARM_common_switch8) for __ARM_common_switch8
    main.o(i.dac) refers to uread4.o(.text) for __aeabi_uread4
    main.o(i.dac) refers to uwrite4.o(.text) for __aeabi_uwrite4
    main.o(i.dac) refers to ffixu.o(x$fpl$ffixu) for __aeabi_f2uiz
    main.o(i.dac) refers to ad5422.o(i.WriteToAD5422) for WriteToAD5422
    main.o(i.dac) refers to rt_time.o(i.os_dly_wait) for os_dly_wait
    main.o(i.dac) refers to main.o(.bss) for .bss
    main.o(i.data_init) refers to uread4.o(.text) for __aeabi_uread4
    main.o(i.data_init) refers to uwrite4.o(.text) for __aeabi_uwrite4
    main.o(i.data_init) refers to main.o(.bss) for .bss
    main.o(i.data_init) refers to main.o(.ARM.__AT_0x0008F600) for .ARM.__AT_0x0008F600
    main.o(i.dn1022) refers to dn1022.o(i.CheckFrame) for CheckFrame
    main.o(i.dn1022) refers to rt_time.o(i.os_dly_wait) for os_dly_wait
    main.o(i.eMBRegHoldingCB) refers to iap.o(i.EepromWr_n) for EepromWr_n
    main.o(i.eMBRegHoldingCB) refers to main.o(.bss) for .bss
    main.o(i.eMBRegInputCB) refers to main.o(.bss) for .bss
    main.o(i.hmi) refers to rt_time.o(i.os_itv_set) for os_itv_set
    main.o(i.hmi) refers to ds18b20.o(i.DS18B20_Temperature) for DS18B20_Temperature
    main.o(i.hmi) refers to uwrite4.o(.text) for __aeabi_uwrite4
    main.o(i.hmi) refers to hmi.o(i.HMI_Handler) for HMI_Handler
    main.o(i.hmi) refers to main.o(i.lpReset) for lpReset
    main.o(i.hmi) refers to rt_time.o(i.os_itv_wait) for os_itv_wait
    main.o(i.hmi) refers to main.o(.data) for .data
    main.o(i.hmi) refers to main.o(.bss) for .bss
    main.o(i.init) refers to main.o(i.adc_init) for adc_init
    main.o(i.init) refers to main.o(i.data_init) for data_init
    main.o(i.init) refers to iap.o(i.iap_init) for iap_init
    main.o(i.init) refers to ferq.o(i.pla_init) for pla_init
    main.o(i.init) refers to hmi.o(i.HMI_Init) for HMI_Init
    main.o(i.init) refers to calc.o(i.adTest) for adTest
    main.o(i.init) refers to ad5422.o(i.initAD5422) for initAD5422
    main.o(i.init) refers to ad5422.o(i.WriteToAD5422) for WriteToAD5422
    main.o(i.init) refers to rt_task.o(i.os_tsk_create0) for os_tsk_create0
    main.o(i.init) refers to uread4.o(.text) for __aeabi_uread4
    main.o(i.init) refers to mb.o(i.eMBInit) for eMBInit
    main.o(i.init) refers to mb.o(i.eMBEnable) for eMBEnable
    main.o(i.init) refers to dn1022.o(i.dn1022_init) for dn1022_init
    main.o(i.init) refers to pid.o(i.pid_init) for pid_init
    main.o(i.init) refers to rt_task.o(i.os_tsk_delete) for os_tsk_delete
    main.o(i.init) refers to main.o(.data) for .data
    main.o(i.init) refers to main.o(.bss) for .bss
    main.o(i.init) refers to main.o(i.dac) for dac
    main.o(i.init) refers to main.o(i.modbus) for modbus
    main.o(i.init) refers to main.o(i.dn1022) for dn1022
    main.o(i.init) refers to main.o(i.pid) for pid
    main.o(i.init) refers to main.o(i.hmi) for hmi
[...]
    __rt_lib_init_lc_numeric_1               0x000801a7   Thumb Code     0  libinit2.o(.ARM.Collect$$libinit$$00000013)
    __rt_lib_init_lc_time_1                  0x000801a7   Thumb Code     0  libinit2.o(.ARM.Collect$$libinit$$00000015)
    __rt_lib_init_rand_1                     0x000801a7   Thumb Code     0  libinit2.o(.ARM.Collect$$libinit$$0000000A)
    __rt_lib_init_return                     0x000801a7   Thumb Code     0  libinit2.o(.ARM.Collect$$libinit$$0000002F)
    __rt_lib_init_signal_1                   0x000801a7   Thumb Code     0  libinit2.o(.ARM.Collect$$libinit$$00000019)
    __rt_lib_init_stdio_1                    0x000801a7   Thumb Code     0  libinit2.o(.ARM.Collect$$libinit$$00000021)
    __rt_lib_init_user_alloc_1               0x000801a7   Thumb Code     0  libinit2.o(.ARM.Collect$$libinit$$00000008)
    Inline ARM to Thumb Veneer to __rt_lib_shutdown 0x000801b4   ARM Code       8  libshutdown.o(.ARM.Collect$$libshutdown$$00000000)
    __rt_lib_shutdown                        0x000801bd   Thumb Code     0  libshutdown.o(.ARM.Collect$$libshutdown$$00000000)
    __rt_lib_shutdown_fp_trap_1              0x000801c1   Thumb Code     0  libshutdown2.o(.ARM.Collect$$libshutdown$$00000006)
    __rt_lib_shutdown_heap_1                 0x000801c1   Thumb Code     0  libshutdown2.o(.ARM.Collect$$libshutdown$$0000000E)
    __rt_lib_shutdown_return                 0x000801c1   Thumb Code     0  libshutdown2.o(.ARM.Collect$$libshutdown$$0000000F)
    __rt_lib_shutdown_signal_1               0x000801c1   Thumb Code     0  libshutdown2.o(.ARM.Collect$$libshutdown$$00000009)
    __rt_lib_shutdown_stdio_1                0x000801c1   Thumb Code     0  libshutdown2.o(.ARM.Collect$$libshutdown$$00000003)
    __rt_lib_shutdown_user_alloc_1           0x000801c1   Thumb Code     0  libshutdown2.o(.ARM.Collect$$libshutdown$$0000000B)
    __rt_entry                               0x000801c8   ARM Code       0  rtentry.o(.ARM.Collect$$rtentry$$00000000)
    __rt_entry_presh_1                       0x000801c8   ARM Code       0  rtentry2.o(.ARM.Collect$$rtentry$$00000002)
    __rt_entry_sh                            0x000801c8   ARM Code       0  rtentry4.o(.ARM.Collect$$rtentry$$00000004)
    __rt_entry_li                            0x000801d0   ARM Code       0  rtentry2.o(.ARM.Collect$$rtentry$$0000000A)
    __rt_entry_postsh_1                      0x000801d0   ARM Code       0  rtentry2.o(.ARM.Collect$$rtentry$$00000009)
    __rt_entry_main                          0x000801d4   ARM Code       0  rtentry2.o(.ARM.Collect$$rtentry$$0000000D)
    __rt_entry_postli_1                      0x000801d4   ARM Code       0  rtentry2.o(.ARM.Collect$$rtentry$$0000000C)
    Inline Thumb to ARM Veneer to __rt_exit  0x000801fd   Thumb Code     4  rtexit.o(.ARM.Collect$$rtexit$$00000000)
    __rt_exit                                0x00080200   ARM Code       0  rtexit.o(.ARM.Collect$$rtexit$$00000000)
    __rt_exit_ls                             0x00080204   ARM Code       0  rtexit2.o(.ARM.Collect$$rtexit$$00000003)
    __rt_exit_prels_1                        0x00080204   ARM Code       0  rtexit2.o(.ARM.Collect$$rtexit$$00000002)
    __rt_exit_exit                           0x00080208   ARM Code       0  rtexit2.o(.ARM.Collect$$rtexit$$00000004)
    IRQ_Handler                              0x00080210   ARM Code      76  rtx_config.o(.emb_text)
    _inc_qi                                  0x00080279   Thumb Code    60  hal_arm.o(.emb_text)
    _dec_qc                                  0x000802b5   Thumb Code    32  hal_arm.o(.emb_text)
    os_set_env                               0x000802d5   Thumb Code     8  hal_arm.o(.emb_text)
    os_sys_init0                             0x000802dd   Thumb Code    12  hal_arm.o(.emb_text)
    os_sys_run                               0x000802f1   Thumb Code    16  hal_arm.o(.emb_text)
    os_clock_interrupt                       0x00080304   ARM Code     128  hal_arm.o(.emb_text)
    os_sys_manager_ret                       0x00080371   Thumb Code     0  hal_arm.o(.emb_text)
    SWI_Handler                              0x00080398   ARM Code     192  hal_arm.o(.emb_text)
    os_switch_tasks_ret                      0x000803d5   Thumb Code     0  hal_arm.o(.emb_text)
    __user_initial_stackheap                 0x00080460   ARM Code       0  startup.o(.text)
    __user_libspace                          0x00080480   ARM Code      12  libspace.o(.text)
    __user_perproc_libspace                  0x00080480   ARM Code       0  libspace.o(.text)
    abort                                    0x0008048d   Thumb Code    16  abort.o(.text)
    Inline Thumb to ARM Veneer to __aeabi_uread4 0x0008049d   Thumb Code     4  uread4.o(.text)
    __aeabi_uread4                           0x000804a0   ARM Code       0  uread4.o(.text)
    __rt_uread4                              0x000804a0   ARM Code      32  uread4.o(.text)
    Inline Thumb to ARM Veneer to __aeabi_uwrite4 0x000804c1   Thumb Code     4  uwrite4.o(.text)
    __aeabi_uwrite4                          0x000804c4   ARM Code       0  uwrite4.o(.text)
    __rt_uwrite4                             0x000804c4   ARM Code      32  uwrite4.o(.text)
    Inline Thumb to ARM Veneer to __aeabi_idivmod 0x000804e5   Thumb Code     4  aeabi_sdiv.o(.text)
    __aeabi_idiv                             0x000804e8   ARM Code       0  aeabi_sdiv.o(.text)
    __aeabi_idivmod                          0x000804e8   ARM Code     384  aeabi_sdiv.o(.text)
    __use_two_region_memory                  0x00080669   Thumb Code     2  heapauxi.o(.text)
    __rt_heap_escrow$2region                 0x0008066b   Thumb Code     2  heapauxi.o(.text)
    __rt_heap_expand$2region                 0x0008066d   Thumb Code     2  heapauxi.o(.text)
    Inline ARM to Thumb Veneer to _sys_exit  0x00080670   ARM Code       8  sys_exit.o(.text)
    _sys_exit                                0x00080679   Thumb Code     8  sys_exit.o(.text)
    Inline ARM to Thumb Veneer to __set_errno 0x00080684   ARM Code       8  _rserrno.o(.text)
    __read_errno                             0x0008068d   Thumb Code    14  _rserrno.o(.text)
    __set_errno                              0x0008069b   Thumb Code    12  _rserrno.o(.text)
    __rt_SIGABRT                             0x000806a7   Thumb Code    16  defsig_abrt_outer.o(.text)
    __I$use$semihosting                      0x000806b8   ARM Code       0  use_no_semi.o(.text)
    __use_no_semihosting_swi                 0x000806b8   ARM Code       4  use_no_semi.o(.text)
    Inline Thumb to ARM Veneer to __aeabi_errno_addr 0x000806bd   Thumb Code     4  rt_errno_addr_twolibspace.o(.text)
    __semihosting_library_function           0x000806bc   ARM Code       0  indicate_semi.o(.text)
    __aeabi_errno_addr                       0x000806c0   ARM Code       4  rt_errno_addr_twolibspace.o(.text)
    __errno$twolibspace                      0x000806c0   ARM Code       0  rt_errno_addr_twolibspace.o(.text)
    __rt_errno_addr$twolibspace              0x000806c0   ARM Code       0  rt_errno_addr_twolibspace.o(.text)
    __sig_exit                               0x000806c5   Thumb Code    16  defsig_exit.o(.text)
    __rt_SIGABRT_inner                       0x000806d5   Thumb Code    18  defsig_abrt_inner.o(.text)
    __user_setup_stackheap                   0x00080708   ARM Code      96  sys_stackheap_outer.o(.text)
    exit                                     0x00080769   Thumb Code    12  exit.o(.text)
    __default_signal_display                 0x00080775   Thumb Code    56  defsig_general.o(.text)
    _ttywrch                                 0x000807ad   Thumb Code    16  sys_wrch.o(.text)
    __rt_fp_status_addr                      0x000807bc   ARM Code      20  rt_fp_status_addr_twolibspace.o(.text)
    Inline Thumb to ARM Veneer to __aeabi_uidivmod 0x000807d1   Thumb Code     4  aeabi_sdiv.o(.text_udiv)
    __aeabi_uidiv                            0x000807d4   ARM Code       0  aeabi_sdiv.o(.text_udiv)
    __aeabi_uidivmod                         0x000807d4   ARM Code      36  aeabi_sdiv.o(.text_udiv)
    SWI_Count                                0x000807f8   Data           4  swi_table.o(SWI_TABLE)
    SWI_Table                                0x000807fc   Data           0  swi_table.o(SWI_TABLE)
    CheckFrame                               0x000817f9   Thumb Code    92  dn1022.o(i.CheckFrame)
    DS18B20_Temperature                      0x0008196d   Thumb Code   166  ds18b20.o(i.DS18B20_Temperature)
    Dn1022ReceiveFSM                         0x00081ce1   Thumb Code    72  dn1022.o(i.Dn1022ReceiveFSM)
    Dn1022TimeOut                            0x00081d31   Thumb Code    30  dn1022.o(i.Dn1022TimeOut)
    EepromWr_n                               0x00081d55   Thumb Code    70  iap.o(i.EepromWr_n)
    FormReply                                0x00081da5   Thumb Code    82  devicenet.o(i.FormReply)
    HMI_Handler                              0x00081e01   Thumb Code    16  hmi.o(i.HMI_Handler)
    HMI_Init                                 0x00081e11   Thumb Code  4566  hmi.o(i.HMI_Init)
    PrepareIOrequest                         0x00083ecd   Thumb Code    66  dn1022.o(i.PrepareIOrequest)
    PrepareRequestIdentity                   0x00083f19   Thumb Code   108  dn1022.o(i.PrepareRequestIdentity)
    PrepareRequestLink                       0x00083f89   Thumb Code    50  dn1022.o(i.PrepareRequestLink)
    PrepareRequestPara                       0x00083fc1   Thumb Code    62  dn1022.o(i.PrepareRequestPara)
    PrepareRequestParaNum                    0x00084005   Thumb Code    40  dn1022.o(i.PrepareRequestParaNum)
    QryCrc8                                  0x00084031   Thumb Code    36  dn1022.o(i.QryCrc8)
    SetPwmDutyCycle1                         0x000847ad   Thumb Code   246  main.o(i.SetPwmDutyCycle1)
    SetPwmDutyCycle2                         0x000848b5   Thumb Code   278  main.o(i.SetPwmDutyCycle2)
    WriteToAD5422                            0x00084be9   Thumb Code   130  ad5422.o(i.WriteToAD5422)
    __ARM_common_call_via_r0                 0x00085ab5   Thumb Code     2  mb.o(i.__ARM_common_call_via_r0)
    __ARM_common_call_via_r2                 0x00085ab7   Thumb Code     2  mb.o(i.__ARM_common_call_via_r2)
    __ARM_common_call_via_r3                 0x00085ab9   Thumb Code     2  mb.o(i.__ARM_common_call_via_r3)
    Inline Thumb to ARM Veneer to __ARM_common_disable_irq 0x00085abd   Thumb Code     4  mb.o(i.__ARM_common_disable_irq)
    __ARM_common_disable_irq                 0x00085ac0   ARM Code      20  mb.o(i.__ARM_common_disable_irq)
    Inline Thumb to ARM Veneer to __ARM_common_enable_irq 0x00085ad5   Thumb Code     4  mb.o(i.__ARM_common_enable_irq)
    __ARM_common_enable_irq                  0x00085ad8   ARM Code      16  mb.o(i.__ARM_common_enable_irq)
    Inline Thumb to ARM Veneer to __ARM_common_switch8 0x00085ae9   Thumb Code     4  main.o(i.__ARM_common_switch8)
    __ARM_common_switch8                     0x00085aec   ARM Code      24  main.o(i.__ARM_common_switch8)
    __SWI_0                                  0x00085b05   Thumb Code    44  hal_arm.o(i.__SWI_0)
    __SWI_1                                  0x00085b35   Thumb Code    14  rt_membox.o(i.__SWI_1)
    __SWI_2                                  0x00085b43   Thumb Code    24  rt_membox.o(i.__SWI_2)
    __SWI_3                                  0x00085b5b   Thumb Code     8  hal_arm.o(i.__SWI_3)
    __SWI_4                                  0x00085b63   Thumb Code     8  hal_arm.o(i.__SWI_4)
    __SWI_5                                  0x00085b6d   Thumb Code     8  rtx_config.o(i.__SWI_5)
    __SWI_6                                  0x00085b79   Thumb Code     2  hal_arm.o(i.__SWI_6)
    __SWI_7                                  0x00085b7b   Thumb Code     2  hal_arm.o(i.__SWI_7)
    __kernel_poly                            0x00085b7c   ARM Code     256  poly.o(i.__kernel_poly)
    Inline ARM to Thumb Veneer to __user_perthread_libspace 0x00085c7c   ARM Code       8  rtx_config.o(i.__user_perthread_libspace)
    __user_perthread_libspace                0x00085c85   Thumb Code    30  rtx_config.o(i.__user_perthread_libspace)
    _init_box                                0x00085cad   Thumb Code    74  rt_membox.o(i._init_box)
    _mutex_acquire                           0x00085cf9   Thumb Code    26  rtx_config.o(i._mutex_acquire)
    _mutex_release                           0x00085d19   Thumb Code    24  rtx_config.o(i._mutex_release)
    adTest                                   0x00085d31   Thumb Code    14  calc.o(i.adTest)
    adc_init                                 0x00085d41   Thumb Code    28  main.o(i.adc_init)
    adc_poweron                              0x00085d69   Thumb Code    16  main.o(i.adc_poweron)
    clearLCD                                 0x00085e11   Thumb Code    44  ht1622.o(i.clearLCD)
    cmdHandle                                0x00085e45   Thumb Code  1740  calc.o(i.cmdHandle)
    dac                                      0x00086539   Thumb Code   242  main.o(i.dac)
    data_init                                0x00086635   Thumb Code   234  main.o(i.data_init)
    digital                                  0x00086765   Thumb Code   692  ht1622.o(i.digital)
    display_char                             0x00086a1d   Thumb Code  1498  ht1622.o(i.display_char)
    display_digital                          0x00086ff9   Thumb Code   112  ht1622.o(i.display_digital)
    dn1022                                   0x0008706d   Thumb Code    12  main.o(i.dn1022)
    dn1022_init                              0x00087079   Thumb Code   418  dn1022.o(i.dn1022_init)
    dn1022_read                              0x00087251   Thumb Code    46  devicenet.o(i.dn1022_read)
    dn1022_wirte                             0x00087289   Thumb Code    40  devicenet.o(i.dn1022_wirte)
    eMBASCIIInit                             0x000872bd   Thumb Code    60  mbascii.o(i.eMBASCIIInit)
    eMBASCIIReceive                          0x00087301   Thumb Code    76  mbascii.o(i.eMBASCIIReceive)
    eMBASCIISend                             0x00087351   Thumb Code    84  mbascii.o(i.eMBASCIISend)
    eMBASCIIStart                            0x000873a9   Thumb Code    36  mbascii.o(i.eMBASCIIStart)
    eMBASCIIStop                             0x000873d1   Thumb Code    28  mbascii.o(i.eMBASCIIStop)
    eMBEnable                                0x000873ed   Thumb Code    34  mb.o(i.eMBEnable)
    eMBFuncReadCoils                         0x00087415   Thumb Code   120  mbfunccoils.o(i.eMBFuncReadCoils)
    eMBFuncReadDiscreteInputs                0x00087491   Thumb Code   118  mbfuncdisc.o(i.eMBFuncReadDiscreteInputs)
    eMBFuncReadHoldingRegister               0x0008750d   Thumb Code    96  mbfuncholding.o(i.eMBFuncReadHoldingRegister)
    eMBFuncReadInputRegister                 0x0008756d   Thumb Code   100  mbfuncinput.o(i.eMBFuncReadInputRegister)
    eMBFuncReadWriteMultipleHoldingRegister  0x000875d1   Thumb Code   162  mbfuncholding.o(i.eMBFuncReadWriteMultipleHoldingRegister)
    eMBFuncWriteCoil                         0x00087673   Thumb Code    92  mbfunccoils.o(i.eMBFuncWriteCoil)
    eMBFuncWriteHoldingRegister              0x000876cf   Thumb Code    56  mbfuncholding.o(i.eMBFuncWriteHoldingRegister)
    eMBFuncWriteMultipleCoils                0x00087709   Thumb Code   104  mbfunccoils.o(i.eMBFuncWriteMultipleCoils)
    eMBFuncWriteMultipleHoldingRegister      0x00087775   Thumb Code    86  mbfuncholding.o(i.eMBFuncWriteMultipleHoldingRegister)
    eMBInit                                  0x000877cd   Thumb Code   138  mb.o(i.eMBInit)
    eMBPoll                                  0x00087895   Thumb Code   196  mb.o(i.eMBPoll)
    eMBRTUInit                               0x0008795d   Thumb Code    76  mbrtu.o(i.eMBRTUInit)
    eMBRTUReceive                            0x000879ad   Thumb Code    78  mbrtu.o(i.eMBRTUReceive)
    eMBRTUSend                               0x00087a05   Thumb Code    94  mbrtu.o(i.eMBRTUSend)
    eMBRTUStart                              0x00087a6d   Thumb Code    34  mbrtu.o(i.eMBRTUStart)
    eMBRTUStop                               0x00087a95   Thumb Code    28  mbrtu.o(i.eMBRTUStop)
    eMBRegCoilsCB                            0x00087ab1   Thumb Code     4  main.o(i.eMBRegCoilsCB)
    eMBRegDiscreteCB                         0x00087ab5   Thumb Code     4  main.o(i.eMBRegDiscreteCB)
    eMBRegHoldingCB                          0x00087ab9   Thumb Code   102  main.o(i.eMBRegHoldingCB)
    eMBRegInputCB                            0x00087b25   Thumb Code    56  main.o(i.eMBRegInputCB)
    floattochar                              0x00087b61   Thumb Code   302  ht1622.o(i.floattochar)
    hmi                                      0x00087cb5   Thumb Code   230  main.o(i.hmi)
    iap_init                                 0x00087dbd   Thumb Code     8  iap.o(i.iap_init)
    init                                     0x00087dc9   Thumb Code   296  main.o(i.init)
    initAD5422                               0x00087f29   Thumb Code    14  ad5422.o(i.initAD5422)
    initLCD_1622                             0x00087f3d   Thumb Code    36  ht1622.o(i.initLCD_1622)
    Inline Thumb to ARM Veneer to log        0x00087f61   Thumb Code     4  log.o(i.log)
    log                                      0x00087f64   ARM Code    1392  log.o(i.log)
    lpReset                                  0x000884f5   Thumb Code    12  main.o(i.lpReset)
    main                                     0x00088505   Thumb Code    20  main.o(i.main)
    mb_timer2_interrupt                      0x0008851c   ARM Code      40  porttimer.o(i.mb_timer2_interrupt)
    mb_uart_interrupt                        0x0008854c   ARM Code      72  portserial.o(i.mb_uart_interrupt)
    modbus                                   0x00088645   Thumb Code    12  main.o(i.modbus)
    os_block                                 0x00088651   Thumb Code    58  rt_task.o(i.os_block)
    os_chk_robin                             0x00088699   Thumb Code    56  rt_robin.o(i.os_chk_robin)
    os_dec_dly                               0x000886dd   Thumb Code   116  rt_list.o(i.os_dec_dly)
    os_def_interrupt                         0x00088758   ARM Code       4  rtx_config.o(i.os_def_interrupt)
    os_dispatch                              0x0008875d   Thumb Code    60  rt_task.o(i.os_dispatch)
    os_dly_wait                              0x000887a1   Thumb Code    24  rt_time.o(i.os_dly_wait)
    os_error                                 0x000887b9   Thumb Code     2  rtx_config.o(i.os_error)
    os_evt_psh                               0x000887bd   Thumb Code    74  rt_event.o(i.os_evt_psh)
    os_get_first                             0x0008880d   Thumb Code    42  rt_list.o(i.os_get_first)
    os_idle_demon                            0x00088837   Thumb Code     2  rtx_config.o(i.os_idle_demon)
    os_init_robin                            0x00088881   Thumb Code    16  rt_robin.o(i.os_init_robin)
    os_init_stack                            0x00088899   Thumb Code    86  hal_arm.o(i.os_init_stack)
    os_irq_ack_lock                          0x000888fd   Thumb Code    28  rtx_config.o(i.os_irq_ack_lock)
    os_itv_set                               0x00088925   Thumb Code    16  rt_time.o(i.os_itv_set)
    os_itv_wait                              0x0008893d   Thumb Code    46  rt_time.o(i.os_itv_wait)
    os_mbx_psh                               0x00088975   Thumb Code   132  rt_mailbox.o(i.os_mbx_psh)
    os_mut_release                           0x000889fd   Thumb Code   160  rt_mutex.o(i.os_mut_release)
    os_mut_wait                              0x00088aa5   Thumb Code   126  rt_mutex.o(i.os_mut_wait)
    os_put_dly                               0x00088b29   Thumb Code    76  rt_list.o(i.os_put_dly)
    os_put_prio                              0x00088b79   Thumb Code    62  rt_list.o(i.os_put_prio)
    os_put_rdy_first                         0x00088bb9   Thumb Code    14  rt_list.o(i.os_put_rdy_first)
    os_resort_prio                           0x00088bcd   Thumb Code    48  rt_list.o(i.os_resort_prio)
    os_rmv_dly                               0x00088c01   Thumb Code    44  rt_list.o(i.os_rmv_dly)
    os_rmv_list                              0x00088c2d   Thumb Code    46  rt_list.o(i.os_rmv_list)
    os_sem_psh                               0x00088c61   Thumb Code    50  rt_semaphore.o(i.os_sem_psh)
    os_stk_check                             0x00088c99   Thumb Code     2  rtx_config.o(i.os_stk_check)
    os_sys_init1                             0x00088c9d   Thumb Code   162  rt_task.o(i.os_sys_init1)
    os_sys_manager                           0x00088d85   Thumb Code   182  rt_system.o(i.os_sys_manager)
    os_tmr_call                              0x00088e51   Thumb Code     2  rtx_config.o(i.os_tmr_call)
    os_tmr_init                              0x00088e55   Thumb Code    12  rtx_config.o(i.os_tmr_init)
    os_tmr_inspect_cnt                       0x00088e69   Thumb Code    10  rtx_config.o(i.os_tmr_inspect_cnt)
    os_tmr_inspect_ovf                       0x00088e7d   Thumb Code    10  rtx_config.o(i.os_tmr_inspect_ovf)
    os_tmr_tick                              0x00088e8d   Thumb Code    58  rt_timer.o(i.os_tmr_tick)
    os_tsk_create0                           0x00088ed1   Thumb Code   130  rt_task.o(i.os_tsk_create0)
    os_tsk_delete                            0x00088f61   Thumb Code   148  rt_task.o(i.os_tsk_delete)
    os_tsk_self                              0x00089009   Thumb Code    12  rt_task.o(i.os_tsk_self)
    p1Handle                                 0x00089019   Thumb Code   132  calc.o(i.p1Handle)
    p2Handle                                 0x000890a5   Thumb Code   132  calc.o(i.p2Handle)
    pid                                      0x00089131   Thumb Code   718  main.o(i.pid)
    pid_init                                 0x0008940d   Thumb Code    62  pid.o(i.pid_init)
    pid_reset_integrator                     0x00089455   Thumb Code    18  pid.o(i.pid_reset_integrator)
    pla_init                                 0x00089469   Thumb Code    40  ferq.o(i.pla_init)
    pla_irq0_interrupt                       0x000894a0   ARM Code      40  ferq.o(i.pla_irq0_interrupt)
    pla_irq1_interrupt                       0x000894d0   ARM Code      64  ferq.o(i.pla_irq1_interrupt)
    posHandle                                0x00089519   Thumb Code   432  calc.o(i.posHandle)
    prveMBError2Exception                    0x000896d9   Thumb Code    24  mbutils.o(i.prveMBError2Exception)
    Inline Thumb to ARM Veneer to sqrt       0x00089731   Thumb Code     4  sqrt.o(i.sqrt)
    sqrt                                     0x00089734   ARM Code     112  sqrt.o(i.sqrt)
    tempHandle                               0x000897a5   Thumb Code   384  calc.o(i.tempHandle)
    tsk_unlock                               0x0008994d   Thumb Code    28  rtx_config.o(i.tsk_unlock)
    usMBCRC16                                0x00089971   Thumb Code    46  mbcrc.o(i.usMBCRC16)
    vMBPortSerialEnable                      0x000899a5   Thumb Code    78  portserial.o(i.vMBPortSerialEnable)
    vMBPortTimersDisable                     0x00089a01   Thumb Code    22  porttimer.o(i.vMBPortTimersDisable)
    vMBPortTimersEnable                      0x00089a21   Thumb Code    26  porttimer.o(i.vMBPortTimersEnable)
    xMBASCIIReceiveFSM                       0x00089a49   Thumb Code   234  mbascii.o(i.xMBASCIIReceiveFSM)
    xMBASCIITimerT1SExpired                  0x00089b39   Thumb Code    46  mbascii.o(i.xMBASCIITimerT1SExpired)
    xMBASCIITransmitFSM                      0x00089b6d   Thumb Code   178  mbascii.o(i.xMBASCIITransmitFSM)
    xMBPortEventGet                          0x00089c25   Thumb Code    24  portevent.o(i.xMBPortEventGet)
    xMBPortEventInit                         0x00089c41   Thumb Code    10  portevent.o(i.xMBPortEventInit)
    xMBPortEventPost                         0x00089c51   Thumb Code    12  portevent.o(i.xMBPortEventPost)
    xMBPortSerialGetByte                     0x00089c61   Thumb Code    10  portserial.o(i.xMBPortSerialGetByte)
    xMBPortSerialInit                        0x00089c71   Thumb Code   130  portserial.o(i.xMBPortSerialInit)
    xMBPortSerialPutByte                     0x00089d05   Thumb Code     8  portserial.o(i.xMBPortSerialPutByte)
    xMBPortTimersInit                        0x00089d11   Thumb Code    10  porttimer.o(i.xMBPortTimersInit)
    xMBRTUReceiveFSM                         0x00089d21   Thumb Code   104  mbrtu.o(i.xMBRTUReceiveFSM)
    xMBRTUTimerT35Expired                    0x00089d91   Thumb Code    66  mbrtu.o(i.xMBRTUTimerT35Expired)
    xMBRTUTransmitFSM                        0x00089dd9   Thumb Code    94  mbrtu.o(i.xMBRTUTransmitFSM)
    Inline Thumb to ARM Veneer to __aeabi_d2f 0x00089e3d   Thumb Code     4  d2f.o(x$fpl$d2f)
    __aeabi_d2f                              0x00089e40   ARM Code       0  d2f.o(x$fpl$d2f)
    _d2f                                     0x00089e40   ARM Code     108  d2f.o(x$fpl$d2f)
    Inline Thumb to ARM Veneer to __aeabi_dadd 0x00089ead   Thumb Code     4  daddsub_noclz.o(x$fpl$dadd)
    __aeabi_dadd                             0x00089eb0   ARM Code       0  daddsub_noclz.o(x$fpl$dadd)
    _dadd                                    0x00089eb0   ARM Code     336  daddsub_noclz.o(x$fpl$dadd)
    __fpl_dcheck_NaN1                        0x0008a004   ARM Code      12  dcheck1.o(x$fpl$dcheck1)
    __fpl_dcmp_Inf                           0x0008a014   ARM Code      28  dcmpi.o(x$fpl$dcmpinf)
    Inline Thumb to ARM Veneer to __aeabi_ddiv 0x0008a031   Thumb Code     4  ddiv.o(x$fpl$ddiv)
    __aeabi_ddiv                             0x0008a034   ARM Code       0  ddiv.o(x$fpl$ddiv)
    _ddiv                                    0x0008a034   ARM Code     600  ddiv.o(x$fpl$ddiv)
    __aeabi_cdcmpeq                          0x0008a314   ARM Code       0  deqf.o(x$fpl$deqf)
    _dcmpeq                                  0x0008a314   ARM Code     148  deqf.o(x$fpl$deqf)
    Inline Thumb to ARM Veneer to __aeabi_i2d 0x0008a3a9   Thumb Code     4  dflt_noclz.o(x$fpl$dflt)
    __aeabi_i2d                              0x0008a3ac   ARM Code       0  dflt_noclz.o(x$fpl$dflt)
    _dflt                                    0x0008a3ac   ARM Code      88  dflt_noclz.o(x$fpl$dflt)
    __dflt_normalise                         0x0008a3bc   ARM Code       0  dflt_noclz.o(x$fpl$dflt)
    Inline Thumb to ARM Veneer to __aeabi_ui2d 0x0008a405   Thumb Code     4  dflt_noclz.o(x$fpl$dfltu)
    __aeabi_ui2d                             0x0008a408   ARM Code       0  dflt_noclz.o(x$fpl$dfltu)
    _dfltu                                   0x0008a408   ARM Code      12  dflt_noclz.o(x$fpl$dfltu)
    Inline Thumb to ARM Veneer to __aeabi_dmul 0x0008a415   Thumb Code     4  dmul.o(x$fpl$dmul)
    __aeabi_dmul                             0x0008a418   ARM Code       0  dmul.o(x$fpl$dmul)
    _dmul                                    0x0008a418   ARM Code     372  dmul.o(x$fpl$dmul)
    __fpl_dnaninf                            0x0008a598   ARM Code     192  dnaninf.o(x$fpl$dnaninf)
    __fpl_dretinf                            0x0008a658   ARM Code      16  dretinf.o(x$fpl$dretinf)
    __aeabi_drsub                            0x0008a668   ARM Code       0  daddsub_noclz.o(x$fpl$drsb)
    _drsb                                    0x0008a668   ARM Code      24  daddsub_noclz.o(x$fpl$drsb)
    _dsqrt                                   0x0008a680   ARM Code     516  dsqrt_noumaal.o(x$fpl$dsqrt)
    __aeabi_dsub                             0x0008a888   ARM Code       0  daddsub_noclz.o(x$fpl$dsub)
    _dsub                                    0x0008a888   ARM Code     576  daddsub_noclz.o(x$fpl$dsub)
    Inline Thumb to ARM Veneer to __aeabi_f2d 0x0008aacd   Thumb Code     4  f2d.o(x$fpl$f2d)
    __aeabi_f2d                              0x0008aad0   ARM Code       0  f2d.o(x$fpl$f2d)
    _f2d                                     0x0008aad0   ARM Code     100  f2d.o(x$fpl$f2d)
    Inline Thumb to ARM Veneer to __aeabi_fadd 0x0008ab35   Thumb Code     4  faddsub_noclz.o(x$fpl$fadd)
    __aeabi_fadd                             0x0008ab38   ARM Code       0  faddsub_noclz.o(x$fpl$fadd)
    _fadd                                    0x0008ab38   ARM Code     196  faddsub_noclz.o(x$fpl$fadd)
    __fpl_fcheck_NaN1                        0x0008abfc   ARM Code       8  fcheck1.o(x$fpl$fcheck1)
    Inline Thumb to ARM Veneer to __aeabi_fdiv 0x0008ac09   Thumb Code     4  fdiv.o(x$fpl$fdiv)
    __aeabi_fdiv                             0x0008ac0c   ARM Code       0  fdiv.o(x$fpl$fdiv)
    _fdiv                                    0x0008ac0c   ARM Code     396  fdiv.o(x$fpl$fdiv)
    Inline Thumb to ARM Veneer to __aeabi_f2iz 0x0008ad9d   Thumb Code     4  ffix.o(x$fpl$ffix)
    __aeabi_f2iz                             0x0008ada0   ARM Code       0  ffix.o(x$fpl$ffix)
    _ffix                                    0x0008ada0   ARM Code      68  ffix.o(x$fpl$ffix)
    Inline Thumb to ARM Veneer to __aeabi_f2uiz 0x0008ade5   Thumb Code     4  ffixu.o(x$fpl$ffixu)
    __aeabi_f2uiz                            0x0008ade8   ARM Code       0  ffixu.o(x$fpl$ffixu)
    _ffixu                                   0x0008ade8   ARM Code      84  ffixu.o(x$fpl$ffixu)
    Inline Thumb to ARM Veneer to __aeabi_i2f 0x0008ae3d   Thumb Code     4  fflt_noclz.o(x$fpl$fflt)
    __aeabi_i2f                              0x0008ae40   ARM Code       0  fflt_noclz.o(x$fpl$fflt)
    _fflt                                    0x0008ae40   ARM Code      92  fflt_noclz.o(x$fpl$fflt)
    __fflt_normalise                         0x0008ae4c   ARM Code       0  fflt_noclz.o(x$fpl$fflt)
    Inline Thumb to ARM Veneer to __aeabi_ui2f 0x0008ae9d   Thumb Code     4  fflt_noclz.o(x$fpl$ffltu)
    __aeabi_ui2f                             0x0008aea0   ARM Code       0  fflt_noclz.o(x$fpl$ffltu)
    _ffltu                                   0x0008aea0   ARM Code       8  fflt_noclz.o(x$fpl$ffltu)
    Inline Thumb to ARM Veneer to __aeabi_fmul 0x0008aea9   Thumb Code     4  fmul.o(x$fpl$fmul)
    __aeabi_fmul                             0x0008aeac   ARM Code       0  fmul.o(x$fpl$fmul)
    _fmul                                    0x0008aeac   ARM Code     256  fmul.o(x$fpl$fmul)
    __fpl_fnaninf                            0x0008afac   ARM Code     168  fnaninf.o(x$fpl$fnaninf)
    Inline Thumb to ARM Veneer to _fp_init   0x0008b055   Thumb Code     4  fpinit.o(x$fpl$fpinit)
    _fp_init                                 0x0008b058   ARM Code      24  fpinit.o(x$fpl$fpinit)
    __fplib_config_pureend_doubles           0x0008b068   ARM Code       0  fpinit.o(x$fpl$fpinit)
    __fpl_fretinf                            0x0008b070   ARM Code      16  fretinf.o(x$fpl$fretinf)
    Inline Thumb to ARM Veneer to __aeabi_frsub 0x0008b081   Thumb Code     4  faddsub_noclz.o(x$fpl$frsb)
    __aeabi_frsub                            0x0008b084   ARM Code       0  faddsub_noclz.o(x$fpl$frsb)
    _frsb                                    0x0008b084   ARM Code      20  faddsub_noclz.o(x$fpl$frsb)
    Inline Thumb to ARM Veneer to __aeabi_fsub 0x0008b099   Thumb Code     4  faddsub_noclz.o(x$fpl$fsub)
    __aeabi_fsub                             0x0008b09c   ARM Code       0  faddsub_noclz.o(x$fpl$fsub)
    _fsub                                    0x0008b09c   ARM Code     304  faddsub_noclz.o(x$fpl$fsub)
    __fpl_return_NaN                         0x0008b1cc   ARM Code     116  retnan.o(x$fpl$retnan)
    Inline Thumb to ARM Veneer to __ARM_scalbn 0x0008b241   Thumb Code     4  scalbn.o(x$fpl$scalbn)
    __ARM_scalbn                             0x0008b244   ARM Code     104  scalbn.o(x$fpl$scalbn)
    Inline Thumb to ARM Veneer to __ARM_scalbnf 0x0008b2ad   Thumb Code     4  scalbnf.o(x$fpl$scalbnf)
    __ARM_scalbnf                            0x0008b2b0   ARM Code      92  scalbnf.o(x$fpl$scalbnf)
    __fpl_cmpreturn                          0x0008b30c   ARM Code      60  trapv.o(x$fpl$trapveneer)
    __I$use$fp                               0x0008b348   ARM Code       0  usenofp.o(x$fpl$usenofp)
    os_maxtaskrun                            0x0008b548   Data           2  rtx_config.o(.constdata)
    os_stackinfo                             0x0008b54c   Data           4  rtx_config.o(.constdata)
    os_rrobin                                0x0008b550   Data           4  rtx_config.o(.constdata)
    os_clockrate                             0x0008b554   Data           4  rtx_config.o(.constdata)
    os_timernum                              0x0008b558   Data           4  rtx_config.o(.constdata)
    mp_tcb_size                              0x0008b55c   Data           2  rtx_config.o(.constdata)
    mp_stk_size                              0x0008b560   Data           4  rtx_config.o(.constdata)
    os_fifo_size                             0x0008b564   Data           1  rtx_config.o(.constdata)
    mp_tmr_size                              0x0008b566   Data           2  rtx_config.o(.constdata)
    LED7Code                                 0x0008b568   Data          22  ht1622.o(.constdata)
    LED16Char                                0x0008b57e   Data         108  ht1622.o(.constdata)
    LED16Num                                 0x0008b5ea   Data          40  ht1622.o(.constdata)
    display                                  0x0008b614   Data        1208  hmi.o(.constdata)
    __mathlib_zero                           0x0008bc18   Data           8  qnan.o(.constdata)
    Region$$Table$$Base                      0x0008bc20   Number         0  anon$$obj.o(Region$$Table)
    Region$$Table$$Limit                     0x0008bc40   Number         0  anon$$obj.o(Region$$Table)
    g_UnitCfgInFlash                         0x0008f600   Data         512  main.o(.ARM.__AT_0x0008F600)



==============================================================================

Memory Map of the image

  Image Entry point : 0x000800cc

  Load Region LR_IROM1 (Base: 0x00080000, Size: 0x0000bd6c, Max: 0x0000f800, ABSOLUTE, COMPRESSED[0x0000bc88])

    Execution Region RW_IRAM1 (Base: 0x00010000, Size: 0x00001f00, Max: 0x00002000, ABSOLUTE, COMPRESSED[0x00000048])

    Base Addr    Size         Type   Attr      Idx    E Section Name        Object

    0x00010000   0x0000001c   Data   RW           30    .data               main.o
    0x0001001c   0x00000002   Data   RW          209    .data               portevent.o
    0x0001001e   0x00000001   Data   RW          237    .data               portserial.o
    0x0001001f   0x00000001   PAD
    0x00010020   0x00000004   Data   RW          274    .data               porttimer.o
    0x00010024   0x00000074   Data   RW          310    .data               mb.o
    0x00010098   0x0000000c   Data   RW          411    .data               mbrtu.o
    0x000100a4   0x00000010   Data   RW          581    .data               mbascii.o
    0x000100b4   0x00000004   Data   RW          671    .data               rtx_config.o
    0x000100b8   0x00000008   Data   RW          672    .data               rtx_config.o
    0x000100c0   0x00000001   Data   RW          800    .data               ht1622.o
    0x000100c1   0x00000003   PAD
    0x000100c4   0x00000038   Data   RW         1036    .data               hmi.o
    0x000100fc   0x00000006   Data   RW         1790    .data               calc.o
    0x00010102   0x00000006   Data   RW         1975    .data               dn1022.o
    0x00010108   0x00000004   Data   RW         2104    .data               RTX_ARM_L.lib(rt_task.o)
    0x0001010c   0x00000002   Data   RW         2189    .data               RTX_ARM_L.lib(rt_time.o)
    0x0001010e   0x00000002   PAD
    0x00010110   0x00000004   Data   RW         2249    .data               RTX_ARM_L.lib(hal_arm.o)
    0x00010114   0x00000008   Data   RW         2302    .data               RTX_ARM_L.lib(rt_system.o)
    0x0001011c   0x00000008   Data   RW         2409    .data               RTX_ARM_L.lib(rt_robin.o)
    0x00010124   0x00000008   Data   RW         2590    .data               RTX_ARM_L.lib(rt_timer.o)
    0x0001012c   0x00000106   Zero   RW           29    .bss                main.o
    0x00010232   0x00000100   Zero   RW          410    .bss                mbrtu.o
    0x00010332   0x00000002   PAD
    0x00010334   0x0000012c   Zero   RW          658    .bss                rtx_config.o
    0x00010460   0x00000710   Zero   RW          659    .bss                rtx_config.o
    0x00010b70   0x00000084   Zero   RW          660    .bss                rtx_config.o
    0x00010bf4   0x00000018   Zero   RW          661    .bss                rtx_config.o
    0x00010c0c   0x000002a0   Zero   RW          662    .bss                rtx_config.o
    0x00010eac   0x00000e67   Zero   RW         1034    .bss                hmi.o
    0x00011d13   0x00000001   PAD
    0x00011d14   0x0000007c   Zero   RW         1974    .bss                dn1022.o
    0x00011d90   0x00000030   Zero   RW         2103    .bss                RTX_ARM_L.lib(rt_task.o)
    0x00011dc0   0x00000030   Zero   RW         2345    .bss                RTX_ARM_L.lib(rt_list.o)
    0x00011df0   0x00000060   Zero   RW         2617    .bss                c_t.l(libspace.o)
    0x00011e50   0x00000000   Zero   RW            2    HEAP                startup.o
    0x00011e50   0x000000b0   Zero   RW            1    STACK               startup.o


    Execution Region ER_IROM1 (Base: 0x00080000, Size: 0x0000bc40, Max: 0x0000f600, ABSOLUTE)

    Base Addr    Size         Type   Attr      Idx    E Section Name        Object

    0x00080000   0x000000cc   Code   RO            3    RESET               startup.o
    0x000800cc   0x00000008   Code   RO         2643  * !!!main             c_t.l(__main.o)
    0x000800d4   0x0000003c   Code   RO         2918    !!!scatter          c_t.l(__scatter.o)
    0x00080110   0x0000005c   Code   RO         2916    !!dczerorl2         c_t.l(__dczerorl2.o)
    0x0008016c   0x0000002c   Code   RO         2920    !!handler_zi        c_t.l(__scatter_zi.o)
    0x00080198   0x00000008   Ven    RO         2800    .ARM.Collect$$libinit$$00000000  c_t.l(libinit.o)
    0x000801a0   0x00000006   Code   RO         2800    .ARM.Collect$$libinit$$00000000  c_t.l(libinit.o)
    0x000801a6   0x00000000   Code   RO         2813    .ARM.Collect$$libinit$$00000006  c_t.l(libinit2.o)
    0x000801a6   0x00000000   Code   RO         2815    .ARM.Collect$$libinit$$00000008  c_t.l(libinit2.o)
    0x000801a6   0x00000000   Code   RO         2817    .ARM.Collect$$libinit$$0000000A  c_t.l(libinit2.o)
    0x000801a6   0x00000000   Code   RO         2820    .ARM.Collect$$libinit$$0000000D  c_t.l(libinit2.o)
    0x000801a6   0x00000000   Code   RO         2822    .ARM.Collect$$libinit$$0000000F  c_t.l(libinit2.o)
    0x000801a6   0x00000000   Code   RO         2824    .ARM.Collect$$libinit$$00000011  c_t.l(libinit2.o)
    0x000801a6   0x00000000   Code   RO         2826    .ARM.Collect$$libinit$$00000013  c_t.l(libinit2.o)
    0x000801a6   0x00000000   Code   RO         2828    .ARM.Collect$$libinit$$00000015  c_t.l(libinit2.o)
    0x000801a6   0x00000000   Code   RO         2830    .ARM.Collect$$libinit$$00000017  c_t.l(libinit2.o)
    0x000801a6   0x00000000   Code   RO         2832    .ARM.Collect$$libinit$$00000019  c_t.l(libinit2.o)
    0x000801a6   0x00000000   Code   RO         2834    .ARM.Collect$$libinit$$0000001B  c_t.l(libinit2.o)
    0x000801a6   0x00000000   Code   RO         2836    .ARM.Collect$$libinit$$0000001D  c_t.l(libinit2.o)
    0x000801a6   0x00000000   Code   RO         2838    .ARM.Collect$$libinit$$0000001F  c_t.l(libinit2.o)
    0x000801a6   0x00000000   Code   RO         2840    .ARM.Collect$$libinit$$00000021  c_t.l(libinit2.o)
    0x000801a6   0x00000000   Code   RO         2844    .ARM.Collect$$libinit$$00000028  c_t.l(libinit2.o)
    0x000801a6   0x00000000   Code   RO         2846    .ARM.Collect$$libinit$$0000002A  c_t.l(libinit2.o)
    0x000801a6   0x00000000   Code   RO         2848    .ARM.Collect$$libinit$$0000002C  c_t.l(libinit2.o)
    0x000801a6   0x00000000   Code   RO         2850    .ARM.Collect$$libinit$$0000002E  c_t.l(libinit2.o)
    0x000801a6   0x0000000c   Code   RO         2851    .ARM.Collect$$libinit$$0000002F  c_t.l(libinit2.o)
    0x000801b2   0x00000002   PAD
    0x000801b4   0x00000008   Ven    RO         2890    .ARM.Collect$$libshutdown$$00000000  c_t.l(libshutdown.o)
    0x000801bc   0x00000004   Code   RO         2890    .ARM.Collect$$libshutdown$$00000000  c_t.l(libshutdown.o)
    0x000801c0   0x00000000   Code   RO         2901    .ARM.Collect$$libshutdown$$00000003  c_t.l(libshutdown2.o)
    0x000801c0   0x00000000   Code   RO         2904    .ARM.Collect$$libshutdown$$00000006  c_t.l(libshutdown2.o)
    0x000801c0   0x00000000   Code   RO         2907    .ARM.Collect$$libshutdown$$00000009  c_t.l(libshutdown2.o)
    0x000801c0   0x00000000   Code   RO         2909    .ARM.Collect$$libshutdown$$0000000B  c_t.l(libshutdown2.o)
    0x000801c0   0x00000000   Code   RO         2912    .ARM.Collect$$libshutdown$$0000000E  c_t.l(libshutdown2.o)
    0x000801c0   0x00000006   Code   RO         2913    .ARM.Collect$$libshutdown$$0000000F  c_t.l(libshutdown2.o)
    0x000801c6   0x00000002   PAD
    0x000801c8   0x00000000   Code   RO         2713    .ARM.Collect$$rtentry$$00000000  c_t.l(rtentry.o)
    0x000801c8   0x00000000   Code   RO         2750    .ARM.Collect$$rtentry$$00000002  c_t.l(rtentry2.o)
    0x000801c8   0x00000008   Code   RO         2762    .ARM.Collect$$rtentry$$00000004  c_t.l(rtentry4.o)
    0x000801d0   0x00000000   Code   RO         2752    .ARM.Collect$$rtentry$$00000009  c_t.l(rtentry2.o)
    0x000801d0   0x00000004   Code   RO         2753    .ARM.Collect$$rtentry$$0000000A  c_t.l(rtentry2.o)
    0x000801d4   0x00000000   Code   RO         2755    .ARM.Collect$$rtentry$$0000000C  c_t.l(rtentry2.o)
    0x000801d4   0x00000028   Code   RO         2756    .ARM.Collect$$rtentry$$0000000D  c_t.l(rtentry2.o)
    0x000801fc   0x00000004   Ven    RO         2805    .ARM.Collect$$rtexit$$00000000  c_t.l(rtexit.o)
    0x00080200   0x00000004   Code   RO         2805    .ARM.Collect$$rtexit$$00000000  c_t.l(rtexit.o)
    0x00080204   0x00000000   Code   RO         2855    .ARM.Collect$$rtexit$$00000002  c_t.l(rtexit2.o)
    0x00080204   0x00000004   Code   RO         2856    .ARM.Collect$$rtexit$$00000003  c_t.l(rtexit2.o)
    0x00080208   0x00000008   Code   RO         2857    .ARM.Collect$$rtexit$$00000004  c_t.l(rtexit2.o)
    0x00080210   0x00000068   Code   RO          641    .emb_text           rtx_config.o
    0x00080278   0x000001e8   Code   RO         2241    .emb_text           RTX_ARM_L.lib(hal_arm.o)
    0x00080460   0x00000020   Code   RO            4    .text               startup.o
    0x00080480   0x0000000c   Code   RO         2616    .text               c_t.l(libspace.o)
    0x0008048c   0x00000010   Code   RO         2619    .text               c_t.l(abort.o)
    0x0008049c   0x00000004   Ven    RO         2621    .text               c_t.l(uread4.o)
    0x000804a0   0x00000020   Code   RO         2621    .text               c_t.l(uread4.o)
    0x000804c0   0x00000004   Ven    RO         2623    .text               c_t.l(uwrite4.o)
    0x000804c4   0x00000020   Code   RO         2623    .text               c_t.l(uwrite4.o)
    0x000804e4   0x00000004   Ven    RO         2625    .text               c_t.l(aeabi_sdiv.o)
    0x000804e8   0x00000180   Code   RO         2625    .text               c_t.l(aeabi_sdiv.o)
    0x00080668   0x00000006   Code   RO         2641    .text               c_t.l(heapauxi.o)
    0x0008066e   0x00000002   PAD
    0x00080670   0x00000008   Ven    RO         2711    .text               c_t.l(sys_exit.o)
    0x00080678   0x0000000c   Code   RO         2711    .text               c_t.l(sys_exit.o)
    0x00080684   0x00000008   Ven    RO         2718    .text               c_t.l(_rserrno.o)
    0x0008068c   0x0000001a   Code   RO         2718    .text               c_t.l(_rserrno.o)
    0x000806a6   0x00000010   Code   RO         2720    .text               c_t.l(defsig_abrt_outer.o)
    0x000806b6   0x00000002   PAD
    0x000806b8   0x00000004   Code   RO         2746    .text               c_t.l(use_no_semi.o)
    0x000806bc   0x00000000   Code   RO         2748    .text               c_t.l(indicate_semi.o)
    0x000806bc   0x00000004   Ven    RO         2773    .text               c_t.l(rt_errno_addr_twolibspace.o)
    0x000806c0   0x00000004   Code   RO         2773    .text               c_t.l(rt_errno_addr_twolibspace.o)
    0x000806c4   0x00000010   Code   RO         2775    .text               c_t.l(defsig_exit.o)
    0x000806d4   0x00000034   Code   RO         2777    .text               c_t.l(defsig_abrt_inner.o)
    0x00080708   0x00000060   Code   RO         2783    .text               c_t.l(sys_stackheap_outer.o)
    0x00080768   0x0000000c   Code   RO         2785    .text               c_t.l(exit.o)
    0x00080774   0x00000038   Code   RO         2789    .text               c_t.l(defsig_general.o)
    0x000807ac   0x00000010   Code   RO         2803    .text               c_t.l(sys_wrch.o)
    0x000807bc   0x00000014   Code   RO         2866    .text               c_t.l(rt_fp_status_addr_twolibspace.o)
    0x000807d0   0x00000004   Ven    RO         2626    .text_udiv          c_t.l(aeabi_sdiv.o)
    0x000807d4   0x00000024   Code   RO         2626    .text_udiv          c_t.l(aeabi_sdiv.o)
    0x000807f8   0x00000024   Code   RO         2458    SWI_TABLE           RTX_ARM_L.lib(swi_table.o)
    0x0008081c   0x00000018   Code   RO          868    i.ActDoub_OpeningHandler  hmi.o
    0x00080834   0x00000018   Code   RO          869    i.ActSngl_OpeningHandler  hmi.o
    0x0008084c   0x0000007c   Code   RO          870    i.AddFun_DisplayHandler  hmi.o
    0x000808c8   0x00000060   Code   RO          871    i.AddFun_KeyboardHandler  hmi.o
    0x00080928   0x0000000c   Code   RO          872    i.AddFun_OpeningHandler  hmi.o
    0x00080934   0x00000018   Code   RO          873    i.AnlCmd_OpeningHandler  hmi.o
    0x0008094c   0x00000018   Code   RO          874    i.AnlP1_OpeningHandler  hmi.o
    0x00080964   0x00000018   Code   RO          875    i.AnlP2_OpeningHandler  hmi.o
    0x0008097c   0x00000018   Code   RO          876    i.AnlPos_OpeningHandler  hmi.o
    0x00080994   0x0000001c   Code   RO          877    i.AnlSet0_OpeningHandler  hmi.o
    0x000809b0   0x0000001c   Code   RO          878    i.AnlSet10_OpeningHandler  hmi.o
    0x000809cc   0x0000001c   Code   RO          879    i.AnlSet4_OpeningHandler  hmi.o
    0x000809e8   0x0000001c   Code   RO          880    i.AnlSet5_OpeningHandler  hmi.o
    0x00080a04   0x00000018   Code   RO          881    i.AnlSp_OpeningHandler  hmi.o
    0x00080a1c   0x00000018   Code   RO          882    i.AnlT_OpeningHandler  hmi.o
    0x00080a34   0x0000001c   Code   RO          883    i.Bin1Cls_OpeningHandler  hmi.o
    0x00080a50   0x00000080   Code   RO          884    i.Bin1Drv_DisplayHandler  hmi.o
    0x00080ad0   0x00000098   Code   RO          885    i.Bin1Drv_KeyboardHandler  hmi.o
    0x00080b68   0x00000028   Code   RO          886    i.Bin1Drv_OpeningHandler  hmi.o
    0x00080b90   0x00000020   Code   RO          887    i.Bin1Err1_OpeningHandler  hmi.o
    0x00080bb0   0x00000020   Code   RO          888    i.Bin1Err2_OpeningHandler  hmi.o
    0x00080bd0   0x00000020   Code   RO          889    i.Bin1ErrS_OpeningHandler  hmi.o
    0x00080bf0   0x00000020   Code   RO          890    i.Bin1ErrT_OpeningHandler  hmi.o
    0x00080c10   0x00000080   Code   RO          891    i.Bin1Lim_DisplayHandler  hmi.o
    0x00080c90   0x00000098   Code   RO          892    i.Bin1Lim_KeyboardHandler  hmi.o
    0x00080d28   0x00000028   Code   RO          893    i.Bin1Lim_OpeningHandler  hmi.o
    0x00080d50   0x0000001c   Code   RO          894    i.Bin1Opn_OpeningHandler  hmi.o
    0x00080d6c   0x00000020   Code   RO          895    i.Bin1Spos_OpeningHandler  hmi.o
    0x00080d8c   0x0000001c   Code   RO          896    i.Bin2Cls_OpeningHandler  hmi.o
    0x00080da8   0x00000080   Code   RO          897    i.Bin2Drv_DisplayHandler  hmi.o
    0x00080e28   0x00000098   Code   RO          898    i.Bin2Drv_KeyboardHandler  hmi.o
    0x00080ec0   0x00000028   Code   RO          899    i.Bin2Drv_OpeningHandler  hmi.o
    0x00080ee8   0x00000020   Code   RO          900    i.Bin2Err1_OpeningHandler  hmi.o
    0x00080f08   0x00000020   Code   RO          901    i.Bin2Err2_OpeningHandler  hmi.o
    0x00080f28   0x00000020   Code   RO          902    i.Bin2ErrS_OpeningHandler  hmi.o
    0x00080f48   0x00000020   Code   RO          903    i.Bin2ErrT_OpeningHandler  hmi.o
    0x00080f68   0x00000080   Code   RO          904    i.Bin2Lim_DisplayHandler  hmi.o
    0x00080fe8   0x00000098   Code   RO          905    i.Bin2Lim_KeyboardHandler  hmi.o
    0x00081080   0x00000028   Code   RO          906    i.Bin2Lim_OpeningHandler  hmi.o
    0x000810a8   0x0000001c   Code   RO          907    i.Bin2Opn_OpeningHandler  hmi.o
    0x000810c4   0x00000020   Code   RO          908    i.Bin2Spos_OpeningHandler  hmi.o
    0x000810e4   0x0000000c   Code   RO          909    i.CaluserFact_OpeningHandler  hmi.o
    0x000810f0   0x00000088   Code   RO          910    i.CaluserInp_DisplayHandler  hmi.o
    0x00081178   0x00000070   Code   RO          911    i.CaluserInp_KeyboardHandler  hmi.o
    0x000811e8   0x0000000c   Code   RO          912    i.CaluserInp_OpeningHandler  hmi.o
    0x000811f4   0x00000088   Code   RO          913    i.CaluserP1_DisplayHandler  hmi.o
    0x0008127c   0x0000004c   Code   RO          914    i.CaluserP1_KeyboardHandler  hmi.o
    0x000812c8   0x0000000c   Code   RO          915    i.CaluserP1_OpeningHandler  hmi.o
    0x000812d4   0x00000088   Code   RO          916    i.CaluserP2_DisplayHandler  hmi.o
    0x0008135c   0x0000004c   Code   RO          917    i.CaluserP2_KeyboardHandler  hmi.o
    0x000813a8   0x0000000c   Code   RO          918    i.CaluserP2_OpeningHandler  hmi.o
    0x000813b4   0x00000088   Code   RO          919    i.CaluserPos_DisplayHandler  hmi.o
    0x0008143c   0x00000078   Code   RO          920    i.CaluserPos_KeyboardHandler  hmi.o
    0x000814b4   0x0000001c   Code   RO          921    i.CaluserPos_OpeningHandler  hmi.o
    0x000814d0   0x00000088   Code   RO          922    i.CaluserTemp_DisplayHandler  hmi.o
    0x00081558   0x0000004c   Code   RO          923    i.CaluserTemp_KeyboardHandler  hmi.o
    0x000815a4   0x0000000c   Code   RO          924    i.CaluserTemp_OpeningHandler  hmi.o
    0x000815b0   0x0000001c   Code   RO          925    i.Charact11_OpeningHandler  hmi.o
    0x000815cc   0x00000020   Code   RO          926    i.Charact125_OpeningHandler  hmi.o
    0x000815ec   0x00000020   Code   RO          927    i.Charact133_OpeningHandler  hmi.o
    0x0008160c   0x00000020   Code   RO          928    i.Charact150_OpeningHandler  hmi.o
    0x0008162c   0x0000001c   Code   RO          929    i.Charact251_OpeningHandler  hmi.o
    0x00081648   0x0000001c   Code   RO          930    i.Charact331_OpeningHandler  hmi.o
    0x00081664   0x0000001c   Code   RO          931    i.Charact501_OpeningHandler  hmi.o
    0x00081680   0x00000090   Code   RO          932    i.CharactFree_DisplayHandler  hmi.o
    0x00081710   0x000000b8   Code   RO          933    i.CharactFree_KeyboardHandler  hmi.o
    0x000817c8   0x00000030   Code   RO          934    i.CharactFree_OpeningHandler  hmi.o
    0x000817f8   0x00000060   Code   RO         1963    i.CheckFrame        dn1022.o
    0x00081858   0x00000094   Code   RO          935    i.CheckKeyboard     hmi.o
    0x000818ec   0x00000080   Code   RO         1725    i.DS18B20_ReadByte  ds18b20.o
    0x0008196c   0x000000b8   Code   RO         1726    i.DS18B20_Temperature  ds18b20.o
    0x00081a24   0x00000060   Code   RO         1727    i.DS18B20_WriteByte  ds18b20.o
    0x00081a84   0x00000024   Code   RO          936    i.DiractFall_OpeningHandler  hmi.o
    0x00081aa8   0x00000018   Code   RO          937    i.DiractRise_OpeningHandler  hmi.o
    0x00081ac0   0x00000018   Code   RO          938    i.DircmdFall_OpeningHandler  hmi.o
    0x00081ad8   0x00000018   Code   RO          939    i.DircmdRise_OpeningHandler  hmi.o
    0x00081af0   0x000001f0   Code   RO          940    i.Display           hmi.o
    0x00081ce0   0x00000050   Code   RO         1964    i.Dn1022ReceiveFSM  dn1022.o
    0x00081d30   0x00000024   Code   RO         1965    i.Dn1022TimeOut     dn1022.o
    0x00081d54   0x00000050   Code   RO          768    i.EepromWr_n        iap.o
    0x00081da4   0x0000005c   Code   RO         2041    i.FormReply         devicenet.o
    0x00081e00   0x00000010   Code   RO          941    i.HMI_Handler       hmi.o
    0x00081e10   0x0000127c   Code   RO          942    i.HMI_Init          hmi.o
    0x0008308c   0x00000078   Code   RO         1728    i.Init_DS18B20      ds18b20.o
    0x00083104   0x00000028   Code   RO          943    i.Input0_OpeningHandler  hmi.o
    0x0008312c   0x00000028   Code   RO          944    i.Input10_OpeningHandler  hmi.o
    0x00083154   0x00000028   Code   RO          945    i.Input4_OpeningHandler  hmi.o
    0x0008317c   0x00000028   Code   RO          946    i.Input5_OpeningHandler  hmi.o
    0x000831a4   0x00000098   Code   RO          947    i.InsetCutoff_DisplayHandler  hmi.o
    0x0008323c   0x000000b4   Code   RO          948    i.InsetCutoff_KeyboardHandler  hmi.o
    0x000832f0   0x0000002c   Code   RO          949    i.InsetCutoff_OpeningHandler  hmi.o
    0x0008331c   0x00000098   Code   RO          950    i.InsetSpltrng_DisplayHandler  hmi.o
    0x000833b4   0x000000b4   Code   RO          951    i.InsetSpltrng_KeyboardHandler  hmi.o
    0x00083468   0x00000024   Code   RO          952    i.InsetSpltrng_OpeningHandler  hmi.o
    0x0008348c   0x0000002c   Code   RO          787    i.LCDWRITE_1622     ht1622.o
    0x000834b8   0x0000000c   Code   RO          953    i.LeakChar_OpeningHandler  hmi.o
    0x000834c4   0x000000d4   Code   RO          954    i.LeakMeas_DisplayHandler  hmi.o
    0x00083598   0x00000068   Code   RO          955    i.LeakMeas_KeyboardHandler  hmi.o
    0x00083600   0x00000028   Code   RO          956    i.LeakMeas_OpeningHandler  hmi.o
    0x00083628   0x0000000c   Code   RO          957    i.LeakNot_OpeningHandler  hmi.o
    0x00083634   0x0000008c   Code   RO          958    i.MENU_MAIN_MANUAL_DisplayHandler  hmi.o
    0x000836c0   0x000000b0   Code   RO          959    i.MENU_MAIN_MANUAL_KeyboardHandler  hmi.o
    0x00083770   0x00000034   Code   RO          960    i.MENU_MAIN_MANUAL_OpeningHandler  hmi.o
    0x000837a4   0x00000030   Code   RO          961    i.MainMenu_DisplayHandler  hmi.o
    0x000837d4   0x0000000c   Code   RO          962    i.MainMenu_KeyboardHandler  hmi.o
    0x000837e0   0x00000124   Code   RO          963    i.MenuKeyboardHandler  hmi.o
    0x00083904   0x00000074   Code   RO          964    i.OnKeyDown         hmi.o
    0x00083978   0x0000006c   Code   RO          965    i.OnKeyUp           hmi.o
    0x000839e4   0x00000070   Code   RO          966    i.PcontrlDbnd_DisplayHandler  hmi.o
    0x00083a54   0x00000080   Code   RO          967    i.PcontrlDbnd_KeyboardHandler  hmi.o
    0x00083ad4   0x00000028   Code   RO          968    i.PcontrlDbnd_OpeningHandler  hmi.o
    0x00083afc   0x0000006c   Code   RO          969    i.PcontrlFilt_DisplayHandler  hmi.o
    0x00083b68   0x00000068   Code   RO          970    i.PcontrlFilt_KeyboardHandler  hmi.o
    0x00083bd0   0x00000018   Code   RO          971    i.PcontrlFilt_OpeningHandler  hmi.o
    0x00083be8   0x000000d4   Code   RO          972    i.PcontrlKv_DisplayHandler  hmi.o
    0x00083cbc   0x00000068   Code   RO          973    i.PcontrlKv_KeyboardHandler  hmi.o
    0x00083d24   0x00000028   Code   RO          974    i.PcontrlKv_OpeningHandler  hmi.o
    0x00083d4c   0x000000d4   Code   RO          975    i.PcontrlPara_DisplayHandler  hmi.o
    0x00083e20   0x00000068   Code   RO          976    i.PcontrlPara_KeyboardHandler  hmi.o
    0x00083e88   0x00000028   Code   RO          977    i.PcontrlPara_OpeningHandler  hmi.o
    0x00083eb0   0x0000001c   Code   RO          978    i.PortD_OpeningHandler  hmi.o
    0x00083ecc   0x0000004c   Code   RO         1966    i.PrepareIOrequest  dn1022.o
    0x00083f18   0x00000070   Code   RO         1967    i.PrepareRequestIdentity  dn1022.o
    0x00083f88   0x00000038   Code   RO         1968    i.PrepareRequestLink  dn1022.o
    0x00083fc0   0x00000044   Code   RO         1969    i.PrepareRequestPara  dn1022.o
    0x00084004   0x0000002c   Code   RO         1970    i.PrepareRequestParaNum  dn1022.o
    0x00084030   0x00000024   Code   RO         1971    i.QryCrc8           dn1022.o
    0x00084054   0x00000048   Code   RO          788    i.Reset_1622        ht1622.o
    0x0008409c   0x0000001e   Code   RO          789    i.SENDCOMA          ht1622.o
    0x000840ba   0x0000001e   Code   RO          790    i.SENDCOMB          ht1622.o
    0x000840d8   0x000000d4   Code   RO          979    i.ScalF_DisplayHandler  hmi.o
    0x000841ac   0x00000068   Code   RO          980    i.ScalF_KeyboardHandler  hmi.o
    0x00084214   0x00000028   Code   RO          981    i.ScalF_OpeningHandler  hmi.o
    0x0008423c   0x000000d4   Code   RO          982    i.ScalP_DisplayHandler  hmi.o
    0x00084310   0x00000068   Code   RO          983    i.ScalP_KeyboardHandler  hmi.o
    0x00084378   0x00000028   Code   RO          984    i.ScalP_OpeningHandler  hmi.o
    0x000843a0   0x000000d4   Code   RO          985    i.ScalS_DisplayHandler  hmi.o
    0x00084474   0x00000068   Code   RO          986    i.ScalS_KeyboardHandler  hmi.o
    0x000844dc   0x00000028   Code   RO          987    i.ScalS_OpeningHandler  hmi.o
    0x00084504   0x000000d4   Code   RO          988    i.ScalT_DisplayHandler  hmi.o
    0x000845d8   0x00000068   Code   RO          989    i.ScalT_KeyboardHandler  hmi.o
    0x00084640   0x00000028   Code   RO          990    i.ScalT_OpeningHandler  hmi.o
    0x00084668   0x00000060   Code   RO          792    i.SendBit_HT1622    ht1622.o
    0x000846c8   0x0000003c   Code   RO         1972    i.SendReply         dn1022.o
    0x00084704   0x0000001c   Code   RO          991    i.Serio1200_OpeningHandler  hmi.o
    0x00084720   0x0000001c   Code   RO          992    i.Serio19200_OpeningHandler  hmi.o
    0x0008473c   0x0000001c   Code   RO          993    i.Serio2400_OpeningHandler  hmi.o
    0x00084758   0x0000001c   Code   RO          994    i.Serio38400_OpeningHandler  hmi.o
    0x00084774   0x0000001c   Code   RO          995    i.Serio4800_OpeningHandler  hmi.o
    0x00084790   0x0000001c   Code   RO          996    i.Serio9600_OpeningHandler  hmi.o
    0x000847ac   0x00000108   Code   RO           11    i.SetPwmDutyCycle1  main.o
    0x000848b4   0x00000128   Code   RO           12    i.SetPwmDutyCycle2  main.o
    0x000849dc   0x0000001c   Code   RO          997    i.SigerrFunon_OpeningHandler  hmi.o
    0x000849f8   0x00000018   Code   RO          998    i.SigerrOff_OpeningHandler  hmi.o
    0x00084a10   0x00000018   Code   RO          999    i.SigerrPoson_OpeningHandler  hmi.o
    0x00084a28   0x00000080   Code   RO         1000    i.SystemSafepos_DisplayHandler  hmi.o
    0x00084aa8   0x00000088   Code   RO         1001    i.SystemSafepos_KeyboardHandler  hmi.o
    0x00084b30   0x00000028   Code   RO         1002    i.SystemSafepos_OpeningHandler  hmi.o
    0x00084b58   0x00000048   Code   RO         1003    i.SystemSetfact_OpeningHandler  hmi.o
    0x00084ba0   0x0000000c   Code   RO         1004    i.TuneDef_OpeningHandler  hmi.o
    0x00084bac   0x0000000c   Code   RO         1005    i.TuneFlow_OpeningHandler  hmi.o
    0x00084bb8   0x0000000c   Code   RO         1006    i.TuneLevl_OpeningHandler  hmi.o
    0x00084bc4   0x0000000c   Code   RO         1007    i.TuneNot_OpeningHandler  hmi.o
    0x00084bd0   0x0000000c   Code   RO         1008    i.TunePres_OpeningHandler  hmi.o
    0x00084bdc   0x0000000c   Code   RO         1009    i.TuneTemp_OpeningHandler  hmi.o
    0x00084be8   0x00000088   Code   RO         1836    i.WriteToAD5422     ad5422.o
    0x00084c70   0x00000080   Code   RO         1010    i.XcontrolDbnd_DisplayHandler  hmi.o
    0x00084cf0   0x00000084   Code   RO         1011    i.XcontrolDbnd_KeyboardHandler  hmi.o
    0x00084d74   0x00000024   Code   RO         1012    i.XcontrolDbnd_OpeningHandler  hmi.o
    0x00084d98   0x00000098   Code   RO         1013    i.XcontrolPara_DisplayHandler  hmi.o
    0x00084e30   0x000000b0   Code   RO         1014    i.XcontrolPara_KeyboardHandler  hmi.o
    0x00084ee0   0x00000028   Code   RO         1015    i.XcontrolPara_OpeningHandler  hmi.o
    0x00084f08   0x00000098   Code   RO         1016    i.XsetXlimit_DisplayHandler  hmi.o
    0x00084fa0   0x000000b4   Code   RO         1017    i.XsetXlimit_KeyboardHandler  hmi.o
    0x00085054   0x00000024   Code   RO         1018    i.XsetXlimit_OpeningHandler  hmi.o
    0x00085078   0x00000094   Code   RO         1019    i.XsetXtime_DisplayHandler  hmi.o
    0x0008510c   0x00000090   Code   RO         1020    i.XsetXtime_KeyboardHandler  hmi.o
    0x0008519c   0x00000028   Code   RO         1021    i.XsetXtime_OpeningHandler  hmi.o
    0x000851c4   0x00000094   Code   RO         1022    i.XtuneAir_DisplayHandler  hmi.o
    0x00085258   0x00000090   Code   RO         1023    i.XtuneAir_KeyboardHandler  hmi.o
    0x000852e8   0x00000028   Code   RO         1024    i.XtuneAir_OpeningHandler  hmi.o
    0x00085310   0x00000630   Code   RO         1025    i.XtuneAuto_OpeningHandler  hmi.o
    0x00085940   0x00000098   Code   RO         1026    i.XtunePwm_DisplayHandler  hmi.o
    0x000859d8   0x000000b4   Code   RO         1027    i.XtunePwm_KeyboardHandler  hmi.o
    0x00085a8c   0x00000028   Code   RO         1028    i.XtunePwm_OpeningHandler  hmi.o
    0x00085ab4   0x00000002   Code   RO          352    i.__ARM_common_call_via_r0  mb.o
    0x00085ab6   0x00000002   Code   RO          348    i.__ARM_common_call_via_r2  mb.o
    0x00085ab8   0x00000002   Code   RO          350    i.__ARM_common_call_via_r3  mb.o
    0x00085aba   0x00000002   PAD
    0x00085abc   0x00000004   Ven    RO          356    i.__ARM_common_disable_irq  mb.o
    0x00085ac0   0x00000014   Code   RO          356    i.__ARM_common_disable_irq  mb.o
    0x00085ad4   0x00000004   Ven    RO          354    i.__ARM_common_enable_irq  mb.o
    0x00085ad8   0x00000010   Code   RO          354    i.__ARM_common_enable_irq  mb.o
    0x00085ae8   0x00000004   Ven    RO          119    i.__ARM_common_switch8  main.o
    0x00085aec   0x00000018   Code   RO          119    i.__ARM_common_switch8  main.o
    0x00085b04   0x00000030   Code   RO         2242    i.__SWI_0           RTX_ARM_L.lib(hal_arm.o)
    0x00085b34   0x0000000e   Code   RO         2428    i.__SWI_1           RTX_ARM_L.lib(rt_membox.o)
    0x00085b42   0x00000018   Code   RO         2429    i.__SWI_2           RTX_ARM_L.lib(rt_membox.o)
    0x00085b5a   0x00000008   Code   RO         2243    i.__SWI_3           RTX_ARM_L.lib(hal_arm.o)
    0x00085b62   0x00000008   Code   RO         2244    i.__SWI_4           RTX_ARM_L.lib(hal_arm.o)
    0x00085b6a   0x00000002   PAD
    0x00085b6c   0x0000000c   Code   RO          642    i.__SWI_5           rtx_config.o
    0x00085b78   0x00000002   Code   RO         2245    i.__SWI_6           RTX_ARM_L.lib(hal_arm.o)
    0x00085b7a   0x00000002   Code   RO         2246    i.__SWI_7           RTX_ARM_L.lib(hal_arm.o)
    0x00085b7c   0x00000100   Code   RO         2743    i.__kernel_poly     m_ts.l(poly.o)
    0x00085c7c   0x00000008   Ven    RO          643    i.__user_perthread_libspace  rtx_config.o
    0x00085c84   0x00000028   Code   RO          643    i.__user_perthread_libspace  rtx_config.o
    0x00085cac   0x0000004a   Code   RO         2431    i._init_box         RTX_ARM_L.lib(rt_membox.o)
    0x00085cf6   0x00000002   PAD
    0x00085cf8   0x00000020   Code   RO          644    i._mutex_acquire    rtx_config.o
    0x00085d18   0x00000018   Code   RO          646    i._mutex_release    rtx_config.o
    0x00085d30   0x0000000e   Code   RO         1783    i.adTest            calc.o
    0x00085d3e   0x00000002   PAD
    0x00085d40   0x00000028   Code   RO           13    i.adc_init          main.o
    0x00085d68   0x00000014   Code   RO           14    i.adc_poweron       main.o
    0x00085d7c   0x00000058   Code   RO         1784    i.adc_read_data     calc.o
    0x00085dd4   0x0000003c   Code   RO         1029    i.adj_display       hmi.o
    0x00085e10   0x00000034   Code   RO          793    i.clearLCD          ht1622.o
    0x00085e44   0x000006f4   Code   RO         1785    i.cmdHandle         calc.o
    0x00086538   0x000000fc   Code   RO           15    i.dac               main.o
    0x00086634   0x00000100   Code   RO           16    i.data_init         main.o
    0x00086734   0x00000018   Code   RO         1030    i.delay_1s          hmi.o
    0x0008674c   0x00000018   Code   RO         1729    i.delay_5us         ds18b20.o
    0x00086764   0x000002b8   Code   RO          794    i.digital           ht1622.o
    0x00086a1c   0x000005da   Code   RO          795    i.display_char      ht1622.o
    0x00086ff6   0x00000002   PAD
    0x00086ff8   0x00000074   Code   RO          796    i.display_digital   ht1622.o
    0x0008706c   0x0000000c   Code   RO           17    i.dn1022            main.o
    0x00087078   0x000001d8   Code   RO         1973    i.dn1022_init       dn1022.o
    0x00087250   0x00000038   Code   RO         2042    i.dn1022_read       devicenet.o
    0x00087288   0x00000034   Code   RO         2043    i.dn1022_wirte      devicenet.o
    0x000872bc   0x00000044   Code   RO          571    i.eMBASCIIInit      mbascii.o
    0x00087300   0x00000050   Code   RO          572    i.eMBASCIIReceive   mbascii.o
    0x00087350   0x00000058   Code   RO          573    i.eMBASCIISend      mbascii.o
    0x000873a8   0x00000028   Code   RO          574    i.eMBASCIIStart     mbascii.o
    0x000873d0   0x0000001c   Code   RO          575    i.eMBASCIIStop      mbascii.o
    0x000873ec   0x00000028   Code   RO          306    i.eMBEnable         mb.o
    0x00087414   0x0000007c   Code   RO          463    i.eMBFuncReadCoils  mbfunccoils.o
    0x00087490   0x0000007c   Code   RO          487    i.eMBFuncReadDiscreteInputs  mbfuncdisc.o
    0x0008750c   0x00000060   Code   RO          499    i.eMBFuncReadHoldingRegister  mbfuncholding.o
    0x0008756c   0x00000064   Code   RO          529    i.eMBFuncReadInputRegister  mbfuncinput.o
    0x000875d0   0x000000a2   Code   RO          500    i.eMBFuncReadWriteMultipleHoldingRegister  mbfuncholding.o
    0x00087672   0x0000005c   Code   RO          464    i.eMBFuncWriteCoil  mbfunccoils.o
    0x000876ce   0x00000038   Code   RO          501    i.eMBFuncWriteHoldingRegister  mbfuncholding.o
    0x00087706   0x00000002   PAD
    0x00087708   0x0000006c   Code   RO          465    i.eMBFuncWriteMultipleCoils  mbfunccoils.o
    0x00087774   0x00000056   Code   RO          502    i.eMBFuncWriteMultipleHoldingRegister  mbfuncholding.o
    0x000877ca   0x00000002   PAD
    0x000877cc   0x000000c8   Code   RO          307    i.eMBInit           mb.o
    0x00087894   0x000000c8   Code   RO          308    i.eMBPoll           mb.o
    0x0008795c   0x00000050   Code   RO          402    i.eMBRTUInit        mbrtu.o
    0x000879ac   0x00000058   Code   RO          403    i.eMBRTUReceive     mbrtu.o
    0x00087a04   0x00000068   Code   RO          404    i.eMBRTUSend        mbrtu.o
    0x00087a6c   0x00000028   Code   RO          405    i.eMBRTUStart       mbrtu.o
    0x00087a94   0x0000001c   Code   RO          406    i.eMBRTUStop        mbrtu.o
    0x00087ab0   0x00000004   Code   RO           18    i.eMBRegCoilsCB     main.o
    0x00087ab4   0x00000004   Code   RO           19    i.eMBRegDiscreteCB  main.o
    0x00087ab8   0x0000006c   Code   RO           20    i.eMBRegHoldingCB   main.o
    0x00087b24   0x0000003c   Code   RO           21    i.eMBRegInputCB     main.o
    0x00087b60   0x00000154   Code   RO          797    i.floattochar       ht1622.o
    0x00087cb4   0x00000108   Code   RO           22    i.hmi               main.o
    0x00087dbc   0x0000000c   Code   RO          769    i.iap_init          iap.o
    0x00087dc8   0x00000160   Code   RO           23    i.init              main.o
    0x00087f28   0x00000014   Code   RO         1837    i.initAD5422        ad5422.o
    0x00087f3c   0x00000024   Code   RO          798    i.initLCD_1622      ht1622.o
    0x00087f60   0x00000004   Ven    RO         2694    i.log               m_ts.l(log.o)
    0x00087f64   0x00000590   Code   RO         2694    i.log               m_ts.l(log.o)
    0x000884f4   0x00000010   Code   RO           24    i.lpReset           main.o
    0x00088504   0x00000018   Code   RO           25    i.main              main.o
    0x0008851c   0x00000030   Code   RO          272    i.mb_timer2_interrupt  porttimer.o
    0x0008854c   0x00000058   Code   RO          232    i.mb_uart_interrupt  portserial.o
    0x000885a4   0x00000024   Code   RO         1031    i.menu_display_done  hmi.o
    0x000885c8   0x00000040   Code   RO         1032    i.menu_return       hmi.o
    0x00088608   0x0000003c   Code   RO         1033    i.menu_update       hmi.o
    0x00088644   0x0000000c   Code   RO           26    i.modbus            main.o
    0x00088650   0x00000048   Code   RO         2093    i.os_block          RTX_ARM_L.lib(rt_task.o)
    0x00088698   0x00000044   Code   RO         2407    i.os_chk_robin      RTX_ARM_L.lib(rt_robin.o)
    0x000886dc   0x0000007c   Code   RO         2335    i.os_dec_dly        RTX_ARM_L.lib(rt_list.o)
    0x00088758   0x00000004   Code   RO          647    i.os_def_interrupt  rtx_config.o
    0x0008875c   0x00000044   Code   RO         2094    i.os_dispatch       RTX_ARM_L.lib(rt_task.o)
    0x000887a0   0x00000018   Code   RO         2186    i.os_dly_wait       RTX_ARM_L.lib(rt_time.o)
    0x000887b8   0x00000002   Code   RO          648    i.os_error          rtx_config.o
    0x000887ba   0x00000002   PAD
    0x000887bc   0x00000050   Code   RO         2464    i.os_evt_psh        RTX_ARM_L.lib(rt_event.o)
    0x0008880c   0x0000002a   Code   RO         2336    i.os_get_first      RTX_ARM_L.lib(rt_list.o)
    0x00088836   0x00000002   Code   RO          649    i.os_idle_demon     rtx_config.o
    0x00088838   0x00000048   Code   RO         2095    i.os_init_context   RTX_ARM_L.lib(rt_task.o)
    0x00088880   0x00000018   Code   RO         2408    i.os_init_robin     RTX_ARM_L.lib(rt_robin.o)
    0x00088898   0x00000064   Code   RO         2247    i.os_init_stack     RTX_ARM_L.lib(hal_arm.o)
    0x000888fc   0x00000028   Code   RO          650    i.os_irq_ack_lock   rtx_config.o
    0x00088924   0x00000018   Code   RO         2187    i.os_itv_set        RTX_ARM_L.lib(rt_time.o)
    0x0008893c   0x00000038   Code   RO         2188    i.os_itv_wait       RTX_ARM_L.lib(rt_time.o)
    0x00088974   0x00000088   Code   RO         2507    i.os_mbx_psh        RTX_ARM_L.lib(rt_mailbox.o)
    0x000889fc   0x000000a8   Code   RO         2218    i.os_mut_release    RTX_ARM_L.lib(rt_mutex.o)
    0x00088aa4   0x00000084   Code   RO         2219    i.os_mut_wait       RTX_ARM_L.lib(rt_mutex.o)
    0x00088b28   0x00000050   Code   RO         2339    i.os_put_dly        RTX_ARM_L.lib(rt_list.o)
    0x00088b78   0x0000003e   Code   RO         2340    i.os_put_prio       RTX_ARM_L.lib(rt_list.o)
    0x00088bb6   0x00000002   PAD
    0x00088bb8   0x00000014   Code   RO         2341    i.os_put_rdy_first  RTX_ARM_L.lib(rt_list.o)
    0x00088bcc   0x00000034   Code   RO         2342    i.os_resort_prio    RTX_ARM_L.lib(rt_list.o)
    0x00088c00   0x0000002c   Code   RO         2343    i.os_rmv_dly        RTX_ARM_L.lib(rt_list.o)
    0x00088c2c   0x00000034   Code   RO         2344    i.os_rmv_list       RTX_ARM_L.lib(rt_list.o)
    0x00088c60   0x00000038   Code   RO         2553    i.os_sem_psh        RTX_ARM_L.lib(rt_semaphore.o)
    0x00088c98   0x00000002   Code   RO          651    i.os_stk_check      rtx_config.o
    0x00088c9a   0x00000002   PAD
    0x00088c9c   0x000000e8   Code   RO         2096    i.os_sys_init1      RTX_ARM_L.lib(rt_task.o)
    0x00088d84   0x000000cc   Code   RO         2301    i.os_sys_manager    RTX_ARM_L.lib(rt_system.o)
    0x00088e50   0x00000002   Code   RO          652    i.os_tmr_call       rtx_config.o
    0x00088e52   0x00000002   PAD
    0x00088e54   0x00000014   Code   RO          654    i.os_tmr_init       rtx_config.o
    0x00088e68   0x00000014   Code   RO          655    i.os_tmr_inspect_cnt  rtx_config.o
    0x00088e7c   0x00000010   Code   RO          656    i.os_tmr_inspect_ovf  rtx_config.o
    0x00088e8c   0x00000044   Code   RO         2589    i.os_tmr_tick       RTX_ARM_L.lib(rt_timer.o)
    0x00088ed0   0x00000090   Code   RO         2097    i.os_tsk_create0    RTX_ARM_L.lib(rt_task.o)
    0x00088f60   0x000000a8   Code   RO         2099    i.os_tsk_delete     RTX_ARM_L.lib(rt_task.o)
    0x00089008   0x00000010   Code   RO         2102    i.os_tsk_self       RTX_ARM_L.lib(rt_task.o)
    0x00089018   0x0000008c   Code   RO         1786    i.p1Handle          calc.o
    0x000890a4   0x0000008c   Code   RO         1787    i.p2Handle          calc.o
    0x00089130   0x000002dc   Code   RO           27    i.pid               main.o
    0x0008940c   0x00000048   Code   RO         1760    i.pid_init          pid.o
    0x00089454   0x00000012   Code   RO         1761    i.pid_reset_integrator  pid.o
    0x00089466   0x00000002   PAD
    0x00089468   0x00000038   Code   RO         1934    i.pla_init          ferq.o
    0x000894a0   0x00000030   Code   RO         1935    i.pla_irq0_interrupt  ferq.o
    0x000894d0   0x00000048   Code   RO         1936    i.pla_irq1_interrupt  ferq.o
    0x00089518   0x000001c0   Code   RO         1788    i.posHandle         calc.o
    0x000896d8   0x00000018   Code   RO          547    i.prveMBError2Exception  mbutils.o
    0x000896f0   0x0000001c   Code   RO          576    i.prvucMBBIN2CHAR   mbascii.o
    0x0008970c   0x00000022   Code   RO          577    i.prvucMBLRC        mbascii.o
    0x0008972e   0x00000002   PAD
    0x00089730   0x00000004   Ven    RO         2704    i.sqrt              m_ts.l(sqrt.o)
    0x00089734   0x00000070   Code   RO         2704    i.sqrt              m_ts.l(sqrt.o)
    0x000897a4   0x000001a8   Code   RO         1789    i.tempHandle        calc.o
    0x0008994c   0x00000024   Code   RO          657    i.tsk_unlock        rtx_config.o
    0x00089970   0x00000034   Code   RO          388    i.usMBCRC16         mbcrc.o
    0x000899a4   0x0000005c   Code   RO          233    i.vMBPortSerialEnable  portserial.o
    0x00089a00   0x00000020   Code   RO          295    i.vMBPortTimersDisable  porttimer.o
    0x00089a20   0x00000028   Code   RO          289    i.vMBPortTimersEnable  porttimer.o
    0x00089a48   0x000000f0   Code   RO          578    i.xMBASCIIReceiveFSM  mbascii.o
    0x00089b38   0x00000034   Code   RO          579    i.xMBASCIITimerT1SExpired  mbascii.o
    0x00089b6c   0x000000b8   Code   RO          580    i.xMBASCIITransmitFSM  mbascii.o
    0x00089c24   0x0000001c   Code   RO          206    i.xMBPortEventGet   portevent.o
    0x00089c40   0x00000010   Code   RO          207    i.xMBPortEventInit  portevent.o
    0x00089c50   0x00000010   Code   RO          208    i.xMBPortEventPost  portevent.o
    0x00089c60   0x00000010   Code   RO          234    i.xMBPortSerialGetByte  portserial.o
    0x00089c70   0x00000094   Code   RO          235    i.xMBPortSerialInit  portserial.o
    0x00089d04   0x0000000c   Code   RO          236    i.xMBPortSerialPutByte  portserial.o
    0x00089d10   0x00000010   Code   RO          273    i.xMBPortTimersInit  porttimer.o
    0x00089d20   0x00000070   Code   RO          407    i.xMBRTUReceiveFSM  mbrtu.o
    0x00089d90   0x00000048   Code   RO          408    i.xMBRTUTimerT35Expired  mbrtu.o
    0x00089dd8   0x00000064   Code   RO          409    i.xMBRTUTransmitFSM  mbrtu.o
    0x00089e3c   0x00000004   Ven    RO         2645    x$fpl$d2f           fz_ts.l(d2f.o)
    0x00089e40   0x0000006c   Code   RO         2645    x$fpl$d2f           fz_ts.l(d2f.o)
    0x00089eac   0x00000004   Ven    RO         2647    x$fpl$dadd          fz_ts.l(daddsub_noclz.o)
    0x00089eb0   0x00000154   Code   RO         2647    x$fpl$dadd          fz_ts.l(daddsub_noclz.o)
    0x0008a004   0x00000010   Code   RO         2724    x$fpl$dcheck1       fz_ts.l(dcheck1.o)
    0x0008a014   0x0000001c   Code   RO         2779    x$fpl$dcmpinf       fz_ts.l(dcmpi.o)
    0x0008a030   0x00000004   Ven    RO         2654    x$fpl$ddiv          fz_ts.l(ddiv.o)
    0x0008a034   0x000002e0   Code   RO         2654    x$fpl$ddiv          fz_ts.l(ddiv.o)
    0x0008a314   0x00000094   Code   RO         2726    x$fpl$deqf          fz_ts.l(deqf.o)
    0x0008a3a8   0x00000004   Ven    RO         2658    x$fpl$dflt          fz_ts.l(dflt_noclz.o)
    0x0008a3ac   0x00000058   Code   RO         2658    x$fpl$dflt          fz_ts.l(dflt_noclz.o)
    0x0008a404   0x00000004   Ven    RO         2657    x$fpl$dfltu         fz_ts.l(dflt_noclz.o)
    0x0008a408   0x0000000c   Code   RO         2657    x$fpl$dfltu         fz_ts.l(dflt_noclz.o)
    0x0008a414   0x00000004   Ven    RO         2661    x$fpl$dmul          fz_ts.l(dmul.o)
    0x0008a418   0x00000180   Code   RO         2661    x$fpl$dmul          fz_ts.l(dmul.o)
    0x0008a598   0x000000c0   Code   RO         2730    x$fpl$dnaninf       fz_ts.l(dnaninf.o)
    0x0008a658   0x00000010   Code   RO         2732    x$fpl$dretinf       fz_ts.l(dretinf.o)
    0x0008a668   0x00000018   Code   RO         2648    x$fpl$drsb          fz_ts.l(daddsub_noclz.o)
    0x0008a680   0x00000208   Code   RO         2734    x$fpl$dsqrt         fz_ts.l(dsqrt_noumaal.o)
    0x0008a888   0x00000244   Code   RO         2649    x$fpl$dsub          fz_ts.l(daddsub_noclz.o)
    0x0008aacc   0x00000004   Ven    RO         2663    x$fpl$f2d           fz_ts.l(f2d.o)
    0x0008aad0   0x00000064   Code   RO         2663    x$fpl$f2d           fz_ts.l(f2d.o)
    0x0008ab34   0x00000004   Ven    RO         2665    x$fpl$fadd          fz_ts.l(faddsub_noclz.o)
    0x0008ab38   0x000000c4   Code   RO         2665    x$fpl$fadd          fz_ts.l(faddsub_noclz.o)
    0x0008abfc   0x0000000c   Code   RO         2736    x$fpl$fcheck1       fz_ts.l(fcheck1.o)
    0x0008ac08   0x00000004   Ven    RO         2672    x$fpl$fdiv          fz_ts.l(fdiv.o)
    0x0008ac0c   0x00000190   Code   RO         2672    x$fpl$fdiv          fz_ts.l(fdiv.o)
    0x0008ad9c   0x00000004   Ven    RO         2675    x$fpl$ffix          fz_ts.l(ffix.o)
    0x0008ada0   0x00000044   Code   RO         2675    x$fpl$ffix          fz_ts.l(ffix.o)
    0x0008ade4   0x00000004   Ven    RO         2679    x$fpl$ffixu         fz_ts.l(ffixu.o)
    0x0008ade8   0x00000054   Code   RO         2679    x$fpl$ffixu         fz_ts.l(ffixu.o)
    0x0008ae3c   0x00000004   Ven    RO         2684    x$fpl$fflt          fz_ts.l(fflt_noclz.o)
    0x0008ae40   0x0000005c   Code   RO         2684    x$fpl$fflt          fz_ts.l(fflt_noclz.o)
    0x0008ae9c   0x00000004   Ven    RO         2683    x$fpl$ffltu         fz_ts.l(fflt_noclz.o)
    0x0008aea0   0x00000008   Code   RO         2683    x$fpl$ffltu         fz_ts.l(fflt_noclz.o)
    0x0008aea8   0x00000004   Ven    RO         2687    x$fpl$fmul          fz_ts.l(fmul.o)
    0x0008aeac   0x00000100   Code   RO         2687    x$fpl$fmul          fz_ts.l(fmul.o)
    0x0008afac   0x000000a8   Code   RO         2738    x$fpl$fnaninf       fz_ts.l(fnaninf.o)
    0x0008b054   0x00000004   Ven    RO         2852    x$fpl$fpinit        fz_ts.l(fpinit.o)
    0x0008b058   0x00000018   Code   RO         2852    x$fpl$fpinit        fz_ts.l(fpinit.o)
    0x0008b070   0x00000010   Code   RO         2740    x$fpl$fretinf       fz_ts.l(fretinf.o)
    0x0008b080   0x00000004   Ven    RO         2666    x$fpl$frsb          fz_ts.l(faddsub_noclz.o)
    0x0008b084   0x00000014   Code   RO         2666    x$fpl$frsb          fz_ts.l(faddsub_noclz.o)
    0x0008b098   0x00000004   Ven    RO         2667    x$fpl$fsub          fz_ts.l(faddsub_noclz.o)
    0x0008b09c   0x00000130   Code   RO         2667    x$fpl$fsub          fz_ts.l(faddsub_noclz.o)
    0x0008b1cc   0x00000074   Code   RO         2781    x$fpl$retnan        fz_ts.l(retnan.o)
    0x0008b240   0x00000004   Ven    RO         2689    x$fpl$scalbn        fz_ts.l(scalbn.o)
    0x0008b244   0x00000068   Code   RO         2689    x$fpl$scalbn        fz_ts.l(scalbn.o)
    0x0008b2ac   0x00000004   Ven    RO         2691    x$fpl$scalbnf       fz_ts.l(scalbnf.o)
    0x0008b2b0   0x0000005c   Code   RO         2691    x$fpl$scalbnf       fz_ts.l(scalbnf.o)
    0x0008b30c   0x0000003c   Code   RO         2801    x$fpl$trapveneer    fz_ts.l(trapv.o)
    0x0008b348   0x00000000   Code   RO         2742    x$fpl$usenofp       fz_ts.l(usenofp.o)
    0x0008b348   0x00000200   Data   RO          389    .constdata          mbcrc.o
    0x0008b548   0x00000002   Data   RO          663    .constdata          rtx_config.o
    0x0008b54a   0x00000002   PAD
    0x0008b54c   0x00000004   Data   RO          664    .constdata          rtx_config.o
    0x0008b550   0x00000004   Data   RO          665    .constdata          rtx_config.o
    0x0008b554   0x00000008   Data   RO          666    .constdata          rtx_config.o
    0x0008b55c   0x00000002   Data   RO          667    .constdata          rtx_config.o
    0x0008b55e   0x00000002   PAD
    0x0008b560   0x00000004   Data   RO          668    .constdata          rtx_config.o
    0x0008b564   0x00000001   Data   RO          669    .constdata          rtx_config.o
    0x0008b565   0x00000001   PAD
    0x0008b566   0x00000002   Data   RO          670    .constdata          rtx_config.o
    0x0008b568   0x000000aa   Data   RO          799    .constdata          ht1622.o
    0x0008b612   0x00000002   PAD
    0x0008b614   0x000004cb   Data   RO         1035    .constdata          hmi.o
    0x0008badf   0x00000100   Data   RO         1730    .constdata          ds18b20.o
    0x0008bbdf   0x00000001   PAD
    0x0008bbe0   0x00000038   Data   RO         2695    .constdata          m_ts.l(log.o)
    0x0008bc18   0x00000008   Data   RO         2745    .constdata          m_ts.l(qnan.o)
    0x0008bc20   0x00000020   Data   RO         2914    Region$$Table       anon$$obj.o



  Load Region LR$$.ARM.__AT_0x0008F600 (Base: 0x0008f600, Size: 0x00000200, Max: 0x00000200, ABSOLUTE)

    Execution Region ER$$.ARM.__AT_0x0008F600 (Base: 0x0008f600, Size: 0x00000200, Max: 0x00000200, ABSOLUTE, UNINIT)

    Base Addr    Size         Type   Attr      Idx    E Section Name        Object

    0x0008f600   0x00000200   Data   RO           28    .ARM.__AT_0x0008F600  main.o


==============================================================================

Image component sizes


      Code (inc. data)   RO Data    RW Data    ZI Data      Debug   Object Name

       156         12          0          0          0       1921   ad5422.o
      3034        154          0          6          0       3956   calc.o
       200         32          0          0          0       6743   devicenet.o
      1136        112          0          6        124       7082   dn1022.o
       552         34        256          0          0       3914   ds18b20.o
       176         32          0          0          0       1125   ferq.o
     19056       3762       1227         56       3687      80080   hmi.o
      3010        110        170          1          0       7185   ht1622.o
        92         14          0          0          0       1440   iap.o
      2740        214        512         28        262      24323   main.o
       482         72          0        116          0       4576   mb.o
       842         46          0         16          0       7139   mbascii.o
        52          6        512          0          0        964   mbcrc.o
       324          8          0          0          0       3430   mbfunccoils.o
       124          6          0          0          0       1372   mbfuncdisc.o
       400          0          0          0          0       4791   mbfuncholding.o
       100          0          0          0          0       1375   mbfuncinput.o
       624         50          0         12        256       5559   mbrtu.o
        24          0          0          0          0        512   mbutils.o
        90         10          0          0          0       1210   pid.o
        60         14          0          2          0       1652   portevent.o
       356         58          0          1          0       3132   portserial.o
       136         38          0          4          0       1659   porttimer.o
       356         92         27         12       2936       6836   rtx_config.o
       236         56          0          0        176        428   startup.o

    ----------------------------------------------------------------------
     34398       4932       2744        264       7444     182404   Object Totals
        20          0         32          0          0          0   (incl. Generated)
        20          0          8          4          3          0   (incl. Padding)

    ----------------------------------------------------------------------

      Code (inc. data)   RO Data    RW Data    ZI Data      Debug   Library Member Name

       656         62          0          4          0       3475   hal_arm.o
        80          6          0          0          0        601   rt_event.o
       476         28          0          0         48       4354   rt_list.o
       136          4          0          0          0        693   rt_mailbox.o
       112          0          0          0          0       1624   rt_membox.o
       300         14          0          0          0       1439   rt_mutex.o
        92         20          0          8          0        954   rt_robin.o
        56          6          0          0          0        525   rt_semaphore.o
       204         22          0          8          0        810   rt_system.o
       772        136          0          4         48       6492   rt_task.o
       104         18          0          2          0       1407   rt_time.o
        68         10          0          8          0        615   rt_timer.o
        36         36          0          0          0        128   swi_table.o
        92          0          0          0          0          0   __dczerorl2.o
         8          0          0          0          0         68   __main.o
        60          8          0          0          0          0   __scatter.o
        44          0          0          0          0          0   __scatter_zi.o
        34          0          0          0          0        104   _rserrno.o
        16          0          0          0          0         64   abort.o
       428          0          0          0          0        148   aeabi_sdiv.o
        52         34          0          0          0         80   defsig_abrt_inner.o
        16          0          0          0          0         80   defsig_abrt_outer.o
        16          0          0          0          0         80   defsig_exit.o
        56          0          0          0          0         84   defsig_general.o
        12          0          0          0          0         64   exit.o
         6          0          0          0          0        136   heapauxi.o
         0          0          0          0          0          0   indicate_semi.o
        14          0          0          0          0          0   libinit.o
        12          0          0          0          0          0   libinit2.o
        12          0          0          0          0          0   libshutdown.o
         6          0          0          0          0          0   libshutdown2.o
        12          4          0          0         96         68   libspace.o
         8          0          0          0          0         68   rt_errno_addr_twolibspace.o
        20          0          0          0          0         80   rt_fp_status_addr_twolibspace.o
         0          0          0          0          0          0   rtentry.o
        44          4          0          0          0          0   rtentry2.o
         8          0          0          0          0          0   rtentry4.o
         8          0          0          0          0          0   rtexit.o
        12          0          0          0          0          0   rtexit2.o
        20          4          0          0          0         60   sys_exit.o
        96          0          0          0          0         80   sys_stackheap_outer.o
        16          0          0          0          0         76   sys_wrch.o
        36          0          0          0          0         68   uread4.o
         4          0          0          0          0         68   use_no_semi.o
        36          0          0          0          0         68   uwrite4.o
       112          4          0          0          0         92   d2f.o
       948         16          0          0          0        372   daddsub_noclz.o
        16          4          0          0          0         68   dcheck1.o
        28          0          0          0          0         68   dcmpi.o
       740        140          0          0          0        232   ddiv.o
       148          4          0          0          0         92   deqf.o
       108          0          0          0          0        136   dflt_noclz.o
       388         16          0          0          0        124   dmul.o
       192          0          0          0          0        108   dnaninf.o
        16          0          0          0          0         68   dretinf.o
       520         56          0          0          0        144   dsqrt_noumaal.o
       104          4          0          0          0         84   f2d.o
       532          8          0          0          0        236   faddsub_noclz.o
        12          4          0          0          0         68   fcheck1.o
       404         76          0          0          0         96   fdiv.o
        72          4          0          0          0         84   ffix.o
        88          4          0          0          0         84   ffixu.o
       108          0          0          0          0        136   fflt_noclz.o
       260          4          0          0          0         84   fmul.o
       168          0          0          0          0        100   fnaninf.o
        28          0          0          0          0         80   fpinit.o
        16          0          0          0          0         68   fretinf.o
       116          0          0          0          0         68   retnan.o
       108          0          0          0          0         68   scalbn.o
        96          0          0          0          0         68   scalbnf.o
        60          0          0          0          0         68   trapv.o
         0          0          0          0          0          0   usenofp.o
      1428         32         56          0          0        332   log.o
       256          0          0          0          0        116   poly.o
         0          0          8          0          0          0   qnan.o
       116          0          0          0          0        100   sqrt.o

    ----------------------------------------------------------------------
     11498        792         64         36        192      28105   Library Totals
        14          0          0          2          0          0   (incl. Padding)

    ----------------------------------------------------------------------

      Code (inc. data)   RO Data    RW Data    ZI Data      Debug   Library Name

      3092        362          0         34         96      23117   RTX_ARM_L.lib
      1204         54          0          0         96       1544   c_t.l
      5388        344          0          0          0       2896   fz_ts.l
      1800         32         64          0          0        548   m_ts.l

    ----------------------------------------------------------------------
     11498        792         64         36        192      28105   Library Totals

    ----------------------------------------------------------------------

==============================================================================


      Code (inc. data)   RO Data    RW Data    ZI Data      Debug   

     45896       5724       2808        300       7636     193461   Grand Totals
     45896       5724       2808         72       7636     193461   ELF Image Totals (compressed)
     45896       5724       2808         72          0          0   ROM Totals

==============================================================================

    Total RO  Size (Code + RO Data)                48704 (  47.56kB)
    Total RW  Size (RW Data + ZI Data)              7936 (   7.75kB)
    Total ROM Size (Code + RO Data + RW Data)      48776 (  47.63kB)

==============================================================================

