ARM Linker, 4.1 [Build 481] [Standard]

==============================================================================

Section Cross References

    startup.o(STACK) refers (Special) to heapauxi.o(.text) for __use_two_region_memory
    startup.o(HEAP) refers (Special) to heapauxi.o(.text) for __use_two_region_memory
    startup.o(RESET) refers (Special) to heapauxi.o(.text) for __use_two_region_memory
    startup.o(RESET) refers to hal_arm.o(.emb_text) for SWI_Handler
    startup.o(RESET) refers to rtx_config.o(.emb_text) for IRQ_Handler
    startup.o(RESET) refers to startup.o(STACK) for Stack_Top
    startup.o(RESET) refers to __main.o(!!!main) for __main
    startup.o(.text) refers (Special) to heapauxi.o(.text) for __use_two_region_memory
    startup.o(.text) refers to startup.o(HEAP) for Heap_Mem
    startup.o(.text) refers to startup.o(STACK) for Stack_Mem
    main.o(i.SetPwmDutyCycle1) refers to fflt_noclz.o(x$fpl$fflt) for __aeabi_i2f
    main.o(i.SetPwmDutyCycle1) refers to fdiv.o(x$fpl$fdiv) for __aeabi_fdiv
    main.o(i.SetPwmDutyCycle1) refers to faddsub_noclz.o(x$fpl$fadd) for __aeabi_fadd
    main.o(i.SetPwmDutyCycle1) refers to faddsub_noclz.o(x$fpl$frsb) for __aeabi_frsub
    main.o(i.SetPwmDutyCycle1) refers to scalbnf.o(x$fpl$scalbnf) for scalbnf
    main.o(i.SetPwmDutyCycle1) refers to ffixu.o(x$fpl$ffixu) for __aeabi_f2uiz
    main.o(i.SetPwmDutyCycle2) refers to fflt_noclz.o(x$fpl$fflt) for __aeabi_i2f
    main.o(i.SetPwmDutyCycle2) refers to fdiv.o(x$fpl$fdiv) for __aeabi_fdiv
    main.o(i.SetPwmDutyCycle2) refers to faddsub_noclz.o(x$fpl$fadd) for __aeabi_fadd
    main.o(i.SetPwmDutyCycle2) refers to faddsub_noclz.o(x$fpl$frsb) for __aeabi_frsub
    main.o(i.SetPwmDutyCycle2) refers to scalbnf.o(x$fpl$scalbnf) for scalbnf
    main.o(i.SetPwmDutyCycle2) refers to ffixu.o(x$fpl$ffixu) for __aeabi_f2uiz
    main.o(i.adc) refers to main.o(i.adc_read_data) for adc_read_data
    main.o(i.adc) refers to rt_event.o(i.os_evt_set) for os_evt_set
    main.o(i.adc) refers to rt_time.o(i.os_dly_wait) for os_dly_wait
    main.o(i.adc) refers to main.o(.bss) for .bss
    main.o(i.adc) refers to main.o(.data) for .data
    main.o(i.adc_init) refers to main.o(i.adc_poweron) for adc_poweron
    main.o(i.adc_read_data) refers to rtx_config.o(i.tsk_unlock) for tsk_unlock
    main.o(i.data_init) refers to uread4.o(.text) for __aeabi_uread4
    main.o(i.data_init) refers to uwrite4.o(.text) for __aeabi_uwrite4
    main.o(i.data_init) refers to main.o(.bss) for .bss
    main.o(i.data_init) refers to main.o(.ARM.__AT_0x0008F400) for .ARM.__AT_0x0008F400
    main.o(i.eMBRegHoldingCB) refers to iap.o(i.EepromWr_n) for EepromWr_n
    main.o(i.eMBRegHoldingCB) refers to main.o(.bss) for .bss
    main.o(i.eMBRegInputCB) refers to main.o(.bss) for .bss
    main.o(i.hmi) refers to rt_time.o(i.os_itv_set) for os_itv_set
    main.o(i.hmi) refers to ds18b20.o(i.DS18B20_Temperature) for DS18B20_Temperature
    main.o(i.hmi) refers to uwrite4.o(.text) for __aeabi_uwrite4
    main.o(i.hmi) refers to hmi.o(i.HMI_Handler) for HMI_Handler
    main.o(i.hmi) refers to main.o(i.lpReset) for lpReset
    main.o(i.hmi) refers to rt_time.o(i.os_itv_wait) for os_itv_wait
    main.o(i.hmi) refers to main.o(.data) for .data
    main.o(i.hmi) refers to main.o(.bss) for .bss
    main.o(i.init) refers to main.o(i.adc_init) for adc_init
    main.o(i.init) refers to main.o(i.data_init) for data_init
    main.o(i.init) refers to iap.o(i.iap_init) for iap_init
    main.o(i.init) refers to hmi.o(i.HMI_Init) for HMI_Init
    main.o(i.init) refers to main.o(i.adc_read_data) for adc_read_data
    main.o(i.init) refers to uread4.o(.text) for __aeabi_uread4
    main.o(i.init) refers to mb.o(i.eMBInit) for eMBInit
    main.o(i.init) refers to mb.o(i.eMBEnable) for eMBEnable
    main.o(i.init) refers to rt_task.o(i.os_tsk_create0) for os_tsk_create0
    main.o(i.init) refers to pid.o(i.pid_init) for pid_init
    main.o(i.init) refers to rt_task.o(i.os_tsk_delete) for os_tsk_delete
    main.o(i.init) refers to main.o(.data) for .data
    main.o(i.init) refers to main.o(.bss) for .bss
    main.o(i.init) refers to main.o(i.modbus) for modbus
    main.o(i.init) refers to main.o(i.pid) for pid
    main.o(i.init) refers to main.o(i.adc) for adc
    main.o(i.init) refers to main.o(i.hmi) for hmi
    main.o(i.main) refers to hal_arm.o(.emb_text) for os_sys_init0
    main.o(i.main) refers to main.o(i.init) for init
    main.o(i.modbus) refers to mb.o(i.eMBPoll) for eMBPoll
    main.o(i.modbus) refers to rt_time.o(i.os_dly_wait) for os_dly_wait
    main.o(i.pid) refers to rt_event.o(i.os_evt_wait) for os_evt_wait
    main.o(i.pid) refers to calc.o(i.posHandle) for posHandle
    main.o(i.pid) refers to main.o(i.__ARM_common_switch8) for __ARM_common_switch8
    main.o(i.pid) refers to calc.o(i.p1Handle) for p1Handle
    main.o(i.pid) refers to calc.o(i.p2Handle) for p2Handle
    main.o(i.pid) refers to calc.o(i.tempHandle) for tempHandle
[...]
    x$fpl$fflt                               0x00089194   Section       92  fflt_noclz.o(x$fpl$fflt)
    x$fpl$ffltu                              0x000891f4   Section        8  fflt_noclz.o(x$fpl$ffltu)
    x$fpl$fmul                               0x00089200   Section      256  fmul.o(x$fpl$fmul)
    x$fpl$fnaninf                            0x00089300   Section      168  fnaninf.o(x$fpl$fnaninf)
    x$fpl$fpinit                             0x000893ac   Section       24  fpinit.o(x$fpl$fpinit)
    x$fpl$fretinf                            0x000893c4   Section       16  fretinf.o(x$fpl$fretinf)
    x$fpl$frsb                               0x000893d8   Section       20  faddsub_noclz.o(x$fpl$frsb)
    x$fpl$fsub                               0x000893f0   Section      304  faddsub_noclz.o(x$fpl$fsub)
    _fsub1                                   0x000893fc   ARM Code       0  faddsub_noclz.o(x$fpl$fsub)
    x$fpl$retnan                             0x00089520   Section      116  retnan.o(x$fpl$retnan)
    x$fpl$scalbnf                            0x00089598   Section       96  scalbnf.o(x$fpl$scalbnf)
    x$fpl$trapveneer                         0x000895f8   Section       60  trapv.o(x$fpl$trapveneer)
    .constdata                               0x00089634   Section      512  mbcrc.o(.constdata)
    x$fpl$usenofp                            0x00089634   Section        0  usenofp.o(x$fpl$usenofp)
    aucCRCHi                                 0x00089634   Data         256  mbcrc.o(.constdata)
    aucCRCLo                                 0x00089734   Data         256  mbcrc.o(.constdata)
    .constdata                               0x00089834   Section        2  rtx_config.o(.constdata)
    .constdata                               0x00089838   Section        4  rtx_config.o(.constdata)
    .constdata                               0x0008983c   Section        4  rtx_config.o(.constdata)
    .constdata                               0x00089840   Section        8  rtx_config.o(.constdata)
    __tagsym$$used                           0x00089840   Number         0  rtx_config.o(.constdata)
    __tagsym$$used                           0x00089844   Number         0  rtx_config.o(.constdata)
    .constdata                               0x00089848   Section        2  rtx_config.o(.constdata)
    .constdata                               0x0008984c   Section        4  rtx_config.o(.constdata)
    .constdata                               0x00089850   Section        1  rtx_config.o(.constdata)
    .constdata                               0x00089852   Section        2  rtx_config.o(.constdata)
    .constdata                               0x00089854   Section      170  ht1622.o(.constdata)
    .constdata                               0x000898fe   Section     1280  hmi.o(.constdata)
    .ARM.__AT_0x0008F400                     0x0008f400   Section      512  main.o(.ARM.__AT_0x0008F400)

    Global Symbols

    Symbol Name                              Value     Ov Type        Size  Object(Section)

    BuildAttributes$$THM_ISAv1$ARM_ISAv4$S$PE$A:L22$X:L11$S22$IEEE1$IW$USESV6$~STKCKD$USESV7$~SHL$OTIME$ROPI$IEEEJ$EBA8$UX$STANDARDLIB$REQ8$PRES8$EABIv2 0x00000000   Number         0  anon$$obj.o ABSOLUTE
    __ARM_use_no_argv                        0x00000000   Number         0  main.o ABSOLUTE
    __ARM_exceptions_init                     - Undefined Weak Reference
    __alloca_initialize                       - Undefined Weak Reference
    __cpp_initialize__aeabi_                  - Undefined Weak Reference
    __cxa_finalize                            - Undefined Weak Reference
    __fpl_infinity                            - Undefined Weak Reference
    __rt_locale                               - Undefined Weak Reference
    __sigvec_lookup                           - Undefined Weak Reference
    _atexit_init                              - Undefined Weak Reference
    _call_atexit_fns                          - Undefined Weak Reference
    _clock_init                               - Undefined Weak Reference
    _fp_trap_init                             - Undefined Weak Reference
    _fp_trap_shutdown                         - Undefined Weak Reference
    _get_lc_collate                           - Undefined Weak Reference
    _get_lc_ctype                             - Undefined Weak Reference
    _get_lc_monetary                          - Undefined Weak Reference
    _get_lc_numeric                           - Undefined Weak Reference
    _get_lc_time                              - Undefined Weak Reference
    _getenv_init                              - Undefined Weak Reference
    _handle_redirection                       - Undefined Weak Reference
    _init_alloc                               - Undefined Weak Reference
    _init_user_alloc                          - Undefined Weak Reference
    _initio                                   - Undefined Weak Reference
    _rand_init                                - Undefined Weak Reference
    _signal_finish                            - Undefined Weak Reference
    _signal_init                              - Undefined Weak Reference
    _terminate_alloc                          - Undefined Weak Reference
    _terminate_user_alloc                     - Undefined Weak Reference
    _terminateio                              - Undefined Weak Reference
    os_tmr_reload                             - Undefined Weak Reference
    rt_init                                   - Undefined Weak Reference
    rt_notify                                 - Undefined Weak Reference
    rt_post_taskswitch                        - Undefined Weak Reference
    __RTX_ARM_VER                            0x00000413   Number         0  rt_system.o ABSOLUTE
    t_pid                                    0x00010008   Data           4  main.o(.data)
    t_modbus                                 0x0001000c   Data           4  main.o(.data)
    t_adc                                    0x00010010   Data           4  main.o(.data)
    t_hmi                                    0x00010014   Data           4  main.o(.data)
    pxMBFrameCBByteReceived                  0x00010040   Data           4  mb.o(.data)
    pxMBFrameCBTransmitterEmpty              0x00010044   Data           4  mb.o(.data)
    pxMBPortCBTimerExpired                   0x00010048   Data           4  mb.o(.data)
    m_tmr                                    0x000100b0   Data           4  rtx_config.o(.data)
    m_mcbCurrent                             0x000100dc   Data           8  hmi.o(.data)
    m_stackMenuCtlBlock                      0x000100e4   Data           8  hmi.o(.data)
    os_runtask                               0x000100f4   Data           4  rt_task.o(.data)
    os_time                                  0x000100f8   Data           2  rt_time.o(.data)
    sys_stktop                               0x000100fc   Data           4  hal_arm.o(.data)
    os_psh                                   0x00010100   Data           8  rt_system.o(.data)
    os_robin                                 0x00010108   Data           8  rt_robin.o(.data)
    os_tmr                                   0x00010110   Data           8  rt_timer.o(.data)
    g_UnitData                               0x00010118   Data          54  main.o(.bss)
    g_UnitCfg                                0x0001014e   Data         132  main.o(.bss)
    Controller                               0x000101d2   Data          12  main.o(.bss)
    ucRTUBuf                                 0x000101de   Data         256  mbrtu.o(.bss)
    mp_tcb                                   0x000102e0   Data         300  rtx_config.o(.bss)
    mp_stk                                   0x00010410   Data        1808  rtx_config.o(.bss)
    os_fifo                                  0x00010b20   Data         132  rtx_config.o(.bss)
    os_active_TCB                            0x00010ba4   Data          24  rtx_config.o(.bss)
    m_aMenuItems                             0x00010e5c   Data        3840  hmi.o(.bss)
    os_idle_TCB                              0x00011d9c   Data          48  rt_task.o(.bss)
    os_rdy                                   0x00011dcc   Data          24  rt_list.o(.bss)
    os_dly                                   0x00011de4   Data          24  rt_list.o(.bss)
    __libspace_start                         0x00011dfc   Data          96  libspace.o(.bss)
    __temporary_stack_top$libspace           0x00011e5c   Data           0  libspace.o(.bss)
    Reset_Handler                            0x00080050   ARM Code       0  startup.o(RESET)
    __main                                   0x000800cc   ARM Code       8  __main.o(!!!main)
    __scatterload                            0x000800d4   ARM Code       0  __scatter.o(!!!scatter)
    __scatterload_rt2                        0x000800d4   ARM Code      52  __scatter.o(!!!scatter)
    __scatterload_null                       0x000800e8   ARM Code       0  __scatter.o(!!!scatter)
    __scatterload_copy                       0x00080110   ARM Code      40  __scatter_copy.o(!!handler_copy)
    __scatterload_zeroinit                   0x00080138   ARM Code      44  __scatter_zi.o(!!handler_zi)
    Inline ARM to Thumb Veneer to __rt_lib_init 0x00080164   ARM Code       8  libinit.o(.ARM.Collect$$libinit$$00000000)
    __rt_lib_init                            0x0008016d   Thumb Code     0  libinit.o(.ARM.Collect$$libinit$$00000000)
    __rt_lib_init_alloca_1                   0x00080173   Thumb Code     0  libinit2.o(.ARM.Collect$$libinit$$0000002A)
    __rt_lib_init_argv_1                     0x00080173   Thumb Code     0  libinit2.o(.ARM.Collect$$libinit$$00000028)
    __rt_lib_init_atexit_1                   0x00080173   Thumb Code     0  libinit2.o(.ARM.Collect$$libinit$$00000017)
    __rt_lib_init_clock_1                    0x00080173   Thumb Code     0  libinit2.o(.ARM.Collect$$libinit$$0000001D)
    __rt_lib_init_cpp_1                      0x00080173   Thumb Code     0  libinit2.o(.ARM.Collect$$libinit$$0000002E)
    __rt_lib_init_exceptions_1               0x00080173   Thumb Code     0  libinit2.o(.ARM.Collect$$libinit$$0000002C)
    __rt_lib_init_fp_trap_1                  0x00080173   Thumb Code     0  libinit2.o(.ARM.Collect$$libinit$$0000001B)
    __rt_lib_init_getenv_1                   0x00080173   Thumb Code     0  libinit2.o(.ARM.Collect$$libinit$$0000001F)
    __rt_lib_init_heap_1                     0x00080173   Thumb Code     0  libinit2.o(.ARM.Collect$$libinit$$00000006)
    __rt_lib_init_lc_collate_1               0x00080173   Thumb Code     0  libinit2.o(.ARM.Collect$$libinit$$0000000D)
    __rt_lib_init_lc_ctype_1                 0x00080173   Thumb Code     0  libinit2.o(.ARM.Collect$$libinit$$0000000F)
    __rt_lib_init_lc_monetary_1              0x00080173   Thumb Code     0  libinit2.o(.ARM.Collect$$libinit$$00000011)
    __rt_lib_init_lc_numeric_1               0x00080173   Thumb Code     0  libinit2.o(.ARM.Collect$$libinit$$00000013)
    __rt_lib_init_lc_time_1                  0x00080173   Thumb Code     0  libinit2.o(.ARM.Collect$$libinit$$00000015)
    __rt_lib_init_rand_1                     0x00080173   Thumb Code     0  libinit2.o(.ARM.Collect$$libinit$$0000000A)
    __rt_lib_init_return                     0x00080173   Thumb Code     0  libinit2.o(.ARM.Collect$$libinit$$0000002F)
    __rt_lib_init_signal_1                   0x00080173   Thumb Code     0  libinit2.o(.ARM.Collect$$libinit$$00000019)
    __rt_lib_init_stdio_1                    0x00080173   Thumb Code     0  libinit2.o(.ARM.Collect$$libinit$$00000021)
    __rt_lib_init_user_alloc_1               0x00080173   Thumb Code     0  libinit2.o(.ARM.Collect$$libinit$$00000008)
    Inline ARM to Thumb Veneer to __rt_lib_shutdown 0x00080180   ARM Code       8  libshutdown.o(.ARM.Collect$$libshutdown$$00000000)
    __rt_lib_shutdown                        0x00080189   Thumb Code     0  libshutdown.o(.ARM.Collect$$libshutdown$$00000000)
    __rt_lib_shutdown_fp_trap_1              0x0008018d   Thumb Code     0  libshutdown2.o(.ARM.Collect$$libshutdown$$00000006)
    __rt_lib_shutdown_heap_1                 0x0008018d   Thumb Code     0  libshutdown2.o(.ARM.Collect$$libshutdown$$0000000E)
    __rt_lib_shutdown_return                 0x0008018d   Thumb Code     0  libshutdown2.o(.ARM.Collect$$libshutdown$$0000000F)
    __rt_lib_shutdown_signal_1               0x0008018d   Thumb Code     0  libshutdown2.o(.ARM.Collect$$libshutdown$$00000009)
    __rt_lib_shutdown_stdio_1                0x0008018d   Thumb Code     0  libshutdown2.o(.ARM.Collect$$libshutdown$$00000003)
    __rt_lib_shutdown_user_alloc_1           0x0008018d   Thumb Code     0  libshutdown2.o(.ARM.Collect$$libshutdown$$0000000B)
    __rt_entry                               0x00080194   ARM Code       0  rtentry.o(.ARM.Collect$$rtentry$$00000000)
    __rt_entry_presh_1                       0x00080194   ARM Code       0  rtentry2.o(.ARM.Collect$$rtentry$$00000002)
    __rt_entry_sh                            0x00080194   ARM Code       0  rtentry4.o(.ARM.Collect$$rtentry$$00000004)
    __rt_entry_li                            0x0008019c   ARM Code       0  rtentry2.o(.ARM.Collect$$rtentry$$0000000A)
    __rt_entry_postsh_1                      0x0008019c   ARM Code       0  rtentry2.o(.ARM.Collect$$rtentry$$00000009)
    __rt_entry_main                          0x000801a0   ARM Code       0  rtentry2.o(.ARM.Collect$$rtentry$$0000000D)
    __rt_entry_postli_1                      0x000801a0   ARM Code       0  rtentry2.o(.ARM.Collect$$rtentry$$0000000C)
    Inline Thumb to ARM Veneer to __rt_exit  0x000801c9   Thumb Code     4  rtexit.o(.ARM.Collect$$rtexit$$00000000)
    __rt_exit                                0x000801cc   ARM Code       0  rtexit.o(.ARM.Collect$$rtexit$$00000000)
    __rt_exit_ls                             0x000801d0   ARM Code       0  rtexit2.o(.ARM.Collect$$rtexit$$00000003)
    __rt_exit_prels_1                        0x000801d0   ARM Code       0  rtexit2.o(.ARM.Collect$$rtexit$$00000002)
    __rt_exit_exit                           0x000801d4   ARM Code       0  rtexit2.o(.ARM.Collect$$rtexit$$00000004)
    IRQ_Handler                              0x000801dc   ARM Code      52  rtx_config.o(.emb_text)
    _inc_qi                                  0x00080225   Thumb Code    60  hal_arm.o(.emb_text)
    _dec_qc                                  0x00080261   Thumb Code    32  hal_arm.o(.emb_text)
    os_set_env                               0x00080281   Thumb Code     8  hal_arm.o(.emb_text)
    os_sys_init0                             0x00080289   Thumb Code    12  hal_arm.o(.emb_text)
    os_sys_run                               0x0008029d   Thumb Code    16  hal_arm.o(.emb_text)
    os_clock_interrupt                       0x000802b0   ARM Code     128  hal_arm.o(.emb_text)
    os_sys_manager_ret                       0x0008031d   Thumb Code     0  hal_arm.o(.emb_text)
    SWI_Handler                              0x00080344   ARM Code     192  hal_arm.o(.emb_text)
    os_switch_tasks_ret                      0x00080381   Thumb Code     0  hal_arm.o(.emb_text)
    __user_initial_stackheap                 0x0008040c   ARM Code       0  startup.o(.text)
    __user_libspace                          0x0008042c   ARM Code      12  libspace.o(.text)
    __user_perproc_libspace                  0x0008042c   ARM Code       0  libspace.o(.text)
    abort                                    0x00080439   Thumb Code    16  abort.o(.text)
    Inline Thumb to ARM Veneer to __aeabi_uread4 0x00080449   Thumb Code     4  uread4.o(.text)
    __aeabi_uread4                           0x0008044c   ARM Code       0  uread4.o(.text)
    __rt_uread4                              0x0008044c   ARM Code      32  uread4.o(.text)
    Inline Thumb to ARM Veneer to __aeabi_uwrite4 0x0008046d   Thumb Code     4  uwrite4.o(.text)
    __aeabi_uwrite4                          0x00080470   ARM Code       0  uwrite4.o(.text)
    __rt_uwrite4                             0x00080470   ARM Code      32  uwrite4.o(.text)
    Inline Thumb to ARM Veneer to __aeabi_idivmod 0x00080491   Thumb Code     4  aeabi_sdiv.o(.text)
    __aeabi_idiv                             0x00080494   ARM Code       0  aeabi_sdiv.o(.text)
    __aeabi_idivmod                          0x00080494   ARM Code     384  aeabi_sdiv.o(.text)
    __use_two_region_memory                  0x00080615   Thumb Code     2  heapauxi.o(.text)
    __rt_heap_escrow$2region                 0x00080617   Thumb Code     2  heapauxi.o(.text)
    __rt_heap_expand$2region                 0x00080619   Thumb Code     2  heapauxi.o(.text)
    Inline ARM to Thumb Veneer to _sys_exit  0x0008061c   ARM Code       8  sys_exit.o(.text)
    _sys_exit                                0x00080625   Thumb Code     8  sys_exit.o(.text)
    Inline ARM to Thumb Veneer to __set_errno 0x00080630   ARM Code       8  _rserrno.o(.text)
    __read_errno                             0x00080639   Thumb Code    14  _rserrno.o(.text)
    __set_errno                              0x00080647   Thumb Code    12  _rserrno.o(.text)
    __rt_SIGABRT                             0x00080653   Thumb Code    16  defsig_abrt_outer.o(.text)
    __I$use$semihosting                      0x00080664   ARM Code       0  use_no_semi.o(.text)
    __use_no_semihosting_swi                 0x00080664   ARM Code       4  use_no_semi.o(.text)
    Inline Thumb to ARM Veneer to __aeabi_errno_addr 0x00080669   Thumb Code     4  rt_errno_addr_twolibspace.o(.text)
    __aeabi_errno_addr                       0x0008066c   ARM Code       4  rt_errno_addr_twolibspace.o(.text)
    __errno$twolibspace                      0x0008066c   ARM Code       0  rt_errno_addr_twolibspace.o(.text)
    __rt_errno_addr$twolibspace              0x0008066c   ARM Code       0  rt_errno_addr_twolibspace.o(.text)
    __sig_exit                               0x00080671   Thumb Code    16  defsig_exit.o(.text)
    __rt_SIGABRT_inner                       0x00080681   Thumb Code    18  defsig_abrt_inner.o(.text)
    __user_setup_stackheap                   0x000806b4   ARM Code      96  sys_stackheap_outer.o(.text)
    exit                                     0x00080715   Thumb Code    12  exit.o(.text)
    __default_signal_display                 0x00080721   Thumb Code    56  defsig_general.o(.text)
    _ttywrch                                 0x00080759   Thumb Code    16  sys_wrch.o(.text)
    __rt_fp_status_addr                      0x00080768   ARM Code      20  rt_fp_status_addr_twolibspace.o(.text)
    Inline Thumb to ARM Veneer to __aeabi_uidivmod 0x0008077d   Thumb Code     4  aeabi_sdiv.o(.text_udiv)
    __aeabi_uidiv                            0x00080780   ARM Code       0  aeabi_sdiv.o(.text_udiv)
    __aeabi_uidivmod                         0x00080780   ARM Code      36  aeabi_sdiv.o(.text_udiv)
    SWI_Count                                0x000807a4   Data           4  swi_table.o(SWI_TABLE)
    SWI_Table                                0x000807a8   Data           0  swi_table.o(SWI_TABLE)
    DS18B20_Temperature                      0x000817b5   Thumb Code   154  ds18b20.o(i.DS18B20_Temperature)
    EepromWr_n                               0x00081b39   Thumb Code    64  iap.o(i.EepromWr_n)
    HMI_Handler                              0x00081b7d   Thumb Code    16  hmi.o(i.HMI_Handler)
    HMI_Init                                 0x00081b8d   Thumb Code  5112  hmi.o(i.HMI_Init)
    SetPwmDutyCycle1                         0x00084981   Thumb Code   112  main.o(i.SetPwmDutyCycle1)
    SetPwmDutyCycle2                         0x00084a01   Thumb Code   194  main.o(i.SetPwmDutyCycle2)
    __ARM_common_call_via_r0                 0x00085739   Thumb Code     2  mb.o(i.__ARM_common_call_via_r0)
    __ARM_common_call_via_r2                 0x0008573b   Thumb Code     2  mb.o(i.__ARM_common_call_via_r2)
    __ARM_common_call_via_r3                 0x0008573d   Thumb Code     2  mb.o(i.__ARM_common_call_via_r3)
    Inline Thumb to ARM Veneer to __ARM_common_disable_irq 0x00085741   Thumb Code     4  mb.o(i.__ARM_common_disable_irq)
    __ARM_common_disable_irq                 0x00085744   ARM Code      20  mb.o(i.__ARM_common_disable_irq)
    Inline Thumb to ARM Veneer to __ARM_common_enable_irq 0x00085759   Thumb Code     4  mb.o(i.__ARM_common_enable_irq)
    __ARM_common_enable_irq                  0x0008575c   ARM Code      16  mb.o(i.__ARM_common_enable_irq)
    Inline Thumb to ARM Veneer to __ARM_common_switch8 0x0008576d   Thumb Code     4  main.o(i.__ARM_common_switch8)
    __ARM_common_switch8                     0x00085770   ARM Code      24  main.o(i.__ARM_common_switch8)
    __SWI_0                                  0x00085789   Thumb Code    44  hal_arm.o(i.__SWI_0)
    __SWI_1                                  0x000857b9   Thumb Code    14  rt_membox.o(i.__SWI_1)
    __SWI_2                                  0x000857c7   Thumb Code    24  rt_membox.o(i.__SWI_2)
    __SWI_3                                  0x000857df   Thumb Code     8  hal_arm.o(i.__SWI_3)
    __SWI_4                                  0x000857e7   Thumb Code     8  hal_arm.o(i.__SWI_4)
    __SWI_5                                  0x000857f1   Thumb Code     8  rtx_config.o(i.__SWI_5)
    __SWI_6                                  0x000857fd   Thumb Code     2  hal_arm.o(i.__SWI_6)
    __SWI_7                                  0x000857ff   Thumb Code     2  hal_arm.o(i.__SWI_7)
    Inline ARM to Thumb Veneer to __user_perthread_libspace 0x00085800   ARM Code       8  rtx_config.o(i.__user_perthread_libspace)
    __user_perthread_libspace                0x00085809   Thumb Code    30  rtx_config.o(i.__user_perthread_libspace)
    _init_box                                0x00085831   Thumb Code    74  rt_membox.o(i._init_box)
    adc                                      0x0008587d   Thumb Code    94  main.o(i.adc)
    adc_init                                 0x000858ed   Thumb Code    28  main.o(i.adc_init)
    adc_poweron                              0x00085915   Thumb Code    16  main.o(i.adc_poweron)
    adc_read_data                            0x00085929   Thumb Code    94  main.o(i.adc_read_data)
    clearLCD                                 0x00085991   Thumb Code    44  ht1622.o(i.clearLCD)
    data_init                                0x000859c5   Thumb Code   180  main.o(i.data_init)
    digital                                  0x00085aa1   Thumb Code   692  ht1622.o(i.digital)
    display_char                             0x00085d59   Thumb Code  1500  ht1622.o(i.display_char)
    display_digital                          0x00086335   Thumb Code   112  ht1622.o(i.display_digital)
    eMBASCIIInit                             0x000863a9   Thumb Code    60  mbascii.o(i.eMBASCIIInit)
    eMBASCIIReceive                          0x000863ed   Thumb Code    76  mbascii.o(i.eMBASCIIReceive)
    eMBASCIISend                             0x0008643d   Thumb Code    84  mbascii.o(i.eMBASCIISend)
    eMBASCIIStart                            0x00086495   Thumb Code    36  mbascii.o(i.eMBASCIIStart)
    eMBASCIIStop                             0x000864bd   Thumb Code    28  mbascii.o(i.eMBASCIIStop)
    eMBEnable                                0x000864d9   Thumb Code    34  mb.o(i.eMBEnable)
    eMBFuncReadCoils                         0x00086501   Thumb Code   120  mbfunccoils.o(i.eMBFuncReadCoils)
    eMBFuncReadDiscreteInputs                0x0008657d   Thumb Code   118  mbfuncdisc.o(i.eMBFuncReadDiscreteInputs)
    eMBFuncReadHoldingRegister               0x000865f9   Thumb Code    96  mbfuncholding.o(i.eMBFuncReadHoldingRegister)
    eMBFuncReadInputRegister                 0x00086659   Thumb Code   100  mbfuncinput.o(i.eMBFuncReadInputRegister)
    eMBFuncReadWriteMultipleHoldingRegister  0x000866bd   Thumb Code   162  mbfuncholding.o(i.eMBFuncReadWriteMultipleHoldingRegister)
    eMBFuncWriteCoil                         0x0008675f   Thumb Code    92  mbfunccoils.o(i.eMBFuncWriteCoil)
    eMBFuncWriteHoldingRegister              0x000867bb   Thumb Code    56  mbfuncholding.o(i.eMBFuncWriteHoldingRegister)
    eMBFuncWriteMultipleCoils                0x000867f5   Thumb Code   104  mbfunccoils.o(i.eMBFuncWriteMultipleCoils)
    eMBFuncWriteMultipleHoldingRegister      0x00086861   Thumb Code    86  mbfuncholding.o(i.eMBFuncWriteMultipleHoldingRegister)
    eMBInit                                  0x000868b9   Thumb Code   138  mb.o(i.eMBInit)
    eMBPoll                                  0x00086981   Thumb Code   196  mb.o(i.eMBPoll)
    eMBRTUInit                               0x00086a49   Thumb Code    76  mbrtu.o(i.eMBRTUInit)
    eMBRTUReceive                            0x00086a99   Thumb Code    78  mbrtu.o(i.eMBRTUReceive)
    eMBRTUSend                               0x00086af1   Thumb Code    94  mbrtu.o(i.eMBRTUSend)
    eMBRTUStart                              0x00086b59   Thumb Code    34  mbrtu.o(i.eMBRTUStart)
    eMBRTUStop                               0x00086b81   Thumb Code    28  mbrtu.o(i.eMBRTUStop)
    eMBRegCoilsCB                            0x00086b9d   Thumb Code     4  main.o(i.eMBRegCoilsCB)
    eMBRegDiscreteCB                         0x00086ba1   Thumb Code     4  main.o(i.eMBRegDiscreteCB)
    eMBRegHoldingCB                          0x00086ba5   Thumb Code   102  main.o(i.eMBRegHoldingCB)
    eMBRegInputCB                            0x00086c11   Thumb Code    56  main.o(i.eMBRegInputCB)
    floattochar                              0x00086c4d   Thumb Code   298  ht1622.o(i.floattochar)
    hmi                                      0x00086d9d   Thumb Code   148  main.o(i.hmi)
    iap_init                                 0x00086e49   Thumb Code     8  iap.o(i.iap_init)
    init                                     0x00086e55   Thumb Code   218  main.o(i.init)
    initLCD_1622                             0x00086f61   Thumb Code    36  ht1622.o(i.initLCD_1622)
    lpReset                                  0x00086f85   Thumb Code    12  main.o(i.lpReset)
    main                                     0x00086f95   Thumb Code    20  main.o(i.main)
    mb_timer2_interrupt                      0x00086fac   ARM Code      40  porttimer.o(i.mb_timer2_interrupt)
    mb_uart_interrupt                        0x00086fdc   ARM Code      72  portserial.o(i.mb_uart_interrupt)
    modbus                                   0x00087035   Thumb Code    12  main.o(i.modbus)
    os_block                                 0x00087041   Thumb Code    58  rt_task.o(i.os_block)
    os_chk_robin                             0x00087089   Thumb Code    56  rt_robin.o(i.os_chk_robin)
    os_dec_dly                               0x000870cd   Thumb Code   116  rt_list.o(i.os_dec_dly)
    os_def_interrupt                         0x00087148   ARM Code       4  rtx_config.o(i.os_def_interrupt)
    os_dispatch                              0x0008714d   Thumb Code    60  rt_task.o(i.os_dispatch)
    os_dly_wait                              0x00087191   Thumb Code    24  rt_time.o(i.os_dly_wait)
    os_error                                 0x000871a9   Thumb Code     2  rtx_config.o(i.os_error)
    os_evt_psh                               0x000871ad   Thumb Code    74  rt_event.o(i.os_evt_psh)
    os_evt_set                               0x000871fd   Thumb Code    94  rt_event.o(i.os_evt_set)
    os_evt_wait                              0x00087261   Thumb Code    84  rt_event.o(i.os_evt_wait)
    os_get_first                             0x000872b9   Thumb Code    42  rt_list.o(i.os_get_first)
    os_idle_demon                            0x000872e3   Thumb Code     2  rtx_config.o(i.os_idle_demon)
    os_init_robin                            0x0008732d   Thumb Code    16  rt_robin.o(i.os_init_robin)
    os_init_stack                            0x00087345   Thumb Code    86  hal_arm.o(i.os_init_stack)
    os_irq_ack_lock                          0x000873a9   Thumb Code    28  rtx_config.o(i.os_irq_ack_lock)
    os_itv_set                               0x000873d1   Thumb Code    16  rt_time.o(i.os_itv_set)
    os_itv_wait                              0x000873e9   Thumb Code    46  rt_time.o(i.os_itv_wait)
    os_mbx_psh                               0x00087421   Thumb Code   132  rt_mailbox.o(i.os_mbx_psh)
    os_put_dly                               0x000874a9   Thumb Code    76  rt_list.o(i.os_put_dly)
    os_put_prio                              0x000874f9   Thumb Code    62  rt_list.o(i.os_put_prio)
    os_put_rdy_first                         0x00087539   Thumb Code    14  rt_list.o(i.os_put_rdy_first)
    os_rmv_dly                               0x0008754d   Thumb Code    44  rt_list.o(i.os_rmv_dly)
    os_rmv_list                              0x00087579   Thumb Code    46  rt_list.o(i.os_rmv_list)
    os_sem_psh                               0x000875ad   Thumb Code    50  rt_semaphore.o(i.os_sem_psh)
    os_stk_check                             0x000875e5   Thumb Code     2  rtx_config.o(i.os_stk_check)
    os_sys_init1                             0x000875e9   Thumb Code   162  rt_task.o(i.os_sys_init1)
    os_sys_manager                           0x000876d1   Thumb Code   182  rt_system.o(i.os_sys_manager)
    os_tmr_call                              0x0008779d   Thumb Code     2  rtx_config.o(i.os_tmr_call)
    os_tmr_init                              0x000877a1   Thumb Code    12  rtx_config.o(i.os_tmr_init)
    os_tmr_inspect_cnt                       0x000877b5   Thumb Code    10  rtx_config.o(i.os_tmr_inspect_cnt)
    os_tmr_inspect_ovf                       0x000877c9   Thumb Code    10  rtx_config.o(i.os_tmr_inspect_ovf)
    os_tmr_tick                              0x000877d9   Thumb Code    58  rt_timer.o(i.os_tmr_tick)
    os_tsk_create0                           0x0008781d   Thumb Code   130  rt_task.o(i.os_tsk_create0)
    os_tsk_delete                            0x000878ad   Thumb Code   148  rt_task.o(i.os_tsk_delete)
    os_tsk_self                              0x00087955   Thumb Code    12  rt_task.o(i.os_tsk_self)
    p1Handle                                 0x00087965   Thumb Code   104  calc.o(i.p1Handle)
    p2Handle                                 0x000879d9   Thumb Code   104  calc.o(i.p2Handle)
    pid                                      0x00087a4d   Thumb Code   376  main.o(i.pid)
    pid_init                                 0x00087bdd   Thumb Code    60  pid.o(i.pid_init)
    pid_reset_integrator                     0x00087c21   Thumb Code    16  pid.o(i.pid_reset_integrator)
    posHandle                                0x00087c31   Thumb Code   178  calc.o(i.posHandle)
    prveMBError2Exception                    0x00087cf1   Thumb Code    24  mbutils.o(i.prveMBError2Exception)
    spHandle                                 0x00087d49   Thumb Code   160  calc.o(i.spHandle)
    Inline Thumb to ARM Veneer to sqrt       0x00087df9   Thumb Code     4  sqrt.o(i.sqrt)
    sqrt                                     0x00087dfc   ARM Code     108  sqrt.o(i.sqrt)
    tempHandle                               0x00087e69   Thumb Code   252  calc.o(i.tempHandle)
    tsk_unlock                               0x00087f85   Thumb Code    28  rtx_config.o(i.tsk_unlock)
    usMBCRC16                                0x00087fa9   Thumb Code    46  mbcrc.o(i.usMBCRC16)
    vMBPortSerialEnable                      0x00087fdd   Thumb Code    78  portserial.o(i.vMBPortSerialEnable)
    vMBPortTimersDisable                     0x00088039   Thumb Code    12  porttimer.o(i.vMBPortTimersDisable)
    vMBPortTimersEnable                      0x00088049   Thumb Code    24  porttimer.o(i.vMBPortTimersEnable)
    xMBASCIIReceiveFSM                       0x0008806d   Thumb Code   234  mbascii.o(i.xMBASCIIReceiveFSM)
    xMBASCIITimerT1SExpired                  0x0008815d   Thumb Code    46  mbascii.o(i.xMBASCIITimerT1SExpired)
    xMBASCIITransmitFSM                      0x00088191   Thumb Code   176  mbascii.o(i.xMBASCIITransmitFSM)
    xMBPortEventGet                          0x00088245   Thumb Code    24  portevent.o(i.xMBPortEventGet)
    xMBPortEventInit                         0x00088261   Thumb Code    10  portevent.o(i.xMBPortEventInit)
    xMBPortEventPost                         0x00088271   Thumb Code    12  portevent.o(i.xMBPortEventPost)
    xMBPortSerialGetByte                     0x00088281   Thumb Code    10  portserial.o(i.xMBPortSerialGetByte)
    xMBPortSerialInit                        0x00088291   Thumb Code   130  portserial.o(i.xMBPortSerialInit)
    xMBPortSerialPutByte                     0x00088325   Thumb Code     8  portserial.o(i.xMBPortSerialPutByte)
    xMBPortTimersInit                        0x00088331   Thumb Code    10  porttimer.o(i.xMBPortTimersInit)
    xMBRTUReceiveFSM                         0x00088341   Thumb Code   104  mbrtu.o(i.xMBRTUReceiveFSM)
    xMBRTUTimerT35Expired                    0x000883b1   Thumb Code    66  mbrtu.o(i.xMBRTUTimerT35Expired)
    xMBRTUTransmitFSM                        0x000883f9   Thumb Code    94  mbrtu.o(i.xMBRTUTransmitFSM)
    Inline Thumb to ARM Veneer to __aeabi_d2f 0x0008845d   Thumb Code     4  d2f.o(x$fpl$d2f)
    __aeabi_d2f                              0x00088460   ARM Code       0  d2f.o(x$fpl$d2f)
    _d2f                                     0x00088460   ARM Code     108  d2f.o(x$fpl$d2f)
    Inline Thumb to ARM Veneer to __aeabi_dadd 0x000884cd   Thumb Code     4  daddsub_noclz.o(x$fpl$dadd)
    __aeabi_dadd                             0x000884d0   ARM Code       0  daddsub_noclz.o(x$fpl$dadd)
    _dadd                                    0x000884d0   ARM Code     332  daddsub_noclz.o(x$fpl$dadd)
    Inline Thumb to ARM Veneer to __aeabi_ddiv 0x00088621   Thumb Code     4  ddiv.o(x$fpl$ddiv)
    __aeabi_ddiv                             0x00088624   ARM Code       0  ddiv.o(x$fpl$ddiv)
    _ddiv                                    0x00088624   ARM Code     600  ddiv.o(x$fpl$ddiv)
    __fpl_dnaninf                            0x00088904   ARM Code     192  dnaninf.o(x$fpl$dnaninf)
    __fpl_dretinf                            0x000889c4   ARM Code      16  dretinf.o(x$fpl$dretinf)
    _dsqrt                                   0x000889d4   ARM Code     516  dsqrt_noumaal.o(x$fpl$dsqrt)
    __aeabi_dsub                             0x00088bdc   ARM Code       0  daddsub_noclz.o(x$fpl$dsub)
    _dsub                                    0x00088bdc   ARM Code     576  daddsub_noclz.o(x$fpl$dsub)
    Inline Thumb to ARM Veneer to __aeabi_f2d 0x00088e21   Thumb Code     4  f2d.o(x$fpl$f2d)
    __aeabi_f2d                              0x00088e24   ARM Code       0  f2d.o(x$fpl$f2d)
    _f2d                                     0x00088e24   ARM Code     100  f2d.o(x$fpl$f2d)
    Inline Thumb to ARM Veneer to __aeabi_fadd 0x00088e89   Thumb Code     4  faddsub_noclz.o(x$fpl$fadd)
    __aeabi_fadd                             0x00088e8c   ARM Code       0  faddsub_noclz.o(x$fpl$fadd)
    _fadd                                    0x00088e8c   ARM Code     196  faddsub_noclz.o(x$fpl$fadd)
    __fpl_fcheck_NaN1                        0x00088f50   ARM Code       8  fcheck1.o(x$fpl$fcheck1)
    Inline Thumb to ARM Veneer to __aeabi_fdiv 0x00088f5d   Thumb Code     4  fdiv.o(x$fpl$fdiv)
    __aeabi_fdiv                             0x00088f60   ARM Code       0  fdiv.o(x$fpl$fdiv)
    _fdiv                                    0x00088f60   ARM Code     396  fdiv.o(x$fpl$fdiv)
    Inline Thumb to ARM Veneer to __aeabi_f2iz 0x000890f1   Thumb Code     4  ffix.o(x$fpl$ffix)
    __aeabi_f2iz                             0x000890f4   ARM Code       0  ffix.o(x$fpl$ffix)
    _ffix                                    0x000890f4   ARM Code      68  ffix.o(x$fpl$ffix)
    Inline Thumb to ARM Veneer to __aeabi_f2uiz 0x00089139   Thumb Code     4  ffixu.o(x$fpl$ffixu)
    __aeabi_f2uiz                            0x0008913c   ARM Code       0  ffixu.o(x$fpl$ffixu)
    _ffixu                                   0x0008913c   ARM Code      84  ffixu.o(x$fpl$ffixu)
    Inline Thumb to ARM Veneer to __aeabi_i2f 0x00089191   Thumb Code     4  fflt_noclz.o(x$fpl$fflt)
    __aeabi_i2f                              0x00089194   ARM Code       0  fflt_noclz.o(x$fpl$fflt)
    _fflt                                    0x00089194   ARM Code      92  fflt_noclz.o(x$fpl$fflt)
    __fflt_normalise                         0x000891a0   ARM Code       0  fflt_noclz.o(x$fpl$fflt)
    Inline Thumb to ARM Veneer to __aeabi_ui2f 0x000891f1   Thumb Code     4  fflt_noclz.o(x$fpl$ffltu)
    __aeabi_ui2f                             0x000891f4   ARM Code       0  fflt_noclz.o(x$fpl$ffltu)
    _ffltu                                   0x000891f4   ARM Code       8  fflt_noclz.o(x$fpl$ffltu)
    Inline Thumb to ARM Veneer to __aeabi_fmul 0x000891fd   Thumb Code     4  fmul.o(x$fpl$fmul)
    __aeabi_fmul                             0x00089200   ARM Code       0  fmul.o(x$fpl$fmul)
    _fmul                                    0x00089200   ARM Code     256  fmul.o(x$fpl$fmul)
    __fpl_fnaninf                            0x00089300   ARM Code     168  fnaninf.o(x$fpl$fnaninf)
    Inline Thumb to ARM Veneer to _fp_init   0x000893a9   Thumb Code     4  fpinit.o(x$fpl$fpinit)
    _fp_init                                 0x000893ac   ARM Code      24  fpinit.o(x$fpl$fpinit)
    __fplib_config_pureend_doubles           0x000893bc   ARM Code       0  fpinit.o(x$fpl$fpinit)
    __fpl_fretinf                            0x000893c4   ARM Code      16  fretinf.o(x$fpl$fretinf)
    Inline Thumb to ARM Veneer to __aeabi_frsub 0x000893d5   Thumb Code     4  faddsub_noclz.o(x$fpl$frsb)
    __aeabi_frsub                            0x000893d8   ARM Code       0  faddsub_noclz.o(x$fpl$frsb)
    _frsb                                    0x000893d8   ARM Code      20  faddsub_noclz.o(x$fpl$frsb)
    Inline Thumb to ARM Veneer to __aeabi_fsub 0x000893ed   Thumb Code     4  faddsub_noclz.o(x$fpl$fsub)
    __aeabi_fsub                             0x000893f0   ARM Code       0  faddsub_noclz.o(x$fpl$fsub)
    _fsub                                    0x000893f0   ARM Code     304  faddsub_noclz.o(x$fpl$fsub)
    __fpl_return_NaN                         0x00089520   ARM Code     116  retnan.o(x$fpl$retnan)
    Inline Thumb to ARM Veneer to scalbnf    0x00089595   Thumb Code     4  scalbnf.o(x$fpl$scalbnf)
    __ARM_scalbnf                            0x00089598   ARM Code       0  scalbnf.o(x$fpl$scalbnf)
    scalbnf                                  0x00089598   ARM Code      96  scalbnf.o(x$fpl$scalbnf)
    __fpl_inf_scalbnf                        0x000895f4   ARM Code       0  scalbnf.o(x$fpl$scalbnf)
    __fpl_cmpreturn                          0x000895f8   ARM Code      60  trapv.o(x$fpl$trapveneer)
    __I$use$fp                               0x00089634   ARM Code       0  usenofp.o(x$fpl$usenofp)
    os_maxtaskrun                            0x00089834   Data           2  rtx_config.o(.constdata)
    os_stackinfo                             0x00089838   Data           4  rtx_config.o(.constdata)
    os_rrobin                                0x0008983c   Data           4  rtx_config.o(.constdata)
    os_clockrate                             0x00089840   Data           4  rtx_config.o(.constdata)
    os_timernum                              0x00089844   Data           4  rtx_config.o(.constdata)
    mp_tcb_size                              0x00089848   Data           2  rtx_config.o(.constdata)
    mp_stk_size                              0x0008984c   Data           4  rtx_config.o(.constdata)
    os_fifo_size                             0x00089850   Data           1  rtx_config.o(.constdata)
    mp_tmr_size                              0x00089852   Data           2  rtx_config.o(.constdata)
    LED7Code                                 0x00089854   Data          22  ht1622.o(.constdata)
    LED16Char                                0x0008986a   Data         108  ht1622.o(.constdata)
    LED16Num                                 0x000898d6   Data          40  ht1622.o(.constdata)
    display                                  0x000898fe   Data        1280  hmi.o(.constdata)
    Region$$Table$$Base                      0x00089e00   Number         0  anon$$obj.o(Region$$Table)
    Region$$Table$$Limit                     0x00089e20   Number         0  anon$$obj.o(Region$$Table)
    g_UnitCfgInFlash                         0x0008f400   Data         512  main.o(.ARM.__AT_0x0008F400)



==============================================================================

Memory Map of the image

  Image Entry point : 0x000800cc

  Load Region LR_IROM1 (Base: 0x00080000, Size: 0x0000f718, Max: 0x0000f800, ABSOLUTE)

    Execution Region RW_IRAM1 (Base: 0x00010000, Size: 0x00001f10, Max: 0x00002000, ABSOLUTE)

    Base Addr    Size         Type   Attr      Idx    E Section Name        Object

    0x00010000   0x00000018   Data   RW           31    .data               main.o
    0x00010018   0x00000002   Data   RW          203    .data               portevent.o
    0x0001001a   0x00000001   Data   RW          231    .data               portserial.o
    0x0001001b   0x00000001   PAD
    0x0001001c   0x00000004   Data   RW          268    .data               porttimer.o
    0x00010020   0x00000074   Data   RW          304    .data               mb.o
    0x00010094   0x0000000c   Data   RW          405    .data               mbrtu.o
    0x000100a0   0x00000010   Data   RW          575    .data               mbascii.o
    0x000100b0   0x00000004   Data   RW          665    .data               rtx_config.o
    0x000100b4   0x00000008   Data   RW          666    .data               rtx_config.o
    0x000100bc   0x00000001   Data   RW          794    .data               ht1622.o
    0x000100bd   0x00000003   PAD
    0x000100c0   0x0000002c   Data   RW         1014    .data               hmi.o
    0x000100ec   0x00000006   Data   RW         1701    .data               calc.o
    0x000100f2   0x00000002   PAD
    0x000100f4   0x00000004   Data   RW         1852    .data               RTX_ARM_L.lib(rt_task.o)(RTX_ARM_L.lib)
    0x000100f8   0x00000002   Data   RW         1937    .data               RTX_ARM_L.lib(rt_time.o)(RTX_ARM_L.lib)
    0x000100fa   0x00000002   PAD
    0x000100fc   0x00000004   Data   RW         2039    .data               RTX_ARM_L.lib(hal_arm.o)(RTX_ARM_L.lib)
    0x00010100   0x00000008   Data   RW         2092    .data               RTX_ARM_L.lib(rt_system.o)(RTX_ARM_L.lib)
    0x00010108   0x00000008   Data   RW         2199    .data               RTX_ARM_L.lib(rt_robin.o)(RTX_ARM_L.lib)
    0x00010110   0x00000008   Data   RW         2338    .data               RTX_ARM_L.lib(rt_timer.o)(RTX_ARM_L.lib)
    0x00010118   0x000000c6   Zero   RW           29    .bss                main.o
    0x000101de   0x00000100   Zero   RW          404    .bss                mbrtu.o
    0x000102de   0x00000002   PAD
    0x000102e0   0x0000012c   Zero   RW          652    .bss                rtx_config.o
    0x0001040c   0x00000004   PAD
    0x00010410   0x00000710   Zero   RW          653    .bss                rtx_config.o
    0x00010b20   0x00000084   Zero   RW          654    .bss                rtx_config.o
    0x00010ba4   0x00000018   Zero   RW          655    .bss                rtx_config.o
    0x00010bbc   0x000002a0   Zero   RW          656    .bss                rtx_config.o
    0x00010e5c   0x00000f3f   Zero   RW         1012    .bss                hmi.o
    0x00011d9b   0x00000001   PAD
    0x00011d9c   0x00000030   Zero   RW         1851    .bss                RTX_ARM_L.lib(rt_task.o)(RTX_ARM_L.lib)
    0x00011dcc   0x00000030   Zero   RW         2135    .bss                RTX_ARM_L.lib(rt_list.o)(RTX_ARM_L.lib)
    0x00011dfc   0x00000060   Zero   RW         2365    .bss                c_t.l(libspace.o)(c_t.l)
    0x00011e5c   0x00000004   PAD
    0x00011e60   0x00000000   Zero   RW            2    HEAP                startup.o
    0x00011e60   0x000000b0   Zero   RW            1    STACK               startup.o


    Execution Region ER_IROM1 (Base: 0x00080000, Size: 0x0000f600, Max: 0x0000f800, ABSOLUTE)

    Base Addr    Size         Type   Attr      Idx    E Section Name        Object

    0x00080000   0x000000cc   Code   RO            3    RESET               startup.o
    0x000800cc   0x00000008   Code   RO         2391  * !!!main             c_t.l(__main.o)(c_t.l)
    0x000800d4   0x0000003c   Code   RO         2677    !!!scatter          c_t.l(__scatter.o)(c_t.l)
    0x00080110   0x00000028   Code   RO         2679    !!handler_copy      c_t.l(__scatter_copy.o)(c_t.l)
    0x00080138   0x0000002c   Code   RO         2681    !!handler_zi        c_t.l(__scatter_zi.o)(c_t.l)
    0x00080164   0x00000008   Ven    RO         2560    .ARM.Collect$$libinit$$00000000  c_t.l(libinit.o)(c_t.l)
    0x0008016c   0x00000006   Code   RO         2560    .ARM.Collect$$libinit$$00000000  c_t.l(libinit.o)(c_t.l)
    0x00080172   0x00000000   Code   RO         2573    .ARM.Collect$$libinit$$00000006  c_t.l(libinit2.o)(c_t.l)
    0x00080172   0x00000000   Code   RO         2575    .ARM.Collect$$libinit$$00000008  c_t.l(libinit2.o)(c_t.l)
    0x00080172   0x00000000   Code   RO         2577    .ARM.Collect$$libinit$$0000000A  c_t.l(libinit2.o)(c_t.l)
    0x00080172   0x00000000   Code   RO         2580    .ARM.Collect$$libinit$$0000000D  c_t.l(libinit2.o)(c_t.l)
    0x00080172   0x00000000   Code   RO         2582    .ARM.Collect$$libinit$$0000000F  c_t.l(libinit2.o)(c_t.l)
    0x00080172   0x00000000   Code   RO         2584    .ARM.Collect$$libinit$$00000011  c_t.l(libinit2.o)(c_t.l)
    0x00080172   0x00000000   Code   RO         2586    .ARM.Collect$$libinit$$00000013  c_t.l(libinit2.o)(c_t.l)
    0x00080172   0x00000000   Code   RO         2588    .ARM.Collect$$libinit$$00000015  c_t.l(libinit2.o)(c_t.l)
    0x00080172   0x00000000   Code   RO         2590    .ARM.Collect$$libinit$$00000017  c_t.l(libinit2.o)(c_t.l)
    0x00080172   0x00000000   Code   RO         2592    .ARM.Collect$$libinit$$00000019  c_t.l(libinit2.o)(c_t.l)
    0x00080172   0x00000000   Code   RO         2594    .ARM.Collect$$libinit$$0000001B  c_t.l(libinit2.o)(c_t.l)
    0x00080172   0x00000000   Code   RO         2596    .ARM.Collect$$libinit$$0000001D  c_t.l(libinit2.o)(c_t.l)
    0x00080172   0x00000000   Code   RO         2598    .ARM.Collect$$libinit$$0000001F  c_t.l(libinit2.o)(c_t.l)
    0x00080172   0x00000000   Code   RO         2600    .ARM.Collect$$libinit$$00000021  c_t.l(libinit2.o)(c_t.l)
    0x00080172   0x00000000   Code   RO         2604    .ARM.Collect$$libinit$$00000028  c_t.l(libinit2.o)(c_t.l)
    0x00080172   0x00000000   Code   RO         2606    .ARM.Collect$$libinit$$0000002A  c_t.l(libinit2.o)(c_t.l)
    0x00080172   0x00000000   Code   RO         2608    .ARM.Collect$$libinit$$0000002C  c_t.l(libinit2.o)(c_t.l)
    0x00080172   0x00000000   Code   RO         2610    .ARM.Collect$$libinit$$0000002E  c_t.l(libinit2.o)(c_t.l)
    0x00080172   0x0000000c   Code   RO         2611    .ARM.Collect$$libinit$$0000002F  c_t.l(libinit2.o)(c_t.l)
    0x0008017e   0x00000002   PAD
    0x00080180   0x00000008   Ven    RO         2651    .ARM.Collect$$libshutdown$$00000000  c_t.l(libshutdown.o)(c_t.l)
    0x00080188   0x00000004   Code   RO         2651    .ARM.Collect$$libshutdown$$00000000  c_t.l(libshutdown.o)(c_t.l)
    0x0008018c   0x00000000   Code   RO         2662    .ARM.Collect$$libshutdown$$00000003  c_t.l(libshutdown2.o)(c_t.l)
    0x0008018c   0x00000000   Code   RO         2665    .ARM.Collect$$libshutdown$$00000006  c_t.l(libshutdown2.o)(c_t.l)
    0x0008018c   0x00000000   Code   RO         2668    .ARM.Collect$$libshutdown$$00000009  c_t.l(libshutdown2.o)(c_t.l)
    0x0008018c   0x00000000   Code   RO         2670    .ARM.Collect$$libshutdown$$0000000B  c_t.l(libshutdown2.o)(c_t.l)
    0x0008018c   0x00000000   Code   RO         2673    .ARM.Collect$$libshutdown$$0000000E  c_t.l(libshutdown2.o)(c_t.l)
    0x0008018c   0x00000006   Code   RO         2674    .ARM.Collect$$libshutdown$$0000000F  c_t.l(libshutdown2.o)(c_t.l)
    0x00080192   0x00000002   PAD
    0x00080194   0x00000000   Code   RO         2461    .ARM.Collect$$rtentry$$00000000  c_t.l(rtentry.o)(c_t.l)
    0x00080194   0x00000000   Code   RO         2504    .ARM.Collect$$rtentry$$00000002  c_t.l(rtentry2.o)(c_t.l)
    0x00080194   0x00000008   Code   RO         2519    .ARM.Collect$$rtentry$$00000004  c_t.l(rtentry4.o)(c_t.l)
    0x0008019c   0x00000000   Code   RO         2506    .ARM.Collect$$rtentry$$00000009  c_t.l(rtentry2.o)(c_t.l)
    0x0008019c   0x00000004   Code   RO         2507    .ARM.Collect$$rtentry$$0000000A  c_t.l(rtentry2.o)(c_t.l)
    0x000801a0   0x00000000   Code   RO         2509    .ARM.Collect$$rtentry$$0000000C  c_t.l(rtentry2.o)(c_t.l)
    0x000801a0   0x00000028   Code   RO         2510    .ARM.Collect$$rtentry$$0000000D  c_t.l(rtentry2.o)(c_t.l)
    0x000801c8   0x00000004   Ven    RO         2565    .ARM.Collect$$rtexit$$00000000  c_t.l(rtexit.o)(c_t.l)
    0x000801cc   0x00000004   Code   RO         2565    .ARM.Collect$$rtexit$$00000000  c_t.l(rtexit.o)(c_t.l)
    0x000801d0   0x00000000   Code   RO         2615    .ARM.Collect$$rtexit$$00000002  c_t.l(rtexit2.o)(c_t.l)
    0x000801d0   0x00000004   Code   RO         2616    .ARM.Collect$$rtexit$$00000003  c_t.l(rtexit2.o)(c_t.l)
    0x000801d4   0x00000008   Code   RO         2617    .ARM.Collect$$rtexit$$00000004  c_t.l(rtexit2.o)(c_t.l)
    0x000801dc   0x00000048   Code   RO          635    .emb_text           rtx_config.o
    0x00080224   0x000001e8   Code   RO         2031    .emb_text           RTX_ARM_L.lib(hal_arm.o)(RTX_ARM_L.lib)
    0x0008040c   0x00000020   Code   RO            4    .text               startup.o
    0x0008042c   0x0000000c   Code   RO         2364    .text               c_t.l(libspace.o)(c_t.l)
    0x00080438   0x00000010   Code   RO         2367    .text               c_t.l(abort.o)(c_t.l)
    0x00080448   0x00000004   Ven    RO         2369    .text               c_t.l(uread4.o)(c_t.l)
    0x0008044c   0x00000020   Code   RO         2369    .text               c_t.l(uread4.o)(c_t.l)
    0x0008046c   0x00000004   Ven    RO         2371    .text               c_t.l(uwrite4.o)(c_t.l)
    0x00080470   0x00000020   Code   RO         2371    .text               c_t.l(uwrite4.o)(c_t.l)
    0x00080490   0x00000004   Ven    RO         2373    .text               c_t.l(aeabi_sdiv.o)(c_t.l)
    0x00080494   0x00000180   Code   RO         2373    .text               c_t.l(aeabi_sdiv.o)(c_t.l)
    0x00080614   0x00000006   Code   RO         2389    .text               c_t.l(heapauxi.o)(c_t.l)
    0x0008061a   0x00000002   PAD
    0x0008061c   0x00000008   Ven    RO         2459    .text               c_t.l(sys_exit.o)(c_t.l)
    0x00080624   0x0000000c   Code   RO         2459    .text               c_t.l(sys_exit.o)(c_t.l)
    0x00080630   0x00000008   Ven    RO         2467    .text               c_t.l(_rserrno.o)(c_t.l)
    0x00080638   0x0000001a   Code   RO         2467    .text               c_t.l(_rserrno.o)(c_t.l)
    0x00080652   0x00000010   Code   RO         2469    .text               c_t.l(defsig_abrt_outer.o)(c_t.l)
    0x00080662   0x00000002   PAD
    0x00080664   0x00000004   Code   RO         2501    .text               c_t.l(use_no_semi.o)(c_t.l)
    0x00080668   0x00000004   Ven    RO         2530    .text               c_t.l(rt_errno_addr_twolibspace.o)(c_t.l)
    0x0008066c   0x00000004   Code   RO         2530    .text               c_t.l(rt_errno_addr_twolibspace.o)(c_t.l)
    0x00080670   0x00000010   Code   RO         2532    .text               c_t.l(defsig_exit.o)(c_t.l)
    0x00080680   0x00000034   Code   RO         2534    .text               c_t.l(defsig_abrt_inner.o)(c_t.l)
    0x000806b4   0x00000060   Code   RO         2542    .text               c_t.l(sys_stackheap_outer.o)(c_t.l)
    0x00080714   0x0000000c   Code   RO         2544    .text               c_t.l(exit.o)(c_t.l)
    0x00080720   0x00000038   Code   RO         2548    .text               c_t.l(defsig_general.o)(c_t.l)
    0x00080758   0x00000010   Code   RO         2563    .text               c_t.l(sys_wrch.o)(c_t.l)
    0x00080768   0x00000014   Code   RO         2627    .text               c_t.l(rt_fp_status_addr_twolibspace.o)(c_t.l)
    0x0008077c   0x00000004   Ven    RO         2374    .text_udiv          c_t.l(aeabi_sdiv.o)(c_t.l)
    0x00080780   0x00000024   Code   RO         2374    .text_udiv          c_t.l(aeabi_sdiv.o)(c_t.l)
    0x000807a4   0x00000024   Code   RO         2248    SWI_TABLE           RTX_ARM_L.lib(swi_table.o)(RTX_ARM_L.lib)
    0x000807c8   0x0000002c   Code   RO          862    i.ActDoub_OpeningHandler  hmi.o
    0x000807f4   0x0000002c   Code   RO          863    i.ActSngl_OpeningHandler  hmi.o
    0x00080820   0x00000024   Code   RO          864    i.AnlCmd_OpeningHandler  hmi.o
    0x00080844   0x00000024   Code   RO          865    i.AnlP1_OpeningHandler  hmi.o
    0x00080868   0x00000024   Code   RO          866    i.AnlP2_OpeningHandler  hmi.o
    0x0008088c   0x00000024   Code   RO          867    i.AnlPos_OpeningHandler  hmi.o
    0x000808b0   0x00000024   Code   RO          868    i.AnlSet0_OpeningHandler  hmi.o
    0x000808d4   0x00000024   Code   RO          869    i.AnlSet10_OpeningHandler  hmi.o
    0x000808f8   0x00000024   Code   RO          870    i.AnlSet4_OpeningHandler  hmi.o
    0x0008091c   0x00000024   Code   RO          871    i.AnlSet5_OpeningHandler  hmi.o
    0x00080940   0x00000024   Code   RO          872    i.AnlSp_OpeningHandler  hmi.o
    0x00080964   0x00000024   Code   RO          873    i.AnlT_OpeningHandler  hmi.o
    0x00080988   0x00000030   Code   RO          874    i.Bin1Cls_OpeningHandler  hmi.o
    0x000809b8   0x00000034   Code   RO          875    i.Bin1Drv_OpeningHandler  hmi.o
    0x000809ec   0x00000034   Code   RO          876    i.Bin1Err1_OpeningHandler  hmi.o
    0x00080a20   0x00000034   Code   RO          877    i.Bin1Err2_OpeningHandler  hmi.o
    0x00080a54   0x00000034   Code   RO          878    i.Bin1ErrS_OpeningHandler  hmi.o
    0x00080a88   0x00000034   Code   RO          879    i.Bin1ErrT_OpeningHandler  hmi.o
    0x00080abc   0x00000034   Code   RO          880    i.Bin1Lim_OpeningHandler  hmi.o
    0x00080af0   0x00000030   Code   RO          881    i.Bin1Opn_OpeningHandler  hmi.o
    0x00080b20   0x00000034   Code   RO          882    i.Bin1Spos_OpeningHandler  hmi.o
    0x00080b54   0x00000030   Code   RO          883    i.Bin2Cls_OpeningHandler  hmi.o
    0x00080b84   0x00000034   Code   RO          884    i.Bin2Drv_OpeningHandler  hmi.o
    0x00080bb8   0x00000034   Code   RO          885    i.Bin2Err1_OpeningHandler  hmi.o
    0x00080bec   0x00000034   Code   RO          886    i.Bin2Err2_OpeningHandler  hmi.o
    0x00080c20   0x00000034   Code   RO          887    i.Bin2ErrS_OpeningHandler  hmi.o
    0x00080c54   0x00000034   Code   RO          888    i.Bin2ErrT_OpeningHandler  hmi.o
    0x00080c88   0x00000034   Code   RO          889    i.Bin2Lim_OpeningHandler  hmi.o
    0x00080cbc   0x00000030   Code   RO          890    i.Bin2Opn_OpeningHandler  hmi.o
    0x00080cec   0x00000034   Code   RO          891    i.Bin2Spos_OpeningHandler  hmi.o
    0x00080d20   0x00000024   Code   RO          892    i.CaluserFact_OpeningHandler  hmi.o
    0x00080d44   0x00000088   Code   RO          893    i.CaluserInp_DisplayHandler  hmi.o
    0x00080dcc   0x00000090   Code   RO          894    i.CaluserInp_KeyboardHandler  hmi.o
    0x00080e5c   0x0000000c   Code   RO          895    i.CaluserInp_OpeningHandler  hmi.o
    0x00080e68   0x00000088   Code   RO          896    i.CaluserPos_DisplayHandler  hmi.o
    0x00080ef0   0x0000009c   Code   RO          897    i.CaluserPos_KeyboardHandler  hmi.o
    0x00080f8c   0x0000001c   Code   RO          898    i.CaluserPos_OpeningHandler  hmi.o
    0x00080fa8   0x00000030   Code   RO          899    i.Charact11_OpeningHandler  hmi.o
    0x00080fd8   0x00000034   Code   RO          900    i.Charact125_OpeningHandler  hmi.o
    0x0008100c   0x00000034   Code   RO          901    i.Charact133_OpeningHandler  hmi.o
    0x00081040   0x00000034   Code   RO          902    i.Charact150_OpeningHandler  hmi.o
    0x00081074   0x00000034   Code   RO          903    i.Charact251_OpeningHandler  hmi.o
    0x000810a8   0x00000034   Code   RO          904    i.Charact331_OpeningHandler  hmi.o
    0x000810dc   0x00000034   Code   RO          905    i.Charact501_OpeningHandler  hmi.o
    0x00081110   0x00000090   Code   RO          906    i.CharactFree_DisplayHandler  hmi.o
    0x000811a0   0x000000c8   Code   RO          907    i.CharactFree_KeyboardHandler  hmi.o
    0x00081268   0x00000030   Code   RO          908    i.CharactFree_OpeningHandler  hmi.o
    0x00081298   0x00000094   Code   RO          909    i.CheckKeyboard     hmi.o
    0x0008132c   0x00000080   Code   RO          910    i.CodeGlob_DisplayHandler  hmi.o
    0x000813ac   0x000000b0   Code   RO          911    i.CodeGlob_KeyboardHandler  hmi.o
    0x0008145c   0x00000028   Code   RO          912    i.CodeGlob_OpeningHandler  hmi.o
    0x00081484   0x00000080   Code   RO          913    i.CodeKey_DisplayHandler  hmi.o
    0x00081504   0x000000b0   Code   RO          914    i.CodeKey_KeyboardHandler  hmi.o
    0x000815b4   0x00000028   Code   RO          915    i.CodeKey_OpeningHandler  hmi.o
    0x000815dc   0x00000080   Code   RO          916    i.CodeMenu_DisplayHandler  hmi.o
    0x0008165c   0x000000b0   Code   RO          917    i.CodeMenu_KeyboardHandler  hmi.o
    0x0008170c   0x00000028   Code   RO          918    i.CodeMenu_OpeningHandler  hmi.o
    0x00081734   0x00000080   Code   RO         1639    i.DS18B20_ReadByte  ds18b20.o
    0x000817b4   0x000000a0   Code   RO         1640    i.DS18B20_Temperature  ds18b20.o
    0x00081854   0x00000060   Code   RO         1641    i.DS18B20_WriteByte  ds18b20.o
    0x000818b4   0x0000002c   Code   RO          919    i.DiractFall_OpeningHandler  hmi.o
    0x000818e0   0x0000002c   Code   RO          920    i.DiractRise_OpeningHandler  hmi.o
    0x0008190c   0x0000002c   Code   RO          921    i.DircmdFall_OpeningHandler  hmi.o
    0x00081938   0x0000002c   Code   RO          922    i.DircmdRise_OpeningHandler  hmi.o
    0x00081964   0x000001d4   Code   RO          923    i.Display           hmi.o
    0x00081b38   0x00000044   Code   RO          762    i.EepromWr_n        iap.o
    0x00081b7c   0x00000010   Code   RO          924    i.HMI_Handler       hmi.o
    0x00081b8c   0x00001464   Code   RO          925    i.HMI_Init          hmi.o
    0x00082ff0   0x00000078   Code   RO         1642    i.Init_DS18B20      ds18b20.o
    0x00083068   0x0000002c   Code   RO          926    i.Input0_OpeningHandler  hmi.o
    0x00083094   0x0000002c   Code   RO          927    i.Input10_OpeningHandler  hmi.o
    0x000830c0   0x0000002c   Code   RO          928    i.Input4_OpeningHandler  hmi.o
    0x000830ec   0x0000002c   Code   RO          929    i.Input5_OpeningHandler  hmi.o
    0x00083118   0x00000098   Code   RO          930    i.InsetCutoff_DisplayHandler  hmi.o
    0x000831b0   0x000000c4   Code   RO          931    i.InsetCutoff_KeyboardHandler  hmi.o
    0x00083274   0x00000028   Code   RO          932    i.InsetCutoff_OpeningHandler  hmi.o
    0x0008329c   0x00000098   Code   RO          933    i.InsetSpltrng_DisplayHandler  hmi.o
    0x00083334   0x000000c4   Code   RO          934    i.InsetSpltrng_KeyboardHandler  hmi.o
    0x000833f8   0x00000028   Code   RO          935    i.InsetSpltrng_OpeningHandler  hmi.o
    0x00083420   0x0000002c   Code   RO          781    i.LCDWRITE_1622     ht1622.o
    0x0008344c   0x00000024   Code   RO          936    i.LeakChar_OpeningHandler  hmi.o
    0x00083470   0x00000104   Code   RO          937    i.LeakMeas_DisplayHandler  hmi.o
    0x00083574   0x0000009c   Code   RO          938    i.LeakMeas_KeyboardHandler  hmi.o
    0x00083610   0x0000004c   Code   RO          939    i.LeakMeas_OpeningHandler  hmi.o
    0x0008365c   0x00000024   Code   RO          940    i.LeakNot_OpeningHandler  hmi.o
    0x00083680   0x0000008c   Code   RO          941    i.MENU_MAIN_MANUAL_DisplayHandler  hmi.o
    0x0008370c   0x000000b8   Code   RO          942    i.MENU_MAIN_MANUAL_KeyboardHandler  hmi.o
    0x000837c4   0x00000028   Code   RO          943    i.MENU_MAIN_MANUAL_OpeningHandler  hmi.o
    0x000837ec   0x00000030   Code   RO          944    i.MainMenu_DisplayHandler  hmi.o
    0x0008381c   0x0000000c   Code   RO          945    i.MainMenu_KeyboardHandler  hmi.o
    0x00083828   0x000000e4   Code   RO          946    i.MenuKeyboardHandler  hmi.o
    0x0008390c   0x00000074   Code   RO          947    i.OnKeyDown         hmi.o
    0x00083980   0x0000006c   Code   RO          948    i.OnKeyUp           hmi.o
    0x000839ec   0x00000070   Code   RO          949    i.PcontrlDbnd_DisplayHandler  hmi.o
    0x00083a5c   0x0000009c   Code   RO          950    i.PcontrlDbnd_KeyboardHandler  hmi.o
    0x00083af8   0x00000028   Code   RO          951    i.PcontrlDbnd_OpeningHandler  hmi.o
    0x00083b20   0x0000006c   Code   RO          952    i.PcontrlFilt_DisplayHandler  hmi.o
    0x00083b8c   0x00000088   Code   RO          953    i.PcontrlFilt_KeyboardHandler  hmi.o
    0x00083c14   0x00000018   Code   RO          954    i.PcontrlFilt_OpeningHandler  hmi.o
    0x00083c2c   0x00000104   Code   RO          955    i.PcontrlKv_DisplayHandler  hmi.o
    0x00083d30   0x0000009c   Code   RO          956    i.PcontrlKv_KeyboardHandler  hmi.o
    0x00083dcc   0x0000004c   Code   RO          957    i.PcontrlKv_OpeningHandler  hmi.o
    0x00083e18   0x000000d4   Code   RO          958    i.PcontrlPara_DisplayHandler  hmi.o
    0x00083eec   0x00000084   Code   RO          959    i.PcontrlPara_KeyboardHandler  hmi.o
    0x00083f70   0x00000028   Code   RO          960    i.PcontrlPara_OpeningHandler  hmi.o
    0x00083f98   0x00000034   Code   RO          961    i.PortD_OpeningHandler  hmi.o
    0x00083fcc   0x00000048   Code   RO          782    i.Reset_1622        ht1622.o
    0x00084014   0x0000001e   Code   RO          783    i.SENDCOMA          ht1622.o
    0x00084032   0x0000001e   Code   RO          784    i.SENDCOMB          ht1622.o
    0x00084050   0x00000104   Code   RO          962    i.ScalF_DisplayHandler  hmi.o
    0x00084154   0x0000009c   Code   RO          963    i.ScalF_KeyboardHandler  hmi.o
    0x000841f0   0x0000004c   Code   RO          964    i.ScalF_OpeningHandler  hmi.o
    0x0008423c   0x00000104   Code   RO          965    i.ScalP_DisplayHandler  hmi.o
    0x00084340   0x0000009c   Code   RO          966    i.ScalP_KeyboardHandler  hmi.o
    0x000843dc   0x0000004c   Code   RO          967    i.ScalP_OpeningHandler  hmi.o
    0x00084428   0x00000104   Code   RO          968    i.ScalS_DisplayHandler  hmi.o
    0x0008452c   0x0000009c   Code   RO          969    i.ScalS_KeyboardHandler  hmi.o
    0x000845c8   0x0000004c   Code   RO          970    i.ScalS_OpeningHandler  hmi.o
    0x00084614   0x00000104   Code   RO          971    i.ScalT_DisplayHandler  hmi.o
    0x00084718   0x0000009c   Code   RO          972    i.ScalT_KeyboardHandler  hmi.o
    0x000847b4   0x0000004c   Code   RO          973    i.ScalT_OpeningHandler  hmi.o
    0x00084800   0x00000060   Code   RO          786    i.SendBit_HT1622    ht1622.o
    0x00084860   0x00000030   Code   RO          974    i.Serio1200_OpeningHandler  hmi.o
    0x00084890   0x00000030   Code   RO          975    i.Serio19200_OpeningHandler  hmi.o
    0x000848c0   0x00000030   Code   RO          976    i.Serio2400_OpeningHandler  hmi.o
    0x000848f0   0x00000030   Code   RO          977    i.Serio38400_OpeningHandler  hmi.o
    0x00084920   0x00000030   Code   RO          978    i.Serio4800_OpeningHandler  hmi.o
    0x00084950   0x00000030   Code   RO          979    i.Serio9600_OpeningHandler  hmi.o
    0x00084980   0x00000080   Code   RO           11    i.SetPwmDutyCycle1  main.o
    0x00084a00   0x000000d8   Code   RO           12    i.SetPwmDutyCycle2  main.o
    0x00084ad8   0x0000002c   Code   RO          980    i.SigerrFunon_OpeningHandler  hmi.o
    0x00084b04   0x0000002c   Code   RO          981    i.SigerrOff_OpeningHandler  hmi.o
    0x00084b30   0x0000002c   Code   RO          982    i.SigerrPoson_OpeningHandler  hmi.o
    0x00084b5c   0x00000080   Code   RO          983    i.SystemSafepos_DisplayHandler  hmi.o
    0x00084bdc   0x0000009c   Code   RO          984    i.SystemSafepos_KeyboardHandler  hmi.o
    0x00084c78   0x00000028   Code   RO          985    i.SystemSafepos_OpeningHandler  hmi.o
    0x00084ca0   0x00000024   Code   RO          986    i.SystemSetfact_OpeningHandler  hmi.o
    0x00084cc4   0x00000024   Code   RO          987    i.TuneDef_OpeningHandler  hmi.o
    0x00084ce8   0x00000024   Code   RO          988    i.TuneFlow_OpeningHandler  hmi.o
    0x00084d0c   0x00000024   Code   RO          989    i.TuneLevl_OpeningHandler  hmi.o
    0x00084d30   0x00000024   Code   RO          990    i.TuneNot_OpeningHandler  hmi.o
    0x00084d54   0x00000024   Code   RO          991    i.TunePres_OpeningHandler  hmi.o
    0x00084d78   0x00000024   Code   RO          992    i.TuneTemp_OpeningHandler  hmi.o
    0x00084d9c   0x00000080   Code   RO          993    i.XcontrolDbnd_DisplayHandler  hmi.o
    0x00084e1c   0x0000009c   Code   RO          994    i.XcontrolDbnd_KeyboardHandler  hmi.o
    0x00084eb8   0x00000028   Code   RO          995    i.XcontrolDbnd_OpeningHandler  hmi.o
    0x00084ee0   0x00000098   Code   RO          996    i.XcontrolPara_DisplayHandler  hmi.o
    0x00084f78   0x000000c4   Code   RO          997    i.XcontrolPara_KeyboardHandler  hmi.o
    0x0008503c   0x00000028   Code   RO          998    i.XcontrolPara_OpeningHandler  hmi.o
    0x00085064   0x00000098   Code   RO          999    i.XsetXlimit_DisplayHandler  hmi.o
    0x000850fc   0x000000c4   Code   RO         1000    i.XsetXlimit_KeyboardHandler  hmi.o
    0x000851c0   0x00000028   Code   RO         1001    i.XsetXlimit_OpeningHandler  hmi.o
    0x000851e8   0x00000094   Code   RO         1002    i.XsetXtime_DisplayHandler  hmi.o
    0x0008527c   0x000000a8   Code   RO         1003    i.XsetXtime_KeyboardHandler  hmi.o
    0x00085324   0x00000028   Code   RO         1004    i.XsetXtime_OpeningHandler  hmi.o
    0x0008534c   0x00000094   Code   RO         1005    i.XtuneAir_DisplayHandler  hmi.o
    0x000853e0   0x000000a8   Code   RO         1006    i.XtuneAir_KeyboardHandler  hmi.o
    0x00085488   0x00000028   Code   RO         1007    i.XtuneAir_OpeningHandler  hmi.o
    0x000854b0   0x00000104   Code   RO         1008    i.XtuneAuto_OpeningHandler  hmi.o
    0x000855b4   0x00000098   Code   RO         1009    i.XtunePwm_DisplayHandler  hmi.o
    0x0008564c   0x000000c4   Code   RO         1010    i.XtunePwm_KeyboardHandler  hmi.o
    0x00085710   0x00000028   Code   RO         1011    i.XtunePwm_OpeningHandler  hmi.o
    0x00085738   0x00000002   Code   RO          346    i.__ARM_common_call_via_r0  mb.o
    0x0008573a   0x00000002   Code   RO          342    i.__ARM_common_call_via_r2  mb.o
    0x0008573c   0x00000002   Code   RO          344    i.__ARM_common_call_via_r3  mb.o
    0x0008573e   0x00000002   PAD
    0x00085740   0x00000004   Ven    RO          350    i.__ARM_common_disable_irq  mb.o
    0x00085744   0x00000014   Code   RO          350    i.__ARM_common_disable_irq  mb.o
    0x00085758   0x00000004   Ven    RO          348    i.__ARM_common_enable_irq  mb.o
    0x0008575c   0x00000010   Code   RO          348    i.__ARM_common_enable_irq  mb.o
    0x0008576c   0x00000004   Ven    RO          119    i.__ARM_common_switch8  main.o
    0x00085770   0x00000018   Code   RO          119    i.__ARM_common_switch8  main.o
    0x00085788   0x00000030   Code   RO         2032    i.__SWI_0           RTX_ARM_L.lib(hal_arm.o)(RTX_ARM_L.lib)
    0x000857b8   0x0000000e   Code   RO         2218    i.__SWI_1           RTX_ARM_L.lib(rt_membox.o)(RTX_ARM_L.lib)
    0x000857c6   0x00000018   Code   RO         2219    i.__SWI_2           RTX_ARM_L.lib(rt_membox.o)(RTX_ARM_L.lib)
    0x000857de   0x00000008   Code   RO         2033    i.__SWI_3           RTX_ARM_L.lib(hal_arm.o)(RTX_ARM_L.lib)
    0x000857e6   0x00000008   Code   RO         2034    i.__SWI_4           RTX_ARM_L.lib(hal_arm.o)(RTX_ARM_L.lib)
    0x000857ee   0x00000002   PAD
    0x000857f0   0x0000000c   Code   RO          636    i.__SWI_5           rtx_config.o
    0x000857fc   0x00000002   Code   RO         2035    i.__SWI_6           RTX_ARM_L.lib(hal_arm.o)(RTX_ARM_L.lib)
    0x000857fe   0x00000002   Code   RO         2036    i.__SWI_7           RTX_ARM_L.lib(hal_arm.o)(RTX_ARM_L.lib)
    0x00085800   0x00000008   Ven    RO          637    i.__user_perthread_libspace  rtx_config.o
    0x00085808   0x00000028   Code   RO          637    i.__user_perthread_libspace  rtx_config.o
    0x00085830   0x0000004a   Code   RO         2221    i._init_box         RTX_ARM_L.lib(rt_membox.o)(RTX_ARM_L.lib)
    0x0008587a   0x00000002   PAD
    0x0008587c   0x00000070   Code   RO           13    i.adc               main.o
    0x000858ec   0x00000028   Code   RO           14    i.adc_init          main.o
    0x00085914   0x00000014   Code   RO           15    i.adc_poweron       main.o
    0x00085928   0x00000068   Code   RO           16    i.adc_read_data     main.o
    0x00085990   0x00000034   Code   RO          787    i.clearLCD          ht1622.o
    0x000859c4   0x000000c4   Code   RO           17    i.data_init         main.o
    0x00085a88   0x00000018   Code   RO         1643    i.delay_5us         ds18b20.o
    0x00085aa0   0x000002b8   Code   RO          788    i.digital           ht1622.o
    0x00085d58   0x000005dc   Code   RO          789    i.display_char      ht1622.o
    0x00086334   0x00000074   Code   RO          790    i.display_digital   ht1622.o
    0x000863a8   0x00000044   Code   RO          565    i.eMBASCIIInit      mbascii.o
    0x000863ec   0x00000050   Code   RO          566    i.eMBASCIIReceive   mbascii.o
    0x0008643c   0x00000058   Code   RO          567    i.eMBASCIISend      mbascii.o
    0x00086494   0x00000028   Code   RO          568    i.eMBASCIIStart     mbascii.o
    0x000864bc   0x0000001c   Code   RO          569    i.eMBASCIIStop      mbascii.o
    0x000864d8   0x00000028   Code   RO          300    i.eMBEnable         mb.o
    0x00086500   0x0000007c   Code   RO          457    i.eMBFuncReadCoils  mbfunccoils.o
    0x0008657c   0x0000007c   Code   RO          481    i.eMBFuncReadDiscreteInputs  mbfuncdisc.o
    0x000865f8   0x00000060   Code   RO          493    i.eMBFuncReadHoldingRegister  mbfuncholding.o
    0x00086658   0x00000064   Code   RO          523    i.eMBFuncReadInputRegister  mbfuncinput.o
    0x000866bc   0x000000a2   Code   RO          494    i.eMBFuncReadWriteMultipleHoldingRegister  mbfuncholding.o
    0x0008675e   0x0000005c   Code   RO          458    i.eMBFuncWriteCoil  mbfunccoils.o
    0x000867ba   0x00000038   Code   RO          495    i.eMBFuncWriteHoldingRegister  mbfuncholding.o
    0x000867f2   0x00000002   PAD
    0x000867f4   0x0000006c   Code   RO          459    i.eMBFuncWriteMultipleCoils  mbfunccoils.o
    0x00086860   0x00000056   Code   RO          496    i.eMBFuncWriteMultipleHoldingRegister  mbfuncholding.o
    0x000868b6   0x00000002   PAD
    0x000868b8   0x000000c8   Code   RO          301    i.eMBInit           mb.o
    0x00086980   0x000000c8   Code   RO          302    i.eMBPoll           mb.o
    0x00086a48   0x00000050   Code   RO          396    i.eMBRTUInit        mbrtu.o
    0x00086a98   0x00000058   Code   RO          397    i.eMBRTUReceive     mbrtu.o
    0x00086af0   0x00000068   Code   RO          398    i.eMBRTUSend        mbrtu.o
    0x00086b58   0x00000028   Code   RO          399    i.eMBRTUStart       mbrtu.o
    0x00086b80   0x0000001c   Code   RO          400    i.eMBRTUStop        mbrtu.o
    0x00086b9c   0x00000004   Code   RO           18    i.eMBRegCoilsCB     main.o
    0x00086ba0   0x00000004   Code   RO           19    i.eMBRegDiscreteCB  main.o
    0x00086ba4   0x0000006c   Code   RO           20    i.eMBRegHoldingCB   main.o
    0x00086c10   0x0000003c   Code   RO           21    i.eMBRegInputCB     main.o
    0x00086c4c   0x00000150   Code   RO          791    i.floattochar       ht1622.o
    0x00086d9c   0x000000ac   Code   RO           22    i.hmi               main.o
    0x00086e48   0x0000000c   Code   RO          763    i.iap_init          iap.o
    0x00086e54   0x0000010c   Code   RO           23    i.init              main.o
    0x00086f60   0x00000024   Code   RO          792    i.initLCD_1622      ht1622.o
    0x00086f84   0x00000010   Code   RO           24    i.lpReset           main.o
    0x00086f94   0x00000018   Code   RO           25    i.main              main.o
    0x00086fac   0x00000030   Code   RO          266    i.mb_timer2_interrupt  porttimer.o
    0x00086fdc   0x00000058   Code   RO          226    i.mb_uart_interrupt  portserial.o
    0x00087034   0x0000000c   Code   RO           26    i.modbus            main.o
    0x00087040   0x00000048   Code   RO         1841    i.os_block          RTX_ARM_L.lib(rt_task.o)(RTX_ARM_L.lib)
    0x00087088   0x00000044   Code   RO         2197    i.os_chk_robin      RTX_ARM_L.lib(rt_robin.o)(RTX_ARM_L.lib)
    0x000870cc   0x0000007c   Code   RO         2125    i.os_dec_dly        RTX_ARM_L.lib(rt_list.o)(RTX_ARM_L.lib)
    0x00087148   0x00000004   Code   RO          641    i.os_def_interrupt  rtx_config.o
    0x0008714c   0x00000044   Code   RO         1842    i.os_dispatch       RTX_ARM_L.lib(rt_task.o)(RTX_ARM_L.lib)
    0x00087190   0x00000018   Code   RO         1934    i.os_dly_wait       RTX_ARM_L.lib(rt_time.o)(RTX_ARM_L.lib)
    0x000871a8   0x00000002   Code   RO          642    i.os_error          rtx_config.o
    0x000871aa   0x00000002   PAD
    0x000871ac   0x00000050   Code   RO         1968    i.os_evt_psh        RTX_ARM_L.lib(rt_event.o)(RTX_ARM_L.lib)
    0x000871fc   0x00000064   Code   RO         1969    i.os_evt_set        RTX_ARM_L.lib(rt_event.o)(RTX_ARM_L.lib)
    0x00087260   0x00000058   Code   RO         1970    i.os_evt_wait       RTX_ARM_L.lib(rt_event.o)(RTX_ARM_L.lib)
    0x000872b8   0x0000002a   Code   RO         2126    i.os_get_first      RTX_ARM_L.lib(rt_list.o)(RTX_ARM_L.lib)
    0x000872e2   0x00000002   Code   RO          643    i.os_idle_demon     rtx_config.o
    0x000872e4   0x00000048   Code   RO         1843    i.os_init_context   RTX_ARM_L.lib(rt_task.o)(RTX_ARM_L.lib)
    0x0008732c   0x00000018   Code   RO         2198    i.os_init_robin     RTX_ARM_L.lib(rt_robin.o)(RTX_ARM_L.lib)
    0x00087344   0x00000064   Code   RO         2037    i.os_init_stack     RTX_ARM_L.lib(hal_arm.o)(RTX_ARM_L.lib)
    0x000873a8   0x00000028   Code   RO          644    i.os_irq_ack_lock   rtx_config.o
    0x000873d0   0x00000018   Code   RO         1935    i.os_itv_set        RTX_ARM_L.lib(rt_time.o)(RTX_ARM_L.lib)
    0x000873e8   0x00000038   Code   RO         1936    i.os_itv_wait       RTX_ARM_L.lib(rt_time.o)(RTX_ARM_L.lib)
    0x00087420   0x00000088   Code   RO         2255    i.os_mbx_psh        RTX_ARM_L.lib(rt_mailbox.o)(RTX_ARM_L.lib)
    0x000874a8   0x00000050   Code   RO         2129    i.os_put_dly        RTX_ARM_L.lib(rt_list.o)(RTX_ARM_L.lib)
    0x000874f8   0x0000003e   Code   RO         2130    i.os_put_prio       RTX_ARM_L.lib(rt_list.o)(RTX_ARM_L.lib)
    0x00087536   0x00000002   PAD
    0x00087538   0x00000014   Code   RO         2131    i.os_put_rdy_first  RTX_ARM_L.lib(rt_list.o)(RTX_ARM_L.lib)
    0x0008754c   0x0000002c   Code   RO         2133    i.os_rmv_dly        RTX_ARM_L.lib(rt_list.o)(RTX_ARM_L.lib)
    0x00087578   0x00000034   Code   RO         2134    i.os_rmv_list       RTX_ARM_L.lib(rt_list.o)(RTX_ARM_L.lib)
    0x000875ac   0x00000038   Code   RO         2301    i.os_sem_psh        RTX_ARM_L.lib(rt_semaphore.o)(RTX_ARM_L.lib)
    0x000875e4   0x00000002   Code   RO          645    i.os_stk_check      rtx_config.o
    0x000875e6   0x00000002   PAD
    0x000875e8   0x000000e8   Code   RO         1844    i.os_sys_init1      RTX_ARM_L.lib(rt_task.o)(RTX_ARM_L.lib)
    0x000876d0   0x000000cc   Code   RO         2091    i.os_sys_manager    RTX_ARM_L.lib(rt_system.o)(RTX_ARM_L.lib)
    0x0008779c   0x00000002   Code   RO          646    i.os_tmr_call       rtx_config.o
    0x0008779e   0x00000002   PAD
    0x000877a0   0x00000014   Code   RO          648    i.os_tmr_init       rtx_config.o
    0x000877b4   0x00000014   Code   RO          649    i.os_tmr_inspect_cnt  rtx_config.o
    0x000877c8   0x00000010   Code   RO          650    i.os_tmr_inspect_ovf  rtx_config.o
    0x000877d8   0x00000044   Code   RO         2337    i.os_tmr_tick       RTX_ARM_L.lib(rt_timer.o)(RTX_ARM_L.lib)
    0x0008781c   0x00000090   Code   RO         1845    i.os_tsk_create0    RTX_ARM_L.lib(rt_task.o)(RTX_ARM_L.lib)
    0x000878ac   0x000000a8   Code   RO         1847    i.os_tsk_delete     RTX_ARM_L.lib(rt_task.o)(RTX_ARM_L.lib)
    0x00087954   0x00000010   Code   RO         1850    i.os_tsk_self       RTX_ARM_L.lib(rt_task.o)(RTX_ARM_L.lib)
    0x00087964   0x00000074   Code   RO         1696    i.p1Handle          calc.o
    0x000879d8   0x00000074   Code   RO         1697    i.p2Handle          calc.o
    0x00087a4c   0x00000190   Code   RO           27    i.pid               main.o
    0x00087bdc   0x00000044   Code   RO         1672    i.pid_init          pid.o
    0x00087c20   0x00000010   Code   RO         1673    i.pid_reset_integrator  pid.o
    0x00087c30   0x000000c0   Code   RO         1698    i.posHandle         calc.o
    0x00087cf0   0x00000018   Code   RO          541    i.prveMBError2Exception  mbutils.o
    0x00087d08   0x0000001c   Code   RO          570    i.prvucMBBIN2CHAR   mbascii.o
    0x00087d24   0x00000022   Code   RO          571    i.prvucMBLRC        mbascii.o
    0x00087d46   0x00000002   PAD
    0x00087d48   0x000000b0   Code   RO         1699    i.spHandle          calc.o
    0x00087df8   0x00000004   Ven    RO         2452    i.sqrt              m_ts.l(sqrt.o)(m_ts.l)
    0x00087dfc   0x0000006c   Code   RO         2452    i.sqrt              m_ts.l(sqrt.o)(m_ts.l)
    0x00087e68   0x0000011c   Code   RO         1700    i.tempHandle        calc.o
    0x00087f84   0x00000024   Code   RO          651    i.tsk_unlock        rtx_config.o
    0x00087fa8   0x00000034   Code   RO          382    i.usMBCRC16         mbcrc.o
    0x00087fdc   0x0000005c   Code   RO          227    i.vMBPortSerialEnable  portserial.o
    0x00088038   0x00000010   Code   RO          289    i.vMBPortTimersDisable  porttimer.o
    0x00088048   0x00000024   Code   RO          283    i.vMBPortTimersEnable  porttimer.o
    0x0008806c   0x000000f0   Code   RO          572    i.xMBASCIIReceiveFSM  mbascii.o
    0x0008815c   0x00000034   Code   RO          573    i.xMBASCIITimerT1SExpired  mbascii.o
    0x00088190   0x000000b4   Code   RO          574    i.xMBASCIITransmitFSM  mbascii.o
    0x00088244   0x0000001c   Code   RO          200    i.xMBPortEventGet   portevent.o
    0x00088260   0x00000010   Code   RO          201    i.xMBPortEventInit  portevent.o
    0x00088270   0x00000010   Code   RO          202    i.xMBPortEventPost  portevent.o
    0x00088280   0x00000010   Code   RO          228    i.xMBPortSerialGetByte  portserial.o
    0x00088290   0x00000094   Code   RO          229    i.xMBPortSerialInit  portserial.o
    0x00088324   0x0000000c   Code   RO          230    i.xMBPortSerialPutByte  portserial.o
    0x00088330   0x00000010   Code   RO          267    i.xMBPortTimersInit  porttimer.o
    0x00088340   0x00000070   Code   RO          401    i.xMBRTUReceiveFSM  mbrtu.o
    0x000883b0   0x00000048   Code   RO          402    i.xMBRTUTimerT35Expired  mbrtu.o
    0x000883f8   0x00000064   Code   RO          403    i.xMBRTUTransmitFSM  mbrtu.o
    0x0008845c   0x00000004   Ven    RO         2393    x$fpl$d2f           fz_ts.l(d2f.o)(fz_ts.l)
    0x00088460   0x0000006c   Code   RO         2393    x$fpl$d2f           fz_ts.l(d2f.o)(fz_ts.l)
    0x000884cc   0x00000004   Ven    RO         2395    x$fpl$dadd          fz_ts.l(daddsub_noclz.o)(fz_ts.l)
    0x000884d0   0x00000150   Code   RO         2395    x$fpl$dadd          fz_ts.l(daddsub_noclz.o)(fz_ts.l)
    0x00088620   0x00000004   Ven    RO         2402    x$fpl$ddiv          fz_ts.l(ddiv.o)(fz_ts.l)
    0x00088624   0x000002e0   Code   RO         2402    x$fpl$ddiv          fz_ts.l(ddiv.o)(fz_ts.l)
    0x00088904   0x000000c0   Code   RO         2477    x$fpl$dnaninf       fz_ts.l(dnaninf.o)(fz_ts.l)
    0x000889c4   0x00000010   Code   RO         2479    x$fpl$dretinf       fz_ts.l(dretinf.o)(fz_ts.l)
    0x000889d4   0x00000208   Code   RO         2481    x$fpl$dsqrt         fz_ts.l(dsqrt_noumaal.o)(fz_ts.l)
    0x00088bdc   0x00000244   Code   RO         2397    x$fpl$dsub          fz_ts.l(daddsub_noclz.o)(fz_ts.l)
    0x00088e20   0x00000004   Ven    RO         2411    x$fpl$f2d           fz_ts.l(f2d.o)(fz_ts.l)
    0x00088e24   0x00000064   Code   RO         2411    x$fpl$f2d           fz_ts.l(f2d.o)(fz_ts.l)
    0x00088e88   0x00000004   Ven    RO         2413    x$fpl$fadd          fz_ts.l(faddsub_noclz.o)(fz_ts.l)
    0x00088e8c   0x000000c4   Code   RO         2413    x$fpl$fadd          fz_ts.l(faddsub_noclz.o)(fz_ts.l)
    0x00088f50   0x0000000c   Code   RO         2483    x$fpl$fcheck1       fz_ts.l(fcheck1.o)(fz_ts.l)
    0x00088f5c   0x00000004   Ven    RO         2420    x$fpl$fdiv          fz_ts.l(fdiv.o)(fz_ts.l)
    0x00088f60   0x00000190   Code   RO         2420    x$fpl$fdiv          fz_ts.l(fdiv.o)(fz_ts.l)
    0x000890f0   0x00000004   Ven    RO         2423    x$fpl$ffix          fz_ts.l(ffix.o)(fz_ts.l)
    0x000890f4   0x00000044   Code   RO         2423    x$fpl$ffix          fz_ts.l(ffix.o)(fz_ts.l)
    0x00089138   0x00000004   Ven    RO         2427    x$fpl$ffixu         fz_ts.l(ffixu.o)(fz_ts.l)
    0x0008913c   0x00000054   Code   RO         2427    x$fpl$ffixu         fz_ts.l(ffixu.o)(fz_ts.l)
    0x00089190   0x00000004   Ven    RO         2432    x$fpl$fflt          fz_ts.l(fflt_noclz.o)(fz_ts.l)
    0x00089194   0x0000005c   Code   RO         2432    x$fpl$fflt          fz_ts.l(fflt_noclz.o)(fz_ts.l)
    0x000891f0   0x00000004   Ven    RO         2431    x$fpl$ffltu         fz_ts.l(fflt_noclz.o)(fz_ts.l)
    0x000891f4   0x00000008   Code   RO         2431    x$fpl$ffltu         fz_ts.l(fflt_noclz.o)(fz_ts.l)
    0x000891fc   0x00000004   Ven    RO         2435    x$fpl$fmul          fz_ts.l(fmul.o)(fz_ts.l)
    0x00089200   0x00000100   Code   RO         2435    x$fpl$fmul          fz_ts.l(fmul.o)(fz_ts.l)
    0x00089300   0x000000a8   Code   RO         2485    x$fpl$fnaninf       fz_ts.l(fnaninf.o)(fz_ts.l)
    0x000893a8   0x00000004   Ven    RO         2612    x$fpl$fpinit        fz_ts.l(fpinit.o)(fz_ts.l)
    0x000893ac   0x00000018   Code   RO         2612    x$fpl$fpinit        fz_ts.l(fpinit.o)(fz_ts.l)
    0x000893c4   0x00000010   Code   RO         2487    x$fpl$fretinf       fz_ts.l(fretinf.o)(fz_ts.l)
    0x000893d4   0x00000004   Ven    RO         2414    x$fpl$frsb          fz_ts.l(faddsub_noclz.o)(fz_ts.l)
    0x000893d8   0x00000014   Code   RO         2414    x$fpl$frsb          fz_ts.l(faddsub_noclz.o)(fz_ts.l)
    0x000893ec   0x00000004   Ven    RO         2415    x$fpl$fsub          fz_ts.l(faddsub_noclz.o)(fz_ts.l)
    0x000893f0   0x00000130   Code   RO         2415    x$fpl$fsub          fz_ts.l(faddsub_noclz.o)(fz_ts.l)
    0x00089520   0x00000074   Code   RO         2540    x$fpl$retnan        fz_ts.l(retnan.o)(fz_ts.l)
    0x00089594   0x00000004   Ven    RO         2438    x$fpl$scalbnf       fz_ts.l(scalbnf.o)(fz_ts.l)
    0x00089598   0x00000060   Code   RO         2438    x$fpl$scalbnf       fz_ts.l(scalbnf.o)(fz_ts.l)
    0x000895f8   0x0000003c   Code   RO         2561    x$fpl$trapveneer    fz_ts.l(trapv.o)(fz_ts.l)
    0x00089634   0x00000000   Code   RO         2497    x$fpl$usenofp       fz_ts.l(usenofp.o)(fz_ts.l)
    0x00089634   0x00000200   Data   RO          383    .constdata          mbcrc.o
    0x00089834   0x00000002   Data   RO          657    .constdata          rtx_config.o
    0x00089836   0x00000002   PAD
    0x00089838   0x00000004   Data   RO          658    .constdata          rtx_config.o
    0x0008983c   0x00000004   Data   RO          659    .constdata          rtx_config.o
    0x00089840   0x00000008   Data   RO          660    .constdata          rtx_config.o
    0x00089848   0x00000002   Data   RO          661    .constdata          rtx_config.o
    0x0008984a   0x00000002   PAD
    0x0008984c   0x00000004   Data   RO          662    .constdata          rtx_config.o
    0x00089850   0x00000001   Data   RO          663    .constdata          rtx_config.o
    0x00089851   0x00000001   PAD
    0x00089852   0x00000002   Data   RO          664    .constdata          rtx_config.o
    0x00089854   0x000000aa   Data   RO          793    .constdata          ht1622.o
    0x000898fe   0x00000500   Data   RO         1013    .constdata          hmi.o
    0x00089dfe   0x00000002   PAD
    0x00089e00   0x00000020   Data   RO         2675    Region$$Table       anon$$obj.o
    0x00089e20   0x000055e0   PAD
    0x0008f400   0x00000200   Data   RO           28    .ARM.__AT_0x0008F400  main.o


==============================================================================

Image component sizes


      Code (inc. data)   RO Data    RW Data    ZI Data      Debug   Object Name

       884         86          0          6          0          0   calc.o
       528         22          0          0          0          0   ds18b20.o
     19148       3830       1280         44       3903          0   hmi.o
      3008        112        170          1          0          0   ht1622.o
        80          8          0          0          0          0   iap.o
      1908        222        512         24        198          0   main.o
       482         72          0        116          0          0   mb.o
       838         44          0         16          0          0   mbascii.o
        52          6        512          0          0          0   mbcrc.o
       324          8          0          0          0          0   mbfunccoils.o
       124          6          0          0          0          0   mbfuncdisc.o
       400          0          0          0          0          0   mbfuncholding.o
       100          0          0          0          0          0   mbfuncinput.o
       624         50          0         12        256          0   mbrtu.o
        24          0          0          0          0          0   mbutils.o
        84          8          0          0          0          0   pid.o
        60         14          0          2          0          0   portevent.o
       356         58          0          1          0          0   portserial.o
       116         30          0          4          0          0   porttimer.o
       268         78         27         12       2936          0   rtx_config.o
       236         56          0          0        176          0   startup.o

    ----------------------------------------------------------------------
     29678       4710      24524        244       7476          0   Object Totals
        20          0         32          0          0          0   (incl. Generated)
        14          0      21991          6          7          1   (incl. Padding)

    ----------------------------------------------------------------------

      Code (inc. data)   RO Data    RW Data    ZI Data      Debug   Library Member Name

       656         62          0          4          0          0   hal_arm.o
       268         16          0          0          0          0   rt_event.o
       424         24          0          0         48          0   rt_list.o
       136          4          0          0          0          0   rt_mailbox.o
       112          0          0          0          0          0   rt_membox.o
        92         20          0          8          0          0   rt_robin.o
        56          6          0          0          0          0   rt_semaphore.o
       204         22          0          8          0          0   rt_system.o
       772        136          0          4         48          0   rt_task.o
       104         18          0          2          0          0   rt_time.o
        68         10          0          8          0          0   rt_timer.o
        36         36          0          0          0          0   swi_table.o
         8          0          0          0          0          0   __main.o
        60          8          0          0          0          0   __scatter.o
        40          0          0          0          0          0   __scatter_copy.o
        44          0          0          0          0          0   __scatter_zi.o
        34          0          0          0          0          0   _rserrno.o
        16          0          0          0          0          0   abort.o
       428          0          0          0          0          0   aeabi_sdiv.o
        52         34          0          0          0          0   defsig_abrt_inner.o
        16          0          0          0          0          0   defsig_abrt_outer.o
        16          0          0          0          0          0   defsig_exit.o
        56          0          0          0          0          0   defsig_general.o
        12          0          0          0          0          0   exit.o
         6          0          0          0          0          0   heapauxi.o
        14          0          0          0          0          0   libinit.o
        12          0          0          0          0          0   libinit2.o
        12          0          0          0          0          0   libshutdown.o
         6          0          0          0          0          0   libshutdown2.o
        12          4          0          0         96          0   libspace.o
         8          0          0          0          0          0   rt_errno_addr_twolibspace.o
        20          0          0          0          0          0   rt_fp_status_addr_twolibspace.o
         0          0          0          0          0          0   rtentry.o
        44          4          0          0          0          0   rtentry2.o
         8          0          0          0          0          0   rtentry4.o
         8          0          0          0          0          0   rtexit.o
        12          0          0          0          0          0   rtexit2.o
        20          4          0          0          0          0   sys_exit.o
        96          0          0          0          0          0   sys_stackheap_outer.o
        16          0          0          0          0          0   sys_wrch.o
        36          0          0          0          0          0   uread4.o
         4          0          0          0          0          0   use_no_semi.o
        36          0          0          0          0          0   uwrite4.o
       112          4          0          0          0          0   d2f.o
       920         16          0          0          0          0   daddsub_noclz.o
       740        140          0          0          0          0   ddiv.o
       192          0          0          0          0          0   dnaninf.o
        16          0          0          0          0          0   dretinf.o
       520         56          0          0          0          0   dsqrt_noumaal.o
       104          4          0          0          0          0   f2d.o
       532          8          0          0          0          0   faddsub_noclz.o
        12          4          0          0          0          0   fcheck1.o
       404         76          0          0          0          0   fdiv.o
        72          4          0          0          0          0   ffix.o
        88          4          0          0          0          0   ffixu.o
       108          0          0          0          0          0   fflt_noclz.o
       260          4          0          0          0          0   fmul.o
       168          0          0          0          0          0   fnaninf.o
        28          0          0          0          0          0   fpinit.o
        16          0          0          0          0          0   fretinf.o
       116          0          0          0          0          0   retnan.o
       100          0          0          0          0          0   scalbnf.o
        60          0          0          0          0          0   trapv.o
         0          0          0          0          0          0   usenofp.o
       112          0          0          0          0          0   sqrt.o

    ----------------------------------------------------------------------
      8774        728          0         36        196          0   Library Totals
        14          0          0          2          4          0   (incl. Padding)

    ----------------------------------------------------------------------

      Code (inc. data)   RO Data    RW Data    ZI Data      Debug   Library Name

      2928        354          0         34         96      22472   RTX_ARM_L.lib
      1152         54          0          0         96       1536   c_t.l
      4568        320          0          0          0       2256   fz_ts.l
       112          0          0          0          0        100   m_ts.l

    ----------------------------------------------------------------------
      8774        728          0         36        196          0   Library Totals

    ----------------------------------------------------------------------

==============================================================================


      Code (inc. data)   RO Data    RW Data    ZI Data      Debug   

     38452       5438      24524        280       7672     169416   Grand Totals
     38452       5438      24524        280       7672     169416   ELF Image Totals
     38452       5438      24524        280          0          0   ROM Totals

==============================================================================

    Total RO  Size (Code + RO Data)                62976 (  61.50kB)
    Total RW  Size (RW Data + ZI Data)              7952 (   7.77kB)
    Total ROM Size (Code + RO Data + RW Data)      63256 (  61.77kB)

==============================================================================

