<!doctype html public "-//w3c//dtd html 4.0 transitional//en">
<html><head>
<title>Static Call Graph - [F:\object\PID\keil\PID.axf]</title></head>
<body><HR>
<H1>Static Call Graph for image F:\object\PID\keil\PID.axf</H1><HR>
<BR><P>#&#060CALLGRAPH&#062# ARM Linker, 4.1 [Build 481]: Last Updated: Fri Sep 23 13:41:13 2011
<BR><P>
<H3>Maximum Stack Usage =        232 bytes + Unknown(Functions without stacksize, Cycles, Untraceable Function Pointers)</H3><H3>
Call chain for Maximum Stack Depth:</H3>
pid &rArr; cmdHandle &rArr; log &rArr; __kernel_poly &rArr; __aeabi_dmul
<P>
<H3>
Functions with no stack information
</H3><UL>
 <LI><a href="#[3]">Reset_Handler</a>
 <LI><a href="#[16e]">os_sys_manager_ret</a>
 <LI><a href="#[14d]">os_switch_tasks_ret</a>
 <LI><a href="#[142]">__user_initial_stackheap</a>
 <LI><a href="#[4]">Undef_Handler</a>
 <LI><a href="#[6]">PAbt_Handler</a>
 <LI><a href="#[7]">DAbt_Handler</a>
 <LI><a href="#[9]">FIQ_Handler</a>
 <LI><a href="#[14]">Switch_task</a>
</UL>
</UL>
<P>
<H3>
Mutually Recursive functions
</H3> <LI><a href="#[15]">modbus</a>&nbsp;&nbsp;&nbsp;&rArr;&nbsp;&nbsp;&nbsp;<a href="#[15]">modbus</a><BR>
 <LI><a href="#[b0]">os_idle_demon</a>&nbsp;&nbsp;&nbsp;&rArr;&nbsp;&nbsp;&nbsp;<a href="#[b0]">os_idle_demon</a><BR>
 <LI><a href="#[112]">os_error</a>&nbsp;&nbsp;&nbsp;&rArr;&nbsp;&nbsp;&nbsp;<a href="#[112]">os_error</a><BR>
 <LI><a href="#[4]">Undef_Handler</a>&nbsp;&nbsp;&nbsp;&rArr;&nbsp;&nbsp;&nbsp;<a href="#[4]">Undef_Handler</a><BR>
 <LI><a href="#[6]">PAbt_Handler</a>&nbsp;&nbsp;&nbsp;&rArr;&nbsp;&nbsp;&nbsp;<a href="#[6]">PAbt_Handler</a><BR>
 <LI><a href="#[7]">DAbt_Handler</a>&nbsp;&nbsp;&nbsp;&rArr;&nbsp;&nbsp;&nbsp;<a href="#[7]">DAbt_Handler</a><BR>
 <LI><a href="#[9]">FIQ_Handler</a>&nbsp;&nbsp;&nbsp;&rArr;&nbsp;&nbsp;&nbsp;<a href="#[9]">FIQ_Handler</a><BR>
</UL>
<P>
<H3>
Function Pointers
</H3><UL>
 <LI><a href="#[3]">Reset_Handler</a> from startup.o(RESET) referenced from startup.o(RESET)
 <LI><a href="#[4]">Undef_Handler</a> from startup.o(RESET) referenced from startup.o(RESET)
 <LI><a href="#[5]">SWI_Handler</a> from hal_arm.o(.emb_text) referenced from startup.o(RESET)
 <LI><a href="#[6]">PAbt_Handler</a> from startup.o(RESET) referenced from startup.o(RESET)
 <LI><a href="#[7]">DAbt_Handler</a> from startup.o(RESET) referenced from startup.o(RESET)
 <LI><a href="#[8]">IRQ_Handler</a> from rtx_config.o(.emb_text) referenced from startup.o(RESET)
 <LI><a href="#[9]">FIQ_Handler</a> from startup.o(RESET) referenced from startup.o(RESET)
 <LI><a href="#[bb]">__main</a> from __main.o(!!!main) referenced from startup.o(RESET)
 <LI><a href="#[b]">main</a> from main.o(.text) referenced from rtentry2.o(.ARM.Collect$$rtentry$$0000000D)
 <LI><a href="#[c]">mb_timer2_interrupt</a> from porttimer.o(.text) referenced from rtx_config.o(.emb_text)
 <LI><a href="#[d]">mb_uart_interrupt</a> from portserial.o(.text) referenced from rtx_config.o(.emb_text)
 <LI><a href="#[e]">os_clock_interrupt</a> from hal_arm.o(.emb_text) referenced from rtx_config.o(.emb_text)
 <LI><a href="#[f]">os_def_interrupt</a> from rtx_config.o(.text) referenced from rtx_config.o(.emb_text)
 <LI><a href="#[10]">os_sys_init1</a> from rt_task.o(i.os_sys_init1) referenced from hal_arm.o(.emb_text)
 <LI><a href="#[11]">os_irq_ack_lock</a> from rtx_config.o(.text) referenced from hal_arm.o(.emb_text)
 <LI><a href="#[12]">os_sys_manager</a> from rt_system.o(i.os_sys_manager) referenced from hal_arm.o(.emb_text)
 <LI><a href="#[13]">tsk_unlock</a> from rtx_config.o(.text) referenced from hal_arm.o(.emb_text)
 <LI><a href="#[14]">Switch_task</a> from hal_arm.o(.emb_text) referenced from hal_arm.o(.emb_text)
 <LI><a href="#[15]">modbus</a> from main.o(.text) referenced from main.o(.text)
 <LI><a href="#[16]">pid</a> from main.o(.text) referenced from main.o(.text)
 <LI><a href="#[17]">adc</a> from main.o(.text) referenced from main.o(.text)
 <LI><a href="#[18]">hmi</a> from main.o(.text) referenced from main.o(.text)
 <LI><a href="#[19]">init</a> from main.o(.text) referenced from main.o(.text)
 <LI><a href="#[1a]">eMBRTUStart</a> from mbrtu.o(.text) referenced from mb.o(.text)
 <LI><a href="#[1b]">eMBRTUStop</a> from mbrtu.o(.text) referenced from mb.o(.text)
 <LI><a href="#[1c]">eMBRTUSend</a> from mbrtu.o(.text) referenced from mb.o(.text)
 <LI><a href="#[1d]">eMBRTUReceive</a> from mbrtu.o(.text) referenced from mb.o(.text)
 <LI><a href="#[1e]">xMBRTUReceiveFSM</a> from mbrtu.o(.text) referenced from mb.o(.text)
 <LI><a href="#[1f]">xMBRTUTransmitFSM</a> from mbrtu.o(.text) referenced from mb.o(.text)
 <LI><a href="#[20]">xMBRTUTimerT35Expired</a> from mbrtu.o(.text) referenced from mb.o(.text)
 <LI><a href="#[21]">eMBASCIIStart</a> from mbascii.o(.text) referenced from mb.o(.text)
 <LI><a href="#[22]">eMBASCIIStop</a> from mbascii.o(.text) referenced from mb.o(.text)
 <LI><a href="#[23]">eMBASCIISend</a> from mbascii.o(.text) referenced from mb.o(.text)
 <LI><a href="#[24]">eMBASCIIReceive</a> from mbascii.o(.text) referenced from mb.o(.text)
 <LI><a href="#[25]">xMBASCIIReceiveFSM</a> from mbascii.o(.text) referenced from mb.o(.text)
 <LI><a href="#[26]">xMBASCIITransmitFSM</a> from mbascii.o(.text) referenced from mb.o(.text)
 <LI><a href="#[27]">xMBASCIITimerT1SExpired</a> from mbascii.o(.text) referenced from mb.o(.text)
 <LI><a href="#[28]">MainMenu_KeyboardHandler</a> from hmi.o(.text) referenced 5 times from hmi.o(.text)
 <LI><a href="#[29]">MainMenu_DisplayHandler</a> from hmi.o(.text) referenced 5 times from hmi.o(.text)
 <LI><a href="#[2a]">MENU_MAIN_MANUAL_KeyboardHandler</a> from hmi.o(.text) referenced from hmi.o(.text)
 <LI><a href="#[2b]">MENU_MAIN_MANUAL_DisplayHandler</a> from hmi.o(.text) referenced from hmi.o(.text)
 <LI><a href="#[2c]">MENU_MAIN_MANUAL_OpeningHandler</a> from hmi.o(.text) referenced from hmi.o(.text)
 <LI><a href="#[2d]">ActSngl_OpeningHandler</a> from hmi.o(.text) referenced 3 times from hmi.o(.text)
 <LI><a href="#[2e]">ActDoub_OpeningHandler</a> from hmi.o(.text) referenced from hmi.o(.text)
 <LI><a href="#[2f]">Input4_OpeningHandler</a> from hmi.o(.text) referenced from hmi.o(.text)
 <LI><a href="#[30]">Input0_OpeningHandler</a> from hmi.o(.text) referenced from hmi.o(.text)
 <LI><a href="#[31]">Input10_OpeningHandler</a> from hmi.o(.text) referenced from hmi.o(.text)
 <LI><a href="#[32]">Input5_OpeningHandler</a> from hmi.o(.text) referenced from hmi.o(.text)
 <LI><a href="#[33]">InsetCutoff_KeyboardHandler</a> from hmi.o(.text) referenced from hmi.o(.text)
 <LI><a href="#[34]">InsetCutoff_DisplayHandler</a> from hmi.o(.text) referenced from hmi.o(.text)
 <LI><a href="#[35]">InsetCutoff_OpeningHandler</a> from hmi.o(.text) referenced from hmi.o(.text)
 <LI><a href="#[36]">InsetSpltrng_KeyboardHandler</a> from hmi.o(.text) referenced from hmi.o(.text)
 <LI><a href="#[37]">InsetSpltrng_DisplayHandler</a> from hmi.o(.text) referenced from hmi.o(.text)
 <LI><a href="#[38]">InsetSpltrng_OpeningHandler</a> from hmi.o(.text) referenced from hmi.o(.text)
 <LI><a href="#[39]">XsetXlimit_KeyboardHandler</a> from hmi.o(.text) referenced from hmi.o(.text)
 <LI><a href="#[3a]">XsetXlimit_DisplayHandler</a> from hmi.o(.text) referenced from hmi.o(.text)
 <LI><a href="#[3b]">XsetXlimit_OpeningHandler</a> from hmi.o(.text) referenced from hmi.o(.text)
 <LI><a href="#[3c]">XsetXtime_KeyboardHandler</a> from hmi.o(.text) referenced from hmi.o(.text)
 <LI><a href="#[3d]">XsetXtime_DisplayHandler</a> from hmi.o(.text) referenced from hmi.o(.text)
 <LI><a href="#[3e]">XsetXtime_OpeningHandler</a> from hmi.o(.text) referenced from hmi.o(.text)
 <LI><a href="#[3f]">SystemSafepos_KeyboardHandler</a> from hmi.o(.text) referenced from hmi.o(.text)
 <LI><a href="#[40]">SystemSafepos_DisplayHandler</a> from hmi.o(.text) referenced from hmi.o(.text)
 <LI><a href="#[41]">SystemSafepos_OpeningHandler</a> from hmi.o(.text) referenced from hmi.o(.text)
 <LI><a href="#[42]">SystemSetfact_OpeningHandler</a> from hmi.o(.text) referenced from hmi.o(.text)
 <LI><a href="#[43]">Charact11_OpeningHandler</a> from hmi.o(.text) referenced from hmi.o(.text)
 <LI><a href="#[44]">Charact125_OpeningHandler</a> from hmi.o(.text) referenced from hmi.o(.text)
 <LI><a href="#[45]">Charact133_OpeningHandler</a> from hmi.o(.text) referenced from hmi.o(.text)
 <LI><a href="#[46]">Charact150_OpeningHandler</a> from hmi.o(.text) referenced from hmi.o(.text)
 <LI><a href="#[47]">Charact251_OpeningHandler</a> from hmi.o(.text) referenced from hmi.o(.text)
 <LI><a href="#[48]">Charact331_OpeningHandler</a> from hmi.o(.text) referenced from hmi.o(.text)
 <LI><a href="#[49]">Charact501_OpeningHandler</a> from hmi.o(.text) referenced from hmi.o(.text)
 <LI><a href="#[4a]">CharactFree_KeyboardHandler</a> from hmi.o(.text) referenced from hmi.o(.text)
 <LI><a href="#[4b]">CharactFree_DisplayHandler</a> from hmi.o(.text) referenced from hmi.o(.text)
 <LI><a href="#[4c]">CharactFree_OpeningHandler</a> from hmi.o(.text) referenced from hmi.o(.text)
 <LI><a href="#[4d]">DircmdRise_OpeningHandler</a> from hmi.o(.text) referenced from hmi.o(.text)
 <LI><a href="#[4e]">DircmdFall_OpeningHandler</a> from hmi.o(.text) referenced from hmi.o(.text)
 <LI><a href="#[4f]">DiractRise_OpeningHandler</a> from hmi.o(.text) referenced from hmi.o(.text)
 <LI><a href="#[50]">DiractFall_OpeningHandler</a> from hmi.o(.text) referenced from hmi.o(.text)
 <LI><a href="#[51]">XcontrolDbnd_KeyboardHandler</a> from hmi.o(.text) referenced from hmi.o(.text)
 <LI><a href="#[52]">XcontrolDbnd_DisplayHandler</a> from hmi.o(.text) referenced from hmi.o(.text)
 <LI><a href="#[53]">XcontrolDbnd_OpeningHandler</a> from hmi.o(.text) referenced from hmi.o(.text)
 <LI><a href="#[54]">XcontrolPara_KeyboardHandler</a> from hmi.o(.text) referenced from hmi.o(.text)
 <LI><a href="#[55]">XcontrolPara_DisplayHandler</a> from hmi.o(.text) referenced from hmi.o(.text)
 <LI><a href="#[56]">XcontrolPara_OpeningHandler</a> from hmi.o(.text) referenced from hmi.o(.text)
 <LI><a href="#[57]">XtuneAuto_OpeningHandler</a> from hmi.o(.text) referenced from hmi.o(.text)
 <LI><a href="#[58]">CaluserPos_KeyboardHandler</a> from hmi.o(.text) referenced 2 times from hmi.o(.text)
 <LI><a href="#[59]">CaluserPos_DisplayHandler</a> from hmi.o(.text) referenced 2 times from hmi.o(.text)
 <LI><a href="#[5a]">CaluserPos_OpeningHandler</a> from hmi.o(.text) referenced 2 times from hmi.o(.text)
 <LI><a href="#[5b]">XtunePwm_KeyboardHandler</a> from hmi.o(.text) referenced from hmi.o(.text)
 <LI><a href="#[5c]">XtunePwm_DisplayHandler</a> from hmi.o(.text) referenced from hmi.o(.text)
 <LI><a href="#[5d]">XtunePwm_OpeningHandler</a> from hmi.o(.text) referenced from hmi.o(.text)
 <LI><a href="#[5e]">XtuneAir_KeyboardHandler</a> from hmi.o(.text) referenced from hmi.o(.text)
 <LI><a href="#[5f]">XtuneAir_DisplayHandler</a> from hmi.o(.text) referenced from hmi.o(.text)
 <LI><a href="#[60]">XtuneAir_OpeningHandler</a> from hmi.o(.text) referenced from hmi.o(.text)
 <LI><a href="#[61]">SigerrFunon_OpeningHandler</a> from hmi.o(.text) referenced from hmi.o(.text)
 <LI><a href="#[62]">SigerrPoson_OpeningHandler</a> from hmi.o(.text) referenced from hmi.o(.text)
 <LI><a href="#[63]">SigerrOff_OpeningHandler</a> from hmi.o(.text) referenced from hmi.o(.text)
 <LI><a href="#[64]">Serio9600_OpeningHandler</a> from hmi.o(.text) referenced from hmi.o(.text)
 <LI><a href="#[65]">Serio19200_OpeningHandler</a> from hmi.o(.text) referenced from hmi.o(.text)
 <LI><a href="#[66]">Serio38400_OpeningHandler</a> from hmi.o(.text) referenced from hmi.o(.text)
 <LI><a href="#[67]">Serio1200_OpeningHandler</a> from hmi.o(.text) referenced from hmi.o(.text)
 <LI><a href="#[68]">Serio2400_OpeningHandler</a> from hmi.o(.text) referenced from hmi.o(.text)
 <LI><a href="#[69]">Serio4800_OpeningHandler</a> from hmi.o(.text) referenced from hmi.o(.text)
 <LI><a href="#[6a]">CodeKey_KeyboardHandler</a> from hmi.o(.text) referenced from hmi.o(.text)
 <LI><a href="#[6b]">CodeKey_DisplayHandler</a> from hmi.o(.text) referenced from hmi.o(.text)
 <LI><a href="#[6c]">CodeKey_OpeningHandler</a> from hmi.o(.text) referenced from hmi.o(.text)
 <LI><a href="#[6d]">CodeMenu_KeyboardHandler</a> from hmi.o(.text) referenced from hmi.o(.text)
 <LI><a href="#[6e]">CodeMenu_DisplayHandler</a> from hmi.o(.text) referenced from hmi.o(.text)
 <LI><a href="#[6f]">CodeMenu_OpeningHandler</a> from hmi.o(.text) referenced from hmi.o(.text)
 <LI><a href="#[70]">CodeGlob_KeyboardHandler</a> from hmi.o(.text) referenced from hmi.o(.text)
 <LI><a href="#[71]">CodeGlob_DisplayHandler</a> from hmi.o(.text) referenced from hmi.o(.text)
 <LI><a href="#[72]">CodeGlob_OpeningHandler</a> from hmi.o(.text) referenced from hmi.o(.text)
 <LI><a href="#[73]">CaluserInp_KeyboardHandler</a> from hmi.o(.text) referenced from hmi.o(.text)
 <LI><a href="#[74]">CaluserInp_DisplayHandler</a> from hmi.o(.text) referenced from hmi.o(.text)
 <LI><a href="#[75]">CaluserInp_OpeningHandler</a> from hmi.o(.text) referenced from hmi.o(.text)
 <LI><a href="#[76]">CaluserFact_OpeningHandler</a> from hmi.o(.text) referenced from hmi.o(.text)
 <LI><a href="#[77]">PcontrlDbnd_KeyboardHandler</a> from hmi.o(.text) referenced from hmi.o(.text)
 <LI><a href="#[78]">PcontrlDbnd_DisplayHandler</a> from hmi.o(.text) referenced from hmi.o(.text)
 <LI><a href="#[79]">PcontrlDbnd_OpeningHandler</a> from hmi.o(.text) referenced from hmi.o(.text)
 <LI><a href="#[7a]">PcontrlPara_KeyboardHandler</a> from hmi.o(.text) referenced from hmi.o(.text)
 <LI><a href="#[7b]">PcontrlPara_DisplayHandler</a> from hmi.o(.text) referenced from hmi.o(.text)
 <LI><a href="#[7c]">PcontrlPara_OpeningHandler</a> from hmi.o(.text) referenced from hmi.o(.text)
 <LI><a href="#[7d]">PcontrlFilt_KeyboardHandler</a> from hmi.o(.text) referenced from hmi.o(.text)
 <LI><a href="#[7e]">PcontrlFilt_DisplayHandler</a> from hmi.o(.text) referenced from hmi.o(.text)
 <LI><a href="#[7f]">PcontrlFilt_OpeningHandler</a> from hmi.o(.text) referenced from hmi.o(.text)
 <LI><a href="#[80]">PcontrlKv_KeyboardHandler</a> from hmi.o(.text) referenced from hmi.o(.text)
 <LI><a href="#[81]">PcontrlKv_DisplayHandler</a> from hmi.o(.text) referenced from hmi.o(.text)
 <LI><a href="#[82]">PcontrlKv_OpeningHandler</a> from hmi.o(.text) referenced from hmi.o(.text)
 <LI><a href="#[83]">SposOpn_OpeningHandler</a> from hmi.o(.text) referenced from hmi.o(.text)
 <LI><a href="#[84]">SposCls_OpeningHandler</a> from hmi.o(.text) referenced from hmi.o(.text)
 <LI><a href="#[85]">MaOpn_OpeningHandler</a> from hmi.o(.text) referenced from hmi.o(.text)
 <LI><a href="#[86]">MaCls_OpeningHandler</a> from hmi.o(.text) referenced from hmi.o(.text)
 <LI><a href="#[87]">AnlPos_OpeningHandler</a> from hmi.o(.text) referenced from hmi.o(.text)
 <LI><a href="#[88]">AnlCmd_OpeningHandler</a> from hmi.o(.text) referenced from hmi.o(.text)
 <LI><a href="#[89]">AnlSp_OpeningHandler</a> from hmi.o(.text) referenced from hmi.o(.text)
 <LI><a href="#[8a]">AnlP1_OpeningHandler</a> from hmi.o(.text) referenced from hmi.o(.text)
 <LI><a href="#[8b]">AnlP2_OpeningHandler</a> from hmi.o(.text) referenced from hmi.o(.text)
 <LI><a href="#[8c]">AnlT_OpeningHandler</a> from hmi.o(.text) referenced from hmi.o(.text)
 <LI><a href="#[8d]">AnlSet4_OpeningHandler</a> from hmi.o(.text) referenced from hmi.o(.text)
 <LI><a href="#[8e]">AnlSet0_OpeningHandler</a> from hmi.o(.text) referenced from hmi.o(.text)
 <LI><a href="#[8f]">AnlSet10_OpeningHandler</a> from hmi.o(.text) referenced from hmi.o(.text)
 <LI><a href="#[90]">AnlSet5_OpeningHandler</a> from hmi.o(.text) referenced from hmi.o(.text)
 <LI><a href="#[91]">ScalS_KeyboardHandler</a> from hmi.o(.text) referenced from hmi.o(.text)
 <LI><a href="#[92]">ScalS_DisplayHandler</a> from hmi.o(.text) referenced from hmi.o(.text)
 <LI><a href="#[93]">ScalS_OpeningHandler</a> from hmi.o(.text) referenced from hmi.o(.text)
 <LI><a href="#[94]">ScalF_KeyboardHandler</a> from hmi.o(.text) referenced from hmi.o(.text)
 <LI><a href="#[95]">ScalF_DisplayHandler</a> from hmi.o(.text) referenced from hmi.o(.text)
 <LI><a href="#[96]">ScalF_OpeningHandler</a> from hmi.o(.text) referenced from hmi.o(.text)
 <LI><a href="#[97]">ScalT_KeyboardHandler</a> from hmi.o(.text) referenced from hmi.o(.text)
 <LI><a href="#[98]">ScalT_DisplayHandler</a> from hmi.o(.text) referenced from hmi.o(.text)
 <LI><a href="#[99]">ScalT_OpeningHandler</a> from hmi.o(.text) referenced from hmi.o(.text)
 <LI><a href="#[9a]">ScalP_KeyboardHandler</a> from hmi.o(.text) referenced from hmi.o(.text)
 <LI><a href="#[9b]">ScalP_DisplayHandler</a> from hmi.o(.text) referenced from hmi.o(.text)
 <LI><a href="#[9c]">ScalP_OpeningHandler</a> from hmi.o(.text) referenced from hmi.o(.text)
 <LI><a href="#[9d]">TuneNot_OpeningHandler</a> from hmi.o(.text) referenced from hmi.o(.text)
 <LI><a href="#[9e]">TuneDef_OpeningHandler</a> from hmi.o(.text) referenced from hmi.o(.text)
 <LI><a href="#[9f]">TuneFlow_OpeningHandler</a> from hmi.o(.text) referenced from hmi.o(.text)
 <LI><a href="#[a0]">TuneTemp_OpeningHandler</a> from hmi.o(.text) referenced from hmi.o(.text)
 <LI><a href="#[a1]">TunePres_OpeningHandler</a> from hmi.o(.text) referenced from hmi.o(.text)
 <LI><a href="#[a2]">TuneLevl_OpeningHandler</a> from hmi.o(.text) referenced from hmi.o(.text)
 <LI><a href="#[a3]">LeakNot_OpeningHandler</a> from hmi.o(.text) referenced from hmi.o(.text)
 <LI><a href="#[a4]">LeakMeas_KeyboardHandler</a> from hmi.o(.text) referenced from hmi.o(.text)
 <LI><a href="#[a5]">LeakMeas_DisplayHandler</a> from hmi.o(.text) referenced from hmi.o(.text)
 <LI><a href="#[a6]">LeakMeas_OpeningHandler</a> from hmi.o(.text) referenced from hmi.o(.text)
 <LI><a href="#[a7]">LeakChar_OpeningHandler</a> from hmi.o(.text) referenced from hmi.o(.text)
 <LI><a href="#[a8]">__SWI_0</a> from hal_arm.o(i.__SWI_0) referenced from swi_table.o(SWI_TABLE)
 <LI><a href="#[a9]">__SWI_1</a> from rt_membox.o(i.__SWI_1) referenced from swi_table.o(SWI_TABLE)
 <LI><a href="#[aa]">__SWI_2</a> from rt_membox.o(i.__SWI_2) referenced from swi_table.o(SWI_TABLE)
 <LI><a href="#[ab]">__SWI_3</a> from hal_arm.o(i.__SWI_3) referenced from swi_table.o(SWI_TABLE)
 <LI><a href="#[ac]">__SWI_4</a> from hal_arm.o(i.__SWI_4) referenced from swi_table.o(SWI_TABLE)
 <LI><a href="#[ad]">__SWI_5</a> from rtx_config.o(.text) referenced from swi_table.o(SWI_TABLE)
 <LI><a href="#[ae]">__SWI_6</a> from hal_arm.o(i.__SWI_6) referenced from swi_table.o(SWI_TABLE)
 <LI><a href="#[af]">__SWI_7</a> from hal_arm.o(i.__SWI_7) referenced from swi_table.o(SWI_TABLE)
 <LI><a href="#[b0]">os_idle_demon</a> from rtx_config.o(.text) referenced from rt_task.o(i.os_sys_init1)
 <LI><a href="#[b1]">os_tsk_create0</a> from rt_task.o(i.os_tsk_create0) referenced from rt_task.o(i.os_sys_init1)
 <LI><a href="#[b2]">eMBFuncReadInputRegister</a> from mbfuncinput.o(.text) referenced from mb.o(.data)
 <LI><a href="#[b3]">eMBFuncReadHoldingRegister</a> from mbfuncholding.o(.text) referenced from mb.o(.data)
 <LI><a href="#[b4]">eMBFuncWriteMultipleHoldingRegister</a> from mbfuncholding.o(.text) referenced from mb.o(.data)
 <LI><a href="#[b5]">eMBFuncWriteHoldingRegister</a> from mbfuncholding.o(.text) referenced from mb.o(.data)
 <LI><a href="#[b6]">eMBFuncReadWriteMultipleHoldingRegister</a> from mbfuncholding.o(.text) referenced from mb.o(.data)
 <LI><a href="#[b7]">eMBFuncReadCoils</a> from mbfunccoils.o(.text) referenced from mb.o(.data)
 <LI><a href="#[b8]">eMBFuncWriteCoil</a> from mbfunccoils.o(.text) referenced from mb.o(.data)
 <LI><a href="#[b9]">eMBFuncWriteMultipleCoils</a> from mbfunccoils.o(.text) referenced from mb.o(.data)
 <LI><a href="#[ba]">eMBFuncReadDiscreteInputs</a> from mbfuncdisc.o(.text) referenced from mb.o(.data)
</UL>
<P>
<H3>
Global Symbols
</H3>
<P><STRONG><a name="[3]"></a>Reset_Handler</STRONG> (ARM, 0 bytes, Stack size unknown bytes, startup.o(RESET))
<BR>[Address Reference Count : 1]<UL><LI> startup.o(RESET)
</UL>
<P><STRONG><a name="[bb]"></a>__main</STRONG> (ARM, 8 bytes, Stack size 0 bytes, __main.o(!!!main))
<BR><BR>[Calls]<UL><LI><a href="#[bd]">&gt;&gt;</a>&nbsp;&nbsp;&nbsp;__rt_entry
<LI><a href="#[bc]">&gt;&gt;</a>&nbsp;&nbsp;&nbsp;__scatterload
</UL>

<P><STRONG><a name="[bc]"></a>__scatterload</STRONG> (ARM, 0 bytes, Stack size unknown bytes, __scatter.o(!!!scatter))
<BR><BR>[Called By]<UL><LI><a href="#[bb]">&gt;&gt;</a>&nbsp;&nbsp;&nbsp;__main
</UL>

<P><STRONG><a name="[be]"></a>__scatterload_rt2</STRONG> (ARM, 52 bytes, Stack size unknown bytes, __scatter.o(!!!scatter), UNUSED)
<BR><BR>[Calls]<UL><LI><a href="#[bd]">&gt;&gt;</a>&nbsp;&nbsp;&nbsp;__rt_entry
</UL>

<P><STRONG><a name="[191]"></a>__scatterload_null</STRONG> (ARM, 0 bytes, Stack size unknown bytes, __scatter.o(!!!scatter), UNUSED)

<P><STRONG><a name="[bf]"></a>__scatterload_copy</STRONG> (ARM, 40 bytes, Stack size unknown bytes, __scatter_copy.o(!!handler_copy), UNUSED)
<BR><BR>[Calls]<UL><LI><a href="#[bf]">&gt;&gt;</a>&nbsp;&nbsp;&nbsp;__scatterload_copy
</UL>
<BR>[Called By]<UL><LI><a href="#[bf]">&gt;&gt;</a>&nbsp;&nbsp;&nbsp;__scatterload_copy
</UL>

<P><STRONG><a name="[192]"></a>__scatterload_zeroinit</STRONG> (ARM, 44 bytes, Stack size unknown bytes, __scatter_zi.o(!!handler_zi), UNUSED)

<P><STRONG><a name="[c0]"></a>__rt_lib_init</STRONG> (Thumb, 0 bytes, Stack size unknown bytes, libinit.o(.ARM.Collect$$libinit$$00000000))
<BR><BR>[Stack]<UL><LI>Max Depth = 24 + Unknown Stack Size
<LI>Call Chain = __rt_lib_init &rArr; _fp_init &rArr; __rt_fp_status_addr &rArr; __user_perthread_libspace
</UL>
<BR>[Calls]<UL><LI><a href="#[c1]">&gt;&gt;</a>&nbsp;&nbsp;&nbsp;_fp_init (via Veneer)
</UL>
<BR>[Called By]<UL><LI><a href="#[c4]">&gt;&gt;</a>&nbsp;&nbsp;&nbsp;__rt_entry_li (via Veneer)
</UL>

<P><STRONG><a name="[193]"></a>__rt_lib_init_alloca_1</STRONG> (Thumb, 0 bytes, Stack size unknown bytes, libinit2.o(.ARM.Collect$$libinit$$0000002A))

<P><STRONG><a name="[194]"></a>__rt_lib_init_argv_1</STRONG> (Thumb, 0 bytes, Stack size unknown bytes, libinit2.o(.ARM.Collect$$libinit$$00000028))

<P><STRONG><a name="[195]"></a>__rt_lib_init_atexit_1</STRONG> (Thumb, 0 bytes, Stack size unknown bytes, libinit2.o(.ARM.Collect$$libinit$$00000017))

<P><STRONG><a name="[196]"></a>__rt_lib_init_clock_1</STRONG> (Thumb, 0 bytes, Stack size unknown bytes, libinit2.o(.ARM.Collect$$libinit$$0000001D))

<P><STRONG><a name="[197]"></a>__rt_lib_init_cpp_1</STRONG> (Thumb, 0 bytes, Stack size unknown bytes, libinit2.o(.ARM.Collect$$libinit$$0000002E))

<P><STRONG><a name="[198]"></a>__rt_lib_init_exceptions_1</STRONG> (Thumb, 0 bytes, Stack size unknown bytes, libinit2.o(.ARM.Collect$$libinit$$0000002C))

<P><STRONG><a name="[199]"></a>__rt_lib_init_fp_trap_1</STRONG> (Thumb, 0 bytes, Stack size unknown bytes, libinit2.o(.ARM.Collect$$libinit$$0000001B))

<P><STRONG><a name="[19a]"></a>__rt_lib_init_getenv_1</STRONG> (Thumb, 0 bytes, Stack size unknown bytes, libinit2.o(.ARM.Collect$$libinit$$0000001F))

<P><STRONG><a name="[19b]"></a>__rt_lib_init_heap_1</STRONG> (Thumb, 0 bytes, Stack size unknown bytes, libinit2.o(.ARM.Collect$$libinit$$00000006))

<P><STRONG><a name="[19c]"></a>__rt_lib_init_lc_collate_1</STRONG> (Thumb, 0 bytes, Stack size unknown bytes, libinit2.o(.ARM.Collect$$libinit$$0000000D))

<P><STRONG><a name="[19d]"></a>__rt_lib_init_lc_ctype_1</STRONG> (Thumb, 0 bytes, Stack size unknown bytes, libinit2.o(.ARM.Collect$$libinit$$0000000F))

<P><STRONG><a name="[19e]"></a>__rt_lib_init_lc_monetary_1</STRONG> (Thumb, 0 bytes, Stack size unknown bytes, libinit2.o(.ARM.Collect$$libinit$$00000011))

<P><STRONG><a name="[19f]"></a>__rt_lib_init_lc_numeric_1</STRONG> (Thumb, 0 bytes, Stack size unknown bytes, libinit2.o(.ARM.Collect$$libinit$$00000013))

<P><STRONG><a name="[1a0]"></a>__rt_lib_init_lc_time_1</STRONG> (Thumb, 0 bytes, Stack size unknown bytes, libinit2.o(.ARM.Collect$$libinit$$00000015))

<P><STRONG><a name="[1a1]"></a>__rt_lib_init_rand_1</STRONG> (Thumb, 0 bytes, Stack size unknown bytes, libinit2.o(.ARM.Collect$$libinit$$0000000A))

<P><STRONG><a name="[1a2]"></a>__rt_lib_init_return</STRONG> (Thumb, 0 bytes, Stack size unknown bytes, libinit2.o(.ARM.Collect$$libinit$$0000002F))

<P><STRONG><a name="[1a3]"></a>__rt_lib_init_signal_1</STRONG> (Thumb, 0 bytes, Stack size unknown bytes, libinit2.o(.ARM.Collect$$libinit$$00000019))

<P><STRONG><a name="[1a4]"></a>__rt_lib_init_stdio_1</STRONG> (Thumb, 0 bytes, Stack size unknown bytes, libinit2.o(.ARM.Collect$$libinit$$00000021))

<P><STRONG><a name="[1a5]"></a>__rt_lib_init_user_alloc_1</STRONG> (Thumb, 0 bytes, Stack size unknown bytes, libinit2.o(.ARM.Collect$$libinit$$00000008))

<P><STRONG><a name="[c8]"></a>__rt_lib_shutdown</STRONG> (Thumb, 0 bytes, Stack size unknown bytes, libshutdown.o(.ARM.Collect$$libshutdown$$00000000))
<BR><BR>[Called By]<UL><LI><a href="#[106]">&gt;&gt;</a>&nbsp;&nbsp;&nbsp;abort
<LI><a href="#[c7]">&gt;&gt;</a>&nbsp;&nbsp;&nbsp;__rt_exit_ls (via Veneer)
</UL>

<P><STRONG><a name="[1a6]"></a>__rt_lib_shutdown_fp_trap_1</STRONG> (Thumb, 0 bytes, Stack size unknown bytes, libshutdown2.o(.ARM.Collect$$libshutdown$$00000006))

<P><STRONG><a name="[1a7]"></a>__rt_lib_shutdown_heap_1</STRONG> (Thumb, 0 bytes, Stack size unknown bytes, libshutdown2.o(.ARM.Collect$$libshutdown$$0000000E))

<P><STRONG><a name="[1a8]"></a>__rt_lib_shutdown_return</STRONG> (Thumb, 0 bytes, Stack size unknown bytes, libshutdown2.o(.ARM.Collect$$libshutdown$$0000000F))

<P><STRONG><a name="[1a9]"></a>__rt_lib_shutdown_signal_1</STRONG> (Thumb, 0 bytes, Stack size unknown bytes, libshutdown2.o(.ARM.Collect$$libshutdown$$00000009))

<P><STRONG><a name="[1aa]"></a>__rt_lib_shutdown_stdio_1</STRONG> (Thumb, 0 bytes, Stack size unknown bytes, libshutdown2.o(.ARM.Collect$$libshutdown$$00000003))

<P><STRONG><a name="[1ab]"></a>__rt_lib_shutdown_user_alloc_1</STRONG> (Thumb, 0 bytes, Stack size unknown bytes, libshutdown2.o(.ARM.Collect$$libshutdown$$0000000B))

<P><STRONG><a name="[bd]"></a>__rt_entry</STRONG> (ARM, 0 bytes, Stack size unknown bytes, rtentry.o(.ARM.Collect$$rtentry$$00000000))
<BR><BR>[Called By]<UL><LI><a href="#[bb]">&gt;&gt;</a>&nbsp;&nbsp;&nbsp;__main
<LI><a href="#[be]">&gt;&gt;</a>&nbsp;&nbsp;&nbsp;__scatterload_rt2
</UL>

<P><STRONG><a name="[1ac]"></a>__rt_entry_presh_1</STRONG> (ARM, 0 bytes, Stack size unknown bytes, rtentry2.o(.ARM.Collect$$rtentry$$00000002))

<P><STRONG><a name="[c2]"></a>__rt_entry_sh</STRONG> (ARM, 0 bytes, Stack size unknown bytes, rtentry4.o(.ARM.Collect$$rtentry$$00000004))
<BR><BR>[Stack]<UL><LI>Max Depth = 8 + Unknown Stack Size
<LI>Call Chain = __rt_entry_sh &rArr; __user_setup_stackheap
</UL>
<BR>[Calls]<UL><LI><a href="#[c3]">&gt;&gt;</a>&nbsp;&nbsp;&nbsp;__user_setup_stackheap
</UL>

<P><STRONG><a name="[c4]"></a>__rt_entry_li</STRONG> (ARM, 0 bytes, Stack size unknown bytes, rtentry2.o(.ARM.Collect$$rtentry$$0000000A))
<BR><BR>[Stack]<UL><LI>Max Depth = 24 + Unknown Stack Size
<LI>Call Chain = __rt_entry_li &rArr; __rt_lib_init &rArr; _fp_init &rArr; __rt_fp_status_addr &rArr; __user_perthread_libspace
</UL>
<BR>[Calls]<UL><LI><a href="#[c0]">&gt;&gt;</a>&nbsp;&nbsp;&nbsp;__rt_lib_init (via Veneer)
</UL>

<P><STRONG><a name="[1ad]"></a>__rt_entry_postsh_1</STRONG> (ARM, 0 bytes, Stack size unknown bytes, rtentry2.o(.ARM.Collect$$rtentry$$00000009))

<P><STRONG><a name="[c5]"></a>__rt_entry_main</STRONG> (ARM, 0 bytes, Stack size unknown bytes, rtentry2.o(.ARM.Collect$$rtentry$$0000000D))
<BR><BR>[Calls]<UL><LI><a href="#[c6]">&gt;&gt;</a>&nbsp;&nbsp;&nbsp;exit (via BX)
</UL>

<P><STRONG><a name="[1ae]"></a>__rt_entry_postli_1</STRONG> (ARM, 0 bytes, Stack size unknown bytes, rtentry2.o(.ARM.Collect$$rtentry$$0000000C))

<P><STRONG><a name="[144]"></a>__rt_exit</STRONG> (ARM, 0 bytes, Stack size unknown bytes, rtexit.o(.ARM.Collect$$rtexit$$00000000))
<BR><BR>[Called By]<UL><LI><a href="#[c6]">&gt;&gt;</a>&nbsp;&nbsp;&nbsp;exit (via Veneer)
</UL>

<P><STRONG><a name="[c7]"></a>__rt_exit_ls</STRONG> (ARM, 0 bytes, Stack size unknown bytes, rtexit2.o(.ARM.Collect$$rtexit$$00000003))
<BR><BR>[Calls]<UL><LI><a href="#[c8]">&gt;&gt;</a>&nbsp;&nbsp;&nbsp;__rt_lib_shutdown (via Veneer)
</UL>

<P><STRONG><a name="[1af]"></a>__rt_exit_prels_1</STRONG> (ARM, 0 bytes, Stack size unknown bytes, rtexit2.o(.ARM.Collect$$rtexit$$00000002))

<P><STRONG><a name="[c9]"></a>__rt_exit_exit</STRONG> (ARM, 0 bytes, Stack size unknown bytes, rtexit2.o(.ARM.Collect$$rtexit$$00000004))
<BR><BR>[Calls]<UL><LI><a href="#[ca]">&gt;&gt;</a>&nbsp;&nbsp;&nbsp;_sys_exit (via Veneer)
</UL>

<P><STRONG><a name="[8]"></a>IRQ_Handler</STRONG> (ARM, 52 bytes, Stack size 0 bytes, rtx_config.o(.emb_text))
<BR>[Address Reference Count : 1]<UL><LI> startup.o(RESET)
</UL>
<P><STRONG><a name="[1b0]"></a>_inc_qi</STRONG> (Thumb, 60 bytes, Stack size 0 bytes, hal_arm.o(.emb_text), UNUSED)

<P><STRONG><a name="[16c]"></a>_dec_qc</STRONG> (Thumb, 32 bytes, Stack size 0 bytes, hal_arm.o(.emb_text))
<BR><BR>[Called By]<UL><LI><a href="#[12]">&gt;&gt;</a>&nbsp;&nbsp;&nbsp;os_sys_manager
</UL>

<P><STRONG><a name="[165]"></a>os_set_env</STRONG> (Thumb, 8 bytes, Stack size 0 bytes, hal_arm.o(.emb_text))
<BR><BR>[Called By]<UL><LI><a href="#[10]">&gt;&gt;</a>&nbsp;&nbsp;&nbsp;os_sys_init1
</UL>

<P><STRONG><a name="[f0]"></a>os_sys_init0</STRONG> (Thumb, 12 bytes, Stack size 0 bytes, hal_arm.o(.emb_text))
<BR><BR>[Called By]<UL><LI><a href="#[b]">&gt;&gt;</a>&nbsp;&nbsp;&nbsp;main
</UL>

<P><STRONG><a name="[168]"></a>os_sys_run</STRONG> (Thumb, 16 bytes, Stack size 0 bytes, hal_arm.o(.emb_text))
<BR><BR>[Called By]<UL><LI><a href="#[10]">&gt;&gt;</a>&nbsp;&nbsp;&nbsp;os_sys_init1
</UL>

<P><STRONG><a name="[e]"></a>os_clock_interrupt</STRONG> (ARM, 128 bytes, Stack size 0 bytes, hal_arm.o(.emb_text))
<BR>[Address Reference Count : 1]<UL><LI> rtx_config.o(.emb_text)
</UL>
<P><STRONG><a name="[16e]"></a>os_sys_manager_ret</STRONG> (Thumb, 0 bytes, Stack size unknown bytes, hal_arm.o(.emb_text))
<BR><BR>[Called By]<UL><LI><a href="#[12]">&gt;&gt;</a>&nbsp;&nbsp;&nbsp;os_sys_manager
</UL>

<P><STRONG><a name="[5]"></a>SWI_Handler</STRONG> (ARM, 192 bytes, Stack size 0 bytes, hal_arm.o(.emb_text))
<BR>[Address Reference Count : 1]<UL><LI> startup.o(RESET)
</UL>
<P><STRONG><a name="[14d]"></a>os_switch_tasks_ret</STRONG> (Thumb, 0 bytes, Stack size unknown bytes, hal_arm.o(.emb_text))
<BR><BR>[Called By]<UL><LI><a href="#[a8]">&gt;&gt;</a>&nbsp;&nbsp;&nbsp;__SWI_0
</UL>

<P><STRONG><a name="[142]"></a>__user_initial_stackheap</STRONG> (ARM, 0 bytes, Stack size unknown bytes, startup.o(.text))
<BR><BR>[Called By]<UL><LI><a href="#[c3]">&gt;&gt;</a>&nbsp;&nbsp;&nbsp;__user_setup_stackheap
</UL>

<P><STRONG><a name="[e7]"></a>lpReset</STRONG> (Thumb, 12 bytes, Stack size 0 bytes, main.o(.text))
<BR><BR>[Called By]<UL><LI><a href="#[18]">&gt;&gt;</a>&nbsp;&nbsp;&nbsp;hmi
</UL>

<P><STRONG><a name="[cb]"></a>SetPwmDutyCycle1</STRONG> (Thumb, 112 bytes, Stack size 16 bytes, main.o(.text))
<BR><BR>[Stack]<UL><LI>Max Depth = 32<LI>Call Chain = SetPwmDutyCycle1 &rArr; __aeabi_f2uiz
</UL>
<BR>[Calls]<UL><LI><a href="#[d0]">&gt;&gt;</a>&nbsp;&nbsp;&nbsp;scalbnf (via Veneer)
<LI><a href="#[cc]">&gt;&gt;</a>&nbsp;&nbsp;&nbsp;__aeabi_i2f (via Veneer)
<LI><a href="#[d1]">&gt;&gt;</a>&nbsp;&nbsp;&nbsp;__aeabi_f2uiz (via Veneer)
<LI><a href="#[cd]">&gt;&gt;</a>&nbsp;&nbsp;&nbsp;__aeabi_fdiv (via Veneer)
<LI><a href="#[cf]">&gt;&gt;</a>&nbsp;&nbsp;&nbsp;__aeabi_frsub (via Veneer)
<LI><a href="#[ce]">&gt;&gt;</a>&nbsp;&nbsp;&nbsp;__aeabi_fadd (via Veneer)
</UL>
<BR>[Called By]<UL><LI><a href="#[73]">&gt;&gt;</a>&nbsp;&nbsp;&nbsp;CaluserInp_KeyboardHandler
<LI><a href="#[58]">&gt;&gt;</a>&nbsp;&nbsp;&nbsp;CaluserPos_KeyboardHandler
<LI><a href="#[57]">&gt;&gt;</a>&nbsp;&nbsp;&nbsp;XtuneAuto_OpeningHandler
<LI><a href="#[16]">&gt;&gt;</a>&nbsp;&nbsp;&nbsp;pid
</UL>

<P><STRONG><a name="[d2]"></a>SetPwmDutyCycle2</STRONG> (Thumb, 190 bytes, Stack size 24 bytes, main.o(.text), UNUSED)
<BR><BR>[Calls]<UL><LI><a href="#[d0]">&gt;&gt;</a>&nbsp;&nbsp;&nbsp;scalbnf (via Veneer)
<LI><a href="#[cc]">&gt;&gt;</a>&nbsp;&nbsp;&nbsp;__aeabi_i2f (via Veneer)
<LI><a href="#[d1]">&gt;&gt;</a>&nbsp;&nbsp;&nbsp;__aeabi_f2uiz (via Veneer)
<LI><a href="#[cd]">&gt;&gt;</a>&nbsp;&nbsp;&nbsp;__aeabi_fdiv (via Veneer)
<LI><a href="#[d3]">&gt;&gt;</a>&nbsp;&nbsp;&nbsp;__aeabi_fsub (via Veneer)
<LI><a href="#[cf]">&gt;&gt;</a>&nbsp;&nbsp;&nbsp;__aeabi_frsub (via Veneer)
</UL>

<P><STRONG><a name="[16]"></a>pid</STRONG> (Thumb, 298 bytes, Stack size 32 bytes, main.o(.text))
<BR><BR>[Stack]<UL><LI>Max Depth = 232<LI>Call Chain = pid &rArr; cmdHandle &rArr; log &rArr; __kernel_poly &rArr; __aeabi_dmul
</UL>
<BR>[Calls]<UL><LI><a href="#[dc]">&gt;&gt;</a>&nbsp;&nbsp;&nbsp;tempHandle
<LI><a href="#[d6]">&gt;&gt;</a>&nbsp;&nbsp;&nbsp;spHandle
<LI><a href="#[d5]">&gt;&gt;</a>&nbsp;&nbsp;&nbsp;posHandle
<LI><a href="#[de]">&gt;&gt;</a>&nbsp;&nbsp;&nbsp;pid_Reset_Integrator
<LI><a href="#[df]">&gt;&gt;</a>&nbsp;&nbsp;&nbsp;pid_Controller
<LI><a href="#[db]">&gt;&gt;</a>&nbsp;&nbsp;&nbsp;p2Handle
<LI><a href="#[da]">&gt;&gt;</a>&nbsp;&nbsp;&nbsp;p1Handle
<LI><a href="#[d4]">&gt;&gt;</a>&nbsp;&nbsp;&nbsp;os_evt_wait
<LI><a href="#[d7]">&gt;&gt;</a>&nbsp;&nbsp;&nbsp;cmdHandle
<LI><a href="#[cb]">&gt;&gt;</a>&nbsp;&nbsp;&nbsp;SetPwmDutyCycle1
<LI><a href="#[d9]">&gt;&gt;</a>&nbsp;&nbsp;&nbsp;__aeabi_f2iz (via Veneer)
<LI><a href="#[ce]">&gt;&gt;</a>&nbsp;&nbsp;&nbsp;__aeabi_fadd (via Veneer)
<LI><a href="#[dd]">&gt;&gt;</a>&nbsp;&nbsp;&nbsp;__aeabi_uwrite4 (via Veneer)
<LI><a href="#[d8]">&gt;&gt;</a>&nbsp;&nbsp;&nbsp;__aeabi_uread4 (via Veneer)
</UL>
<BR>[Address Reference Count : 1]<UL><LI> main.o(.text)
</UL>
<P><STRONG><a name="[15]"></a>modbus</STRONG> (Thumb, 12 bytes, Stack size 0 bytes, main.o(.text))
<BR><BR>[Stack]<UL><LI>Max Depth = 28 + In Cycle
<LI>Call Chain = modbus &rArr;  modbus (Cycle)
</UL>
<BR>[Calls]<UL><LI><a href="#[e1]">&gt;&gt;</a>&nbsp;&nbsp;&nbsp;os_dly_wait
<LI><a href="#[e0]">&gt;&gt;</a>&nbsp;&nbsp;&nbsp;eMBPoll
<LI><a href="#[15]">&gt;&gt;</a>&nbsp;&nbsp;&nbsp;modbus
</UL>
<BR>[Called By]<UL><LI><a href="#[15]">&gt;&gt;</a>&nbsp;&nbsp;&nbsp;modbus
</UL>
<BR>[Address Reference Count : 1]<UL><LI> main.o(.text)
</UL>
<P><STRONG><a name="[e2]"></a>GetADC</STRONG> (Thumb, 94 bytes, Stack size 88 bytes, main.o(.text))
<BR><BR>[Stack]<UL><LI>Max Depth = 88<LI>Call Chain = GetADC
</UL>
<BR>[Calls]<UL><LI><a href="#[13]">&gt;&gt;</a>&nbsp;&nbsp;&nbsp;tsk_unlock
</UL>
<BR>[Called By]<UL><LI><a href="#[19]">&gt;&gt;</a>&nbsp;&nbsp;&nbsp;init
<LI><a href="#[17]">&gt;&gt;</a>&nbsp;&nbsp;&nbsp;adc
</UL>

<P><STRONG><a name="[17]"></a>adc</STRONG> (Thumb, 98 bytes, Stack size 0 bytes, main.o(.text))
<BR><BR>[Stack]<UL><LI>Max Depth = 88<LI>Call Chain = adc &rArr; GetADC
</UL>
<BR>[Calls]<UL><LI><a href="#[e3]">&gt;&gt;</a>&nbsp;&nbsp;&nbsp;os_evt_set
<LI><a href="#[e1]">&gt;&gt;</a>&nbsp;&nbsp;&nbsp;os_dly_wait
<LI><a href="#[e2]">&gt;&gt;</a>&nbsp;&nbsp;&nbsp;GetADC
</UL>
<BR>[Address Reference Count : 1]<UL><LI> main.o(.text)
</UL>
<P><STRONG><a name="[18]"></a>hmi</STRONG> (Thumb, 102 bytes, Stack size 0 bytes, main.o(.text))
<BR><BR>[Stack]<UL><LI>Max Depth = 80 + Unknown Stack Size
<LI>Call Chain = hmi &rArr; HMI_Handler &rArr; Display &rArr; floattochar &rArr; __aeabi_fmul
</UL>
<BR>[Calls]<UL><LI><a href="#[e8]">&gt;&gt;</a>&nbsp;&nbsp;&nbsp;os_itv_wait
<LI><a href="#[e4]">&gt;&gt;</a>&nbsp;&nbsp;&nbsp;os_itv_set
<LI><a href="#[e6]">&gt;&gt;</a>&nbsp;&nbsp;&nbsp;HMI_Handler
<LI><a href="#[e5]">&gt;&gt;</a>&nbsp;&nbsp;&nbsp;DS18B20_Temperature
<LI><a href="#[e7]">&gt;&gt;</a>&nbsp;&nbsp;&nbsp;lpReset
<LI><a href="#[dd]">&gt;&gt;</a>&nbsp;&nbsp;&nbsp;__aeabi_uwrite4 (via Veneer)
</UL>
<BR>[Address Reference Count : 1]<UL><LI> main.o(.text)
</UL>
<P><STRONG><a name="[e9]"></a>ADCpoweron</STRONG> (Thumb, 16 bytes, Stack size 0 bytes, main.o(.text))
<BR><BR>[Called By]<UL><LI><a href="#[19]">&gt;&gt;</a>&nbsp;&nbsp;&nbsp;init
</UL>

<P><STRONG><a name="[19]"></a>init</STRONG> (Thumb, 446 bytes, Stack size 8 bytes, main.o(.text))
<BR><BR>[Stack]<UL><LI>Max Depth = 96 + Unknown Stack Size
<LI>Call Chain = init &rArr; GetADC
</UL>
<BR>[Calls]<UL><LI><a href="#[ee]">&gt;&gt;</a>&nbsp;&nbsp;&nbsp;pid_Init
<LI><a href="#[ef]">&gt;&gt;</a>&nbsp;&nbsp;&nbsp;os_tsk_delete
<LI><a href="#[b1]">&gt;&gt;</a>&nbsp;&nbsp;&nbsp;os_tsk_create0
<LI><a href="#[ec]">&gt;&gt;</a>&nbsp;&nbsp;&nbsp;eMBInit
<LI><a href="#[ed]">&gt;&gt;</a>&nbsp;&nbsp;&nbsp;eMBEnable
<LI><a href="#[ea]">&gt;&gt;</a>&nbsp;&nbsp;&nbsp;Init_FEE
<LI><a href="#[eb]">&gt;&gt;</a>&nbsp;&nbsp;&nbsp;HMI_Init
<LI><a href="#[e9]">&gt;&gt;</a>&nbsp;&nbsp;&nbsp;ADCpoweron
<LI><a href="#[e2]">&gt;&gt;</a>&nbsp;&nbsp;&nbsp;GetADC
<LI><a href="#[dd]">&gt;&gt;</a>&nbsp;&nbsp;&nbsp;__aeabi_uwrite4 (via Veneer)
<LI><a href="#[d8]">&gt;&gt;</a>&nbsp;&nbsp;&nbsp;__aeabi_uread4 (via Veneer)
</UL>
<BR>[Address Reference Count : 1]<UL><LI> main.o(.text)
</UL>
<P><STRONG><a name="[b]"></a>main</STRONG> (Thumb, 20 bytes, Stack size 8 bytes, main.o(.text))
<BR><BR>[Stack]<UL><LI>Max Depth = 8<LI>Call Chain = main
</UL>
<BR>[Calls]<UL><LI><a href="#[f0]">&gt;&gt;</a>&nbsp;&nbsp;&nbsp;os_sys_init0
</UL>
<BR>[Address Reference Count : 1]<UL><LI> rtentry2.o(.ARM.Collect$$rtentry$$0000000D)
</UL>
<P><STRONG><a name="[10d]"></a>eMBRegInputCB</STRONG> (Thumb, 58 bytes, Stack size 12 bytes, main.o(.text))
<BR><BR>[Stack]<UL><LI>Max Depth = 12<LI>Call Chain = eMBRegInputCB
</UL>
<BR>[Called By]<UL><LI><a href="#[b2]">&gt;&gt;</a>&nbsp;&nbsp;&nbsp;eMBFuncReadInputRegister
</UL>

<P><STRONG><a name="[f1]"></a>eMBRegHoldingCB</STRONG> (Thumb, 98 bytes, Stack size 24 bytes, main.o(.text))
<BR><BR>[Stack]<UL><LI>Max Depth = 36<LI>Call Chain = eMBRegHoldingCB &rArr; EepromWr_n
</UL>
<BR>[Calls]<UL><LI><a href="#[f2]">&gt;&gt;</a>&nbsp;&nbsp;&nbsp;EepromWr_n
</UL>
<BR>[Called By]<UL><LI><a href="#[b4]">&gt;&gt;</a>&nbsp;&nbsp;&nbsp;eMBFuncWriteMultipleHoldingRegister
<LI><a href="#[b5]">&gt;&gt;</a>&nbsp;&nbsp;&nbsp;eMBFuncWriteHoldingRegister
<LI><a href="#[b6]">&gt;&gt;</a>&nbsp;&nbsp;&nbsp;eMBFuncReadWriteMultipleHoldingRegister
<LI><a href="#[b3]">&gt;&gt;</a>&nbsp;&nbsp;&nbsp;eMBFuncReadHoldingRegister
</UL>

<P><STRONG><a name="[10a]"></a>eMBRegCoilsCB</STRONG> (Thumb, 4 bytes, Stack size 0 bytes, main.o(.text))
<BR><BR>[Called By]<UL><LI><a href="#[b9]">&gt;&gt;</a>&nbsp;&nbsp;&nbsp;eMBFuncWriteMultipleCoils
<LI><a href="#[b8]">&gt;&gt;</a>&nbsp;&nbsp;&nbsp;eMBFuncWriteCoil
<LI><a href="#[b7]">&gt;&gt;</a>&nbsp;&nbsp;&nbsp;eMBFuncReadCoils
</UL>

<P><STRONG><a name="[10c]"></a>eMBRegDiscreteCB</STRONG> (Thumb, 4 bytes, Stack size 0 bytes, main.o(.text))
<BR><BR>[Called By]<UL><LI><a href="#[ba]">&gt;&gt;</a>&nbsp;&nbsp;&nbsp;eMBFuncReadDiscreteInputs
</UL>

<P><STRONG><a name="[f7]"></a>xMBPortEventInit</STRONG> (Thumb, 10 bytes, Stack size 0 bytes, portevent.o(.text))
<BR><BR>[Called By]<UL><LI><a href="#[ec]">&gt;&gt;</a>&nbsp;&nbsp;&nbsp;eMBInit
</UL>

<P><STRONG><a name="[100]"></a>xMBPortEventPost</STRONG> (Thumb, 12 bytes, Stack size 0 bytes, portevent.o(.text))
<BR><BR>[Called By]<UL><LI><a href="#[1f]">&gt;&gt;</a>&nbsp;&nbsp;&nbsp;xMBRTUTransmitFSM
<LI><a href="#[20]">&gt;&gt;</a>&nbsp;&nbsp;&nbsp;xMBRTUTimerT35Expired
<LI><a href="#[26]">&gt;&gt;</a>&nbsp;&nbsp;&nbsp;xMBASCIITransmitFSM
<LI><a href="#[25]">&gt;&gt;</a>&nbsp;&nbsp;&nbsp;xMBASCIIReceiveFSM
<LI><a href="#[21]">&gt;&gt;</a>&nbsp;&nbsp;&nbsp;eMBASCIIStart
<LI><a href="#[e0]">&gt;&gt;</a>&nbsp;&nbsp;&nbsp;eMBPoll
</UL>

<P><STRONG><a name="[fe]"></a>xMBPortEventGet</STRONG> (Thumb, 24 bytes, Stack size 0 bytes, portevent.o(.text))
<BR><BR>[Called By]<UL><LI><a href="#[e0]">&gt;&gt;</a>&nbsp;&nbsp;&nbsp;eMBPoll
</UL>

<P><STRONG><a name="[103]"></a>vMBPortSerialEnable</STRONG> (Thumb, 78 bytes, Stack size 4 bytes, portserial.o(.text))
<BR><BR>[Stack]<UL><LI>Max Depth = 4<LI>Call Chain = vMBPortSerialEnable
</UL>
<BR>[Called By]<UL><LI><a href="#[1f]">&gt;&gt;</a>&nbsp;&nbsp;&nbsp;xMBRTUTransmitFSM
<LI><a href="#[26]">&gt;&gt;</a>&nbsp;&nbsp;&nbsp;xMBASCIITransmitFSM
<LI><a href="#[1b]">&gt;&gt;</a>&nbsp;&nbsp;&nbsp;eMBRTUStop
<LI><a href="#[1a]">&gt;&gt;</a>&nbsp;&nbsp;&nbsp;eMBRTUStart
<LI><a href="#[1c]">&gt;&gt;</a>&nbsp;&nbsp;&nbsp;eMBRTUSend
<LI><a href="#[22]">&gt;&gt;</a>&nbsp;&nbsp;&nbsp;eMBASCIIStop
<LI><a href="#[21]">&gt;&gt;</a>&nbsp;&nbsp;&nbsp;eMBASCIIStart
<LI><a href="#[23]">&gt;&gt;</a>&nbsp;&nbsp;&nbsp;eMBASCIISend
</UL>

<P><STRONG><a name="[f3]"></a>xMBPortSerialInit</STRONG> (Thumb, 130 bytes, Stack size 24 bytes, portserial.o(.text))
<BR><BR>[Stack]<UL><LI>Max Depth = 24 + Unknown Stack Size
<LI>Call Chain = xMBPortSerialInit
</UL>
<BR>[Calls]<UL><LI><a href="#[f4]">&gt;&gt;</a>&nbsp;&nbsp;&nbsp;__aeabi_uidivmod (via Veneer)
</UL>
<BR>[Called By]<UL><LI><a href="#[f5]">&gt;&gt;</a>&nbsp;&nbsp;&nbsp;eMBRTUInit
<LI><a href="#[f6]">&gt;&gt;</a>&nbsp;&nbsp;&nbsp;eMBASCIIInit
</UL>

<P><STRONG><a name="[109]"></a>xMBPortSerialPutByte</STRONG> (Thumb, 8 bytes, Stack size 0 bytes, portserial.o(.text))
<BR><BR>[Called By]<UL><LI><a href="#[1f]">&gt;&gt;</a>&nbsp;&nbsp;&nbsp;xMBRTUTransmitFSM
<LI><a href="#[26]">&gt;&gt;</a>&nbsp;&nbsp;&nbsp;xMBASCIITransmitFSM
</UL>

<P><STRONG><a name="[108]"></a>xMBPortSerialGetByte</STRONG> (Thumb, 10 bytes, Stack size 0 bytes, portserial.o(.text))
<BR><BR>[Called By]<UL><LI><a href="#[1e]">&gt;&gt;</a>&nbsp;&nbsp;&nbsp;xMBRTUReceiveFSM
<LI><a href="#[25]">&gt;&gt;</a>&nbsp;&nbsp;&nbsp;xMBASCIIReceiveFSM
</UL>

<P><STRONG><a name="[d]"></a>mb_uart_interrupt</STRONG> (ARM, 72 bytes, Stack size 32 bytes, portserial.o(.text))
<BR><BR>[Stack]<UL><LI>Max Depth = 32<LI>Call Chain = mb_uart_interrupt
</UL>
<BR>[Address Reference Count : 1]<UL><LI> rtx_config.o(.emb_text)
</UL>
<P><STRONG><a name="[102]"></a>xMBPortTimersInit</STRONG> (Thumb, 10 bytes, Stack size 0 bytes, porttimer.o(.text))
<BR><BR>[Called By]<UL><LI><a href="#[f5]">&gt;&gt;</a>&nbsp;&nbsp;&nbsp;eMBRTUInit
<LI><a href="#[f6]">&gt;&gt;</a>&nbsp;&nbsp;&nbsp;eMBASCIIInit
</UL>

<P><STRONG><a name="[c]"></a>mb_timer2_interrupt</STRONG> (ARM, 40 bytes, Stack size 24 bytes, porttimer.o(.text))
<BR><BR>[Stack]<UL><LI>Max Depth = 24<LI>Call Chain = mb_timer2_interrupt
</UL>
<BR>[Address Reference Count : 1]<UL><LI> rtx_config.o(.emb_text)
</UL>
<P><STRONG><a name="[ec]"></a>eMBInit</STRONG> (Thumb, 138 bytes, Stack size 24 bytes, mb.o(.text))
<BR><BR>[Stack]<UL><LI>Max Depth = 72 + Unknown Stack Size
<LI>Call Chain = eMBInit &rArr; eMBRTUInit &rArr; xMBPortSerialInit
</UL>
<BR>[Calls]<UL><LI><a href="#[f5]">&gt;&gt;</a>&nbsp;&nbsp;&nbsp;eMBRTUInit
<LI><a href="#[f6]">&gt;&gt;</a>&nbsp;&nbsp;&nbsp;eMBASCIIInit
<LI><a href="#[f7]">&gt;&gt;</a>&nbsp;&nbsp;&nbsp;xMBPortEventInit
</UL>
<BR>[Called By]<UL><LI><a href="#[19]">&gt;&gt;</a>&nbsp;&nbsp;&nbsp;init
</UL>

<P><STRONG><a name="[f8]"></a>eMBRegisterCB</STRONG> (Thumb, 110 bytes, Stack size 16 bytes, mb.o(.text), UNUSED)
<BR><BR>[Calls]<UL><LI><a href="#[fa]">&gt;&gt;</a>&nbsp;&nbsp;&nbsp;__ARM_common_enable_irq (via Veneer)
<LI><a href="#[f9]">&gt;&gt;</a>&nbsp;&nbsp;&nbsp;__ARM_common_disable_irq (via Veneer)
</UL>

<P><STRONG><a name="[fb]"></a>eMBClose</STRONG> (Thumb, 34 bytes, Stack size 8 bytes, mb.o(.text), UNUSED)
<BR><BR>[Calls]<UL><LI><a href="#[fc]">&gt;&gt;</a>&nbsp;&nbsp;&nbsp;__ARM_common_call_via_r0
</UL>

<P><STRONG><a name="[ed]"></a>eMBEnable</STRONG> (Thumb, 30 bytes, Stack size 16 bytes, mb.o(.text))
<BR><BR>[Stack]<UL><LI>Max Depth = 16<LI>Call Chain = eMBEnable
</UL>
<BR>[Calls]<UL><LI><a href="#[fc]">&gt;&gt;</a>&nbsp;&nbsp;&nbsp;__ARM_common_call_via_r0
</UL>
<BR>[Called By]<UL><LI><a href="#[19]">&gt;&gt;</a>&nbsp;&nbsp;&nbsp;init
</UL>

<P><STRONG><a name="[fd]"></a>eMBDisable</STRONG> (Thumb, 32 bytes, Stack size 8 bytes, mb.o(.text), UNUSED)
<BR><BR>[Calls]<UL><LI><a href="#[fc]">&gt;&gt;</a>&nbsp;&nbsp;&nbsp;__ARM_common_call_via_r0
</UL>

<P><STRONG><a name="[e0]"></a>eMBPoll</STRONG> (Thumb, 196 bytes, Stack size 16 bytes, mb.o(.text))
<BR><BR>[Stack]<UL><LI>Max Depth = 16<LI>Call Chain = eMBPoll
</UL>
<BR>[Calls]<UL><LI><a href="#[ff]">&gt;&gt;</a>&nbsp;&nbsp;&nbsp;__ARM_common_call_via_r3
<LI><a href="#[101]">&gt;&gt;</a>&nbsp;&nbsp;&nbsp;__ARM_common_call_via_r2
<LI><a href="#[fe]">&gt;&gt;</a>&nbsp;&nbsp;&nbsp;xMBPortEventGet
<LI><a href="#[100]">&gt;&gt;</a>&nbsp;&nbsp;&nbsp;xMBPortEventPost
</UL>
<BR>[Called By]<UL><LI><a href="#[15]">&gt;&gt;</a>&nbsp;&nbsp;&nbsp;modbus
</UL>

<P><STRONG><a name="[107]"></a>usMBCRC16</STRONG> (Thumb, 46 bytes, Stack size 12 bytes, mbcrc.o(.text))
<BR><BR>[Stack]<UL><LI>Max Depth = 12<LI>Call Chain = usMBCRC16
</UL>
<BR>[Called By]<UL><LI><a href="#[1c]">&gt;&gt;</a>&nbsp;&nbsp;&nbsp;eMBRTUSend
<LI><a href="#[1d]">&gt;&gt;</a>&nbsp;&nbsp;&nbsp;eMBRTUReceive
</UL>

<P><STRONG><a name="[f5]"></a>eMBRTUInit</STRONG> (Thumb, 76 bytes, Stack size 24 bytes, mbrtu.o(.text))
<BR><BR>[Stack]<UL><LI>Max Depth = 48 + Unknown Stack Size
<LI>Call Chain = eMBRTUInit &rArr; xMBPortSerialInit
</UL>
<BR>[Calls]<UL><LI><a href="#[fa]">&gt;&gt;</a>&nbsp;&nbsp;&nbsp;__ARM_common_enable_irq (via Veneer)
<LI><a href="#[f9]">&gt;&gt;</a>&nbsp;&nbsp;&nbsp;__ARM_common_disable_irq (via Veneer)
<LI><a href="#[102]">&gt;&gt;</a>&nbsp;&nbsp;&nbsp;xMBPortTimersInit
<LI><a href="#[f3]">&gt;&gt;</a>&nbsp;&nbsp;&nbsp;xMBPortSerialInit
<LI><a href="#[f4]">&gt;&gt;</a>&nbsp;&nbsp;&nbsp;__aeabi_uidivmod (via Veneer)
</UL>
<BR>[Called By]<UL><LI><a href="#[ec]">&gt;&gt;</a>&nbsp;&nbsp;&nbsp;eMBInit
</UL>

<P><STRONG><a name="[1a]"></a>eMBRTUStart</STRONG> (Thumb, 34 bytes, Stack size 8 bytes, mbrtu.o(.text))
<BR><BR>[Stack]<UL><LI>Max Depth = 12<LI>Call Chain = eMBRTUStart &rArr; vMBPortSerialEnable
</UL>
<BR>[Calls]<UL><LI><a href="#[fa]">&gt;&gt;</a>&nbsp;&nbsp;&nbsp;__ARM_common_enable_irq (via Veneer)
<LI><a href="#[f9]">&gt;&gt;</a>&nbsp;&nbsp;&nbsp;__ARM_common_disable_irq (via Veneer)
<LI><a href="#[104]">&gt;&gt;</a>&nbsp;&nbsp;&nbsp;vMBPortTimersEnable
<LI><a href="#[103]">&gt;&gt;</a>&nbsp;&nbsp;&nbsp;vMBPortSerialEnable
</UL>
<BR>[Address Reference Count : 1]<UL><LI> mb.o(.text)
</UL>
<P><STRONG><a name="[1b]"></a>eMBRTUStop</STRONG> (Thumb, 24 bytes, Stack size 8 bytes, mbrtu.o(.text))
<BR><BR>[Stack]<UL><LI>Max Depth = 12<LI>Call Chain = eMBRTUStop &rArr; vMBPortSerialEnable
</UL>
<BR>[Calls]<UL><LI><a href="#[fa]">&gt;&gt;</a>&nbsp;&nbsp;&nbsp;__ARM_common_enable_irq (via Veneer)
<LI><a href="#[f9]">&gt;&gt;</a>&nbsp;&nbsp;&nbsp;__ARM_common_disable_irq (via Veneer)
<LI><a href="#[105]">&gt;&gt;</a>&nbsp;&nbsp;&nbsp;vMBPortTimersDisable
<LI><a href="#[103]">&gt;&gt;</a>&nbsp;&nbsp;&nbsp;vMBPortSerialEnable
</UL>
<BR>[Address Reference Count : 1]<UL><LI> mb.o(.text)
</UL>
<P><STRONG><a name="[1d]"></a>eMBRTUReceive</STRONG> (Thumb, 78 bytes, Stack size 32 bytes, mbrtu.o(.text))
<BR><BR>[Stack]<UL><LI>Max Depth = 72 + Unknown Stack Size
<LI>Call Chain = eMBRTUReceive &rArr; abort &rArr; __rt_SIGABRT &rArr; __rt_SIGABRT_inner &rArr; __default_signal_display &rArr; _ttywrch
</UL>
<BR>[Calls]<UL><LI><a href="#[107]">&gt;&gt;</a>&nbsp;&nbsp;&nbsp;usMBCRC16
<LI><a href="#[fa]">&gt;&gt;</a>&nbsp;&nbsp;&nbsp;__ARM_common_enable_irq (via Veneer)
<LI><a href="#[f9]">&gt;&gt;</a>&nbsp;&nbsp;&nbsp;__ARM_common_disable_irq (via Veneer)
<LI><a href="#[106]">&gt;&gt;</a>&nbsp;&nbsp;&nbsp;abort
</UL>
<BR>[Address Reference Count : 1]<UL><LI> mb.o(.text)
</UL>
<P><STRONG><a name="[1c]"></a>eMBRTUSend</STRONG> (Thumb, 90 bytes, Stack size 32 bytes, mbrtu.o(.text))
<BR><BR>[Stack]<UL><LI>Max Depth = 44<LI>Call Chain = eMBRTUSend &rArr; usMBCRC16
</UL>
<BR>[Calls]<UL><LI><a href="#[107]">&gt;&gt;</a>&nbsp;&nbsp;&nbsp;usMBCRC16
<LI><a href="#[fa]">&gt;&gt;</a>&nbsp;&nbsp;&nbsp;__ARM_common_enable_irq (via Veneer)
<LI><a href="#[f9]">&gt;&gt;</a>&nbsp;&nbsp;&nbsp;__ARM_common_disable_irq (via Veneer)
<LI><a href="#[103]">&gt;&gt;</a>&nbsp;&nbsp;&nbsp;vMBPortSerialEnable
</UL>
<BR>[Address Reference Count : 1]<UL><LI> mb.o(.text)
</UL>
<P><STRONG><a name="[1e]"></a>xMBRTUReceiveFSM</STRONG> (Thumb, 104 bytes, Stack size 16 bytes, mbrtu.o(.text))
<BR><BR>[Stack]<UL><LI>Max Depth = 56 + Unknown Stack Size
<LI>Call Chain = xMBRTUReceiveFSM &rArr; abort &rArr; __rt_SIGABRT &rArr; __rt_SIGABRT_inner &rArr; __default_signal_display &rArr; _ttywrch
</UL>
<BR>[Calls]<UL><LI><a href="#[104]">&gt;&gt;</a>&nbsp;&nbsp;&nbsp;vMBPortTimersEnable
<LI><a href="#[108]">&gt;&gt;</a>&nbsp;&nbsp;&nbsp;xMBPortSerialGetByte
<LI><a href="#[106]">&gt;&gt;</a>&nbsp;&nbsp;&nbsp;abort
</UL>
<BR>[Address Reference Count : 1]<UL><LI> mb.o(.text)
</UL>
<P><STRONG><a name="[1f]"></a>xMBRTUTransmitFSM</STRONG> (Thumb, 94 bytes, Stack size 16 bytes, mbrtu.o(.text))
<BR><BR>[Stack]<UL><LI>Max Depth = 56 + Unknown Stack Size
<LI>Call Chain = xMBRTUTransmitFSM &rArr; abort &rArr; __rt_SIGABRT &rArr; __rt_SIGABRT_inner &rArr; __default_signal_display &rArr; _ttywrch
</UL>
<BR>[Calls]<UL><LI><a href="#[109]">&gt;&gt;</a>&nbsp;&nbsp;&nbsp;xMBPortSerialPutByte
<LI><a href="#[103]">&gt;&gt;</a>&nbsp;&nbsp;&nbsp;vMBPortSerialEnable
<LI><a href="#[100]">&gt;&gt;</a>&nbsp;&nbsp;&nbsp;xMBPortEventPost
<LI><a href="#[106]">&gt;&gt;</a>&nbsp;&nbsp;&nbsp;abort
</UL>
<BR>[Address Reference Count : 1]<UL><LI> mb.o(.text)
</UL>
<P><STRONG><a name="[20]"></a>xMBRTUTimerT35Expired</STRONG> (Thumb, 62 bytes, Stack size 16 bytes, mbrtu.o(.text))
<BR><BR>[Stack]<UL><LI>Max Depth = 56 + Unknown Stack Size
<LI>Call Chain = xMBRTUTimerT35Expired &rArr; abort &rArr; __rt_SIGABRT &rArr; __rt_SIGABRT_inner &rArr; __default_signal_display &rArr; _ttywrch
</UL>
<BR>[Calls]<UL><LI><a href="#[105]">&gt;&gt;</a>&nbsp;&nbsp;&nbsp;vMBPortTimersDisable
<LI><a href="#[100]">&gt;&gt;</a>&nbsp;&nbsp;&nbsp;xMBPortEventPost
<LI><a href="#[106]">&gt;&gt;</a>&nbsp;&nbsp;&nbsp;abort
</UL>
<BR>[Address Reference Count : 1]<UL><LI> mb.o(.text)
</UL>
<P><STRONG><a name="[b7]"></a>eMBFuncReadCoils</STRONG> (Thumb, 120 bytes, Stack size 16 bytes, mbfunccoils.o(.text))
<BR><BR>[Stack]<UL><LI>Max Depth = 16<LI>Call Chain = eMBFuncReadCoils
</UL>
<BR>[Calls]<UL><LI><a href="#[10b]">&gt;&gt;</a>&nbsp;&nbsp;&nbsp;prveMBError2Exception
<LI><a href="#[10a]">&gt;&gt;</a>&nbsp;&nbsp;&nbsp;eMBRegCoilsCB
</UL>
<BR>[Address Reference Count : 1]<UL><LI> mb.o(.data)
</UL>
<P><STRONG><a name="[b8]"></a>eMBFuncWriteCoil</STRONG> (Thumb, 92 bytes, Stack size 16 bytes, mbfunccoils.o(.text))
<BR><BR>[Stack]<UL><LI>Max Depth = 16<LI>Call Chain = eMBFuncWriteCoil
</UL>
<BR>[Calls]<UL><LI><a href="#[10b]">&gt;&gt;</a>&nbsp;&nbsp;&nbsp;prveMBError2Exception
<LI><a href="#[10a]">&gt;&gt;</a>&nbsp;&nbsp;&nbsp;eMBRegCoilsCB
</UL>
<BR>[Address Reference Count : 1]<UL><LI> mb.o(.data)
</UL>
<P><STRONG><a name="[b9]"></a>eMBFuncWriteMultipleCoils</STRONG> (Thumb, 106 bytes, Stack size 24 bytes, mbfunccoils.o(.text))
<BR><BR>[Stack]<UL><LI>Max Depth = 24<LI>Call Chain = eMBFuncWriteMultipleCoils
</UL>
<BR>[Calls]<UL><LI><a href="#[10b]">&gt;&gt;</a>&nbsp;&nbsp;&nbsp;prveMBError2Exception
<LI><a href="#[10a]">&gt;&gt;</a>&nbsp;&nbsp;&nbsp;eMBRegCoilsCB
</UL>
<BR>[Address Reference Count : 1]<UL><LI> mb.o(.data)
</UL>
<P><STRONG><a name="[ba]"></a>eMBFuncReadDiscreteInputs</STRONG> (Thumb, 118 bytes, Stack size 16 bytes, mbfuncdisc.o(.text))
<BR><BR>[Stack]<UL><LI>Max Depth = 16<LI>Call Chain = eMBFuncReadDiscreteInputs
</UL>
<BR>[Calls]<UL><LI><a href="#[10b]">&gt;&gt;</a>&nbsp;&nbsp;&nbsp;prveMBError2Exception
<LI><a href="#[10c]">&gt;&gt;</a>&nbsp;&nbsp;&nbsp;eMBRegDiscreteCB
</UL>
<BR>[Address Reference Count : 1]<UL><LI> mb.o(.data)
</UL>
<P><STRONG><a name="[b5]"></a>eMBFuncWriteHoldingRegister</STRONG> (Thumb, 56 bytes, Stack size 8 bytes, mbfuncholding.o(.text))
<BR><BR>[Stack]<UL><LI>Max Depth = 44<LI>Call Chain = eMBFuncWriteHoldingRegister &rArr; eMBRegHoldingCB &rArr; EepromWr_n
</UL>
<BR>[Calls]<UL><LI><a href="#[10b]">&gt;&gt;</a>&nbsp;&nbsp;&nbsp;prveMBError2Exception
<LI><a href="#[f1]">&gt;&gt;</a>&nbsp;&nbsp;&nbsp;eMBRegHoldingCB
</UL>
<BR>[Address Reference Count : 1]<UL><LI> mb.o(.data)
</UL>
<P><STRONG><a name="[b4]"></a>eMBFuncWriteMultipleHoldingRegister</STRONG> (Thumb, 86 bytes, Stack size 16 bytes, mbfuncholding.o(.text))
<BR><BR>[Stack]<UL><LI>Max Depth = 52<LI>Call Chain = eMBFuncWriteMultipleHoldingRegister &rArr; eMBRegHoldingCB &rArr; EepromWr_n
</UL>
<BR>[Calls]<UL><LI><a href="#[10b]">&gt;&gt;</a>&nbsp;&nbsp;&nbsp;prveMBError2Exception
<LI><a href="#[f1]">&gt;&gt;</a>&nbsp;&nbsp;&nbsp;eMBRegHoldingCB
</UL>
<BR>[Address Reference Count : 1]<UL><LI> mb.o(.data)
</UL>
<P><STRONG><a name="[b3]"></a>eMBFuncReadHoldingRegister</STRONG> (Thumb, 92 bytes, Stack size 16 bytes, mbfuncholding.o(.text))
<BR><BR>[Stack]<UL><LI>Max Depth = 52<LI>Call Chain = eMBFuncReadHoldingRegister &rArr; eMBRegHoldingCB &rArr; EepromWr_n
</UL>
<BR>[Calls]<UL><LI><a href="#[10b]">&gt;&gt;</a>&nbsp;&nbsp;&nbsp;prveMBError2Exception
<LI><a href="#[f1]">&gt;&gt;</a>&nbsp;&nbsp;&nbsp;eMBRegHoldingCB
</UL>
<BR>[Address Reference Count : 1]<UL><LI> mb.o(.data)
</UL>
<P><STRONG><a name="[b6]"></a>eMBFuncReadWriteMultipleHoldingRegister</STRONG> (Thumb, 162 bytes, Stack size 24 bytes, mbfuncholding.o(.text))
<BR><BR>[Stack]<UL><LI>Max Depth = 60<LI>Call Chain = eMBFuncReadWriteMultipleHoldingRegister &rArr; eMBRegHoldingCB &rArr; EepromWr_n
</UL>
<BR>[Calls]<UL><LI><a href="#[10b]">&gt;&gt;</a>&nbsp;&nbsp;&nbsp;prveMBError2Exception
<LI><a href="#[f1]">&gt;&gt;</a>&nbsp;&nbsp;&nbsp;eMBRegHoldingCB
</UL>
<BR>[Address Reference Count : 1]<UL><LI> mb.o(.data)
</UL>
<P><STRONG><a name="[b2]"></a>eMBFuncReadInputRegister</STRONG> (Thumb, 100 bytes, Stack size 16 bytes, mbfuncinput.o(.text))
<BR><BR>[Stack]<UL><LI>Max Depth = 28<LI>Call Chain = eMBFuncReadInputRegister &rArr; eMBRegInputCB
</UL>
<BR>[Calls]<UL><LI><a href="#[10b]">&gt;&gt;</a>&nbsp;&nbsp;&nbsp;prveMBError2Exception
<LI><a href="#[10d]">&gt;&gt;</a>&nbsp;&nbsp;&nbsp;eMBRegInputCB
</UL>
<BR>[Address Reference Count : 1]<UL><LI> mb.o(.data)
</UL>
<P><STRONG><a name="[10e]"></a>xMBUtilSetBits</STRONG> (Thumb, 50 bytes, Stack size 16 bytes, mbutils.o(.text), UNUSED)
<BR><BR>[Calls]<UL><LI><a href="#[106]">&gt;&gt;</a>&nbsp;&nbsp;&nbsp;abort
</UL>

<P><STRONG><a name="[1b1]"></a>xMBUtilGetBits</STRONG> (Thumb, 36 bytes, Stack size 4 bytes, mbutils.o(.text), UNUSED)

<P><STRONG><a name="[10b]"></a>prveMBError2Exception</STRONG> (Thumb, 24 bytes, Stack size 0 bytes, mbutils.o(.text))
<BR><BR>[Called By]<UL><LI><a href="#[b4]">&gt;&gt;</a>&nbsp;&nbsp;&nbsp;eMBFuncWriteMultipleHoldingRegister
<LI><a href="#[b9]">&gt;&gt;</a>&nbsp;&nbsp;&nbsp;eMBFuncWriteMultipleCoils
<LI><a href="#[b5]">&gt;&gt;</a>&nbsp;&nbsp;&nbsp;eMBFuncWriteHoldingRegister
<LI><a href="#[b8]">&gt;&gt;</a>&nbsp;&nbsp;&nbsp;eMBFuncWriteCoil
<LI><a href="#[b6]">&gt;&gt;</a>&nbsp;&nbsp;&nbsp;eMBFuncReadWriteMultipleHoldingRegister
<LI><a href="#[b2]">&gt;&gt;</a>&nbsp;&nbsp;&nbsp;eMBFuncReadInputRegister
<LI><a href="#[b3]">&gt;&gt;</a>&nbsp;&nbsp;&nbsp;eMBFuncReadHoldingRegister
<LI><a href="#[ba]">&gt;&gt;</a>&nbsp;&nbsp;&nbsp;eMBFuncReadDiscreteInputs
<LI><a href="#[b7]">&gt;&gt;</a>&nbsp;&nbsp;&nbsp;eMBFuncReadCoils
</UL>

<P><STRONG><a name="[f6]"></a>eMBASCIIInit</STRONG> (Thumb, 60 bytes, Stack size 24 bytes, mbascii.o(.text))
<BR><BR>[Stack]<UL><LI>Max Depth = 48 + Unknown Stack Size
<LI>Call Chain = eMBASCIIInit &rArr; xMBPortSerialInit
</UL>
<BR>[Calls]<UL><LI><a href="#[fa]">&gt;&gt;</a>&nbsp;&nbsp;&nbsp;__ARM_common_enable_irq (via Veneer)
<LI><a href="#[f9]">&gt;&gt;</a>&nbsp;&nbsp;&nbsp;__ARM_common_disable_irq (via Veneer)
<LI><a href="#[102]">&gt;&gt;</a>&nbsp;&nbsp;&nbsp;xMBPortTimersInit
<LI><a href="#[f3]">&gt;&gt;</a>&nbsp;&nbsp;&nbsp;xMBPortSerialInit
</UL>
<BR>[Called By]<UL><LI><a href="#[ec]">&gt;&gt;</a>&nbsp;&nbsp;&nbsp;eMBInit
</UL>

<P><STRONG><a name="[21]"></a>eMBASCIIStart</STRONG> (Thumb, 36 bytes, Stack size 8 bytes, mbascii.o(.text))
<BR><BR>[Stack]<UL><LI>Max Depth = 12<LI>Call Chain = eMBASCIIStart &rArr; vMBPortSerialEnable
</UL>
<BR>[Calls]<UL><LI><a href="#[fa]">&gt;&gt;</a>&nbsp;&nbsp;&nbsp;__ARM_common_enable_irq (via Veneer)
<LI><a href="#[f9]">&gt;&gt;</a>&nbsp;&nbsp;&nbsp;__ARM_common_disable_irq (via Veneer)
<LI><a href="#[103]">&gt;&gt;</a>&nbsp;&nbsp;&nbsp;vMBPortSerialEnable
<LI><a href="#[100]">&gt;&gt;</a>&nbsp;&nbsp;&nbsp;xMBPortEventPost
</UL>
<BR>[Address Reference Count : 1]<UL><LI> mb.o(.text)
</UL>
<P><STRONG><a name="[22]"></a>eMBASCIIStop</STRONG> (Thumb, 24 bytes, Stack size 8 bytes, mbascii.o(.text))
<BR><BR>[Stack]<UL><LI>Max Depth = 12<LI>Call Chain = eMBASCIIStop &rArr; vMBPortSerialEnable
</UL>
<BR>[Calls]<UL><LI><a href="#[fa]">&gt;&gt;</a>&nbsp;&nbsp;&nbsp;__ARM_common_enable_irq (via Veneer)
<LI><a href="#[f9]">&gt;&gt;</a>&nbsp;&nbsp;&nbsp;__ARM_common_disable_irq (via Veneer)
<LI><a href="#[105]">&gt;&gt;</a>&nbsp;&nbsp;&nbsp;vMBPortTimersDisable
<LI><a href="#[103]">&gt;&gt;</a>&nbsp;&nbsp;&nbsp;vMBPortSerialEnable
</UL>
<BR>[Address Reference Count : 1]<UL><LI> mb.o(.text)
</UL>
<P><STRONG><a name="[24]"></a>eMBASCIIReceive</STRONG> (Thumb, 76 bytes, Stack size 32 bytes, mbascii.o(.text))
<BR><BR>[Stack]<UL><LI>Max Depth = 72 + Unknown Stack Size
<LI>Call Chain = eMBASCIIReceive &rArr; abort &rArr; __rt_SIGABRT &rArr; __rt_SIGABRT_inner &rArr; __default_signal_display &rArr; _ttywrch
</UL>
<BR>[Calls]<UL><LI><a href="#[10f]">&gt;&gt;</a>&nbsp;&nbsp;&nbsp;prvucMBLRC
<LI><a href="#[fa]">&gt;&gt;</a>&nbsp;&nbsp;&nbsp;__ARM_common_enable_irq (via Veneer)
<LI><a href="#[f9]">&gt;&gt;</a>&nbsp;&nbsp;&nbsp;__ARM_common_disable_irq (via Veneer)
<LI><a href="#[106]">&gt;&gt;</a>&nbsp;&nbsp;&nbsp;abort
</UL>
<BR>[Address Reference Count : 1]<UL><LI> mb.o(.text)
</UL>
<P><STRONG><a name="[23]"></a>eMBASCIISend</STRONG> (Thumb, 80 bytes, Stack size 32 bytes, mbascii.o(.text))
<BR><BR>[Stack]<UL><LI>Max Depth = 36<LI>Call Chain = eMBASCIISend &rArr; vMBPortSerialEnable
</UL>
<BR>[Calls]<UL><LI><a href="#[10f]">&gt;&gt;</a>&nbsp;&nbsp;&nbsp;prvucMBLRC
<LI><a href="#[fa]">&gt;&gt;</a>&nbsp;&nbsp;&nbsp;__ARM_common_enable_irq (via Veneer)
<LI><a href="#[f9]">&gt;&gt;</a>&nbsp;&nbsp;&nbsp;__ARM_common_disable_irq (via Veneer)
<LI><a href="#[103]">&gt;&gt;</a>&nbsp;&nbsp;&nbsp;vMBPortSerialEnable
</UL>
<BR>[Address Reference Count : 1]<UL><LI> mb.o(.text)
</UL>
<P><STRONG><a name="[25]"></a>xMBASCIIReceiveFSM</STRONG> (Thumb, 230 bytes, Stack size 24 bytes, mbascii.o(.text))
<BR><BR>[Stack]<UL><LI>Max Depth = 64 + Unknown Stack Size
<LI>Call Chain = xMBASCIIReceiveFSM &rArr; abort &rArr; __rt_SIGABRT &rArr; __rt_SIGABRT_inner &rArr; __default_signal_display &rArr; _ttywrch
</UL>
<BR>[Calls]<UL><LI><a href="#[104]">&gt;&gt;</a>&nbsp;&nbsp;&nbsp;vMBPortTimersEnable
<LI><a href="#[105]">&gt;&gt;</a>&nbsp;&nbsp;&nbsp;vMBPortTimersDisable
<LI><a href="#[108]">&gt;&gt;</a>&nbsp;&nbsp;&nbsp;xMBPortSerialGetByte
<LI><a href="#[100]">&gt;&gt;</a>&nbsp;&nbsp;&nbsp;xMBPortEventPost
<LI><a href="#[106]">&gt;&gt;</a>&nbsp;&nbsp;&nbsp;abort
</UL>
<BR>[Address Reference Count : 1]<UL><LI> mb.o(.text)
</UL>
<P><STRONG><a name="[26]"></a>xMBASCIITransmitFSM</STRONG> (Thumb, 176 bytes, Stack size 16 bytes, mbascii.o(.text))
<BR><BR>[Stack]<UL><LI>Max Depth = 56 + Unknown Stack Size
<LI>Call Chain = xMBASCIITransmitFSM &rArr; prvucMBBIN2CHAR &rArr; abort &rArr; __rt_SIGABRT &rArr; __rt_SIGABRT_inner &rArr; __default_signal_display &rArr; _ttywrch
</UL>
<BR>[Calls]<UL><LI><a href="#[110]">&gt;&gt;</a>&nbsp;&nbsp;&nbsp;__ARM_common_switch8 (via Veneer)
<LI><a href="#[111]">&gt;&gt;</a>&nbsp;&nbsp;&nbsp;prvucMBBIN2CHAR
<LI><a href="#[109]">&gt;&gt;</a>&nbsp;&nbsp;&nbsp;xMBPortSerialPutByte
<LI><a href="#[103]">&gt;&gt;</a>&nbsp;&nbsp;&nbsp;vMBPortSerialEnable
<LI><a href="#[100]">&gt;&gt;</a>&nbsp;&nbsp;&nbsp;xMBPortEventPost
<LI><a href="#[106]">&gt;&gt;</a>&nbsp;&nbsp;&nbsp;abort
</UL>
<BR>[Address Reference Count : 1]<UL><LI> mb.o(.text)
</UL>
<P><STRONG><a name="[27]"></a>xMBASCIITimerT1SExpired</STRONG> (Thumb, 42 bytes, Stack size 8 bytes, mbascii.o(.text))
<BR><BR>[Stack]<UL><LI>Max Depth = 48 + Unknown Stack Size
<LI>Call Chain = xMBASCIITimerT1SExpired &rArr; abort &rArr; __rt_SIGABRT &rArr; __rt_SIGABRT_inner &rArr; __default_signal_display &rArr; _ttywrch
</UL>
<BR>[Calls]<UL><LI><a href="#[105]">&gt;&gt;</a>&nbsp;&nbsp;&nbsp;vMBPortTimersDisable
<LI><a href="#[106]">&gt;&gt;</a>&nbsp;&nbsp;&nbsp;abort
</UL>
<BR>[Address Reference Count : 1]<UL><LI> mb.o(.text)
</UL>
<P><STRONG><a name="[b0]"></a>os_idle_demon</STRONG> (Thumb, 2 bytes, Stack size 0 bytes, rtx_config.o(.text))
<BR><BR>[Calls]<UL><LI><a href="#[b0]">&gt;&gt;</a>&nbsp;&nbsp;&nbsp;os_idle_demon
</UL>
<BR>[Called By]<UL><LI><a href="#[b0]">&gt;&gt;</a>&nbsp;&nbsp;&nbsp;os_idle_demon
<LI><a href="#[10]">&gt;&gt;</a>&nbsp;&nbsp;&nbsp;os_sys_init1
</UL>
<BR>[Address Reference Count : 1]<UL><LI> rt_task.o(i.os_sys_init1)
</UL>
<P><STRONG><a name="[16f]"></a>os_tmr_call</STRONG> (Thumb, 2 bytes, Stack size 0 bytes, rtx_config.o(.text))
<BR><BR>[Called By]<UL><LI><a href="#[16d]">&gt;&gt;</a>&nbsp;&nbsp;&nbsp;os_tmr_tick
</UL>

<P><STRONG><a name="[112]"></a>os_error</STRONG> (Thumb, 2 bytes, Stack size 0 bytes, rtx_config.o(.text))
<BR><BR>[Calls]<UL><LI><a href="#[112]">&gt;&gt;</a>&nbsp;&nbsp;&nbsp;os_error
</UL>
<BR>[Called By]<UL><LI><a href="#[112]">&gt;&gt;</a>&nbsp;&nbsp;&nbsp;os_error
<LI><a href="#[15f]">&gt;&gt;</a>&nbsp;&nbsp;&nbsp;os_mbx_psh
</UL>

<P><STRONG><a name="[166]"></a>os_tmr_init</STRONG> (Thumb, 12 bytes, Stack size 0 bytes, rtx_config.o(.text))
<BR><BR>[Called By]<UL><LI><a href="#[10]">&gt;&gt;</a>&nbsp;&nbsp;&nbsp;os_sys_init1
</UL>

<P><STRONG><a name="[1b2]"></a>os_tmr_force_irq</STRONG> (Thumb, 26 bytes, Stack size 0 bytes, rtx_config.o(.text), UNUSED)

<P><STRONG><a name="[169]"></a>os_tmr_inspect_cnt</STRONG> (Thumb, 10 bytes, Stack size 0 bytes, rtx_config.o(.text))
<BR><BR>[Called By]<UL><LI><a href="#[12]">&gt;&gt;</a>&nbsp;&nbsp;&nbsp;os_sys_manager
</UL>

<P><STRONG><a name="[16a]"></a>os_tmr_inspect_ovf</STRONG> (Thumb, 10 bytes, Stack size 0 bytes, rtx_config.o(.text))
<BR><BR>[Called By]<UL><LI><a href="#[12]">&gt;&gt;</a>&nbsp;&nbsp;&nbsp;os_sys_manager
</UL>

<P><STRONG><a name="[11]"></a>os_irq_ack_lock</STRONG> (Thumb, 28 bytes, Stack size 0 bytes, rtx_config.o(.text))
<BR>[Address Reference Count : 1]<UL><LI> hal_arm.o(.emb_text)
</UL>
<P><STRONG><a name="[ad]"></a>__SWI_5</STRONG> (Thumb, 8 bytes, Stack size 0 bytes, rtx_config.o(.text))
<BR>[Address Reference Count : 1]<UL><LI> swi_table.o(SWI_TABLE)
</UL>
<P><STRONG><a name="[13]"></a>tsk_unlock</STRONG> (Thumb, 28 bytes, Stack size 0 bytes, rtx_config.o(.text))
<BR><BR>[Called By]<UL><LI><a href="#[118]">&gt;&gt;</a>&nbsp;&nbsp;&nbsp;os_mut_wait
<LI><a href="#[11a]">&gt;&gt;</a>&nbsp;&nbsp;&nbsp;os_mut_release
<LI><a href="#[116]">&gt;&gt;</a>&nbsp;&nbsp;&nbsp;os_mut_init
<LI><a href="#[ef]">&gt;&gt;</a>&nbsp;&nbsp;&nbsp;os_tsk_delete
<LI><a href="#[b1]">&gt;&gt;</a>&nbsp;&nbsp;&nbsp;os_tsk_create0
<LI><a href="#[e8]">&gt;&gt;</a>&nbsp;&nbsp;&nbsp;os_itv_wait
<LI><a href="#[d4]">&gt;&gt;</a>&nbsp;&nbsp;&nbsp;os_evt_wait
<LI><a href="#[e3]">&gt;&gt;</a>&nbsp;&nbsp;&nbsp;os_evt_set
<LI><a href="#[e1]">&gt;&gt;</a>&nbsp;&nbsp;&nbsp;os_dly_wait
<LI><a href="#[e2]">&gt;&gt;</a>&nbsp;&nbsp;&nbsp;GetADC
<LI><a href="#[a8]">&gt;&gt;</a>&nbsp;&nbsp;&nbsp;__SWI_0
</UL>
<BR>[Address Reference Count : 1]<UL><LI> hal_arm.o(.emb_text)
</UL>
<P><STRONG><a name="[14b]"></a>os_stk_check</STRONG> (Thumb, 2 bytes, Stack size 0 bytes, rtx_config.o(.text))
<BR><BR>[Called By]<UL><LI><a href="#[a8]">&gt;&gt;</a>&nbsp;&nbsp;&nbsp;__SWI_0
<LI><a href="#[12]">&gt;&gt;</a>&nbsp;&nbsp;&nbsp;os_sys_manager
</UL>

<P><STRONG><a name="[113]"></a>__user_perthread_libspace</STRONG> (Thumb, 30 bytes, Stack size 8 bytes, rtx_config.o(.text))
<BR><BR>[Stack]<UL><LI>Max Depth = 8<LI>Call Chain = __user_perthread_libspace
</UL>
<BR>[Calls]<UL><LI><a href="#[114]">&gt;&gt;</a>&nbsp;&nbsp;&nbsp;os_tsk_self
</UL>
<BR>[Called By]<UL><LI><a href="#[146]">&gt;&gt;</a>&nbsp;&nbsp;&nbsp;__rt_fp_status_addr (via Veneer)
<LI><a href="#[13c]">&gt;&gt;</a>&nbsp;&nbsp;&nbsp;__aeabi_errno_addr (via Veneer)
</UL>

<P><STRONG><a name="[115]"></a>_mutex_initialize</STRONG> (Thumb, 36 bytes, Stack size 8 bytes, rtx_config.o(.text), UNUSED)
<BR><BR>[Calls]<UL><LI><a href="#[116]">&gt;&gt;</a>&nbsp;&nbsp;&nbsp;os_mut_init
</UL>

<P><STRONG><a name="[117]"></a>_mutex_acquire</STRONG> (Thumb, 24 bytes, Stack size 8 bytes, rtx_config.o(.text), UNUSED)
<BR><BR>[Calls]<UL><LI><a href="#[114]">&gt;&gt;</a>&nbsp;&nbsp;&nbsp;os_tsk_self
<LI><a href="#[118]">&gt;&gt;</a>&nbsp;&nbsp;&nbsp;os_mut_wait
</UL>

<P><STRONG><a name="[119]"></a>_mutex_release</STRONG> (Thumb, 20 bytes, Stack size 8 bytes, rtx_config.o(.text), UNUSED)
<BR><BR>[Calls]<UL><LI><a href="#[114]">&gt;&gt;</a>&nbsp;&nbsp;&nbsp;os_tsk_self
<LI><a href="#[11a]">&gt;&gt;</a>&nbsp;&nbsp;&nbsp;os_mut_release
</UL>

<P><STRONG><a name="[f]"></a>os_def_interrupt</STRONG> (ARM, 4 bytes, Stack size 0 bytes, rtx_config.o(.text))
<BR>[Address Reference Count : 1]<UL><LI> rtx_config.o(.emb_text)
</UL>
<P><STRONG><a name="[ea]"></a>Init_FEE</STRONG> (Thumb, 8 bytes, Stack size 0 bytes, iap.o(.text))
<BR><BR>[Called By]<UL><LI><a href="#[19]">&gt;&gt;</a>&nbsp;&nbsp;&nbsp;init
</UL>

<P><STRONG><a name="[f2]"></a>EepromWr_n</STRONG> (Thumb, 64 bytes, Stack size 12 bytes, iap.o(.text))
<BR><BR>[Stack]<UL><LI>Max Depth = 12<LI>Call Chain = EepromWr_n
</UL>
<BR>[Called By]<UL><LI><a href="#[12a]">&gt;&gt;</a>&nbsp;&nbsp;&nbsp;MenuKeyboardHandler
<LI><a href="#[f1]">&gt;&gt;</a>&nbsp;&nbsp;&nbsp;eMBRegHoldingCB
</UL>

<P><STRONG><a name="[11b]"></a>display_char</STRONG> (Thumb, 1512 bytes, Stack size 24 bytes, ht1622.o(.text))
<BR><BR>[Stack]<UL><LI>Max Depth = 48<LI>Call Chain = display_char &rArr; LCDWRITE_1622 &rArr; SENDCOMB &rArr; SendBit_HT1622
</UL>
<BR>[Calls]<UL><LI><a href="#[11c]">&gt;&gt;</a>&nbsp;&nbsp;&nbsp;LCDWRITE_1622
</UL>
<BR>[Called By]<UL><LI><a href="#[a7]">&gt;&gt;</a>&nbsp;&nbsp;&nbsp;LeakChar_OpeningHandler
<LI><a href="#[a5]">&gt;&gt;</a>&nbsp;&nbsp;&nbsp;LeakMeas_DisplayHandler
<LI><a href="#[a3]">&gt;&gt;</a>&nbsp;&nbsp;&nbsp;LeakNot_OpeningHandler
<LI><a href="#[a2]">&gt;&gt;</a>&nbsp;&nbsp;&nbsp;TuneLevl_OpeningHandler
<LI><a href="#[a1]">&gt;&gt;</a>&nbsp;&nbsp;&nbsp;TunePres_OpeningHandler
<LI><a href="#[a0]">&gt;&gt;</a>&nbsp;&nbsp;&nbsp;TuneTemp_OpeningHandler
<LI><a href="#[9f]">&gt;&gt;</a>&nbsp;&nbsp;&nbsp;TuneFlow_OpeningHandler
<LI><a href="#[9e]">&gt;&gt;</a>&nbsp;&nbsp;&nbsp;TuneDef_OpeningHandler
<LI><a href="#[9d]">&gt;&gt;</a>&nbsp;&nbsp;&nbsp;TuneNot_OpeningHandler
<LI><a href="#[9b]">&gt;&gt;</a>&nbsp;&nbsp;&nbsp;ScalP_DisplayHandler
<LI><a href="#[98]">&gt;&gt;</a>&nbsp;&nbsp;&nbsp;ScalT_DisplayHandler
<LI><a href="#[95]">&gt;&gt;</a>&nbsp;&nbsp;&nbsp;ScalF_DisplayHandler
<LI><a href="#[92]">&gt;&gt;</a>&nbsp;&nbsp;&nbsp;ScalS_DisplayHandler
<LI><a href="#[90]">&gt;&gt;</a>&nbsp;&nbsp;&nbsp;AnlSet5_OpeningHandler
<LI><a href="#[8f]">&gt;&gt;</a>&nbsp;&nbsp;&nbsp;AnlSet10_OpeningHandler
<LI><a href="#[8e]">&gt;&gt;</a>&nbsp;&nbsp;&nbsp;AnlSet0_OpeningHandler
<LI><a href="#[8d]">&gt;&gt;</a>&nbsp;&nbsp;&nbsp;AnlSet4_OpeningHandler
<LI><a href="#[8c]">&gt;&gt;</a>&nbsp;&nbsp;&nbsp;AnlT_OpeningHandler
<LI><a href="#[8b]">&gt;&gt;</a>&nbsp;&nbsp;&nbsp;AnlP2_OpeningHandler
<LI><a href="#[8a]">&gt;&gt;</a>&nbsp;&nbsp;&nbsp;AnlP1_OpeningHandler
<LI><a href="#[89]">&gt;&gt;</a>&nbsp;&nbsp;&nbsp;AnlSp_OpeningHandler
<LI><a href="#[88]">&gt;&gt;</a>&nbsp;&nbsp;&nbsp;AnlCmd_OpeningHandler
<LI><a href="#[87]">&gt;&gt;</a>&nbsp;&nbsp;&nbsp;AnlPos_OpeningHandler
<LI><a href="#[86]">&gt;&gt;</a>&nbsp;&nbsp;&nbsp;MaCls_OpeningHandler
<LI><a href="#[85]">&gt;&gt;</a>&nbsp;&nbsp;&nbsp;MaOpn_OpeningHandler
<LI><a href="#[84]">&gt;&gt;</a>&nbsp;&nbsp;&nbsp;SposCls_OpeningHandler
<LI><a href="#[83]">&gt;&gt;</a>&nbsp;&nbsp;&nbsp;SposOpn_OpeningHandler
<LI><a href="#[81]">&gt;&gt;</a>&nbsp;&nbsp;&nbsp;PcontrlKv_DisplayHandler
<LI><a href="#[7e]">&gt;&gt;</a>&nbsp;&nbsp;&nbsp;PcontrlFilt_DisplayHandler
<LI><a href="#[7b]">&gt;&gt;</a>&nbsp;&nbsp;&nbsp;PcontrlPara_DisplayHandler
<LI><a href="#[78]">&gt;&gt;</a>&nbsp;&nbsp;&nbsp;PcontrlDbnd_DisplayHandler
<LI><a href="#[76]">&gt;&gt;</a>&nbsp;&nbsp;&nbsp;CaluserFact_OpeningHandler
<LI><a href="#[74]">&gt;&gt;</a>&nbsp;&nbsp;&nbsp;CaluserInp_DisplayHandler
<LI><a href="#[59]">&gt;&gt;</a>&nbsp;&nbsp;&nbsp;CaluserPos_DisplayHandler
<LI><a href="#[71]">&gt;&gt;</a>&nbsp;&nbsp;&nbsp;CodeGlob_DisplayHandler
<LI><a href="#[6e]">&gt;&gt;</a>&nbsp;&nbsp;&nbsp;CodeMenu_DisplayHandler
<LI><a href="#[6b]">&gt;&gt;</a>&nbsp;&nbsp;&nbsp;CodeKey_DisplayHandler
<LI><a href="#[69]">&gt;&gt;</a>&nbsp;&nbsp;&nbsp;Serio4800_OpeningHandler
<LI><a href="#[68]">&gt;&gt;</a>&nbsp;&nbsp;&nbsp;Serio2400_OpeningHandler
<LI><a href="#[67]">&gt;&gt;</a>&nbsp;&nbsp;&nbsp;Serio1200_OpeningHandler
<LI><a href="#[66]">&gt;&gt;</a>&nbsp;&nbsp;&nbsp;Serio38400_OpeningHandler
<LI><a href="#[65]">&gt;&gt;</a>&nbsp;&nbsp;&nbsp;Serio19200_OpeningHandler
<LI><a href="#[64]">&gt;&gt;</a>&nbsp;&nbsp;&nbsp;Serio9600_OpeningHandler
<LI><a href="#[63]">&gt;&gt;</a>&nbsp;&nbsp;&nbsp;SigerrOff_OpeningHandler
<LI><a href="#[62]">&gt;&gt;</a>&nbsp;&nbsp;&nbsp;SigerrPoson_OpeningHandler
<LI><a href="#[61]">&gt;&gt;</a>&nbsp;&nbsp;&nbsp;SigerrFunon_OpeningHandler
<LI><a href="#[5f]">&gt;&gt;</a>&nbsp;&nbsp;&nbsp;XtuneAir_DisplayHandler
<LI><a href="#[5c]">&gt;&gt;</a>&nbsp;&nbsp;&nbsp;XtunePwm_DisplayHandler
<LI><a href="#[57]">&gt;&gt;</a>&nbsp;&nbsp;&nbsp;XtuneAuto_OpeningHandler
<LI><a href="#[55]">&gt;&gt;</a>&nbsp;&nbsp;&nbsp;XcontrolPara_DisplayHandler
<LI><a href="#[52]">&gt;&gt;</a>&nbsp;&nbsp;&nbsp;XcontrolDbnd_DisplayHandler
<LI><a href="#[50]">&gt;&gt;</a>&nbsp;&nbsp;&nbsp;DiractFall_OpeningHandler
<LI><a href="#[4f]">&gt;&gt;</a>&nbsp;&nbsp;&nbsp;DiractRise_OpeningHandler
<LI><a href="#[4e]">&gt;&gt;</a>&nbsp;&nbsp;&nbsp;DircmdFall_OpeningHandler
<LI><a href="#[4d]">&gt;&gt;</a>&nbsp;&nbsp;&nbsp;DircmdRise_OpeningHandler
<LI><a href="#[4b]">&gt;&gt;</a>&nbsp;&nbsp;&nbsp;CharactFree_DisplayHandler
<LI><a href="#[49]">&gt;&gt;</a>&nbsp;&nbsp;&nbsp;Charact501_OpeningHandler
<LI><a href="#[48]">&gt;&gt;</a>&nbsp;&nbsp;&nbsp;Charact331_OpeningHandler
<LI><a href="#[47]">&gt;&gt;</a>&nbsp;&nbsp;&nbsp;Charact251_OpeningHandler
<LI><a href="#[46]">&gt;&gt;</a>&nbsp;&nbsp;&nbsp;Charact150_OpeningHandler
<LI><a href="#[45]">&gt;&gt;</a>&nbsp;&nbsp;&nbsp;Charact133_OpeningHandler
<LI><a href="#[44]">&gt;&gt;</a>&nbsp;&nbsp;&nbsp;Charact125_OpeningHandler
<LI><a href="#[43]">&gt;&gt;</a>&nbsp;&nbsp;&nbsp;Charact11_OpeningHandler
<LI><a href="#[42]">&gt;&gt;</a>&nbsp;&nbsp;&nbsp;SystemSetfact_OpeningHandler
<LI><a href="#[40]">&gt;&gt;</a>&nbsp;&nbsp;&nbsp;SystemSafepos_DisplayHandler
<LI><a href="#[3d]">&gt;&gt;</a>&nbsp;&nbsp;&nbsp;XsetXtime_DisplayHandler
<LI><a href="#[3a]">&gt;&gt;</a>&nbsp;&nbsp;&nbsp;XsetXlimit_DisplayHandler
<LI><a href="#[37]">&gt;&gt;</a>&nbsp;&nbsp;&nbsp;InsetSpltrng_DisplayHandler
<LI><a href="#[34]">&gt;&gt;</a>&nbsp;&nbsp;&nbsp;InsetCutoff_DisplayHandler
<LI><a href="#[32]">&gt;&gt;</a>&nbsp;&nbsp;&nbsp;Input5_OpeningHandler
<LI><a href="#[31]">&gt;&gt;</a>&nbsp;&nbsp;&nbsp;Input10_OpeningHandler
<LI><a href="#[30]">&gt;&gt;</a>&nbsp;&nbsp;&nbsp;Input0_OpeningHandler
<LI><a href="#[2f]">&gt;&gt;</a>&nbsp;&nbsp;&nbsp;Input4_OpeningHandler
<LI><a href="#[2e]">&gt;&gt;</a>&nbsp;&nbsp;&nbsp;ActDoub_OpeningHandler
<LI><a href="#[2d]">&gt;&gt;</a>&nbsp;&nbsp;&nbsp;ActSngl_OpeningHandler
<LI><a href="#[2b]">&gt;&gt;</a>&nbsp;&nbsp;&nbsp;MENU_MAIN_MANUAL_DisplayHandler
<LI><a href="#[29]">&gt;&gt;</a>&nbsp;&nbsp;&nbsp;MainMenu_DisplayHandler
<LI><a href="#[129]">&gt;&gt;</a>&nbsp;&nbsp;&nbsp;Display
</UL>

<P><STRONG><a name="[11d]"></a>digital</STRONG> (Thumb, 692 bytes, Stack size 16 bytes, ht1622.o(.text))
<BR><BR>[Stack]<UL><LI>Max Depth = 40<LI>Call Chain = digital &rArr; LCDWRITE_1622 &rArr; SENDCOMB &rArr; SendBit_HT1622
</UL>
<BR>[Calls]<UL><LI><a href="#[11c]">&gt;&gt;</a>&nbsp;&nbsp;&nbsp;LCDWRITE_1622
<LI><a href="#[110]">&gt;&gt;</a>&nbsp;&nbsp;&nbsp;__ARM_common_switch8 (via Veneer)
</UL>
<BR>[Called By]<UL><LI><a href="#[11e]">&gt;&gt;</a>&nbsp;&nbsp;&nbsp;display_digital
</UL>

<P><STRONG><a name="[11e]"></a>display_digital</STRONG> (Thumb, 112 bytes, Stack size 8 bytes, ht1622.o(.text))
<BR><BR>[Stack]<UL><LI>Max Depth = 48<LI>Call Chain = display_digital &rArr; digital &rArr; LCDWRITE_1622 &rArr; SENDCOMB &rArr; SendBit_HT1622
</UL>
<BR>[Calls]<UL><LI><a href="#[11d]">&gt;&gt;</a>&nbsp;&nbsp;&nbsp;digital
<LI><a href="#[11c]">&gt;&gt;</a>&nbsp;&nbsp;&nbsp;LCDWRITE_1622
<LI><a href="#[110]">&gt;&gt;</a>&nbsp;&nbsp;&nbsp;__ARM_common_switch8 (via Veneer)
</UL>
<BR>[Called By]<UL><LI><a href="#[a5]">&gt;&gt;</a>&nbsp;&nbsp;&nbsp;LeakMeas_DisplayHandler
<LI><a href="#[9b]">&gt;&gt;</a>&nbsp;&nbsp;&nbsp;ScalP_DisplayHandler
<LI><a href="#[98]">&gt;&gt;</a>&nbsp;&nbsp;&nbsp;ScalT_DisplayHandler
<LI><a href="#[95]">&gt;&gt;</a>&nbsp;&nbsp;&nbsp;ScalF_DisplayHandler
<LI><a href="#[92]">&gt;&gt;</a>&nbsp;&nbsp;&nbsp;ScalS_DisplayHandler
<LI><a href="#[81]">&gt;&gt;</a>&nbsp;&nbsp;&nbsp;PcontrlKv_DisplayHandler
<LI><a href="#[7e]">&gt;&gt;</a>&nbsp;&nbsp;&nbsp;PcontrlFilt_DisplayHandler
<LI><a href="#[7b]">&gt;&gt;</a>&nbsp;&nbsp;&nbsp;PcontrlPara_DisplayHandler
<LI><a href="#[78]">&gt;&gt;</a>&nbsp;&nbsp;&nbsp;PcontrlDbnd_DisplayHandler
<LI><a href="#[74]">&gt;&gt;</a>&nbsp;&nbsp;&nbsp;CaluserInp_DisplayHandler
<LI><a href="#[59]">&gt;&gt;</a>&nbsp;&nbsp;&nbsp;CaluserPos_DisplayHandler
<LI><a href="#[71]">&gt;&gt;</a>&nbsp;&nbsp;&nbsp;CodeGlob_DisplayHandler
<LI><a href="#[6e]">&gt;&gt;</a>&nbsp;&nbsp;&nbsp;CodeMenu_DisplayHandler
<LI><a href="#[6b]">&gt;&gt;</a>&nbsp;&nbsp;&nbsp;CodeKey_DisplayHandler
<LI><a href="#[5f]">&gt;&gt;</a>&nbsp;&nbsp;&nbsp;XtuneAir_DisplayHandler
<LI><a href="#[5c]">&gt;&gt;</a>&nbsp;&nbsp;&nbsp;XtunePwm_DisplayHandler
<LI><a href="#[55]">&gt;&gt;</a>&nbsp;&nbsp;&nbsp;XcontrolPara_DisplayHandler
<LI><a href="#[52]">&gt;&gt;</a>&nbsp;&nbsp;&nbsp;XcontrolDbnd_DisplayHandler
<LI><a href="#[4b]">&gt;&gt;</a>&nbsp;&nbsp;&nbsp;CharactFree_DisplayHandler
<LI><a href="#[40]">&gt;&gt;</a>&nbsp;&nbsp;&nbsp;SystemSafepos_DisplayHandler
<LI><a href="#[3d]">&gt;&gt;</a>&nbsp;&nbsp;&nbsp;XsetXtime_DisplayHandler
<LI><a href="#[3a]">&gt;&gt;</a>&nbsp;&nbsp;&nbsp;XsetXlimit_DisplayHandler
<LI><a href="#[37]">&gt;&gt;</a>&nbsp;&nbsp;&nbsp;InsetSpltrng_DisplayHandler
<LI><a href="#[34]">&gt;&gt;</a>&nbsp;&nbsp;&nbsp;InsetCutoff_DisplayHandler
<LI><a href="#[2b]">&gt;&gt;</a>&nbsp;&nbsp;&nbsp;MENU_MAIN_MANUAL_DisplayHandler
<LI><a href="#[29]">&gt;&gt;</a>&nbsp;&nbsp;&nbsp;MainMenu_DisplayHandler
<LI><a href="#[129]">&gt;&gt;</a>&nbsp;&nbsp;&nbsp;Display
</UL>

<P><STRONG><a name="[11f]"></a>clearLCD</STRONG> (Thumb, 40 bytes, Stack size 8 bytes, ht1622.o(.text))
<BR><BR>[Stack]<UL><LI>Max Depth = 24<LI>Call Chain = clearLCD &rArr; SENDCOMB &rArr; SendBit_HT1622
</UL>
<BR>[Calls]<UL><LI><a href="#[120]">&gt;&gt;</a>&nbsp;&nbsp;&nbsp;SENDCOMB
<LI><a href="#[121]">&gt;&gt;</a>&nbsp;&nbsp;&nbsp;SendBit_HT1622
</UL>
<BR>[Called By]<UL><LI><a href="#[a7]">&gt;&gt;</a>&nbsp;&nbsp;&nbsp;LeakChar_OpeningHandler
<LI><a href="#[a6]">&gt;&gt;</a>&nbsp;&nbsp;&nbsp;LeakMeas_OpeningHandler
<LI><a href="#[a3]">&gt;&gt;</a>&nbsp;&nbsp;&nbsp;LeakNot_OpeningHandler
<LI><a href="#[a2]">&gt;&gt;</a>&nbsp;&nbsp;&nbsp;TuneLevl_OpeningHandler
<LI><a href="#[a1]">&gt;&gt;</a>&nbsp;&nbsp;&nbsp;TunePres_OpeningHandler
<LI><a href="#[a0]">&gt;&gt;</a>&nbsp;&nbsp;&nbsp;TuneTemp_OpeningHandler
<LI><a href="#[9f]">&gt;&gt;</a>&nbsp;&nbsp;&nbsp;TuneFlow_OpeningHandler
<LI><a href="#[9e]">&gt;&gt;</a>&nbsp;&nbsp;&nbsp;TuneDef_OpeningHandler
<LI><a href="#[9d]">&gt;&gt;</a>&nbsp;&nbsp;&nbsp;TuneNot_OpeningHandler
<LI><a href="#[9c]">&gt;&gt;</a>&nbsp;&nbsp;&nbsp;ScalP_OpeningHandler
<LI><a href="#[99]">&gt;&gt;</a>&nbsp;&nbsp;&nbsp;ScalT_OpeningHandler
<LI><a href="#[96]">&gt;&gt;</a>&nbsp;&nbsp;&nbsp;ScalF_OpeningHandler
<LI><a href="#[93]">&gt;&gt;</a>&nbsp;&nbsp;&nbsp;ScalS_OpeningHandler
<LI><a href="#[90]">&gt;&gt;</a>&nbsp;&nbsp;&nbsp;AnlSet5_OpeningHandler
<LI><a href="#[8f]">&gt;&gt;</a>&nbsp;&nbsp;&nbsp;AnlSet10_OpeningHandler
<LI><a href="#[8e]">&gt;&gt;</a>&nbsp;&nbsp;&nbsp;AnlSet0_OpeningHandler
<LI><a href="#[8d]">&gt;&gt;</a>&nbsp;&nbsp;&nbsp;AnlSet4_OpeningHandler
<LI><a href="#[8c]">&gt;&gt;</a>&nbsp;&nbsp;&nbsp;AnlT_OpeningHandler
<LI><a href="#[8b]">&gt;&gt;</a>&nbsp;&nbsp;&nbsp;AnlP2_OpeningHandler
<LI><a href="#[8a]">&gt;&gt;</a>&nbsp;&nbsp;&nbsp;AnlP1_OpeningHandler
<LI><a href="#[89]">&gt;&gt;</a>&nbsp;&nbsp;&nbsp;AnlSp_OpeningHandler
<LI><a href="#[88]">&gt;&gt;</a>&nbsp;&nbsp;&nbsp;AnlCmd_OpeningHandler
<LI><a href="#[87]">&gt;&gt;</a>&nbsp;&nbsp;&nbsp;AnlPos_OpeningHandler
<LI><a href="#[86]">&gt;&gt;</a>&nbsp;&nbsp;&nbsp;MaCls_OpeningHandler
<LI><a href="#[85]">&gt;&gt;</a>&nbsp;&nbsp;&nbsp;MaOpn_OpeningHandler
<LI><a href="#[84]">&gt;&gt;</a>&nbsp;&nbsp;&nbsp;SposCls_OpeningHandler
<LI><a href="#[83]">&gt;&gt;</a>&nbsp;&nbsp;&nbsp;SposOpn_OpeningHandler
<LI><a href="#[82]">&gt;&gt;</a>&nbsp;&nbsp;&nbsp;PcontrlKv_OpeningHandler
<LI><a href="#[76]">&gt;&gt;</a>&nbsp;&nbsp;&nbsp;CaluserFact_OpeningHandler
<LI><a href="#[69]">&gt;&gt;</a>&nbsp;&nbsp;&nbsp;Serio4800_OpeningHandler
<LI><a href="#[68]">&gt;&gt;</a>&nbsp;&nbsp;&nbsp;Serio2400_OpeningHandler
<LI><a href="#[67]">&gt;&gt;</a>&nbsp;&nbsp;&nbsp;Serio1200_OpeningHandler
<LI><a href="#[66]">&gt;&gt;</a>&nbsp;&nbsp;&nbsp;Serio38400_OpeningHandler
<LI><a href="#[65]">&gt;&gt;</a>&nbsp;&nbsp;&nbsp;Serio19200_OpeningHandler
<LI><a href="#[64]">&gt;&gt;</a>&nbsp;&nbsp;&nbsp;Serio9600_OpeningHandler
<LI><a href="#[63]">&gt;&gt;</a>&nbsp;&nbsp;&nbsp;SigerrOff_OpeningHandler
<LI><a href="#[62]">&gt;&gt;</a>&nbsp;&nbsp;&nbsp;SigerrPoson_OpeningHandler
<LI><a href="#[61]">&gt;&gt;</a>&nbsp;&nbsp;&nbsp;SigerrFunon_OpeningHandler
<LI><a href="#[57]">&gt;&gt;</a>&nbsp;&nbsp;&nbsp;XtuneAuto_OpeningHandler
<LI><a href="#[50]">&gt;&gt;</a>&nbsp;&nbsp;&nbsp;DiractFall_OpeningHandler
<LI><a href="#[4f]">&gt;&gt;</a>&nbsp;&nbsp;&nbsp;DiractRise_OpeningHandler
<LI><a href="#[4e]">&gt;&gt;</a>&nbsp;&nbsp;&nbsp;DircmdFall_OpeningHandler
<LI><a href="#[4d]">&gt;&gt;</a>&nbsp;&nbsp;&nbsp;DircmdRise_OpeningHandler
<LI><a href="#[4c]">&gt;&gt;</a>&nbsp;&nbsp;&nbsp;CharactFree_OpeningHandler
<LI><a href="#[49]">&gt;&gt;</a>&nbsp;&nbsp;&nbsp;Charact501_OpeningHandler
<LI><a href="#[48]">&gt;&gt;</a>&nbsp;&nbsp;&nbsp;Charact331_OpeningHandler
<LI><a href="#[47]">&gt;&gt;</a>&nbsp;&nbsp;&nbsp;Charact251_OpeningHandler
<LI><a href="#[46]">&gt;&gt;</a>&nbsp;&nbsp;&nbsp;Charact150_OpeningHandler
<LI><a href="#[45]">&gt;&gt;</a>&nbsp;&nbsp;&nbsp;Charact133_OpeningHandler
<LI><a href="#[44]">&gt;&gt;</a>&nbsp;&nbsp;&nbsp;Charact125_OpeningHandler
<LI><a href="#[43]">&gt;&gt;</a>&nbsp;&nbsp;&nbsp;Charact11_OpeningHandler
<LI><a href="#[42]">&gt;&gt;</a>&nbsp;&nbsp;&nbsp;SystemSetfact_OpeningHandler
<LI><a href="#[32]">&gt;&gt;</a>&nbsp;&nbsp;&nbsp;Input5_OpeningHandler
<LI><a href="#[31]">&gt;&gt;</a>&nbsp;&nbsp;&nbsp;Input10_OpeningHandler
<LI><a href="#[30]">&gt;&gt;</a>&nbsp;&nbsp;&nbsp;Input0_OpeningHandler
<LI><a href="#[2f]">&gt;&gt;</a>&nbsp;&nbsp;&nbsp;Input4_OpeningHandler
<LI><a href="#[2e]">&gt;&gt;</a>&nbsp;&nbsp;&nbsp;ActDoub_OpeningHandler
<LI><a href="#[2d]">&gt;&gt;</a>&nbsp;&nbsp;&nbsp;ActSngl_OpeningHandler
<LI><a href="#[eb]">&gt;&gt;</a>&nbsp;&nbsp;&nbsp;HMI_Init
</UL>

<P><STRONG><a name="[122]"></a>SENDCOMC</STRONG> (Thumb, 26 bytes, Stack size 8 bytes, ht1622.o(.text), UNUSED)
<BR><BR>[Calls]<UL><LI><a href="#[123]">&gt;&gt;</a>&nbsp;&nbsp;&nbsp;Reset_1622
<LI><a href="#[121]">&gt;&gt;</a>&nbsp;&nbsp;&nbsp;SendBit_HT1622
</UL>

<P><STRONG><a name="[124]"></a>initLCD_1622</STRONG> (Thumb, 32 bytes, Stack size 8 bytes, ht1622.o(.text))
[...]
</UL>
<BR>[Calls]<UL><LI><a href="#[11f]">&gt;&gt;</a>&nbsp;&nbsp;&nbsp;clearLCD
<LI><a href="#[11b]">&gt;&gt;</a>&nbsp;&nbsp;&nbsp;display_char
</UL>
<BR>[Address Reference Count : 1]<UL><LI> hmi.o(.text)
</UL>
<P><STRONG><a name="[88]"></a>AnlCmd_OpeningHandler</STRONG> (Thumb, 18 bytes, Stack size 8 bytes, hmi.o(.text))
<BR><BR>[Stack]<UL><LI>Max Depth = 56<LI>Call Chain = AnlCmd_OpeningHandler &rArr; display_char &rArr; LCDWRITE_1622 &rArr; SENDCOMB &rArr; SendBit_HT1622
</UL>
<BR>[Calls]<UL><LI><a href="#[11f]">&gt;&gt;</a>&nbsp;&nbsp;&nbsp;clearLCD
<LI><a href="#[11b]">&gt;&gt;</a>&nbsp;&nbsp;&nbsp;display_char
</UL>
<BR>[Address Reference Count : 1]<UL><LI> hmi.o(.text)
</UL>
<P><STRONG><a name="[89]"></a>AnlSp_OpeningHandler</STRONG> (Thumb, 18 bytes, Stack size 8 bytes, hmi.o(.text))
<BR><BR>[Stack]<UL><LI>Max Depth = 56<LI>Call Chain = AnlSp_OpeningHandler &rArr; display_char &rArr; LCDWRITE_1622 &rArr; SENDCOMB &rArr; SendBit_HT1622
</UL>
<BR>[Calls]<UL><LI><a href="#[11f]">&gt;&gt;</a>&nbsp;&nbsp;&nbsp;clearLCD
<LI><a href="#[11b]">&gt;&gt;</a>&nbsp;&nbsp;&nbsp;display_char
</UL>
<BR>[Address Reference Count : 1]<UL><LI> hmi.o(.text)
</UL>
<P><STRONG><a name="[8a]"></a>AnlP1_OpeningHandler</STRONG> (Thumb, 18 bytes, Stack size 8 bytes, hmi.o(.text))
<BR><BR>[Stack]<UL><LI>Max Depth = 56<LI>Call Chain = AnlP1_OpeningHandler &rArr; display_char &rArr; LCDWRITE_1622 &rArr; SENDCOMB &rArr; SendBit_HT1622
</UL>
<BR>[Calls]<UL><LI><a href="#[11f]">&gt;&gt;</a>&nbsp;&nbsp;&nbsp;clearLCD
<LI><a href="#[11b]">&gt;&gt;</a>&nbsp;&nbsp;&nbsp;display_char
</UL>
<BR>[Address Reference Count : 1]<UL><LI> hmi.o(.text)
</UL>
<P><STRONG><a name="[8b]"></a>AnlP2_OpeningHandler</STRONG> (Thumb, 18 bytes, Stack size 8 bytes, hmi.o(.text))
<BR><BR>[Stack]<UL><LI>Max Depth = 56<LI>Call Chain = AnlP2_OpeningHandler &rArr; display_char &rArr; LCDWRITE_1622 &rArr; SENDCOMB &rArr; SendBit_HT1622
</UL>
<BR>[Calls]<UL><LI><a href="#[11f]">&gt;&gt;</a>&nbsp;&nbsp;&nbsp;clearLCD
<LI><a href="#[11b]">&gt;&gt;</a>&nbsp;&nbsp;&nbsp;display_char
</UL>
<BR>[Address Reference Count : 1]<UL><LI> hmi.o(.text)
</UL>
<P><STRONG><a name="[8c]"></a>AnlT_OpeningHandler</STRONG> (Thumb, 18 bytes, Stack size 8 bytes, hmi.o(.text))
<BR><BR>[Stack]<UL><LI>Max Depth = 56<LI>Call Chain = AnlT_OpeningHandler &rArr; display_char &rArr; LCDWRITE_1622 &rArr; SENDCOMB &rArr; SendBit_HT1622
</UL>
<BR>[Calls]<UL><LI><a href="#[11f]">&gt;&gt;</a>&nbsp;&nbsp;&nbsp;clearLCD
<LI><a href="#[11b]">&gt;&gt;</a>&nbsp;&nbsp;&nbsp;display_char
</UL>
<BR>[Address Reference Count : 1]<UL><LI> hmi.o(.text)
</UL>
<P><STRONG><a name="[8d]"></a>AnlSet4_OpeningHandler</STRONG> (Thumb, 18 bytes, Stack size 8 bytes, hmi.o(.text))
<BR><BR>[Stack]<UL><LI>Max Depth = 56<LI>Call Chain = AnlSet4_OpeningHandler &rArr; display_char &rArr; LCDWRITE_1622 &rArr; SENDCOMB &rArr; SendBit_HT1622
</UL>
<BR>[Calls]<UL><LI><a href="#[11f]">&gt;&gt;</a>&nbsp;&nbsp;&nbsp;clearLCD
<LI><a href="#[11b]">&gt;&gt;</a>&nbsp;&nbsp;&nbsp;display_char
</UL>
<BR>[Address Reference Count : 1]<UL><LI> hmi.o(.text)
</UL>
<P><STRONG><a name="[8e]"></a>AnlSet0_OpeningHandler</STRONG> (Thumb, 18 bytes, Stack size 8 bytes, hmi.o(.text))
<BR><BR>[Stack]<UL><LI>Max Depth = 56<LI>Call Chain = AnlSet0_OpeningHandler &rArr; display_char &rArr; LCDWRITE_1622 &rArr; SENDCOMB &rArr; SendBit_HT1622
</UL>
<BR>[Calls]<UL><LI><a href="#[11f]">&gt;&gt;</a>&nbsp;&nbsp;&nbsp;clearLCD
<LI><a href="#[11b]">&gt;&gt;</a>&nbsp;&nbsp;&nbsp;display_char
</UL>
<BR>[Address Reference Count : 1]<UL><LI> hmi.o(.text)
</UL>
<P><STRONG><a name="[8f]"></a>AnlSet10_OpeningHandler</STRONG> (Thumb, 18 bytes, Stack size 8 bytes, hmi.o(.text))
<BR><BR>[Stack]<UL><LI>Max Depth = 56<LI>Call Chain = AnlSet10_OpeningHandler &rArr; display_char &rArr; LCDWRITE_1622 &rArr; SENDCOMB &rArr; SendBit_HT1622
</UL>
<BR>[Calls]<UL><LI><a href="#[11f]">&gt;&gt;</a>&nbsp;&nbsp;&nbsp;clearLCD
<LI><a href="#[11b]">&gt;&gt;</a>&nbsp;&nbsp;&nbsp;display_char
</UL>
<BR>[Address Reference Count : 1]<UL><LI> hmi.o(.text)
</UL>
<P><STRONG><a name="[90]"></a>AnlSet5_OpeningHandler</STRONG> (Thumb, 18 bytes, Stack size 8 bytes, hmi.o(.text))
<BR><BR>[Stack]<UL><LI>Max Depth = 56<LI>Call Chain = AnlSet5_OpeningHandler &rArr; display_char &rArr; LCDWRITE_1622 &rArr; SENDCOMB &rArr; SendBit_HT1622
</UL>
<BR>[Calls]<UL><LI><a href="#[11f]">&gt;&gt;</a>&nbsp;&nbsp;&nbsp;clearLCD
<LI><a href="#[11b]">&gt;&gt;</a>&nbsp;&nbsp;&nbsp;display_char
</UL>
<BR>[Address Reference Count : 1]<UL><LI> hmi.o(.text)
</UL>
<P><STRONG><a name="[91]"></a>ScalS_KeyboardHandler</STRONG> (Thumb, 140 bytes, Stack size 12 bytes, hmi.o(.text))
<BR><BR>[Stack]<UL><LI>Max Depth = 12<LI>Call Chain = ScalS_KeyboardHandler
</UL>
<BR>[Address Reference Count : 1]<UL><LI> hmi.o(.text)
</UL>
<P><STRONG><a name="[92]"></a>ScalS_DisplayHandler</STRONG> (Thumb, 206 bytes, Stack size 32 bytes, hmi.o(.text))
<BR><BR>[Stack]<UL><LI>Max Depth = 80<LI>Call Chain = ScalS_DisplayHandler &rArr; display_digital &rArr; digital &rArr; LCDWRITE_1622 &rArr; SENDCOMB &rArr; SendBit_HT1622
</UL>
<BR>[Calls]<UL><LI><a href="#[11e]">&gt;&gt;</a>&nbsp;&nbsp;&nbsp;display_digital
<LI><a href="#[11b]">&gt;&gt;</a>&nbsp;&nbsp;&nbsp;display_char
</UL>
<BR>[Address Reference Count : 1]<UL><LI> hmi.o(.text)
</UL>
<P><STRONG><a name="[93]"></a>ScalS_OpeningHandler</STRONG> (Thumb, 62 bytes, Stack size 16 bytes, hmi.o(.text))
<BR><BR>[Stack]<UL><LI>Max Depth = 40<LI>Call Chain = ScalS_OpeningHandler &rArr; clearLCD &rArr; SENDCOMB &rArr; SendBit_HT1622
</UL>
<BR>[Calls]<UL><LI><a href="#[11f]">&gt;&gt;</a>&nbsp;&nbsp;&nbsp;clearLCD
</UL>
<BR>[Address Reference Count : 1]<UL><LI> hmi.o(.text)
</UL>
<P><STRONG><a name="[94]"></a>ScalF_KeyboardHandler</STRONG> (Thumb, 140 bytes, Stack size 12 bytes, hmi.o(.text))
<BR><BR>[Stack]<UL><LI>Max Depth = 12<LI>Call Chain = ScalF_KeyboardHandler
</UL>
<BR>[Address Reference Count : 1]<UL><LI> hmi.o(.text)
</UL>
<P><STRONG><a name="[95]"></a>ScalF_DisplayHandler</STRONG> (Thumb, 206 bytes, Stack size 32 bytes, hmi.o(.text))
<BR><BR>[Stack]<UL><LI>Max Depth = 80<LI>Call Chain = ScalF_DisplayHandler &rArr; display_digital &rArr; digital &rArr; LCDWRITE_1622 &rArr; SENDCOMB &rArr; SendBit_HT1622
</UL>
<BR>[Calls]<UL><LI><a href="#[11e]">&gt;&gt;</a>&nbsp;&nbsp;&nbsp;display_digital
<LI><a href="#[11b]">&gt;&gt;</a>&nbsp;&nbsp;&nbsp;display_char
</UL>
<BR>[Address Reference Count : 1]<UL><LI> hmi.o(.text)
</UL>
<P><STRONG><a name="[96]"></a>ScalF_OpeningHandler</STRONG> (Thumb, 82 bytes, Stack size 16 bytes, hmi.o(.text))
<BR><BR>[Stack]<UL><LI>Max Depth = 40<LI>Call Chain = ScalF_OpeningHandler &rArr; clearLCD &rArr; SENDCOMB &rArr; SendBit_HT1622
</UL>
<BR>[Calls]<UL><LI><a href="#[11f]">&gt;&gt;</a>&nbsp;&nbsp;&nbsp;clearLCD
</UL>
<BR>[Address Reference Count : 1]<UL><LI> hmi.o(.text)
</UL>
<P><STRONG><a name="[97]"></a>ScalT_KeyboardHandler</STRONG> (Thumb, 140 bytes, Stack size 12 bytes, hmi.o(.text))
<BR><BR>[Stack]<UL><LI>Max Depth = 12<LI>Call Chain = ScalT_KeyboardHandler
</UL>
<BR>[Address Reference Count : 1]<UL><LI> hmi.o(.text)
</UL>
<P><STRONG><a name="[98]"></a>ScalT_DisplayHandler</STRONG> (Thumb, 206 bytes, Stack size 32 bytes, hmi.o(.text))
<BR><BR>[Stack]<UL><LI>Max Depth = 80<LI>Call Chain = ScalT_DisplayHandler &rArr; display_digital &rArr; digital &rArr; LCDWRITE_1622 &rArr; SENDCOMB &rArr; SendBit_HT1622
</UL>
<BR>[Calls]<UL><LI><a href="#[11e]">&gt;&gt;</a>&nbsp;&nbsp;&nbsp;display_digital
<LI><a href="#[11b]">&gt;&gt;</a>&nbsp;&nbsp;&nbsp;display_char
</UL>
<BR>[Address Reference Count : 1]<UL><LI> hmi.o(.text)
</UL>
<P><STRONG><a name="[99]"></a>ScalT_OpeningHandler</STRONG> (Thumb, 62 bytes, Stack size 16 bytes, hmi.o(.text))
<BR><BR>[Stack]<UL><LI>Max Depth = 40<LI>Call Chain = ScalT_OpeningHandler &rArr; clearLCD &rArr; SENDCOMB &rArr; SendBit_HT1622
</UL>
<BR>[Calls]<UL><LI><a href="#[11f]">&gt;&gt;</a>&nbsp;&nbsp;&nbsp;clearLCD
</UL>
<BR>[Address Reference Count : 1]<UL><LI> hmi.o(.text)
</UL>
<P><STRONG><a name="[9a]"></a>ScalP_KeyboardHandler</STRONG> (Thumb, 140 bytes, Stack size 12 bytes, hmi.o(.text))
<BR><BR>[Stack]<UL><LI>Max Depth = 12<LI>Call Chain = ScalP_KeyboardHandler
</UL>
<BR>[Address Reference Count : 1]<UL><LI> hmi.o(.text)
</UL>
<P><STRONG><a name="[9b]"></a>ScalP_DisplayHandler</STRONG> (Thumb, 206 bytes, Stack size 32 bytes, hmi.o(.text))
<BR><BR>[Stack]<UL><LI>Max Depth = 80<LI>Call Chain = ScalP_DisplayHandler &rArr; display_digital &rArr; digital &rArr; LCDWRITE_1622 &rArr; SENDCOMB &rArr; SendBit_HT1622
</UL>
<BR>[Calls]<UL><LI><a href="#[11e]">&gt;&gt;</a>&nbsp;&nbsp;&nbsp;display_digital
<LI><a href="#[11b]">&gt;&gt;</a>&nbsp;&nbsp;&nbsp;display_char
</UL>
<BR>[Address Reference Count : 1]<UL><LI> hmi.o(.text)
</UL>
<P><STRONG><a name="[9c]"></a>ScalP_OpeningHandler</STRONG> (Thumb, 62 bytes, Stack size 16 bytes, hmi.o(.text))
<BR><BR>[Stack]<UL><LI>Max Depth = 40<LI>Call Chain = ScalP_OpeningHandler &rArr; clearLCD &rArr; SENDCOMB &rArr; SendBit_HT1622
</UL>
<BR>[Calls]<UL><LI><a href="#[11f]">&gt;&gt;</a>&nbsp;&nbsp;&nbsp;clearLCD
</UL>
<BR>[Address Reference Count : 1]<UL><LI> hmi.o(.text)
</UL>
<P><STRONG><a name="[9d]"></a>TuneNot_OpeningHandler</STRONG> (Thumb, 18 bytes, Stack size 8 bytes, hmi.o(.text))
<BR><BR>[Stack]<UL><LI>Max Depth = 56<LI>Call Chain = TuneNot_OpeningHandler &rArr; display_char &rArr; LCDWRITE_1622 &rArr; SENDCOMB &rArr; SendBit_HT1622
</UL>
<BR>[Calls]<UL><LI><a href="#[11f]">&gt;&gt;</a>&nbsp;&nbsp;&nbsp;clearLCD
<LI><a href="#[11b]">&gt;&gt;</a>&nbsp;&nbsp;&nbsp;display_char
</UL>
<BR>[Address Reference Count : 1]<UL><LI> hmi.o(.text)
</UL>
<P><STRONG><a name="[9e]"></a>TuneDef_OpeningHandler</STRONG> (Thumb, 18 bytes, Stack size 8 bytes, hmi.o(.text))
<BR><BR>[Stack]<UL><LI>Max Depth = 56<LI>Call Chain = TuneDef_OpeningHandler &rArr; display_char &rArr; LCDWRITE_1622 &rArr; SENDCOMB &rArr; SendBit_HT1622
</UL>
<BR>[Calls]<UL><LI><a href="#[11f]">&gt;&gt;</a>&nbsp;&nbsp;&nbsp;clearLCD
<LI><a href="#[11b]">&gt;&gt;</a>&nbsp;&nbsp;&nbsp;display_char
</UL>
<BR>[Address Reference Count : 1]<UL><LI> hmi.o(.text)
</UL>
<P><STRONG><a name="[9f]"></a>TuneFlow_OpeningHandler</STRONG> (Thumb, 18 bytes, Stack size 8 bytes, hmi.o(.text))
<BR><BR>[Stack]<UL><LI>Max Depth = 56<LI>Call Chain = TuneFlow_OpeningHandler &rArr; display_char &rArr; LCDWRITE_1622 &rArr; SENDCOMB &rArr; SendBit_HT1622
</UL>
<BR>[Calls]<UL><LI><a href="#[11f]">&gt;&gt;</a>&nbsp;&nbsp;&nbsp;clearLCD
<LI><a href="#[11b]">&gt;&gt;</a>&nbsp;&nbsp;&nbsp;display_char
</UL>
<BR>[Address Reference Count : 1]<UL><LI> hmi.o(.text)
</UL>
<P><STRONG><a name="[a0]"></a>TuneTemp_OpeningHandler</STRONG> (Thumb, 18 bytes, Stack size 8 bytes, hmi.o(.text))
<BR><BR>[Stack]<UL><LI>Max Depth = 56<LI>Call Chain = TuneTemp_OpeningHandler &rArr; display_char &rArr; LCDWRITE_1622 &rArr; SENDCOMB &rArr; SendBit_HT1622
</UL>
<BR>[Calls]<UL><LI><a href="#[11f]">&gt;&gt;</a>&nbsp;&nbsp;&nbsp;clearLCD
<LI><a href="#[11b]">&gt;&gt;</a>&nbsp;&nbsp;&nbsp;display_char
</UL>
<BR>[Address Reference Count : 1]<UL><LI> hmi.o(.text)
</UL>
<P><STRONG><a name="[a1]"></a>TunePres_OpeningHandler</STRONG> (Thumb, 18 bytes, Stack size 8 bytes, hmi.o(.text))
<BR><BR>[Stack]<UL><LI>Max Depth = 56<LI>Call Chain = TunePres_OpeningHandler &rArr; display_char &rArr; LCDWRITE_1622 &rArr; SENDCOMB &rArr; SendBit_HT1622
</UL>
<BR>[Calls]<UL><LI><a href="#[11f]">&gt;&gt;</a>&nbsp;&nbsp;&nbsp;clearLCD
<LI><a href="#[11b]">&gt;&gt;</a>&nbsp;&nbsp;&nbsp;display_char
</UL>
<BR>[Address Reference Count : 1]<UL><LI> hmi.o(.text)
</UL>
<P><STRONG><a name="[a2]"></a>TuneLevl_OpeningHandler</STRONG> (Thumb, 18 bytes, Stack size 8 bytes, hmi.o(.text))
<BR><BR>[Stack]<UL><LI>Max Depth = 56<LI>Call Chain = TuneLevl_OpeningHandler &rArr; display_char &rArr; LCDWRITE_1622 &rArr; SENDCOMB &rArr; SendBit_HT1622
</UL>
<BR>[Calls]<UL><LI><a href="#[11f]">&gt;&gt;</a>&nbsp;&nbsp;&nbsp;clearLCD
<LI><a href="#[11b]">&gt;&gt;</a>&nbsp;&nbsp;&nbsp;display_char
</UL>
<BR>[Address Reference Count : 1]<UL><LI> hmi.o(.text)
</UL>
<P><STRONG><a name="[a3]"></a>LeakNot_OpeningHandler</STRONG> (Thumb, 18 bytes, Stack size 8 bytes, hmi.o(.text))
<BR><BR>[Stack]<UL><LI>Max Depth = 56<LI>Call Chain = LeakNot_OpeningHandler &rArr; display_char &rArr; LCDWRITE_1622 &rArr; SENDCOMB &rArr; SendBit_HT1622
</UL>
<BR>[Calls]<UL><LI><a href="#[11f]">&gt;&gt;</a>&nbsp;&nbsp;&nbsp;clearLCD
<LI><a href="#[11b]">&gt;&gt;</a>&nbsp;&nbsp;&nbsp;display_char
</UL>
<BR>[Address Reference Count : 1]<UL><LI> hmi.o(.text)
</UL>
<P><STRONG><a name="[a4]"></a>LeakMeas_KeyboardHandler</STRONG> (Thumb, 160 bytes, Stack size 12 bytes, hmi.o(.text))
<BR><BR>[Stack]<UL><LI>Max Depth = 12<LI>Call Chain = LeakMeas_KeyboardHandler
</UL>
<BR>[Address Reference Count : 1]<UL><LI> hmi.o(.text)
</UL>
<P><STRONG><a name="[a5]"></a>LeakMeas_DisplayHandler</STRONG> (Thumb, 208 bytes, Stack size 32 bytes, hmi.o(.text))
<BR><BR>[Stack]<UL><LI>Max Depth = 80<LI>Call Chain = LeakMeas_DisplayHandler &rArr; display_digital &rArr; digital &rArr; LCDWRITE_1622 &rArr; SENDCOMB &rArr; SendBit_HT1622
</UL>
<BR>[Calls]<UL><LI><a href="#[11e]">&gt;&gt;</a>&nbsp;&nbsp;&nbsp;display_digital
<LI><a href="#[11b]">&gt;&gt;</a>&nbsp;&nbsp;&nbsp;display_char
</UL>
<BR>[Address Reference Count : 1]<UL><LI> hmi.o(.text)
</UL>
<P><STRONG><a name="[a6]"></a>LeakMeas_OpeningHandler</STRONG> (Thumb, 64 bytes, Stack size 16 bytes, hmi.o(.text))
<BR><BR>[Stack]<UL><LI>Max Depth = 40<LI>Call Chain = LeakMeas_OpeningHandler &rArr; clearLCD &rArr; SENDCOMB &rArr; SendBit_HT1622
</UL>
<BR>[Calls]<UL><LI><a href="#[11f]">&gt;&gt;</a>&nbsp;&nbsp;&nbsp;clearLCD
</UL>
<BR>[Address Reference Count : 1]<UL><LI> hmi.o(.text)
</UL>
<P><STRONG><a name="[a7]"></a>LeakChar_OpeningHandler</STRONG> (Thumb, 18 bytes, Stack size 8 bytes, hmi.o(.text))
<BR><BR>[Stack]<UL><LI>Max Depth = 56<LI>Call Chain = LeakChar_OpeningHandler &rArr; display_char &rArr; LCDWRITE_1622 &rArr; SENDCOMB &rArr; SendBit_HT1622
</UL>
<BR>[Calls]<UL><LI><a href="#[11f]">&gt;&gt;</a>&nbsp;&nbsp;&nbsp;clearLCD
<LI><a href="#[11b]">&gt;&gt;</a>&nbsp;&nbsp;&nbsp;display_char
</UL>
<BR>[Address Reference Count : 1]<UL><LI> hmi.o(.text)
</UL>
<P><STRONG><a name="[12b]"></a>CheckKeyboard</STRONG> (Thumb, 94 bytes, Stack size 24 bytes, hmi.o(.text))
<BR><BR>[Stack]<UL><LI>Max Depth = 32<LI>Call Chain = CheckKeyboard &rArr; OnKeyUp
</UL>
<BR>[Calls]<UL><LI><a href="#[12c]">&gt;&gt;</a>&nbsp;&nbsp;&nbsp;OnKeyUp
</UL>
<BR>[Called By]<UL><LI><a href="#[e6]">&gt;&gt;</a>&nbsp;&nbsp;&nbsp;HMI_Handler
</UL>

<P><STRONG><a name="[12d]"></a>Init_DS18B20</STRONG> (Thumb, 116 bytes, Stack size 24 bytes, ds18b20.o(.text))
<BR><BR>[Stack]<UL><LI>Max Depth = 24<LI>Call Chain = Init_DS18B20
</UL>
<BR>[Calls]<UL><LI><a href="#[12e]">&gt;&gt;</a>&nbsp;&nbsp;&nbsp;delay_5us
</UL>
<BR>[Called By]<UL><LI><a href="#[e5]">&gt;&gt;</a>&nbsp;&nbsp;&nbsp;DS18B20_Temperature
</UL>

<P><STRONG><a name="[12f]"></a>DS18B20_WriteByte</STRONG> (Thumb, 86 bytes, Stack size 24 bytes, ds18b20.o(.text))
<BR><BR>[Stack]<UL><LI>Max Depth = 24<LI>Call Chain = DS18B20_WriteByte
</UL>
<BR>[Calls]<UL><LI><a href="#[12e]">&gt;&gt;</a>&nbsp;&nbsp;&nbsp;delay_5us
</UL>
<BR>[Called By]<UL><LI><a href="#[e5]">&gt;&gt;</a>&nbsp;&nbsp;&nbsp;DS18B20_Temperature
</UL>

<P><STRONG><a name="[12e]"></a>delay_5us</STRONG> (Thumb, 24 bytes, Stack size 0 bytes, ds18b20.o(.text))
<BR><BR>[Called By]<UL><LI><a href="#[130]">&gt;&gt;</a>&nbsp;&nbsp;&nbsp;DS18B20_ReadByte
<LI><a href="#[12f]">&gt;&gt;</a>&nbsp;&nbsp;&nbsp;DS18B20_WriteByte
<LI><a href="#[12d]">&gt;&gt;</a>&nbsp;&nbsp;&nbsp;Init_DS18B20
</UL>

<P><STRONG><a name="[130]"></a>DS18B20_ReadByte</STRONG> (Thumb, 118 bytes, Stack size 24 bytes, ds18b20.o(.text))
<BR><BR>[Stack]<UL><LI>Max Depth = 24<LI>Call Chain = DS18B20_ReadByte
</UL>
<BR>[Calls]<UL><LI><a href="#[12e]">&gt;&gt;</a>&nbsp;&nbsp;&nbsp;delay_5us
</UL>
<BR>[Called By]<UL><LI><a href="#[e5]">&gt;&gt;</a>&nbsp;&nbsp;&nbsp;DS18B20_Temperature
</UL>

<P><STRONG><a name="[15d]"></a>os_init_context</STRONG> (Thumb, 66 bytes, Stack size 16 bytes, rt_task.o(i.os_init_context))
<BR><BR>[Stack]<UL><LI>Max Depth = 24<LI>Call Chain = os_init_context &rArr; os_init_stack
</UL>
<BR>[Calls]<UL><LI><a href="#[15e]">&gt;&gt;</a>&nbsp;&nbsp;&nbsp;os_init_stack
</UL>
<BR>[Called By]<UL><LI><a href="#[b1]">&gt;&gt;</a>&nbsp;&nbsp;&nbsp;os_tsk_create0
<LI><a href="#[10]">&gt;&gt;</a>&nbsp;&nbsp;&nbsp;os_sys_init1
</UL>

<P><STRONG><a name="[14]"></a>Switch_task</STRONG> (ARM, 0 bytes, Stack size unknown bytes, hal_arm.o(.emb_text))
<BR>[Address Reference Count : 1]<UL><LI> hal_arm.o(.emb_text)
</UL>
<P><STRONG><a name="[149]"></a>__arm_div8</STRONG> (ARM, 0 bytes, Stack size unknown bytes, aeabi_sdiv.o(.text))
<BR><BR>[Called By]<UL><LI><a href="#[f4]">&gt;&gt;</a>&nbsp;&nbsp;&nbsp;__aeabi_uidivmod
</UL>

<P><STRONG><a name="[148]"></a>__arm_div5</STRONG> (ARM, 0 bytes, Stack size unknown bytes, aeabi_sdiv.o(.text))
<BR><BR>[Called By]<UL><LI><a href="#[f4]">&gt;&gt;</a>&nbsp;&nbsp;&nbsp;__aeabi_uidivmod
</UL>

<P><STRONG><a name="[147]"></a>__arm_div2</STRONG> (ARM, 0 bytes, Stack size unknown bytes, aeabi_sdiv.o(.text))
<BR><BR>[Called By]<UL><LI><a href="#[f4]">&gt;&gt;</a>&nbsp;&nbsp;&nbsp;__aeabi_uidivmod
</UL>

<P><STRONG><a name="[14a]"></a>__arm_div_large</STRONG> (ARM, 0 bytes, Stack size unknown bytes, aeabi_sdiv.o(.text))
<BR><BR>[Called By]<UL><LI><a href="#[f4]">&gt;&gt;</a>&nbsp;&nbsp;&nbsp;__aeabi_uidivmod
</UL>

<P><STRONG><a name="[17f]"></a>_dadd1</STRONG> (ARM, 0 bytes, Stack size unknown bytes, daddsub_noclz.o(x$fpl$dadd), UNUSED)
<BR><BR>[Called By]<UL><LI><a href="#[180]">&gt;&gt;</a>&nbsp;&nbsp;&nbsp;_dsub
<LI><a href="#[17e]">&gt;&gt;</a>&nbsp;&nbsp;&nbsp;_drsb
</UL>

<P><STRONG><a name="[176]"></a>_dsub1</STRONG> (ARM, 0 bytes, Stack size unknown bytes, daddsub_noclz.o(x$fpl$dsub), UNUSED)
<BR><BR>[Called By]<UL><LI><a href="#[17e]">&gt;&gt;</a>&nbsp;&nbsp;&nbsp;_drsb
<LI><a href="#[175]">&gt;&gt;</a>&nbsp;&nbsp;&nbsp;_dadd
</UL>

<P><STRONG><a name="[18d]"></a>_fadd1</STRONG> (ARM, 0 bytes, Stack size unknown bytes, faddsub_noclz.o(x$fpl$fadd), UNUSED)
<BR><BR>[Called By]<UL><LI><a href="#[18e]">&gt;&gt;</a>&nbsp;&nbsp;&nbsp;_fsub
<LI><a href="#[18c]">&gt;&gt;</a>&nbsp;&nbsp;&nbsp;_frsb
</UL>

<P><STRONG><a name="[184]"></a>_fsub1</STRONG> (ARM, 0 bytes, Stack size unknown bytes, faddsub_noclz.o(x$fpl$fsub), UNUSED)
<BR><BR>[Called By]<UL><LI><a href="#[18c]">&gt;&gt;</a>&nbsp;&nbsp;&nbsp;_frsb
<LI><a href="#[183]">&gt;&gt;</a>&nbsp;&nbsp;&nbsp;_fadd
</UL>
<P>
<H3>
Undefined Global Symbols
</H3>
<P><STRONG><a name="[190]"></a>__fpl_infinity</STRONG> (Unknown, 0 bytes, Stack size 0 bytes, UNDEFINED)
<BR><BR>[Called By]<UL><LI><a href="#[14f]">&gt;&gt;</a>&nbsp;&nbsp;&nbsp;scalbn
<LI><a href="#[d0]">&gt;&gt;</a>&nbsp;&nbsp;&nbsp;scalbnf
</UL>

<P><STRONG><a name="[143]"></a>_call_atexit_fns</STRONG> (ARM, 0 bytes, Stack size 0 bytes, UNDEFINED)
<BR><BR>[Called By]<UL><LI><a href="#[c6]">&gt;&gt;</a>&nbsp;&nbsp;&nbsp;exit
</UL>

<P><STRONG><a name="[16b]"></a>os_tmr_reload</STRONG> (ARM, 0 bytes, Stack size 0 bytes, UNDEFINED)
<BR><BR>[Called By]<UL><LI><a href="#[12]">&gt;&gt;</a>&nbsp;&nbsp;&nbsp;os_sys_manager
</UL>

<P><STRONG><a name="[163]"></a>rt_init</STRONG> (ARM, 0 bytes, Stack size 0 bytes, UNDEFINED)
<BR><BR>[Called By]<UL><LI><a href="#[10]">&gt;&gt;</a>&nbsp;&nbsp;&nbsp;os_sys_init1
</UL>

<P><STRONG><a name="[170]"></a>rt_notify</STRONG> (ARM, 0 bytes, Stack size 0 bytes, UNDEFINED)
<BR><BR>[Called By]<UL><LI><a href="#[ef]">&gt;&gt;</a>&nbsp;&nbsp;&nbsp;os_tsk_delete
<LI><a href="#[b1]">&gt;&gt;</a>&nbsp;&nbsp;&nbsp;os_tsk_create0
</UL>

<P><STRONG><a name="[14c]"></a>rt_post_taskswitch</STRONG> (ARM, 0 bytes, Stack size 0 bytes, UNDEFINED)
<BR><BR>[Called By]<UL><LI><a href="#[a8]">&gt;&gt;</a>&nbsp;&nbsp;&nbsp;__SWI_0
<LI><a href="#[12]">&gt;&gt;</a>&nbsp;&nbsp;&nbsp;os_sys_manager
</UL>
<HR></body></html>
