ARM Linker, 4.1 [Build 481] [Standard]

==============================================================================

Section Cross References

    startup.o(STACK) refers (Special) to heapauxi.o(.text) for __use_two_region_memory
    startup.o(HEAP) refers (Special) to heapauxi.o(.text) for __use_two_region_memory
    startup.o(RESET) refers (Special) to heapauxi.o(.text) for __use_two_region_memory
    startup.o(RESET) refers to hal_arm.o(.emb_text) for SWI_Handler
    startup.o(RESET) refers to rtx_config.o(.emb_text) for IRQ_Handler
    startup.o(RESET) refers to startup.o(STACK) for Stack_Top
    startup.o(RESET) refers to __main.o(!!!main) for __main
    startup.o(.text) refers (Special) to heapauxi.o(.text) for __use_two_region_memory
    startup.o(.text) refers to startup.o(HEAP) for Heap_Mem
    startup.o(.text) refers to startup.o(STACK) for Stack_Mem
    main.o(.text) refers to rt_time.o(i.os_itv_set) for os_itv_set
    main.o(.text) refers to rt_time.o(i.os_itv_wait) for os_itv_wait
    main.o(.text) refers to aeabi_sdiv.o(.text) for __aeabi_idivmod
    main.o(.text) refers to fflt_noclz.o(x$fpl$fflt) for __aeabi_i2f
    main.o(.text) refers to faddsub_noclz.o(x$fpl$fsub) for __aeabi_fsub
    main.o(.text) refers to scalbnf.o(x$fpl$scalbnf) for scalbnf
    main.o(.text) refers to ffixu.o(x$fpl$ffixu) for __aeabi_f2uiz
    main.o(.text) refers to dflt_noclz.o(x$fpl$dflt) for __aeabi_i2d
    main.o(.text) refers to daddsub_noclz.o(x$fpl$dadd) for __aeabi_dadd
    main.o(.text) refers to scalbn.o(x$fpl$scalbn) for scalbn
    main.o(.text) refers to dfixu.o(x$fpl$dfixu) for __aeabi_d2uiz
    main.o(.text) refers to ffix.o(x$fpl$ffix) for __aeabi_f2iz
    main.o(.text) refers to rt_time.o(i.os_dly_wait) for os_dly_wait
    main.o(.text) refers to mb.o(.text) for eMBPoll
    main.o(.text) refers to ds18b20.o(.text) for DS18B20_Temperature
    main.o(.text) refers to fflt_noclz.o(x$fpl$ffltu) for __aeabi_ui2f
    main.o(.text) refers to fmul.o(x$fpl$fmul) for __aeabi_fmul
    main.o(.text) refers to faddsub_noclz.o(x$fpl$fadd) for __aeabi_fadd
    main.o(.text) refers to hmi.o(.text) for HMI_Handler
    main.o(.text) refers to iap.o(.text) for Init_FEE
    main.o(.text) refers to rt_task.o(i.os_tsk_create0) for os_tsk_create0
    main.o(.text) refers to main.o(.bss) for .bss
    main.o(.text) refers to main.o(.data) for .data
    main.o(.text) refers to main.o(.ARM.__AT_0x0008F400) for .ARM.__AT_0x0008F400
    main.o(.text) refers to rt_task.o(i.os_tsk_delete) for os_tsk_delete
    main.o(.text) refers to hal_arm.o(.emb_text) for os_sys_init0
    portevent.o(.text) refers to portevent.o(.data) for .data
    portserial.o(.text) refers to aeabi_sdiv.o(.text_udiv) for __aeabi_uidivmod
    portserial.o(.text) refers to portserial.o(.data) for .data
    portserial.o(.text) refers to mb.o(.data) for pxMBFrameCBTransmitterEmpty
    porttimer.o(.text) refers to porttimer.o(.data) for .data
    porttimer.o(.text) refers to mb.o(.data) for pxMBPortCBTimerExpired
    mb.o(.text) refers to mbrtu.o(.text) for eMBRTUInit
    mb.o(.text) refers to mbascii.o(.text) for eMBASCIIInit
    mb.o(.text) refers to portevent.o(.text) for xMBPortEventInit
    mb.o(.text) refers to mb.o(i.__ARM_common_disable_irq) for __ARM_common_disable_irq
    mb.o(.text) refers to mb.o(i.__ARM_common_enable_irq) for __ARM_common_enable_irq
    mb.o(.text) refers to mb.o(i.__ARM_common_call_via_r0) for __ARM_common_call_via_r0
    mb.o(.text) refers to mb.o(i.__ARM_common_call_via_r3) for __ARM_common_call_via_r3
    mb.o(.text) refers to mb.o(i.__ARM_common_call_via_r2) for __ARM_common_call_via_r2
    mb.o(.text) refers to mb.o(.data) for .data
    mb.o(.data) refers to mbfuncother.o(.text) for eMBFuncReportSlaveID
    mb.o(.data) refers to mbfuncinput.o(.text) for eMBFuncReadInputRegister
    mb.o(.data) refers to mbfuncholding.o(.text) for eMBFuncReadHoldingRegister
    mb.o(.data) refers to mbfunccoils.o(.text) for eMBFuncReadCoils
    mb.o(.data) refers to mbfuncdisc.o(.text) for eMBFuncReadDiscreteInputs
    mbascii.o(.text) refers to mb.o(i.__ARM_common_disable_irq) for __ARM_common_disable_irq
    mbascii.o(.text) refers to portserial.o(.text) for xMBPortSerialInit
    mbascii.o(.text) refers to porttimer.o(.text) for xMBPortTimersInit
    mbascii.o(.text) refers to mb.o(i.__ARM_common_enable_irq) for __ARM_common_enable_irq
    mbascii.o(.text) refers to portevent.o(.text) for xMBPortEventPost
    mbascii.o(.text) refers to porttimer.o(i.vMBPortTimersDisable) for vMBPortTimersDisable
    mbascii.o(.text) refers to abort.o(.text) for abort
    mbascii.o(.text) refers to porttimer.o(i.vMBPortTimersEnable) for vMBPortTimersEnable
    mbascii.o(.text) refers to mbascii.o(i.__ARM_common_switch8) for __ARM_common_switch8
    mbascii.o(.text) refers to mbascii.o(.data) for .data
    mbascii.o(.data) refers to mbrtu.o(.bss) for ucRTUBuf
    mbcrc.o(.text) refers to mbcrc.o(.constdata) for .constdata
[...]
    .data                                    0x000101b8   Section        8  rt_system.o(.data)
    .data                                    0x000101c0   Section        8  rt_robin.o(.data)
    .data                                    0x000101c8   Section        8  rt_timer.o(.data)
    .bss                                     0x000101d0   Section      188  main.o(.bss)
    .bss                                     0x0001028c   Section      256  mbrtu.o(.bss)
    .bss                                     0x0001038c   Section       32  mbfuncother.o(.bss)
    ucMBSlaveID                              0x0001038c   Data          32  mbfuncother.o(.bss)
    .bss                                     0x000103ac   Section      300  rtx_config.o(.bss)
    .bss                                     0x000104d8   Section     3544  rtx_config.o(.bss)
    .bss                                     0x000112b0   Section      132  rtx_config.o(.bss)
    .bss                                     0x00011334   Section       24  rtx_config.o(.bss)
    .bss                                     0x0001134c   Section      672  rtx_config.o(.bss)
    std_libspace                             0x0001134c   Data         576  rtx_config.o(.bss)
    std_libmutex                             0x0001158c   Data          96  rtx_config.o(.bss)
    .bss                                     0x000115ec   Section      888  hmi.o(.bss)
    .bss                                     0x00011964   Section       48  rt_task.o(.bss)
    .bss                                     0x00011994   Section       48  rt_list.o(.bss)
    .bss                                     0x000119c4   Section       96  libspace.o(.bss)
    HEAP                                     0x00011a28   Section        0  startup.o(HEAP)
    STACK                                    0x00011a28   Section     1152  startup.o(STACK)
    Heap_Mem                                 0x00011a28   Data           0  startup.o(HEAP)
    Stack_Mem                                0x00011a28   Data        1024  startup.o(STACK)
    Stack_Top                                0x00011ea8   Data           0  startup.o(STACK)
    RESET                                    0x00080000   Section      204  startup.o(RESET)
    Undef_Handler                            0x00080040   ARM Code       4  startup.o(RESET)
    PAbt_Handler                             0x00080044   ARM Code       4  startup.o(RESET)
    DAbt_Handler                             0x00080048   ARM Code       4  startup.o(RESET)
    FIQ_Handler                              0x0008004c   ARM Code       4  startup.o(RESET)
    !!!main                                  0x000800cc   Section        8  __main.o(!!!main)
    !!!scatter                               0x000800d4   Section       60  __scatter.o(!!!scatter)
    !!dczerorl2                              0x00080110   Section       92  __dczerorl2.o(!!dczerorl2)
    _decompress_loop                         0x0008011b   Thumb Code     0  __dczerorl2.o(!!dczerorl2)
    _decompress_zerolen                      0x00080129   Thumb Code     0  __dczerorl2.o(!!dczerorl2)
    _decompress_litn                         0x00080131   Thumb Code     0  __dczerorl2.o(!!dczerorl2)
    _decompress_lit                          0x00080135   Thumb Code     0  __dczerorl2.o(!!dczerorl2)
    _decompress_copyorzero                   0x00080141   Thumb Code     0  __dczerorl2.o(!!dczerorl2)
    _decompress_zero                         0x00080149   Thumb Code     0  __dczerorl2.o(!!dczerorl2)
    _decompress_copyn                        0x00080153   Thumb Code     0  __dczerorl2.o(!!dczerorl2)
    _decompress_copy                         0x0008015b   Thumb Code     0  __dczerorl2.o(!!dczerorl2)
    _decompress_end                          0x00080167   Thumb Code     0  __dczerorl2.o(!!dczerorl2)
    !!handler_zi                             0x0008016c   Section       44  __scatter_zi.o(!!handler_zi)
    .ARM.Collect$$libinit$$00000000          0x000801a0   Section        6  libinit.o(.ARM.Collect$$libinit$$00000000)
    .ARM.Collect$$libinit$$00000006          0x000801a6   Section        0  libinit2.o(.ARM.Collect$$libinit$$00000006)
    .ARM.Collect$$libinit$$00000008          0x000801a6   Section        0  libinit2.o(.ARM.Collect$$libinit$$00000008)
    .ARM.Collect$$libinit$$0000000A          0x000801a6   Section        0  libinit2.o(.ARM.Collect$$libinit$$0000000A)
    .ARM.Collect$$libinit$$0000000D          0x000801a6   Section        0  libinit2.o(.ARM.Collect$$libinit$$0000000D)
    .ARM.Collect$$libinit$$0000000F          0x000801a6   Section        0  libinit2.o(.ARM.Collect$$libinit$$0000000F)
    .ARM.Collect$$libinit$$00000011          0x000801a6   Section        0  libinit2.o(.ARM.Collect$$libinit$$00000011)
    .ARM.Collect$$libinit$$00000013          0x000801a6   Section        0  libinit2.o(.ARM.Collect$$libinit$$00000013)
    .ARM.Collect$$libinit$$00000015          0x000801a6   Section        0  libinit2.o(.ARM.Collect$$libinit$$00000015)
    .ARM.Collect$$libinit$$00000017          0x000801a6   Section        0  libinit2.o(.ARM.Collect$$libinit$$00000017)
    .ARM.Collect$$libinit$$00000019          0x000801a6   Section        0  libinit2.o(.ARM.Collect$$libinit$$00000019)
    .ARM.Collect$$libinit$$0000001B          0x000801a6   Section        0  libinit2.o(.ARM.Collect$$libinit$$0000001B)
    .ARM.Collect$$libinit$$0000001D          0x000801a6   Section        0  libinit2.o(.ARM.Collect$$libinit$$0000001D)
    .ARM.Collect$$libinit$$0000001F          0x000801a6   Section        0  libinit2.o(.ARM.Collect$$libinit$$0000001F)
    .ARM.Collect$$libinit$$00000021          0x000801a6   Section        0  libinit2.o(.ARM.Collect$$libinit$$00000021)
    .ARM.Collect$$libinit$$00000028          0x000801a6   Section        0  libinit2.o(.ARM.Collect$$libinit$$00000028)
    .ARM.Collect$$libinit$$0000002A          0x000801a6   Section        0  libinit2.o(.ARM.Collect$$libinit$$0000002A)
    .ARM.Collect$$libinit$$0000002C          0x000801a6   Section        0  libinit2.o(.ARM.Collect$$libinit$$0000002C)
    .ARM.Collect$$libinit$$0000002E          0x000801a6   Section        0  libinit2.o(.ARM.Collect$$libinit$$0000002E)
    .ARM.Collect$$libinit$$0000002F          0x000801a6   Section       12  libinit2.o(.ARM.Collect$$libinit$$0000002F)
    .ARM.Collect$$libshutdown$$00000000      0x000801bc   Section        4  libshutdown.o(.ARM.Collect$$libshutdown$$00000000)
    .ARM.Collect$$libshutdown$$00000003      0x000801c0   Section        0  libshutdown2.o(.ARM.Collect$$libshutdown$$00000003)
    .ARM.Collect$$libshutdown$$00000006      0x000801c0   Section        0  libshutdown2.o(.ARM.Collect$$libshutdown$$00000006)
    .ARM.Collect$$libshutdown$$00000009      0x000801c0   Section        0  libshutdown2.o(.ARM.Collect$$libshutdown$$00000009)
    .ARM.Collect$$libshutdown$$0000000B      0x000801c0   Section        0  libshutdown2.o(.ARM.Collect$$libshutdown$$0000000B)
    .ARM.Collect$$libshutdown$$0000000E      0x000801c0   Section        0  libshutdown2.o(.ARM.Collect$$libshutdown$$0000000E)
    .ARM.Collect$$libshutdown$$0000000F      0x000801c0   Section        6  libshutdown2.o(.ARM.Collect$$libshutdown$$0000000F)
    .ARM.Collect$$rtentry$$00000000          0x000801c8   Section        0  rtentry.o(.ARM.Collect$$rtentry$$00000000)
    .ARM.Collect$$rtentry$$00000002          0x000801c8   Section        0  rtentry2.o(.ARM.Collect$$rtentry$$00000002)
    .ARM.Collect$$rtentry$$00000004          0x000801c8   Section        8  rtentry4.o(.ARM.Collect$$rtentry$$00000004)
    .ARM.Collect$$rtentry$$00000009          0x000801d0   Section        0  rtentry2.o(.ARM.Collect$$rtentry$$00000009)
    .ARM.Collect$$rtentry$$0000000A          0x000801d0   Section        4  rtentry2.o(.ARM.Collect$$rtentry$$0000000A)
    .ARM.Collect$$rtentry$$0000000C          0x000801d4   Section        0  rtentry2.o(.ARM.Collect$$rtentry$$0000000C)
    .ARM.Collect$$rtentry$$0000000D          0x000801d4   Section       40  rtentry2.o(.ARM.Collect$$rtentry$$0000000D)
    .ARM.Collect$$rtexit$$00000000           0x00080200   Section        4  rtexit.o(.ARM.Collect$$rtexit$$00000000)
    .ARM.Collect$$rtexit$$00000002           0x00080204   Section        0  rtexit2.o(.ARM.Collect$$rtexit$$00000002)
    .ARM.Collect$$rtexit$$00000003           0x00080204   Section        4  rtexit2.o(.ARM.Collect$$rtexit$$00000003)
    .ARM.Collect$$rtexit$$00000004           0x00080208   Section        8  rtexit2.o(.ARM.Collect$$rtexit$$00000004)
    .emb_text                                0x00080210   Section       72  rtx_config.o(.emb_text)
    .emb_text                                0x00080258   Section      488  hal_arm.o(.emb_text)
    Switch_task                              0x000803bc   ARM Code       0  hal_arm.o(.emb_text)
    .text                                    0x00080440   Section       32  startup.o(.text)
    .text                                    0x00080460   Section        0  main.o(.text)
    .text                                    0x000809a4   Section        0  portevent.o(.text)
    .text                                    0x000809d8   Section        0  portserial.o(.text)
    .text                                    0x00080ad0   Section        0  portserial.o(.text)
    .text                                    0x00080b28   Section        0  porttimer.o(.text)
    .text                                    0x00080b38   Section        0  porttimer.o(.text)
    .text                                    0x00080b68   Section        0  mb.o(.text)
    .text                                    0x00080dc0   Section        0  mbascii.o(.text)
    prvucMBLRC                               0x00081095   Thumb Code    34  mbascii.o(.text)
    prvucMBBIN2CHAR                          0x000810b7   Thumb Code    28  mbascii.o(.text)
    .text                                    0x000810dc   Section        0  mbcrc.o(.text)
    .text                                    0x00081110   Section        0  mbrtu.o(.text)
    .text                                    0x00081350   Section        0  mbfunccoils.o(.text)
    .text                                    0x00081494   Section        0  mbfuncdisc.o(.text)
    .text                                    0x00081510   Section        0  mbfuncholding.o(.text)
    .text                                    0x0008169c   Section        0  mbfuncinput.o(.text)
    .text                                    0x00081700   Section        0  mbfuncother.o(.text)
    .text                                    0x00081768   Section        0  mbutils.o(.text)
    .text                                    0x000817e0   Section        0  rtx_config.o(.text)
    .text                                    0x000818ec   Section        0  rtx_config.o(.text)
    __tagsym$$used                           0x000818ec   Number         0  rtx_config.o(.text)
    .text                                    0x000818f0   Section        0  iap.o(.text)
    .text                                    0x00081954   Section        0  ht1622.o(.text)
    SendBit_HT1622                           0x00081955   Thumb Code    94  ht1622.o(.text)
    Reset_1622                               0x000819b3   Thumb Code    70  ht1622.o(.text)
    Delay                                    0x00082463   Thumb Code    12  ht1622.o(.text)
    SENDCOMB                                 0x0008246f   Thumb Code    26  ht1622.o(.text)
    LCDWRITE_1622                            0x00082489   Thumb Code    32  ht1622.o(.text)
    Delay50ms                                0x000824a9   Thumb Code    12  ht1622.o(.text)
    SENDCOMA                                 0x000824b5   Thumb Code    26  ht1622.o(.text)
    .text                                    0x000824dc   Section        0  hmi.o(.text)
    MenuKeyboardHandler                      0x000824dd   Thumb Code   198  hmi.o(.text)
    MainMenu_KeyboardHandler                 0x000825a3   Thumb Code     2  hmi.o(.text)
    MainMenu_DisplayHandler                  0x000825a5   Thumb Code    34  hmi.o(.text)
    ActSngl_OpeningHandler                   0x000825c7   Thumb Code    18  hmi.o(.text)
    ActDoub_OpeningHandler                   0x000825d9   Thumb Code    18  hmi.o(.text)
    Display                                  0x000829ad   Thumb Code   120  hmi.o(.text)
    CheckKeyboard                            0x00082a25   Thumb Code    86  hmi.o(.text)
    OnKeyUp                                  0x00082a7b   Thumb Code    98  hmi.o(.text)
    .text                                    0x00082b10   Section        0  ds18b20.o(.text)
    Init_DS18B20                             0x00082b11   Thumb Code   116  ds18b20.o(.text)
    DS18B20_WriteByte                        0x00082b85   Thumb Code    86  ds18b20.o(.text)
    delay_5us                                0x00082c75   Thumb Code    24  ds18b20.o(.text)
    DS18B20_ReadByte                         0x00082c8d   Thumb Code   118  ds18b20.o(.text)
    .text                                    0x00082d0c   Section       12  libspace.o(.text)
    .text                                    0x00082d18   Section        0  abort.o(.text)
    .text                                    0x00082d2c   Section      212  rt_memcpy.o(.text)
    .text                                    0x00082e04   Section      384  aeabi_sdiv.o(.text)
    __arm_div8                               0x00082e30   ARM Code       0  aeabi_sdiv.o(.text)
    __arm_div5                               0x00082e54   ARM Code       0  aeabi_sdiv.o(.text)
    __arm_div2                               0x00082e78   ARM Code       0  aeabi_sdiv.o(.text)
    __arm_div_large                          0x00082eb4   ARM Code       0  aeabi_sdiv.o(.text)
    .text                                    0x00082f84   Section        0  heapauxi.o(.text)
    .text                                    0x00082f94   Section        0  sys_exit.o(.text)
    .text                                    0x00082fa0   Section        0  defsig_abrt_outer.o(.text)
    .text                                    0x00082fb0   Section      100  rt_memcpy_w.o(.text)
    .text                                    0x00083014   Section        4  use_no_semi.o(.text)
    .text                                    0x00083018   Section        0  defsig_exit.o(.text)
    .text                                    0x00083028   Section        0  defsig_abrt_inner.o(.text)
    .text                                    0x0008305c   Section       96  sys_stackheap_outer.o(.text)
    .text                                    0x000830bc   Section        0  exit.o(.text)
    .text                                    0x000830c8   Section        0  defsig_general.o(.text)
    .text                                    0x00083100   Section        0  sys_wrch.o(.text)
    .text                                    0x00083110   Section       20  rt_fp_status_addr_twolibspace.o(.text)
    .text_udiv                               0x00083128   Section       36  aeabi_sdiv.o(.text_udiv)
    SWI_TABLE                                0x0008314c   Section       36  swi_table.o(SWI_TABLE)
    i.__ARM_common_call_via_r0               0x00083170   Section        0  mb.o(i.__ARM_common_call_via_r0)
    i.__ARM_common_call_via_r2               0x00083172   Section        0  mb.o(i.__ARM_common_call_via_r2)
    i.__ARM_common_call_via_r3               0x00083174   Section        0  mb.o(i.__ARM_common_call_via_r3)
    i.__ARM_common_disable_irq               0x0008317c   Section        0  mb.o(i.__ARM_common_disable_irq)
    i.__ARM_common_enable_irq                0x00083194   Section        0  mb.o(i.__ARM_common_enable_irq)
    i.__ARM_common_switch8                   0x000831a8   Section        0  mbascii.o(i.__ARM_common_switch8)
    i.__SWI_0                                0x000831c0   Section        0  hal_arm.o(i.__SWI_0)
    i.__SWI_1                                0x000831f0   Section        0  rt_membox.o(i.__SWI_1)
    i.__SWI_2                                0x000831fe   Section        0  rt_membox.o(i.__SWI_2)
    i.__SWI_3                                0x00083216   Section        0  hal_arm.o(i.__SWI_3)
    i.__SWI_4                                0x0008321e   Section        0  hal_arm.o(i.__SWI_4)
    i.__SWI_6                                0x00083226   Section        0  hal_arm.o(i.__SWI_6)
    i.__SWI_7                                0x00083228   Section        0  hal_arm.o(i.__SWI_7)
    i._init_box                              0x0008322a   Section        0  rt_membox.o(i._init_box)
    i.os_block                               0x00083274   Section        0  rt_task.o(i.os_block)
    i.os_chk_robin                           0x000832bc   Section        0  rt_robin.o(i.os_chk_robin)
    i.os_dec_dly                             0x00083300   Section        0  rt_list.o(i.os_dec_dly)
    i.os_dispatch                            0x0008337c   Section        0  rt_task.o(i.os_dispatch)
    i.os_dly_wait                            0x000833c0   Section        0  rt_time.o(i.os_dly_wait)
    i.os_evt_psh                             0x000833d8   Section        0  rt_event.o(i.os_evt_psh)
    i.os_get_first                           0x00083428   Section        0  rt_list.o(i.os_get_first)
    i.os_init_context                        0x00083454   Section        0  rt_task.o(i.os_init_context)
    os_init_context                          0x00083455   Thumb Code    66  rt_task.o(i.os_init_context)
    i.os_init_robin                          0x0008349c   Section        0  rt_robin.o(i.os_init_robin)
    i.os_init_stack                          0x000834b4   Section        0  hal_arm.o(i.os_init_stack)
    i.os_itv_set                             0x00083518   Section        0  rt_time.o(i.os_itv_set)
    i.os_itv_wait                            0x00083530   Section        0  rt_time.o(i.os_itv_wait)
    i.os_mbx_psh                             0x00083568   Section        0  rt_mailbox.o(i.os_mbx_psh)
    i.os_mut_init                            0x000835f0   Section        0  rt_mutex.o(i.os_mut_init)
    i.os_mut_release                         0x00083620   Section        0  rt_mutex.o(i.os_mut_release)
    i.os_mut_wait                            0x000836c8   Section        0  rt_mutex.o(i.os_mut_wait)
    i.os_put_dly                             0x0008374c   Section        0  rt_list.o(i.os_put_dly)
    i.os_put_prio                            0x0008379c   Section        0  rt_list.o(i.os_put_prio)
    i.os_put_rdy_first                       0x000837dc   Section        0  rt_list.o(i.os_put_rdy_first)
    i.os_resort_prio                         0x000837f0   Section        0  rt_list.o(i.os_resort_prio)
    i.os_rmv_dly                             0x00083824   Section        0  rt_list.o(i.os_rmv_dly)
    i.os_rmv_list                            0x00083850   Section        0  rt_list.o(i.os_rmv_list)
    i.os_sem_psh                             0x00083884   Section        0  rt_semaphore.o(i.os_sem_psh)
    i.os_stk_check                           0x000838bc   Section        0  hal_arm.o(i.os_stk_check)
    i.os_sys_init1                           0x000838e8   Section        0  rt_task.o(i.os_sys_init1)
    i.os_sys_manager                         0x000839d0   Section        0  rt_system.o(i.os_sys_manager)
    i.os_tmr_tick                            0x00083a9c   Section        0  rt_timer.o(i.os_tmr_tick)
    i.os_tsk_create0                         0x00083ae0   Section        0  rt_task.o(i.os_tsk_create0)
    i.os_tsk_delete                          0x00083b70   Section        0  rt_task.o(i.os_tsk_delete)
    i.os_tsk_self                            0x00083c18   Section        0  rt_task.o(i.os_tsk_self)
    i.vMBPortTimersDisable                   0x00083c28   Section        0  porttimer.o(i.vMBPortTimersDisable)
    i.vMBPortTimersEnable                    0x00083c38   Section        0  porttimer.o(i.vMBPortTimersEnable)
    x$fpl$d2f                                0x00083c60   Section      108  d2f.o(x$fpl$d2f)
    x$fpl$dadd                               0x00083cd0   Section      336  daddsub_noclz.o(x$fpl$dadd)
    _dadd1                                   0x00083ce0   ARM Code       0  daddsub_noclz.o(x$fpl$dadd)
    x$fpl$dcheck1                            0x00083e20   Section       16  dcheck1.o(x$fpl$dcheck1)
    x$fpl$dfixu                              0x00083e34   Section      112  dfixu.o(x$fpl$dfixu)
    x$fpl$dflt                               0x00083ea8   Section       88  dflt_noclz.o(x$fpl$dflt)
    x$fpl$dnaninf                            0x00083f00   Section      192  dnaninf.o(x$fpl$dnaninf)
    x$fpl$dretinf                            0x00083fc0   Section       16  dretinf.o(x$fpl$dretinf)
    x$fpl$dsub                               0x00083fd0   Section      580  daddsub_noclz.o(x$fpl$dsub)
    _dsub1                                   0x00083fe0   ARM Code       0  daddsub_noclz.o(x$fpl$dsub)
    x$fpl$f2d                                0x00084218   Section      100  f2d.o(x$fpl$f2d)
    x$fpl$fadd                               0x00084280   Section      196  faddsub_noclz.o(x$fpl$fadd)
    _fadd1                                   0x0008428c   ARM Code       0  faddsub_noclz.o(x$fpl$fadd)
    x$fpl$fcheck1                            0x00084344   Section       12  fcheck1.o(x$fpl$fcheck1)
    x$fpl$ffix                               0x00084354   Section       68  ffix.o(x$fpl$ffix)
    x$fpl$ffixu                              0x0008439c   Section       84  ffixu.o(x$fpl$ffixu)
    x$fpl$fflt                               0x000843f4   Section       92  fflt_noclz.o(x$fpl$fflt)
    x$fpl$ffltu                              0x00084454   Section        8  fflt_noclz.o(x$fpl$ffltu)
    x$fpl$fmul                               0x00084460   Section      256  fmul.o(x$fpl$fmul)
    x$fpl$fnaninf                            0x00084560   Section      168  fnaninf.o(x$fpl$fnaninf)
    x$fpl$fpinit                             0x0008460c   Section       24  fpinit.o(x$fpl$fpinit)
    x$fpl$fretinf                            0x00084624   Section       16  fretinf.o(x$fpl$fretinf)
    x$fpl$fsub                               0x00084638   Section      304  faddsub_noclz.o(x$fpl$fsub)
    _fsub1                                   0x00084644   ARM Code       0  faddsub_noclz.o(x$fpl$fsub)
    x$fpl$retnan                             0x00084768   Section      116  retnan.o(x$fpl$retnan)
    x$fpl$scalbn                             0x000847e0   Section      108  scalbn.o(x$fpl$scalbn)
    x$fpl$scalbnf                            0x00084850   Section       96  scalbnf.o(x$fpl$scalbnf)
    x$fpl$trapveneer                         0x000848b0   Section       60  trapv.o(x$fpl$trapveneer)
    .constdata                               0x000848ec   Section      512  mbcrc.o(.constdata)
    x$fpl$usenofp                            0x000848ec   Section        0  usenofp.o(x$fpl$usenofp)
    aucCRCHi                                 0x000848ec   Data         256  mbcrc.o(.constdata)
    aucCRCLo                                 0x000849ec   Data         256  mbcrc.o(.constdata)
    .constdata                               0x00084aec   Section        2  rtx_config.o(.constdata)
    .constdata                               0x00084af0   Section        4  rtx_config.o(.constdata)
    .constdata                               0x00084af4   Section        4  rtx_config.o(.constdata)
    .constdata                               0x00084af8   Section        8  rtx_config.o(.constdata)
    __tagsym$$used                           0x00084af8   Number         0  rtx_config.o(.constdata)
    __tagsym$$used                           0x00084afc   Number         0  rtx_config.o(.constdata)
    .constdata                               0x00084b00   Section        2  rtx_config.o(.constdata)
    .constdata                               0x00084b04   Section        4  rtx_config.o(.constdata)
    .constdata                               0x00084b08   Section        1  rtx_config.o(.constdata)
    .constdata                               0x00084b0a   Section        2  rtx_config.o(.constdata)
    .constdata                               0x00084b0c   Section      170  ht1622.o(.constdata)
    .conststring                             0x00084bb6   Section      333  hmi.o(.conststring)
    .ARM.__AT_0x0008F400                     0x0008f400   Section      512  main.o(.ARM.__AT_0x0008F400)

    Global Symbols

    Symbol Name                              Value     Ov Type        Size  Object(Section)

    BuildAttributes$$THM_ISAv1$ARM_ISAv4$S$PE$A:L22$X:L11$S22$IEEE1$IW$USESV6$~STKCKD$USESV7$~SHL$OSPACE$ROPI$EBA8$UX$STANDARDLIB$REQ8$PRES8$EABIv2 0x00000000   Number         0  anon$$obj.o ABSOLUTE
    __ARM_use_no_argv                        0x00000000   Number         0  main.o ABSOLUTE
    __ARM_exceptions_init                     - Undefined Weak Reference
    __alloca_initialize                       - Undefined Weak Reference
    __cpp_initialize__aeabi_                  - Undefined Weak Reference
    __cxa_finalize                            - Undefined Weak Reference
    __fpl_infinity                            - Undefined Weak Reference
    __rt_locale                               - Undefined Weak Reference
    __sigvec_lookup                           - Undefined Weak Reference
    _atexit_init                              - Undefined Weak Reference
    _call_atexit_fns                          - Undefined Weak Reference
    _clock_init                               - Undefined Weak Reference
    _fp_trap_init                             - Undefined Weak Reference
    _fp_trap_shutdown                         - Undefined Weak Reference
    _get_lc_collate                           - Undefined Weak Reference
    _get_lc_ctype                             - Undefined Weak Reference
    _get_lc_monetary                          - Undefined Weak Reference
    _get_lc_numeric                           - Undefined Weak Reference
    _get_lc_time                              - Undefined Weak Reference
    _getenv_init                              - Undefined Weak Reference
    _handle_redirection                       - Undefined Weak Reference
    _init_alloc                               - Undefined Weak Reference
    _init_user_alloc                          - Undefined Weak Reference
    _initio                                   - Undefined Weak Reference
    _rand_init                                - Undefined Weak Reference
    _signal_finish                            - Undefined Weak Reference
    _signal_init                              - Undefined Weak Reference
    _terminate_alloc                          - Undefined Weak Reference
    _terminate_user_alloc                     - Undefined Weak Reference
    _terminateio                              - Undefined Weak Reference
    os_tmr_reload                             - Undefined Weak Reference
    rt_init                                   - Undefined Weak Reference
    rt_notify                                 - Undefined Weak Reference
    rt_post_taskswitch                        - Undefined Weak Reference
    __RTX_ARM_VER                            0x00000413   Number         0  rt_system.o ABSOLUTE
    t_feeddog                                0x00010004   Data           4  main.o(.data)
    t_pid                                    0x00010008   Data           4  main.o(.data)
    t_modbus                                 0x0001000c   Data           4  main.o(.data)
    t_adc                                    0x00010010   Data           4  main.o(.data)
    t_hmi                                    0x00010014   Data           4  main.o(.data)
    pxMBFrameCBByteReceived                  0x00010040   Data           4  mb.o(.data)
    pxMBFrameCBTransmitterEmpty              0x00010044   Data           4  mb.o(.data)
    pxMBPortCBTimerExpired                   0x00010048   Data           4  mb.o(.data)
    m_tmr                                    0x000100ec   Data           4  rtx_config.o(.data)
    m_mcbCurrent                             0x00010108   Data           8  hmi.o(.data)
    m_stackMenuCtlBlock                      0x00010110   Data           8  hmi.o(.data)
    display                                  0x00010118   Data         148  hmi.o(.data)
    os_runtask                               0x000101ac   Data           4  rt_task.o(.data)
    os_time                                  0x000101b0   Data           2  rt_time.o(.data)
    sys_stktop                               0x000101b4   Data           4  hal_arm.o(.data)
    os_psh                                   0x000101b8   Data           8  rt_system.o(.data)
    os_robin                                 0x000101c0   Data           8  rt_robin.o(.data)
    os_tmr                                   0x000101c8   Data           8  rt_timer.o(.data)
    g_UnitData                               0x000101d0   Data          40  main.o(.bss)
    g_UnitCfg                                0x000101f8   Data          92  main.o(.bss)
    Controller                               0x00010254   Data          56  main.o(.bss)
    ucRTUBuf                                 0x0001028c   Data         256  mbrtu.o(.bss)
    mp_tcb                                   0x000103ac   Data         300  rtx_config.o(.bss)
    mp_stk                                   0x000104d8   Data        3544  rtx_config.o(.bss)
    os_fifo                                  0x000112b0   Data         132  rtx_config.o(.bss)
    os_active_TCB                            0x00011334   Data          24  rtx_config.o(.bss)
    m_aMenuItems                             0x000115ec   Data         888  hmi.o(.bss)
    os_idle_TCB                              0x00011964   Data          48  rt_task.o(.bss)
    os_rdy                                   0x00011994   Data          24  rt_list.o(.bss)
    os_dly                                   0x000119ac   Data          24  rt_list.o(.bss)
    __libspace_start                         0x000119c4   Data          96  libspace.o(.bss)
    __temporary_stack_top$libspace           0x00011a24   Data           0  libspace.o(.bss)
    Reset_Handler                            0x00080050   ARM Code       0  startup.o(RESET)
    __main                                   0x000800cc   ARM Code       8  __main.o(!!!main)
    __scatterload                            0x000800d4   ARM Code       0  __scatter.o(!!!scatter)
    __scatterload_rt2                        0x000800d4   ARM Code      52  __scatter.o(!!!scatter)
    __scatterload_null                       0x000800e8   ARM Code       0  __scatter.o(!!!scatter)
    __decompress                             0x00080110   ARM Code      92  __dczerorl2.o(!!dczerorl2)
    __decompress1                            0x00080110   ARM Code       0  __dczerorl2.o(!!dczerorl2)
    __scatterload_zeroinit                   0x0008016c   ARM Code      44  __scatter_zi.o(!!handler_zi)
    Inline ARM to Thumb Veneer to __rt_lib_init 0x00080198   ARM Code       8  libinit.o(.ARM.Collect$$libinit$$00000000)
    __rt_lib_init                            0x000801a1   Thumb Code     0  libinit.o(.ARM.Collect$$libinit$$00000000)
    __rt_lib_init_alloca_1                   0x000801a7   Thumb Code     0  libinit2.o(.ARM.Collect$$libinit$$0000002A)
    __rt_lib_init_argv_1                     0x000801a7   Thumb Code     0  libinit2.o(.ARM.Collect$$libinit$$00000028)
    __rt_lib_init_atexit_1                   0x000801a7   Thumb Code     0  libinit2.o(.ARM.Collect$$libinit$$00000017)
    __rt_lib_init_clock_1                    0x000801a7   Thumb Code     0  libinit2.o(.ARM.Collect$$libinit$$0000001D)
    __rt_lib_init_cpp_1                      0x000801a7   Thumb Code     0  libinit2.o(.ARM.Collect$$libinit$$0000002E)
    __rt_lib_init_exceptions_1               0x000801a7   Thumb Code     0  libinit2.o(.ARM.Collect$$libinit$$0000002C)
    __rt_lib_init_fp_trap_1                  0x000801a7   Thumb Code     0  libinit2.o(.ARM.Collect$$libinit$$0000001B)
    __rt_lib_init_getenv_1                   0x000801a7   Thumb Code     0  libinit2.o(.ARM.Collect$$libinit$$0000001F)
    __rt_lib_init_heap_1                     0x000801a7   Thumb Code     0  libinit2.o(.ARM.Collect$$libinit$$00000006)
    __rt_lib_init_lc_collate_1               0x000801a7   Thumb Code     0  libinit2.o(.ARM.Collect$$libinit$$0000000D)
    __rt_lib_init_lc_ctype_1                 0x000801a7   Thumb Code     0  libinit2.o(.ARM.Collect$$libinit$$0000000F)
    __rt_lib_init_lc_monetary_1              0x000801a7   Thumb Code     0  libinit2.o(.ARM.Collect$$libinit$$00000011)
    __rt_lib_init_lc_numeric_1               0x000801a7   Thumb Code     0  libinit2.o(.ARM.Collect$$libinit$$00000013)
    __rt_lib_init_lc_time_1                  0x000801a7   Thumb Code     0  libinit2.o(.ARM.Collect$$libinit$$00000015)
    __rt_lib_init_rand_1                     0x000801a7   Thumb Code     0  libinit2.o(.ARM.Collect$$libinit$$0000000A)
    __rt_lib_init_return                     0x000801a7   Thumb Code     0  libinit2.o(.ARM.Collect$$libinit$$0000002F)
    __rt_lib_init_signal_1                   0x000801a7   Thumb Code     0  libinit2.o(.ARM.Collect$$libinit$$00000019)
    __rt_lib_init_stdio_1                    0x000801a7   Thumb Code     0  libinit2.o(.ARM.Collect$$libinit$$00000021)
    __rt_lib_init_user_alloc_1               0x000801a7   Thumb Code     0  libinit2.o(.ARM.Collect$$libinit$$00000008)
    Inline ARM to Thumb Veneer to __rt_lib_shutdown 0x000801b4   ARM Code       8  libshutdown.o(.ARM.Collect$$libshutdown$$00000000)
    __rt_lib_shutdown                        0x000801bd   Thumb Code     0  libshutdown.o(.ARM.Collect$$libshutdown$$00000000)
    __rt_lib_shutdown_fp_trap_1              0x000801c1   Thumb Code     0  libshutdown2.o(.ARM.Collect$$libshutdown$$00000006)
    __rt_lib_shutdown_heap_1                 0x000801c1   Thumb Code     0  libshutdown2.o(.ARM.Collect$$libshutdown$$0000000E)
    __rt_lib_shutdown_return                 0x000801c1   Thumb Code     0  libshutdown2.o(.ARM.Collect$$libshutdown$$0000000F)
    __rt_lib_shutdown_signal_1               0x000801c1   Thumb Code     0  libshutdown2.o(.ARM.Collect$$libshutdown$$00000009)
    __rt_lib_shutdown_stdio_1                0x000801c1   Thumb Code     0  libshutdown2.o(.ARM.Collect$$libshutdown$$00000003)
    __rt_lib_shutdown_user_alloc_1           0x000801c1   Thumb Code     0  libshutdown2.o(.ARM.Collect$$libshutdown$$0000000B)
    __rt_entry                               0x000801c8   ARM Code       0  rtentry.o(.ARM.Collect$$rtentry$$00000000)
    __rt_entry_presh_1                       0x000801c8   ARM Code       0  rtentry2.o(.ARM.Collect$$rtentry$$00000002)
    __rt_entry_sh                            0x000801c8   ARM Code       0  rtentry4.o(.ARM.Collect$$rtentry$$00000004)
    __rt_entry_li                            0x000801d0   ARM Code       0  rtentry2.o(.ARM.Collect$$rtentry$$0000000A)
    __rt_entry_postsh_1                      0x000801d0   ARM Code       0  rtentry2.o(.ARM.Collect$$rtentry$$00000009)
    __rt_entry_main                          0x000801d4   ARM Code       0  rtentry2.o(.ARM.Collect$$rtentry$$0000000D)
    __rt_entry_postli_1                      0x000801d4   ARM Code       0  rtentry2.o(.ARM.Collect$$rtentry$$0000000C)
    Inline Thumb to ARM Veneer to __rt_exit  0x000801fd   Thumb Code     4  rtexit.o(.ARM.Collect$$rtexit$$00000000)
    __rt_exit                                0x00080200   ARM Code       0  rtexit.o(.ARM.Collect$$rtexit$$00000000)
    __rt_exit_ls                             0x00080204   ARM Code       0  rtexit2.o(.ARM.Collect$$rtexit$$00000003)
    __rt_exit_prels_1                        0x00080204   ARM Code       0  rtexit2.o(.ARM.Collect$$rtexit$$00000002)
    __rt_exit_exit                           0x00080208   ARM Code       0  rtexit2.o(.ARM.Collect$$rtexit$$00000004)
    IRQ_Handler                              0x00080210   ARM Code      52  rtx_config.o(.emb_text)
    _inc_qi                                  0x00080259   Thumb Code    60  hal_arm.o(.emb_text)
    _dec_qc                                  0x00080295   Thumb Code    32  hal_arm.o(.emb_text)
    os_set_env                               0x000802b5   Thumb Code     8  hal_arm.o(.emb_text)
    os_sys_init0                             0x000802bd   Thumb Code    12  hal_arm.o(.emb_text)
    os_sys_run                               0x000802d1   Thumb Code    16  hal_arm.o(.emb_text)
    os_clock_interrupt                       0x000802e4   ARM Code     128  hal_arm.o(.emb_text)
    os_sys_manager_ret                       0x00080351   Thumb Code     0  hal_arm.o(.emb_text)
    SWI_Handler                              0x00080378   ARM Code     192  hal_arm.o(.emb_text)
    os_switch_tasks_ret                      0x000803b5   Thumb Code     0  hal_arm.o(.emb_text)
    __user_initial_stackheap                 0x00080440   ARM Code       0  startup.o(.text)
    feeddog                                  0x00080461   Thumb Code    18  main.o(.text)
    SetPwmDutyCycle2                         0x00080473   Thumb Code   124  main.o(.text)
    pid                                      0x000804ef   Thumb Code   140  main.o(.text)
    modbus                                   0x0008057b   Thumb Code    12  main.o(.text)
    GetADC                                   0x00080587   Thumb Code    78  main.o(.text)
    adc                                      0x000805d5   Thumb Code   344  main.o(.text)
    hmi                                      0x0008072d   Thumb Code    12  main.o(.text)
    ADCpoweron                               0x00080739   Thumb Code    16  main.o(.text)
    init                                     0x00080749   Thumb Code   400  main.o(.text)
    main                                     0x000808d9   Thumb Code    20  main.o(.text)
    eMBRegInputCB                            0x000808ed   Thumb Code    54  main.o(.text)
    eMBRegHoldingCB                          0x00080923   Thumb Code   106  main.o(.text)
    eMBRegCoilsCB                            0x0008098d   Thumb Code     4  main.o(.text)
    eMBRegDiscreteCB                         0x00080991   Thumb Code     4  main.o(.text)
    xMBPortEventInit                         0x000809a5   Thumb Code    10  portevent.o(.text)
    xMBPortEventPost                         0x000809af   Thumb Code    12  portevent.o(.text)
    xMBPortEventGet                          0x000809bb   Thumb Code    24  portevent.o(.text)
    vMBPortSerialEnable                      0x000809d9   Thumb Code    78  portserial.o(.text)
    xMBPortSerialInit                        0x00080a27   Thumb Code   130  portserial.o(.text)
    xMBPortSerialPutByte                     0x00080aa9   Thumb Code     8  portserial.o(.text)
    xMBPortSerialGetByte                     0x00080ab1   Thumb Code    10  portserial.o(.text)
    mb_uart_interrupt                        0x00080ad0   ARM Code      72  portserial.o(.text)
    xMBPortTimersInit                        0x00080b29   Thumb Code    10  porttimer.o(.text)
    mb_timer2_interrupt                      0x00080b38   ARM Code      40  porttimer.o(.text)
    eMBInit                                  0x00080b69   Thumb Code   138  mb.o(.text)
    eMBRegisterCB                            0x00080bf3   Thumb Code   110  mb.o(.text)
    eMBClose                                 0x00080c61   Thumb Code    34  mb.o(.text)
    eMBEnable                                0x00080c83   Thumb Code    30  mb.o(.text)
    eMBDisable                               0x00080ca1   Thumb Code    32  mb.o(.text)
    eMBPoll                                  0x00080cc1   Thumb Code   196  mb.o(.text)
    eMBASCIIInit                             0x00080dc1   Thumb Code    60  mbascii.o(.text)
    eMBASCIIStart                            0x00080dfd   Thumb Code    36  mbascii.o(.text)
    eMBASCIIStop                             0x00080e21   Thumb Code    24  mbascii.o(.text)
    eMBASCIIReceive                          0x00080e39   Thumb Code    76  mbascii.o(.text)
    eMBASCIISend                             0x00080e85   Thumb Code    80  mbascii.o(.text)
    xMBASCIIReceiveFSM                       0x00080ed5   Thumb Code   230  mbascii.o(.text)
    xMBASCIITransmitFSM                      0x00080fbb   Thumb Code   176  mbascii.o(.text)
    xMBASCIITimerT1SExpired                  0x0008106b   Thumb Code    42  mbascii.o(.text)
    usMBCRC16                                0x000810dd   Thumb Code    46  mbcrc.o(.text)
    eMBRTUInit                               0x00081111   Thumb Code    76  mbrtu.o(.text)
    eMBRTUStart                              0x0008115d   Thumb Code    34  mbrtu.o(.text)
    eMBRTUStop                               0x0008117f   Thumb Code    24  mbrtu.o(.text)
    eMBRTUReceive                            0x00081197   Thumb Code    78  mbrtu.o(.text)
    eMBRTUSend                               0x000811e5   Thumb Code    90  mbrtu.o(.text)
    xMBRTUReceiveFSM                         0x0008123f   Thumb Code   104  mbrtu.o(.text)
    xMBRTUTransmitFSM                        0x000812a7   Thumb Code    94  mbrtu.o(.text)
    xMBRTUTimerT35Expired                    0x00081305   Thumb Code    62  mbrtu.o(.text)
    eMBFuncReadCoils                         0x00081351   Thumb Code   120  mbfunccoils.o(.text)
    eMBFuncWriteCoil                         0x000813c9   Thumb Code    92  mbfunccoils.o(.text)
    eMBFuncWriteMultipleCoils                0x00081425   Thumb Code   106  mbfunccoils.o(.text)
    eMBFuncReadDiscreteInputs                0x00081495   Thumb Code   118  mbfuncdisc.o(.text)
    eMBFuncWriteHoldingRegister              0x00081511   Thumb Code    56  mbfuncholding.o(.text)
    eMBFuncWriteMultipleHoldingRegister      0x00081549   Thumb Code    86  mbfuncholding.o(.text)
    eMBFuncReadHoldingRegister               0x0008159f   Thumb Code    92  mbfuncholding.o(.text)
    eMBFuncReadWriteMultipleHoldingRegister  0x000815fb   Thumb Code   162  mbfuncholding.o(.text)
    eMBFuncReadInputRegister                 0x0008169d   Thumb Code   100  mbfuncinput.o(.text)
    eMBSetSlaveID                            0x00081701   Thumb Code    64  mbfuncother.o(.text)
    eMBFuncReportSlaveID                     0x00081741   Thumb Code    30  mbfuncother.o(.text)
    xMBUtilSetBits                           0x00081769   Thumb Code    50  mbutils.o(.text)
    xMBUtilGetBits                           0x0008179b   Thumb Code    36  mbutils.o(.text)
    prveMBError2Exception                    0x000817bf   Thumb Code    24  mbutils.o(.text)
    Inline ARM to Thumb Veneer to __user_perthread_libspace 0x000817d8   ARM Code       8  rtx_config.o(.text)
    os_idle_demon                            0x000817e1   Thumb Code     2  rtx_config.o(.text)
    os_tmr_call                              0x000817e3   Thumb Code     2  rtx_config.o(.text)
    os_error                                 0x000817e5   Thumb Code     2  rtx_config.o(.text)
    os_tmr_init                              0x000817e7   Thumb Code    12  rtx_config.o(.text)
    os_tmr_force_irq                         0x000817f3   Thumb Code    26  rtx_config.o(.text)
    os_tmr_inspect_cnt                       0x0008180d   Thumb Code    10  rtx_config.o(.text)
    os_tmr_inspect_ovf                       0x00081817   Thumb Code    10  rtx_config.o(.text)
    os_irq_ack_lock                          0x00081821   Thumb Code    28  rtx_config.o(.text)
    __SWI_5                                  0x0008183d   Thumb Code     8  rtx_config.o(.text)
    tsk_unlock                               0x00081845   Thumb Code    28  rtx_config.o(.text)
    __user_perthread_libspace                0x00081861   Thumb Code    30  rtx_config.o(.text)
    _mutex_initialize                        0x0008187f   Thumb Code    36  rtx_config.o(.text)
    _mutex_acquire                           0x000818a3   Thumb Code    24  rtx_config.o(.text)
    _mutex_release                           0x000818bb   Thumb Code    20  rtx_config.o(.text)
    os_def_interrupt                         0x000818ec   ARM Code       4  rtx_config.o(.text)
    Init_FEE                                 0x000818f1   Thumb Code     8  iap.o(.text)
    EepromWr_n                               0x000818f9   Thumb Code    82  iap.o(.text)
    display_char                             0x000819f9   Thumb Code  1506  ht1622.o(.text)
    digital                                  0x00081fdb   Thumb Code   692  ht1622.o(.text)
    display_digital                          0x0008228f   Thumb Code   138  ht1622.o(.text)
    clearLCD                                 0x00082319   Thumb Code    44  ht1622.o(.text)
    SENDCOMC                                 0x00082345   Thumb Code    26  ht1622.o(.text)
    initLCD_1622                             0x0008235f   Thumb Code    32  ht1622.o(.text)
    floattochar                              0x0008237f   Thumb Code   228  ht1622.o(.text)
    HMI_Init                                 0x000825eb   Thumb Code   950  hmi.o(.text)
    HMI_Handler                              0x000829a1   Thumb Code    12  hmi.o(.text)
    DS18B20_Temperature                      0x00082bdb   Thumb Code   154  ds18b20.o(.text)
    __user_libspace                          0x00082d0c   ARM Code      12  libspace.o(.text)
    __user_perproc_libspace                  0x00082d0c   ARM Code       0  libspace.o(.text)
    abort                                    0x00082d19   Thumb Code    16  abort.o(.text)
    Inline Thumb to ARM Veneer to __aeabi_memcpy 0x00082d29   Thumb Code     4  rt_memcpy.o(.text)
    __aeabi_memcpy                           0x00082d2c   ARM Code       0  rt_memcpy.o(.text)
    __rt_memcpy                              0x00082d2c   ARM Code     212  rt_memcpy.o(.text)
    _memcpy_lastbytes                        0x00082de0   ARM Code       0  rt_memcpy.o(.text)
    Inline Thumb to ARM Veneer to __aeabi_idivmod 0x00082e01   Thumb Code     4  aeabi_sdiv.o(.text)
    __aeabi_idiv                             0x00082e04   ARM Code       0  aeabi_sdiv.o(.text)
    __aeabi_idivmod                          0x00082e04   ARM Code     384  aeabi_sdiv.o(.text)
    __use_two_region_memory                  0x00082f85   Thumb Code     2  heapauxi.o(.text)
    __rt_heap_escrow$2region                 0x00082f87   Thumb Code     2  heapauxi.o(.text)
    __rt_heap_expand$2region                 0x00082f89   Thumb Code     2  heapauxi.o(.text)
    Inline ARM to Thumb Veneer to _sys_exit  0x00082f8c   ARM Code       8  sys_exit.o(.text)
    _sys_exit                                0x00082f95   Thumb Code     8  sys_exit.o(.text)
    __rt_SIGABRT                             0x00082fa1   Thumb Code    16  defsig_abrt_outer.o(.text)
    __aeabi_memcpy4                          0x00082fb0   ARM Code       0  rt_memcpy_w.o(.text)
    __aeabi_memcpy8                          0x00082fb0   ARM Code       0  rt_memcpy_w.o(.text)
    __rt_memcpy_w                            0x00082fb0   ARM Code     100  rt_memcpy_w.o(.text)
    _memcpy_lastbytes_aligned                0x00082ffc   ARM Code       0  rt_memcpy_w.o(.text)
    __I$use$semihosting                      0x00083014   ARM Code       0  use_no_semi.o(.text)
    __use_no_semihosting_swi                 0x00083014   ARM Code       4  use_no_semi.o(.text)
    __sig_exit                               0x00083019   Thumb Code    16  defsig_exit.o(.text)
    __rt_SIGABRT_inner                       0x00083029   Thumb Code    18  defsig_abrt_inner.o(.text)
    __user_setup_stackheap                   0x0008305c   ARM Code      96  sys_stackheap_outer.o(.text)
    exit                                     0x000830bd   Thumb Code    12  exit.o(.text)
    __default_signal_display                 0x000830c9   Thumb Code    56  defsig_general.o(.text)
    _ttywrch                                 0x00083101   Thumb Code    16  sys_wrch.o(.text)
    __rt_fp_status_addr                      0x00083110   ARM Code      20  rt_fp_status_addr_twolibspace.o(.text)
    Inline Thumb to ARM Veneer to __aeabi_uidivmod 0x00083125   Thumb Code     4  aeabi_sdiv.o(.text_udiv)
    __aeabi_uidiv                            0x00083128   ARM Code       0  aeabi_sdiv.o(.text_udiv)
    __aeabi_uidivmod                         0x00083128   ARM Code      36  aeabi_sdiv.o(.text_udiv)
    SWI_Count                                0x0008314c   Data           4  swi_table.o(SWI_TABLE)
    SWI_Table                                0x00083150   Data           0  swi_table.o(SWI_TABLE)
    __ARM_common_call_via_r0                 0x00083171   Thumb Code     2  mb.o(i.__ARM_common_call_via_r0)
    __ARM_common_call_via_r2                 0x00083173   Thumb Code     2  mb.o(i.__ARM_common_call_via_r2)
    __ARM_common_call_via_r3                 0x00083175   Thumb Code     2  mb.o(i.__ARM_common_call_via_r3)
    Inline Thumb to ARM Veneer to __ARM_common_disable_irq 0x00083179   Thumb Code     4  mb.o(i.__ARM_common_disable_irq)
    __ARM_common_disable_irq                 0x0008317c   ARM Code      20  mb.o(i.__ARM_common_disable_irq)
    Inline Thumb to ARM Veneer to __ARM_common_enable_irq 0x00083191   Thumb Code     4  mb.o(i.__ARM_common_enable_irq)
    __ARM_common_enable_irq                  0x00083194   ARM Code      16  mb.o(i.__ARM_common_enable_irq)
    Inline Thumb to ARM Veneer to __ARM_common_switch8 0x000831a5   Thumb Code     4  mbascii.o(i.__ARM_common_switch8)
    __ARM_common_switch8                     0x000831a8   ARM Code      24  mbascii.o(i.__ARM_common_switch8)
    __SWI_0                                  0x000831c1   Thumb Code    44  hal_arm.o(i.__SWI_0)
    __SWI_1                                  0x000831f1   Thumb Code    14  rt_membox.o(i.__SWI_1)
    __SWI_2                                  0x000831ff   Thumb Code    24  rt_membox.o(i.__SWI_2)
    __SWI_3                                  0x00083217   Thumb Code     8  hal_arm.o(i.__SWI_3)
    __SWI_4                                  0x0008321f   Thumb Code     8  hal_arm.o(i.__SWI_4)
    __SWI_6                                  0x00083227   Thumb Code     2  hal_arm.o(i.__SWI_6)
    __SWI_7                                  0x00083229   Thumb Code     2  hal_arm.o(i.__SWI_7)
    _init_box                                0x0008322b   Thumb Code    74  rt_membox.o(i._init_box)
    os_block                                 0x00083275   Thumb Code    58  rt_task.o(i.os_block)
    os_chk_robin                             0x000832bd   Thumb Code    56  rt_robin.o(i.os_chk_robin)
    os_dec_dly                               0x00083301   Thumb Code   116  rt_list.o(i.os_dec_dly)
    os_dispatch                              0x0008337d   Thumb Code    60  rt_task.o(i.os_dispatch)
    os_dly_wait                              0x000833c1   Thumb Code    24  rt_time.o(i.os_dly_wait)
    os_evt_psh                               0x000833d9   Thumb Code    74  rt_event.o(i.os_evt_psh)
    os_get_first                             0x00083429   Thumb Code    42  rt_list.o(i.os_get_first)
    os_init_robin                            0x0008349d   Thumb Code    16  rt_robin.o(i.os_init_robin)
    os_init_stack                            0x000834b5   Thumb Code    86  hal_arm.o(i.os_init_stack)
    os_itv_set                               0x00083519   Thumb Code    16  rt_time.o(i.os_itv_set)
    os_itv_wait                              0x00083531   Thumb Code    46  rt_time.o(i.os_itv_wait)
    os_mbx_psh                               0x00083569   Thumb Code   132  rt_mailbox.o(i.os_mbx_psh)
    os_mut_init                              0x000835f1   Thumb Code    44  rt_mutex.o(i.os_mut_init)
    os_mut_release                           0x00083621   Thumb Code   160  rt_mutex.o(i.os_mut_release)
    os_mut_wait                              0x000836c9   Thumb Code   126  rt_mutex.o(i.os_mut_wait)
    os_put_dly                               0x0008374d   Thumb Code    76  rt_list.o(i.os_put_dly)
    os_put_prio                              0x0008379d   Thumb Code    62  rt_list.o(i.os_put_prio)
    os_put_rdy_first                         0x000837dd   Thumb Code    14  rt_list.o(i.os_put_rdy_first)
    os_resort_prio                           0x000837f1   Thumb Code    48  rt_list.o(i.os_resort_prio)
    os_rmv_dly                               0x00083825   Thumb Code    44  rt_list.o(i.os_rmv_dly)
    os_rmv_list                              0x00083851   Thumb Code    46  rt_list.o(i.os_rmv_list)
    os_sem_psh                               0x00083885   Thumb Code    50  rt_semaphore.o(i.os_sem_psh)
    os_stk_check                             0x000838bd   Thumb Code    34  hal_arm.o(i.os_stk_check)
    os_sys_init1                             0x000838e9   Thumb Code   162  rt_task.o(i.os_sys_init1)
    os_sys_manager                           0x000839d1   Thumb Code   182  rt_system.o(i.os_sys_manager)
    os_tmr_tick                              0x00083a9d   Thumb Code    58  rt_timer.o(i.os_tmr_tick)
    os_tsk_create0                           0x00083ae1   Thumb Code   130  rt_task.o(i.os_tsk_create0)
    os_tsk_delete                            0x00083b71   Thumb Code   148  rt_task.o(i.os_tsk_delete)
    os_tsk_self                              0x00083c19   Thumb Code    12  rt_task.o(i.os_tsk_self)
    vMBPortTimersDisable                     0x00083c29   Thumb Code    12  porttimer.o(i.vMBPortTimersDisable)
    vMBPortTimersEnable                      0x00083c39   Thumb Code    24  porttimer.o(i.vMBPortTimersEnable)
    Inline Thumb to ARM Veneer to __aeabi_d2f 0x00083c5d   Thumb Code     4  d2f.o(x$fpl$d2f)
    __aeabi_d2f                              0x00083c60   ARM Code       0  d2f.o(x$fpl$d2f)
    _d2f                                     0x00083c60   ARM Code     108  d2f.o(x$fpl$d2f)
    Inline Thumb to ARM Veneer to __aeabi_dadd 0x00083ccd   Thumb Code     4  daddsub_noclz.o(x$fpl$dadd)
    __aeabi_dadd                             0x00083cd0   ARM Code       0  daddsub_noclz.o(x$fpl$dadd)
    _dadd                                    0x00083cd0   ARM Code     332  daddsub_noclz.o(x$fpl$dadd)
    __fpl_dcheck_NaN1                        0x00083e20   ARM Code      12  dcheck1.o(x$fpl$dcheck1)
    Inline Thumb to ARM Veneer to __aeabi_d2uiz 0x00083e31   Thumb Code     4  dfixu.o(x$fpl$dfixu)
    __aeabi_d2uiz                            0x00083e34   ARM Code       0  dfixu.o(x$fpl$dfixu)
    _dfixu                                   0x00083e34   ARM Code     112  dfixu.o(x$fpl$dfixu)
    Inline Thumb to ARM Veneer to __aeabi_i2d 0x00083ea5   Thumb Code     4  dflt_noclz.o(x$fpl$dflt)
    __aeabi_i2d                              0x00083ea8   ARM Code       0  dflt_noclz.o(x$fpl$dflt)
    _dflt                                    0x00083ea8   ARM Code      88  dflt_noclz.o(x$fpl$dflt)
    __dflt_normalise                         0x00083eb8   ARM Code       0  dflt_noclz.o(x$fpl$dflt)
    __fpl_dnaninf                            0x00083f00   ARM Code     192  dnaninf.o(x$fpl$dnaninf)
    __fpl_dretinf                            0x00083fc0   ARM Code      16  dretinf.o(x$fpl$dretinf)
    __aeabi_dsub                             0x00083fd0   ARM Code       0  daddsub_noclz.o(x$fpl$dsub)
    _dsub                                    0x00083fd0   ARM Code     576  daddsub_noclz.o(x$fpl$dsub)
    Inline Thumb to ARM Veneer to __aeabi_f2d 0x00084215   Thumb Code     4  f2d.o(x$fpl$f2d)
    __aeabi_f2d                              0x00084218   ARM Code       0  f2d.o(x$fpl$f2d)
    _f2d                                     0x00084218   ARM Code     100  f2d.o(x$fpl$f2d)
    Inline Thumb to ARM Veneer to __aeabi_fadd 0x0008427d   Thumb Code     4  faddsub_noclz.o(x$fpl$fadd)
    __aeabi_fadd                             0x00084280   ARM Code       0  faddsub_noclz.o(x$fpl$fadd)
    _fadd                                    0x00084280   ARM Code     196  faddsub_noclz.o(x$fpl$fadd)
    __fpl_fcheck_NaN1                        0x00084344   ARM Code       8  fcheck1.o(x$fpl$fcheck1)
    Inline Thumb to ARM Veneer to __aeabi_f2iz 0x00084351   Thumb Code     4  ffix.o(x$fpl$ffix)
    __aeabi_f2iz                             0x00084354   ARM Code       0  ffix.o(x$fpl$ffix)
    _ffix                                    0x00084354   ARM Code      68  ffix.o(x$fpl$ffix)
    Inline Thumb to ARM Veneer to __aeabi_f2uiz 0x00084399   Thumb Code     4  ffixu.o(x$fpl$ffixu)
    __aeabi_f2uiz                            0x0008439c   ARM Code       0  ffixu.o(x$fpl$ffixu)
    _ffixu                                   0x0008439c   ARM Code      84  ffixu.o(x$fpl$ffixu)
    Inline Thumb to ARM Veneer to __aeabi_i2f 0x000843f1   Thumb Code     4  fflt_noclz.o(x$fpl$fflt)
    __aeabi_i2f                              0x000843f4   ARM Code       0  fflt_noclz.o(x$fpl$fflt)
    _fflt                                    0x000843f4   ARM Code      92  fflt_noclz.o(x$fpl$fflt)
    __fflt_normalise                         0x00084400   ARM Code       0  fflt_noclz.o(x$fpl$fflt)
    Inline Thumb to ARM Veneer to __aeabi_ui2f 0x00084451   Thumb Code     4  fflt_noclz.o(x$fpl$ffltu)
    __aeabi_ui2f                             0x00084454   ARM Code       0  fflt_noclz.o(x$fpl$ffltu)
    _ffltu                                   0x00084454   ARM Code       8  fflt_noclz.o(x$fpl$ffltu)
    Inline Thumb to ARM Veneer to __aeabi_fmul 0x0008445d   Thumb Code     4  fmul.o(x$fpl$fmul)
    __aeabi_fmul                             0x00084460   ARM Code       0  fmul.o(x$fpl$fmul)
    _fmul                                    0x00084460   ARM Code     256  fmul.o(x$fpl$fmul)
    __fpl_fnaninf                            0x00084560   ARM Code     168  fnaninf.o(x$fpl$fnaninf)
    Inline Thumb to ARM Veneer to _fp_init   0x00084609   Thumb Code     4  fpinit.o(x$fpl$fpinit)
    _fp_init                                 0x0008460c   ARM Code      24  fpinit.o(x$fpl$fpinit)
    __fplib_config_pureend_doubles           0x0008461c   ARM Code       0  fpinit.o(x$fpl$fpinit)
    __fpl_fretinf                            0x00084624   ARM Code      16  fretinf.o(x$fpl$fretinf)
    Inline Thumb to ARM Veneer to __aeabi_fsub 0x00084635   Thumb Code     4  faddsub_noclz.o(x$fpl$fsub)
    __aeabi_fsub                             0x00084638   ARM Code       0  faddsub_noclz.o(x$fpl$fsub)
    _fsub                                    0x00084638   ARM Code     304  faddsub_noclz.o(x$fpl$fsub)
    __fpl_return_NaN                         0x00084768   ARM Code     116  retnan.o(x$fpl$retnan)
    Inline Thumb to ARM Veneer to scalbn     0x000847dd   Thumb Code     4  scalbn.o(x$fpl$scalbn)
    __ARM_scalbn                             0x000847e0   ARM Code       0  scalbn.o(x$fpl$scalbn)
    scalbn                                   0x000847e0   ARM Code     108  scalbn.o(x$fpl$scalbn)
    __fpl_inf_scalbn                         0x00084848   ARM Code       0  scalbn.o(x$fpl$scalbn)
    Inline Thumb to ARM Veneer to scalbnf    0x0008484d   Thumb Code     4  scalbnf.o(x$fpl$scalbnf)
    __ARM_scalbnf                            0x00084850   ARM Code       0  scalbnf.o(x$fpl$scalbnf)
    scalbnf                                  0x00084850   ARM Code      96  scalbnf.o(x$fpl$scalbnf)
    __fpl_inf_scalbnf                        0x000848ac   ARM Code       0  scalbnf.o(x$fpl$scalbnf)
    __fpl_cmpreturn                          0x000848b0   ARM Code      60  trapv.o(x$fpl$trapveneer)
    __I$use$fp                               0x000848ec   ARM Code       0  usenofp.o(x$fpl$usenofp)
    os_maxtaskrun                            0x00084aec   Data           2  rtx_config.o(.constdata)
    os_stackinfo                             0x00084af0   Data           4  rtx_config.o(.constdata)
    os_rrobin                                0x00084af4   Data           4  rtx_config.o(.constdata)
    os_clockrate                             0x00084af8   Data           4  rtx_config.o(.constdata)
    os_timernum                              0x00084afc   Data           4  rtx_config.o(.constdata)
    mp_tcb_size                              0x00084b00   Data           2  rtx_config.o(.constdata)
    mp_stk_size                              0x00084b04   Data           4  rtx_config.o(.constdata)
    os_fifo_size                             0x00084b08   Data           1  rtx_config.o(.constdata)
    mp_tmr_size                              0x00084b0a   Data           2  rtx_config.o(.constdata)
    LED7Code                                 0x00084b0c   Data          22  ht1622.o(.constdata)
    LED16Char                                0x00084b22   Data         108  ht1622.o(.constdata)
    LED16Num                                 0x00084b8e   Data          40  ht1622.o(.constdata)
    Region$$Table$$Base                      0x00084d04   Number         0  anon$$obj.o(Region$$Table)
    Region$$Table$$Limit                     0x00084d24   Number         0  anon$$obj.o(Region$$Table)
    g_UnitCfgInFlash                         0x0008f400   Data         512  main.o(.ARM.__AT_0x0008F400)



==============================================================================

Memory Map of the image

  Image Entry point : 0x000800cc

  Load Region LR_IROM1 (Base: 0x00080000, Size: 0x0000f7d0, Max: 0x0000f800, ABSOLUTE, COMPRESSED[0x0000f6b8])

    Execution Region RW_IRAM1 (Base: 0x00010000, Size: 0x00001ea8, Max: 0x00002000, ABSOLUTE, COMPRESSED[0x000000b8])

    Base Addr    Size         Type   Attr      Idx    E Section Name        Object

    0x00010000   0x00000018   Data   RW           15    .data               main.o
    0x00010018   0x00000002   Data   RW          104    .data               portevent.o
    0x0001001a   0x00000001   Data   RW          119    .data               portserial.o
    0x0001001b   0x00000001   PAD
    0x0001001c   0x00000004   Data   RW          141    .data               porttimer.o
    0x00010020   0x000000ac   Data   RW          172    .data               mb.o
    0x000100cc   0x00000010   Data   RW          226    .data               mbascii.o
    0x000100dc   0x0000000c   Data   RW          261    .data               mbrtu.o
    0x000100e8   0x00000002   Data   RW          328    .data               mbfuncother.o
    0x000100ea   0x00000002   PAD
    0x000100ec   0x00000004   Data   RW          369    .data               rtx_config.o
    0x000100f0   0x00000008   Data   RW          370    .data               rtx_config.o
    0x000100f8   0x00000008   Data   RW          397    .data               iap.o
    0x00010100   0x000000ac   Data   RW          445    .data               hmi.o
    0x000101ac   0x00000004   Data   RW          492    .data               RTX_ARM_L.LIB(rt_task.o)(RTX_ARM_L.LIB)
    0x000101b0   0x00000002   Data   RW          577    .data               RTX_ARM_L.LIB(rt_time.o)(RTX_ARM_L.LIB)
    0x000101b2   0x00000002   PAD
    0x000101b4   0x00000004   Data   RW          637    .data               RTX_ARM_L.LIB(hal_arm.o)(RTX_ARM_L.LIB)
    0x000101b8   0x00000008   Data   RW          690    .data               RTX_ARM_L.LIB(rt_system.o)(RTX_ARM_L.LIB)
    0x000101c0   0x00000008   Data   RW          797    .data               RTX_ARM_L.LIB(rt_robin.o)(RTX_ARM_L.LIB)
    0x000101c8   0x00000008   Data   RW          978    .data               RTX_ARM_L.LIB(rt_timer.o)(RTX_ARM_L.LIB)
    0x000101d0   0x000000bc   Zero   RW           13    .bss                main.o
    0x0001028c   0x00000100   Zero   RW          260    .bss                mbrtu.o
    0x0001038c   0x00000020   Zero   RW          327    .bss                mbfuncother.o
    0x000103ac   0x0000012c   Zero   RW          356    .bss                rtx_config.o
    0x000104d8   0x00000dd8   Zero   RW          357    .bss                rtx_config.o
    0x000112b0   0x00000084   Zero   RW          358    .bss                rtx_config.o
    0x00011334   0x00000018   Zero   RW          359    .bss                rtx_config.o
    0x0001134c   0x000002a0   Zero   RW          360    .bss                rtx_config.o
    0x000115ec   0x00000378   Zero   RW          443    .bss                hmi.o
    0x00011964   0x00000030   Zero   RW          491    .bss                RTX_ARM_L.LIB(rt_task.o)(RTX_ARM_L.LIB)
    0x00011994   0x00000030   Zero   RW          733    .bss                RTX_ARM_L.LIB(rt_list.o)(RTX_ARM_L.LIB)
    0x000119c4   0x00000060   Zero   RW         1005    .bss                c_t.l(libspace.o)(c_t.l)
    0x00011a24   0x00000004   PAD
    0x00011a28   0x00000000   Zero   RW            2    HEAP                startup.o
    0x00011a28   0x00000480   Zero   RW            1    STACK               startup.o


    Execution Region ER_IROM1 (Base: 0x00080000, Size: 0x0000f600, Max: 0x0000f800, ABSOLUTE)

    Base Addr    Size         Type   Attr      Idx    E Section Name        Object

    0x00080000   0x000000cc   Code   RO            3    RESET               startup.o
    0x000800cc   0x00000008   Code   RO         1029  * !!!main             c_t.l(__main.o)(c_t.l)
    0x000800d4   0x0000003c   Code   RO         1275    !!!scatter          c_t.l(__scatter.o)(c_t.l)
    0x00080110   0x0000005c   Code   RO         1273    !!dczerorl2         c_t.l(__dczerorl2.o)(c_t.l)
    0x0008016c   0x0000002c   Code   RO         1277    !!handler_zi        c_t.l(__scatter_zi.o)(c_t.l)
    0x00080198   0x00000008   Ven    RO         1156    .ARM.Collect$$libinit$$00000000  c_t.l(libinit.o)(c_t.l)
    0x000801a0   0x00000006   Code   RO         1156    .ARM.Collect$$libinit$$00000000  c_t.l(libinit.o)(c_t.l)
    0x000801a6   0x00000000   Code   RO         1169    .ARM.Collect$$libinit$$00000006  c_t.l(libinit2.o)(c_t.l)
    0x000801a6   0x00000000   Code   RO         1171    .ARM.Collect$$libinit$$00000008  c_t.l(libinit2.o)(c_t.l)
    0x000801a6   0x00000000   Code   RO         1173    .ARM.Collect$$libinit$$0000000A  c_t.l(libinit2.o)(c_t.l)
    0x000801a6   0x00000000   Code   RO         1176    .ARM.Collect$$libinit$$0000000D  c_t.l(libinit2.o)(c_t.l)
    0x000801a6   0x00000000   Code   RO         1178    .ARM.Collect$$libinit$$0000000F  c_t.l(libinit2.o)(c_t.l)
    0x000801a6   0x00000000   Code   RO         1180    .ARM.Collect$$libinit$$00000011  c_t.l(libinit2.o)(c_t.l)
    0x000801a6   0x00000000   Code   RO         1182    .ARM.Collect$$libinit$$00000013  c_t.l(libinit2.o)(c_t.l)
    0x000801a6   0x00000000   Code   RO         1184    .ARM.Collect$$libinit$$00000015  c_t.l(libinit2.o)(c_t.l)
    0x000801a6   0x00000000   Code   RO         1186    .ARM.Collect$$libinit$$00000017  c_t.l(libinit2.o)(c_t.l)
    0x000801a6   0x00000000   Code   RO         1188    .ARM.Collect$$libinit$$00000019  c_t.l(libinit2.o)(c_t.l)
    0x000801a6   0x00000000   Code   RO         1190    .ARM.Collect$$libinit$$0000001B  c_t.l(libinit2.o)(c_t.l)
    0x000801a6   0x00000000   Code   RO         1192    .ARM.Collect$$libinit$$0000001D  c_t.l(libinit2.o)(c_t.l)
    0x000801a6   0x00000000   Code   RO         1194    .ARM.Collect$$libinit$$0000001F  c_t.l(libinit2.o)(c_t.l)
    0x000801a6   0x00000000   Code   RO         1196    .ARM.Collect$$libinit$$00000021  c_t.l(libinit2.o)(c_t.l)
    0x000801a6   0x00000000   Code   RO         1200    .ARM.Collect$$libinit$$00000028  c_t.l(libinit2.o)(c_t.l)
    0x000801a6   0x00000000   Code   RO         1202    .ARM.Collect$$libinit$$0000002A  c_t.l(libinit2.o)(c_t.l)
    0x000801a6   0x00000000   Code   RO         1204    .ARM.Collect$$libinit$$0000002C  c_t.l(libinit2.o)(c_t.l)
    0x000801a6   0x00000000   Code   RO         1206    .ARM.Collect$$libinit$$0000002E  c_t.l(libinit2.o)(c_t.l)
    0x000801a6   0x0000000c   Code   RO         1207    .ARM.Collect$$libinit$$0000002F  c_t.l(libinit2.o)(c_t.l)
    0x000801b2   0x00000002   PAD
    0x000801b4   0x00000008   Ven    RO         1247    .ARM.Collect$$libshutdown$$00000000  c_t.l(libshutdown.o)(c_t.l)
    0x000801bc   0x00000004   Code   RO         1247    .ARM.Collect$$libshutdown$$00000000  c_t.l(libshutdown.o)(c_t.l)
    0x000801c0   0x00000000   Code   RO         1258    .ARM.Collect$$libshutdown$$00000003  c_t.l(libshutdown2.o)(c_t.l)
    0x000801c0   0x00000000   Code   RO         1261    .ARM.Collect$$libshutdown$$00000006  c_t.l(libshutdown2.o)(c_t.l)
    0x000801c0   0x00000000   Code   RO         1264    .ARM.Collect$$libshutdown$$00000009  c_t.l(libshutdown2.o)(c_t.l)
    0x000801c0   0x00000000   Code   RO         1266    .ARM.Collect$$libshutdown$$0000000B  c_t.l(libshutdown2.o)(c_t.l)
    0x000801c0   0x00000000   Code   RO         1269    .ARM.Collect$$libshutdown$$0000000E  c_t.l(libshutdown2.o)(c_t.l)
    0x000801c0   0x00000006   Code   RO         1270    .ARM.Collect$$libshutdown$$0000000F  c_t.l(libshutdown2.o)(c_t.l)
    0x000801c6   0x00000002   PAD
    0x000801c8   0x00000000   Code   RO         1083    .ARM.Collect$$rtentry$$00000000  c_t.l(rtentry.o)(c_t.l)
    0x000801c8   0x00000000   Code   RO         1111    .ARM.Collect$$rtentry$$00000002  c_t.l(rtentry2.o)(c_t.l)
    0x000801c8   0x00000008   Code   RO         1126    .ARM.Collect$$rtentry$$00000004  c_t.l(rtentry4.o)(c_t.l)
    0x000801d0   0x00000000   Code   RO         1113    .ARM.Collect$$rtentry$$00000009  c_t.l(rtentry2.o)(c_t.l)
    0x000801d0   0x00000004   Code   RO         1114    .ARM.Collect$$rtentry$$0000000A  c_t.l(rtentry2.o)(c_t.l)
    0x000801d4   0x00000000   Code   RO         1116    .ARM.Collect$$rtentry$$0000000C  c_t.l(rtentry2.o)(c_t.l)
    0x000801d4   0x00000028   Code   RO         1117    .ARM.Collect$$rtentry$$0000000D  c_t.l(rtentry2.o)(c_t.l)
    0x000801fc   0x00000004   Ven    RO         1161    .ARM.Collect$$rtexit$$00000000  c_t.l(rtexit.o)(c_t.l)
    0x00080200   0x00000004   Code   RO         1161    .ARM.Collect$$rtexit$$00000000  c_t.l(rtexit.o)(c_t.l)
    0x00080204   0x00000000   Code   RO         1211    .ARM.Collect$$rtexit$$00000002  c_t.l(rtexit2.o)(c_t.l)
    0x00080204   0x00000004   Code   RO         1212    .ARM.Collect$$rtexit$$00000003  c_t.l(rtexit2.o)(c_t.l)
    0x00080208   0x00000008   Code   RO         1213    .ARM.Collect$$rtexit$$00000004  c_t.l(rtexit2.o)(c_t.l)
    0x00080210   0x00000048   Code   RO          353    .emb_text           rtx_config.o
    0x00080258   0x000001e8   Code   RO          629    .emb_text           RTX_ARM_L.LIB(hal_arm.o)(RTX_ARM_L.LIB)
    0x00080440   0x00000020   Code   RO            4    .text               startup.o
    0x00080460   0x00000544   Code   RO           11    .text               main.o
    0x000809a4   0x00000034   Code   RO          103    .text               portevent.o
    0x000809d8   0x000000f8   Code   RO          117    .text               portserial.o
    0x00080ad0   0x00000058   Code   RO          118    .text               portserial.o
    0x00080b28   0x00000010   Code   RO          139    .text               porttimer.o
    0x00080b38   0x00000030   Code   RO          140    .text               porttimer.o
    0x00080b68   0x00000258   Code   RO          171    .text               mb.o
    0x00080dc0   0x0000031c   Code   RO          225    .text               mbascii.o
    0x000810dc   0x00000034   Code   RO          245    .text               mbcrc.o
    0x00081110   0x00000240   Code   RO          259    .text               mbrtu.o
    0x00081350   0x00000144   Code   RO          275    .text               mbfunccoils.o
    0x00081494   0x0000007c   Code   RO          290    .text               mbfuncdisc.o
    0x00081510   0x0000018c   Code   RO          302    .text               mbfuncholding.o
    0x0008169c   0x00000064   Code   RO          314    .text               mbfuncinput.o
    0x00081700   0x00000068   Code   RO          326    .text               mbfuncother.o
    0x00081768   0x0000006e   Code   RO          341    .text               mbutils.o
    0x000817d6   0x00000002   PAD
    0x000817d8   0x00000008   Ven    RO          354    .text               rtx_config.o
    0x000817e0   0x0000010c   Code   RO          354    .text               rtx_config.o
    0x000818ec   0x00000004   Code   RO          355    .text               rtx_config.o
    0x000818f0   0x00000064   Code   RO          396    .text               iap.o
    0x00081954   0x00000b88   Code   RO          413    .text               ht1622.o
    0x000824dc   0x00000634   Code   RO          442    .text               hmi.o
    0x00082b10   0x000001fc   Code   RO          469    .text               ds18b20.o
    0x00082d0c   0x0000000c   Code   RO         1004    .text               c_t.l(libspace.o)(c_t.l)
    0x00082d18   0x00000010   Code   RO         1007    .text               c_t.l(abort.o)(c_t.l)
    0x00082d28   0x00000004   Ven    RO         1009    .text               c_t.l(rt_memcpy.o)(c_t.l)
    0x00082d2c   0x000000d4   Code   RO         1009    .text               c_t.l(rt_memcpy.o)(c_t.l)
    0x00082e00   0x00000004   Ven    RO         1011    .text               c_t.l(aeabi_sdiv.o)(c_t.l)
    0x00082e04   0x00000180   Code   RO         1011    .text               c_t.l(aeabi_sdiv.o)(c_t.l)
    0x00082f84   0x00000006   Code   RO         1027    .text               c_t.l(heapauxi.o)(c_t.l)
    0x00082f8a   0x00000002   PAD
    0x00082f8c   0x00000008   Ven    RO         1081    .text               c_t.l(sys_exit.o)(c_t.l)
    0x00082f94   0x0000000c   Code   RO         1081    .text               c_t.l(sys_exit.o)(c_t.l)
    0x00082fa0   0x00000010   Code   RO         1089    .text               c_t.l(defsig_abrt_outer.o)(c_t.l)
    0x00082fb0   0x00000064   Code   RO         1093    .text               c_t.l(rt_memcpy_w.o)(c_t.l)
    0x00083014   0x00000004   Code   RO         1108    .text               c_t.l(use_no_semi.o)(c_t.l)
    0x00083018   0x00000010   Code   RO         1132    .text               c_t.l(defsig_exit.o)(c_t.l)
    0x00083028   0x00000034   Code   RO         1134    .text               c_t.l(defsig_abrt_inner.o)(c_t.l)
    0x0008305c   0x00000060   Code   RO         1138    .text               c_t.l(sys_stackheap_outer.o)(c_t.l)
    0x000830bc   0x0000000c   Code   RO         1140    .text               c_t.l(exit.o)(c_t.l)
    0x000830c8   0x00000038   Code   RO         1144    .text               c_t.l(defsig_general.o)(c_t.l)
    0x00083100   0x00000010   Code   RO         1159    .text               c_t.l(sys_wrch.o)(c_t.l)
    0x00083110   0x00000014   Code   RO         1223    .text               c_t.l(rt_fp_status_addr_twolibspace.o)(c_t.l)
    0x00083124   0x00000004   Ven    RO         1012    .text_udiv          c_t.l(aeabi_sdiv.o)(c_t.l)
    0x00083128   0x00000024   Code   RO         1012    .text_udiv          c_t.l(aeabi_sdiv.o)(c_t.l)
    0x0008314c   0x00000024   Code   RO          846    SWI_TABLE           RTX_ARM_L.LIB(swi_table.o)(RTX_ARM_L.LIB)
    0x00083170   0x00000002   Code   RO          189    i.__ARM_common_call_via_r0  mb.o
    0x00083172   0x00000002   Code   RO          185    i.__ARM_common_call_via_r2  mb.o
    0x00083174   0x00000002   Code   RO          187    i.__ARM_common_call_via_r3  mb.o
    0x00083176   0x00000002   PAD
    0x00083178   0x00000004   Ven    RO          193    i.__ARM_common_disable_irq  mb.o
    0x0008317c   0x00000014   Code   RO          193    i.__ARM_common_disable_irq  mb.o
    0x00083190   0x00000004   Ven    RO          191    i.__ARM_common_enable_irq  mb.o
    0x00083194   0x00000010   Code   RO          191    i.__ARM_common_enable_irq  mb.o
    0x000831a4   0x00000004   Ven    RO          236    i.__ARM_common_switch8  mbascii.o
    0x000831a8   0x00000018   Code   RO          236    i.__ARM_common_switch8  mbascii.o
    0x000831c0   0x00000030   Code   RO          630    i.__SWI_0           RTX_ARM_L.LIB(hal_arm.o)(RTX_ARM_L.LIB)
    0x000831f0   0x0000000e   Code   RO          816    i.__SWI_1           RTX_ARM_L.LIB(rt_membox.o)(RTX_ARM_L.LIB)
    0x000831fe   0x00000018   Code   RO          817    i.__SWI_2           RTX_ARM_L.LIB(rt_membox.o)(RTX_ARM_L.LIB)
    0x00083216   0x00000008   Code   RO          631    i.__SWI_3           RTX_ARM_L.LIB(hal_arm.o)(RTX_ARM_L.LIB)
    0x0008321e   0x00000008   Code   RO          632    i.__SWI_4           RTX_ARM_L.LIB(hal_arm.o)(RTX_ARM_L.LIB)
    0x00083226   0x00000002   Code   RO          633    i.__SWI_6           RTX_ARM_L.LIB(hal_arm.o)(RTX_ARM_L.LIB)
    0x00083228   0x00000002   Code   RO          634    i.__SWI_7           RTX_ARM_L.LIB(hal_arm.o)(RTX_ARM_L.LIB)
    0x0008322a   0x0000004a   Code   RO          819    i._init_box         RTX_ARM_L.LIB(rt_membox.o)(RTX_ARM_L.LIB)
    0x00083274   0x00000048   Code   RO          481    i.os_block          RTX_ARM_L.LIB(rt_task.o)(RTX_ARM_L.LIB)
    0x000832bc   0x00000044   Code   RO          795    i.os_chk_robin      RTX_ARM_L.LIB(rt_robin.o)(RTX_ARM_L.LIB)
    0x00083300   0x0000007c   Code   RO          723    i.os_dec_dly        RTX_ARM_L.LIB(rt_list.o)(RTX_ARM_L.LIB)
    0x0008337c   0x00000044   Code   RO          482    i.os_dispatch       RTX_ARM_L.LIB(rt_task.o)(RTX_ARM_L.LIB)
    0x000833c0   0x00000018   Code   RO          574    i.os_dly_wait       RTX_ARM_L.LIB(rt_time.o)(RTX_ARM_L.LIB)
    0x000833d8   0x00000050   Code   RO          852    i.os_evt_psh        RTX_ARM_L.LIB(rt_event.o)(RTX_ARM_L.LIB)
    0x00083428   0x0000002a   Code   RO          724    i.os_get_first      RTX_ARM_L.LIB(rt_list.o)(RTX_ARM_L.LIB)
    0x00083452   0x00000002   PAD
    0x00083454   0x00000048   Code   RO          483    i.os_init_context   RTX_ARM_L.LIB(rt_task.o)(RTX_ARM_L.LIB)
    0x0008349c   0x00000018   Code   RO          796    i.os_init_robin     RTX_ARM_L.LIB(rt_robin.o)(RTX_ARM_L.LIB)
    0x000834b4   0x00000064   Code   RO          635    i.os_init_stack     RTX_ARM_L.LIB(hal_arm.o)(RTX_ARM_L.LIB)
    0x00083518   0x00000018   Code   RO          575    i.os_itv_set        RTX_ARM_L.LIB(rt_time.o)(RTX_ARM_L.LIB)
    0x00083530   0x00000038   Code   RO          576    i.os_itv_wait       RTX_ARM_L.LIB(rt_time.o)(RTX_ARM_L.LIB)
    0x00083568   0x00000088   Code   RO          895    i.os_mbx_psh        RTX_ARM_L.LIB(rt_mailbox.o)(RTX_ARM_L.LIB)
    0x000835f0   0x00000030   Code   RO          605    i.os_mut_init       RTX_ARM_L.LIB(rt_mutex.o)(RTX_ARM_L.LIB)
    0x00083620   0x000000a8   Code   RO          606    i.os_mut_release    RTX_ARM_L.LIB(rt_mutex.o)(RTX_ARM_L.LIB)
    0x000836c8   0x00000084   Code   RO          607    i.os_mut_wait       RTX_ARM_L.LIB(rt_mutex.o)(RTX_ARM_L.LIB)
    0x0008374c   0x00000050   Code   RO          727    i.os_put_dly        RTX_ARM_L.LIB(rt_list.o)(RTX_ARM_L.LIB)
    0x0008379c   0x0000003e   Code   RO          728    i.os_put_prio       RTX_ARM_L.LIB(rt_list.o)(RTX_ARM_L.LIB)
    0x000837da   0x00000002   PAD
    0x000837dc   0x00000014   Code   RO          729    i.os_put_rdy_first  RTX_ARM_L.LIB(rt_list.o)(RTX_ARM_L.LIB)
    0x000837f0   0x00000034   Code   RO          730    i.os_resort_prio    RTX_ARM_L.LIB(rt_list.o)(RTX_ARM_L.LIB)
    0x00083824   0x0000002c   Code   RO          731    i.os_rmv_dly        RTX_ARM_L.LIB(rt_list.o)(RTX_ARM_L.LIB)
    0x00083850   0x00000034   Code   RO          732    i.os_rmv_list       RTX_ARM_L.LIB(rt_list.o)(RTX_ARM_L.LIB)
    0x00083884   0x00000038   Code   RO          941    i.os_sem_psh        RTX_ARM_L.LIB(rt_semaphore.o)(RTX_ARM_L.LIB)
    0x000838bc   0x0000002c   Code   RO          636    i.os_stk_check      RTX_ARM_L.LIB(hal_arm.o)(RTX_ARM_L.LIB)
    0x000838e8   0x000000e8   Code   RO          484    i.os_sys_init1      RTX_ARM_L.LIB(rt_task.o)(RTX_ARM_L.LIB)
    0x000839d0   0x000000cc   Code   RO          689    i.os_sys_manager    RTX_ARM_L.LIB(rt_system.o)(RTX_ARM_L.LIB)
    0x00083a9c   0x00000044   Code   RO          977    i.os_tmr_tick       RTX_ARM_L.LIB(rt_timer.o)(RTX_ARM_L.LIB)
    0x00083ae0   0x00000090   Code   RO          485    i.os_tsk_create0    RTX_ARM_L.LIB(rt_task.o)(RTX_ARM_L.LIB)
    0x00083b70   0x000000a8   Code   RO          487    i.os_tsk_delete     RTX_ARM_L.LIB(rt_task.o)(RTX_ARM_L.LIB)
    0x00083c18   0x00000010   Code   RO          490    i.os_tsk_self       RTX_ARM_L.LIB(rt_task.o)(RTX_ARM_L.LIB)
    0x00083c28   0x00000010   Code   RO          162    i.vMBPortTimersDisable  porttimer.o
    0x00083c38   0x00000024   Code   RO          156    i.vMBPortTimersEnable  porttimer.o
    0x00083c5c   0x00000004   Ven    RO         1031    x$fpl$d2f           fz_ts.l(d2f.o)(fz_ts.l)
    0x00083c60   0x0000006c   Code   RO         1031    x$fpl$d2f           fz_ts.l(d2f.o)(fz_ts.l)
    0x00083ccc   0x00000004   Ven    RO         1033    x$fpl$dadd          fz_ts.l(daddsub_noclz.o)(fz_ts.l)
    0x00083cd0   0x00000150   Code   RO         1033    x$fpl$dadd          fz_ts.l(daddsub_noclz.o)(fz_ts.l)
    0x00083e20   0x00000010   Code   RO         1095    x$fpl$dcheck1       fz_ts.l(dcheck1.o)(fz_ts.l)
    0x00083e30   0x00000004   Ven    RO         1039    x$fpl$dfixu         fz_ts.l(dfixu.o)(fz_ts.l)
    0x00083e34   0x00000070   Code   RO         1039    x$fpl$dfixu         fz_ts.l(dfixu.o)(fz_ts.l)
    0x00083ea4   0x00000004   Ven    RO         1044    x$fpl$dflt          fz_ts.l(dflt_noclz.o)(fz_ts.l)
    0x00083ea8   0x00000058   Code   RO         1044    x$fpl$dflt          fz_ts.l(dflt_noclz.o)(fz_ts.l)
    0x00083f00   0x000000c0   Code   RO         1097    x$fpl$dnaninf       fz_ts.l(dnaninf.o)(fz_ts.l)
    0x00083fc0   0x00000010   Code   RO         1099    x$fpl$dretinf       fz_ts.l(dretinf.o)(fz_ts.l)
    0x00083fd0   0x00000244   Code   RO         1035    x$fpl$dsub          fz_ts.l(daddsub_noclz.o)(fz_ts.l)
    0x00084214   0x00000004   Ven    RO         1047    x$fpl$f2d           fz_ts.l(f2d.o)(fz_ts.l)
    0x00084218   0x00000064   Code   RO         1047    x$fpl$f2d           fz_ts.l(f2d.o)(fz_ts.l)
    0x0008427c   0x00000004   Ven    RO         1049    x$fpl$fadd          fz_ts.l(faddsub_noclz.o)(fz_ts.l)
    0x00084280   0x000000c4   Code   RO         1049    x$fpl$fadd          fz_ts.l(faddsub_noclz.o)(fz_ts.l)
    0x00084344   0x0000000c   Code   RO         1101    x$fpl$fcheck1       fz_ts.l(fcheck1.o)(fz_ts.l)
    0x00084350   0x00000004   Ven    RO         1055    x$fpl$ffix          fz_ts.l(ffix.o)(fz_ts.l)
    0x00084354   0x00000044   Code   RO         1055    x$fpl$ffix          fz_ts.l(ffix.o)(fz_ts.l)
    0x00084398   0x00000004   Ven    RO         1059    x$fpl$ffixu         fz_ts.l(ffixu.o)(fz_ts.l)
    0x0008439c   0x00000054   Code   RO         1059    x$fpl$ffixu         fz_ts.l(ffixu.o)(fz_ts.l)
    0x000843f0   0x00000004   Ven    RO         1064    x$fpl$fflt          fz_ts.l(fflt_noclz.o)(fz_ts.l)
    0x000843f4   0x0000005c   Code   RO         1064    x$fpl$fflt          fz_ts.l(fflt_noclz.o)(fz_ts.l)
    0x00084450   0x00000004   Ven    RO         1063    x$fpl$ffltu         fz_ts.l(fflt_noclz.o)(fz_ts.l)
    0x00084454   0x00000008   Code   RO         1063    x$fpl$ffltu         fz_ts.l(fflt_noclz.o)(fz_ts.l)
    0x0008445c   0x00000004   Ven    RO         1067    x$fpl$fmul          fz_ts.l(fmul.o)(fz_ts.l)
    0x00084460   0x00000100   Code   RO         1067    x$fpl$fmul          fz_ts.l(fmul.o)(fz_ts.l)
    0x00084560   0x000000a8   Code   RO         1103    x$fpl$fnaninf       fz_ts.l(fnaninf.o)(fz_ts.l)
    0x00084608   0x00000004   Ven    RO         1208    x$fpl$fpinit        fz_ts.l(fpinit.o)(fz_ts.l)
    0x0008460c   0x00000018   Code   RO         1208    x$fpl$fpinit        fz_ts.l(fpinit.o)(fz_ts.l)
    0x00084624   0x00000010   Code   RO         1105    x$fpl$fretinf       fz_ts.l(fretinf.o)(fz_ts.l)
    0x00084634   0x00000004   Ven    RO         1051    x$fpl$fsub          fz_ts.l(faddsub_noclz.o)(fz_ts.l)
    0x00084638   0x00000130   Code   RO         1051    x$fpl$fsub          fz_ts.l(faddsub_noclz.o)(fz_ts.l)
    0x00084768   0x00000074   Code   RO         1136    x$fpl$retnan        fz_ts.l(retnan.o)(fz_ts.l)
    0x000847dc   0x00000004   Ven    RO         1072    x$fpl$scalbn        fz_ts.l(scalbn.o)(fz_ts.l)
    0x000847e0   0x0000006c   Code   RO         1072    x$fpl$scalbn        fz_ts.l(scalbn.o)(fz_ts.l)
    0x0008484c   0x00000004   Ven    RO         1078    x$fpl$scalbnf       fz_ts.l(scalbnf.o)(fz_ts.l)
    0x00084850   0x00000060   Code   RO         1078    x$fpl$scalbnf       fz_ts.l(scalbnf.o)(fz_ts.l)
    0x000848b0   0x0000003c   Code   RO         1157    x$fpl$trapveneer    fz_ts.l(trapv.o)(fz_ts.l)
    0x000848ec   0x00000000   Code   RO         1107    x$fpl$usenofp       fz_ts.l(usenofp.o)(fz_ts.l)
    0x000848ec   0x00000200   Data   RO          246    .constdata          mbcrc.o
    0x00084aec   0x00000002   Data   RO          361    .constdata          rtx_config.o
    0x00084aee   0x00000002   PAD
    0x00084af0   0x00000004   Data   RO          362    .constdata          rtx_config.o
    0x00084af4   0x00000004   Data   RO          363    .constdata          rtx_config.o
    0x00084af8   0x00000008   Data   RO          364    .constdata          rtx_config.o
    0x00084b00   0x00000002   Data   RO          365    .constdata          rtx_config.o
    0x00084b02   0x00000002   PAD
    0x00084b04   0x00000004   Data   RO          366    .constdata          rtx_config.o
    0x00084b08   0x00000001   Data   RO          367    .constdata          rtx_config.o
    0x00084b09   0x00000001   PAD
    0x00084b0a   0x00000002   Data   RO          368    .constdata          rtx_config.o
    0x00084b0c   0x000000aa   Data   RO          414    .constdata          ht1622.o
    0x00084bb6   0x0000014d   Data   RO          444    .conststring        hmi.o
    0x00084d03   0x00000001   PAD
    0x00084d04   0x00000020   Data   RO         1271    Region$$Table       anon$$obj.o
    0x00084d24   0x0000a6dc   PAD
    0x0008f400   0x00000200   Data   RO           12    .ARM.__AT_0x0008F400  main.o


==============================================================================

Image component sizes


      Code (inc. data)   RO Data    RW Data    ZI Data      Debug   Object Name

       508         10          0          0          0          0   ds18b20.o
      1588        112        333        172        888          0   hmi.o
      2952        100        170          0          0          0   ht1622.o
       100         10          0          8          0          0   iap.o
      1348         96        512         24        188          0   main.o
       642         60          0        172          0          0   mb.o
       820         18          0         16          0          0   mbascii.o
        52          6        512          0          0          0   mbcrc.o
       324          6          0          0          0          0   mbfunccoils.o
       124          6          0          0          0          0   mbfuncdisc.o
       396          0          0          0          0          0   mbfuncholding.o
       100          0          0          0          0          0   mbfuncinput.o
       104         10          0          2         32          0   mbfuncother.o
       576         14          0         12        256          0   mbrtu.o
       110          0          0          0          0          0   mbutils.o
        52          6          0          2          0          0   portevent.o
       336         38          0          1          0          0   portserial.o
       116         30          0          4          0          0   porttimer.o
       344         50         27         12       4672          0   rtx_config.o
       236         56          0          0       1152          0   startup.o

    ----------------------------------------------------------------------
     10852        628      44308        428       7188          0   Object Totals
        20          0         32          0          0          0   (incl. Generated)
         4          0      42722          3          0          0   (incl. Padding)

    ----------------------------------------------------------------------

      Code (inc. data)   RO Data    RW Data    ZI Data      Debug   Library Member Name

       700         72          0          4          0          0   hal_arm.o
        80          6          0          0          0          0   rt_event.o
       476         28          0          0         48          0   rt_list.o
       136          4          0          0          0          0   rt_mailbox.o
       112          0          0          0          0          0   rt_membox.o
       348         18          0          0          0          0   rt_mutex.o
        92         20          0          8          0          0   rt_robin.o
        56          6          0          0          0          0   rt_semaphore.o
       204         22          0          8          0          0   rt_system.o
       772        136          0          4         48          0   rt_task.o
       104         18          0          2          0          0   rt_time.o
        68         10          0          8          0          0   rt_timer.o
        36         36          0          0          0          0   swi_table.o
        92          0          0          0          0          0   __dczerorl2.o
         8          0          0          0          0          0   __main.o
        60          8          0          0          0          0   __scatter.o
        44          0          0          0          0          0   __scatter_zi.o
        16          0          0          0          0          0   abort.o
       428          0          0          0          0          0   aeabi_sdiv.o
        52         34          0          0          0          0   defsig_abrt_inner.o
        16          0          0          0          0          0   defsig_abrt_outer.o
        16          0          0          0          0          0   defsig_exit.o
        56          0          0          0          0          0   defsig_general.o
        12          0          0          0          0          0   exit.o
         6          0          0          0          0          0   heapauxi.o
        14          0          0          0          0          0   libinit.o
        12          0          0          0          0          0   libinit2.o
        12          0          0          0          0          0   libshutdown.o
         6          0          0          0          0          0   libshutdown2.o
        12          4          0          0         96          0   libspace.o
        20          0          0          0          0          0   rt_fp_status_addr_twolibspace.o
       216          0          0          0          0          0   rt_memcpy.o
       100          0          0          0          0          0   rt_memcpy_w.o
         0          0          0          0          0          0   rtentry.o
        44          4          0          0          0          0   rtentry2.o
         8          0          0          0          0          0   rtentry4.o
         8          0          0          0          0          0   rtexit.o
        12          0          0          0          0          0   rtexit2.o
        20          4          0          0          0          0   sys_exit.o
        96          0          0          0          0          0   sys_stackheap_outer.o
        16          0          0          0          0          0   sys_wrch.o
         4          0          0          0          0          0   use_no_semi.o
       112          4          0          0          0          0   d2f.o
       920         16          0          0          0          0   daddsub_noclz.o
        16          4          0          0          0          0   dcheck1.o
       116          4          0          0          0          0   dfixu.o
        92          0          0          0          0          0   dflt_noclz.o
       192          0          0          0          0          0   dnaninf.o
        16          0          0          0          0          0   dretinf.o
       104          4          0          0          0          0   f2d.o
       508          8          0          0          0          0   faddsub_noclz.o
        12          4          0          0          0          0   fcheck1.o
        72          4          0          0          0          0   ffix.o
        88          4          0          0          0          0   ffixu.o
       108          0          0          0          0          0   fflt_noclz.o
       260          4          0          0          0          0   fmul.o
       168          0          0          0          0          0   fnaninf.o
        28          0          0          0          0          0   fpinit.o
        16          0          0          0          0          0   fretinf.o
       116          0          0          0          0          0   retnan.o
       112          0          0          0          0          0   scalbn.o
       100          0          0          0          0          0   scalbnf.o
        60          0          0          0          0          0   trapv.o
         0          0          0          0          0          0   usenofp.o

    ----------------------------------------------------------------------
      7816        486          0         36        196          0   Library Totals
        10          0          0          2          4          0   (incl. Padding)

    ----------------------------------------------------------------------

      Code (inc. data)   RO Data    RW Data    ZI Data      Debug   Library Name

      3184        376          0         34         96      24534   RTX_ARM_L.LIB
      1406         54          0          0         96       1376   c_t.l
      3216         56          0          0          0       2012   fz_ts.l

    ----------------------------------------------------------------------
      7816        486          0         36        196          0   Library Totals

    ----------------------------------------------------------------------

==============================================================================


      Code (inc. data)   RO Data    RW Data    ZI Data      Debug   

     18668       1114      44308        464       7384      92160   Grand Totals
     18668       1114      44308        184       7384      92160   ELF Image Totals (compressed)
     18668       1114      44308        184          0          0   ROM Totals

==============================================================================

    Total RO  Size (Code + RO Data)                62976 (  61.50kB)
    Total RW  Size (RW Data + ZI Data)              7848 (   7.66kB)
    Total ROM Size (Code + RO Data + RW Data)      63160 (  61.68kB)

==============================================================================

