<html>
<body>
<pre>
<h1>µVision Build Log</h1>
<h2>Project:</h2>
F:\object\PID\keil\PID.uvproj
Project File Date:  09/08/2011

<h2>Output:</h2>
Build target 'Target 1'
linking...
Program Size: Code=38348 RO-data=24628 RW-data=284 ZI-data=7692  
FromELF: creating hex file...
"PID.axf" - 0 Error(s), 0 Warning(s).
Build target 'Target 1'
linking...
Program Size: Code=38348 RO-data=24628 RW-data=284 ZI-data=7692  
FromELF: creating hex file...
"PID.axf" - 0 Error(s), 0 Warning(s).
Build target 'Target 1'
linking...
Program Size: Code=38348 RO-data=24628 RW-data=284 ZI-data=7692  
FromELF: creating hex file...
"PID.axf" - 0 Error(s), 0 Warning(s).
Build target 'Target 1'
linking...
Program Size: Code=38348 RO-data=24628 RW-data=284 ZI-data=7692  
FromELF: creating hex file...
"PID.axf" - 0 Error(s), 0 Warning(s).
Build target 'Target 1'
linking...
Program Size: Code=38348 RO-data=24628 RW-data=284 ZI-data=7692  
FromELF: creating hex file...
"PID.axf" - 0 Error(s), 0 Warning(s).
Build target 'Target 1'
assembling Startup.s...
compiling main.c...
compiling portevent.c...
compiling portserial.c...
compiling porttimer.c...
compiling mb.c...
compiling mbcrc.c...
compiling mbrtu.c...
compiling mbfunccoils.c...
compiling mbfuncdisc.c...
compiling mbfuncholding.c...
compiling mbfuncinput.c...
compiling mbfuncother.c...
compiling mbutils.c...
compiling mbascii.c...
compiling mbfuncdiag.c...
compiling RTX_Config.c...
compiling iap.c...
compiling HT1622.c...
compiling Hmi.c...
compiling ds18b20.c...
compiling pid.c...
compiling calc.c...
linking...
Program Size: Code=38348 RO-data=24628 RW-data=284 ZI-data=7692  
FromELF: creating hex file...
"PID.axf" - 0 Error(s), 0 Warning(s).
