ARM Linker, 4.1 [Build 481] [Standard]

==============================================================================

Section Cross References

    startup.o(STACK) refers (Special) to heapauxi.o(.text) for __use_two_region_memory
    startup.o(HEAP) refers (Special) to heapauxi.o(.text) for __use_two_region_memory
    startup.o(RESET) refers (Special) to heapauxi.o(.text) for __use_two_region_memory
    startup.o(RESET) refers to hal_arm.o(.emb_text) for SWI_Handler
    startup.o(RESET) refers to rtx_config.o(.emb_text) for IRQ_Handler
    startup.o(RESET) refers to startup.o(STACK) for Stack_Top
    startup.o(RESET) refers to __main.o(!!!main) for __main
    startup.o(.text) refers (Special) to heapauxi.o(.text) for __use_two_region_memory
    startup.o(.text) refers to startup.o(HEAP) for Heap_Mem
    startup.o(.text) refers to startup.o(STACK) for Stack_Mem
    main.o(.text) refers to aeabi_sdiv.o(.text) for __aeabi_idivmod
    main.o(.text) refers to fflt_noclz.o(x$fpl$fflt) for __aeabi_i2f
    main.o(.text) refers to faddsub_noclz.o(x$fpl$fsub) for __aeabi_fsub
    main.o(.text) refers to scalbnf.o(x$fpl$scalbnf) for scalbnf
    main.o(.text) refers to ffixu.o(x$fpl$ffixu) for __aeabi_f2uiz
    main.o(.text) refers to dflt_noclz.o(x$fpl$dflt) for __aeabi_i2d
    main.o(.text) refers to daddsub_noclz.o(x$fpl$dadd) for __aeabi_dadd
    main.o(.text) refers to scalbn.o(x$fpl$scalbn) for scalbn
    main.o(.text) refers to dfixu.o(x$fpl$dfixu) for __aeabi_d2uiz
    main.o(.text) refers to rt_event.o(i.os_evt_wait) for os_evt_wait
    main.o(.text) refers to calc.o(.text) for posHandle
    main.o(.text) refers to uread4.o(.text) for __aeabi_uread4
    main.o(.text) refers to ffix.o(x$fpl$ffix) for __aeabi_f2iz
    main.o(.text) refers to pid.o(.text) for pid_Reset_Integrator
    main.o(.text) refers to mb.o(.text) for eMBPoll
    main.o(.text) refers to rt_time.o(i.os_dly_wait) for os_dly_wait
    main.o(.text) refers to rtx_config.o(.text) for tsk_unlock
    main.o(.text) refers to rt_event.o(i.os_evt_set) for os_evt_set
    main.o(.text) refers to rt_time.o(i.os_itv_set) for os_itv_set
    main.o(.text) refers to ds18b20.o(.text) for DS18B20_Temperature
    main.o(.text) refers to uwrite4.o(.text) for __aeabi_uwrite4
    main.o(.text) refers to hmi.o(.text) for HMI_Handler
    main.o(.text) refers to rt_time.o(i.os_itv_wait) for os_itv_wait
    main.o(.text) refers to iap.o(.text) for Init_FEE
    main.o(.text) refers to rt_task.o(i.os_tsk_create0) for os_tsk_create0
    main.o(.text) refers to main.o(.bss) for .bss
    main.o(.text) refers to main.o(.data) for .data
    main.o(.text) refers to main.o(.ARM.__AT_0x0008F400) for .ARM.__AT_0x0008F400
    main.o(.text) refers to rt_task.o(i.os_tsk_delete) for os_tsk_delete
    main.o(.text) refers to hal_arm.o(.emb_text) for os_sys_init0
    portevent.o(.text) refers to portevent.o(.data) for .data
    portserial.o(.text) refers to aeabi_sdiv.o(.text_udiv) for __aeabi_uidivmod
    portserial.o(.text) refers to portserial.o(.data) for .data
    portserial.o(.text) refers to mb.o(.data) for pxMBFrameCBTransmitterEmpty
    porttimer.o(.text) refers to porttimer.o(.data) for .data
    porttimer.o(.text) refers to mb.o(.data) for pxMBPortCBTimerExpired
    mb.o(.text) refers to mbrtu.o(.text) for eMBRTUInit
    mb.o(.text) refers to mbascii.o(.text) for eMBASCIIInit
    mb.o(.text) refers to portevent.o(.text) for xMBPortEventInit
    mb.o(.text) refers to mb.o(i.__ARM_common_disable_irq) for __ARM_common_disable_irq
    mb.o(.text) refers to mb.o(i.__ARM_common_enable_irq) for __ARM_common_enable_irq
    mb.o(.text) refers to mb.o(i.__ARM_common_call_via_r0) for __ARM_common_call_via_r0
    mb.o(.text) refers to mb.o(i.__ARM_common_call_via_r3) for __ARM_common_call_via_r3
    mb.o(.text) refers to mb.o(i.__ARM_common_call_via_r2) for __ARM_common_call_via_r2
    mb.o(.text) refers to mb.o(.data) for .data
    mb.o(.data) refers to mbfuncother.o(.text) for eMBFuncReportSlaveID
    mb.o(.data) refers to mbfuncinput.o(.text) for eMBFuncReadInputRegister
    mb.o(.data) refers to mbfuncholding.o(.text) for eMBFuncReadHoldingRegister
    mb.o(.data) refers to mbfunccoils.o(.text) for eMBFuncReadCoils
    mb.o(.data) refers to mbfuncdisc.o(.text) for eMBFuncReadDiscreteInputs
    mbcrc.o(.text) refers to mbcrc.o(.constdata) for .constdata
    mbrtu.o(.text) refers to mb.o(i.__ARM_common_disable_irq) for __ARM_common_disable_irq
    mbrtu.o(.text) refers to portserial.o(.text) for xMBPortSerialInit
    mbrtu.o(.text) refers to aeabi_sdiv.o(.text_udiv) for __aeabi_uidivmod
    mbrtu.o(.text) refers to porttimer.o(.text) for xMBPortTimersInit
    mbrtu.o(.text) refers to mb.o(i.__ARM_common_enable_irq) for __ARM_common_enable_irq
    mbrtu.o(.text) refers to porttimer.o(i.vMBPortTimersEnable) for vMBPortTimersEnable
    mbrtu.o(.text) refers to porttimer.o(i.vMBPortTimersDisable) for vMBPortTimersDisable
    mbrtu.o(.text) refers to abort.o(.text) for abort
[...]
    LeakNot_OpeningHandler                   0x00084a09   Thumb Code    18  hmi.o(.text)
    LeakMeas_KeyboardHandler                 0x00084a1b   Thumb Code   140  hmi.o(.text)
    LeakMeas_DisplayHandler                  0x00084aa7   Thumb Code   226  hmi.o(.text)
    LeakMeas_OpeningHandler                  0x00084b89   Thumb Code    62  hmi.o(.text)
    LeakChar_OpeningHandler                  0x00084bc7   Thumb Code    18  hmi.o(.text)
    CheckKeyboard                            0x00085f71   Thumb Code    90  hmi.o(.text)
    OnKeyUp                                  0x00085fcb   Thumb Code   100  hmi.o(.text)
    .text                                    0x000860a0   Section        0  ds18b20.o(.text)
    Init_DS18B20                             0x000860a1   Thumb Code   116  ds18b20.o(.text)
    DS18B20_WriteByte                        0x00086115   Thumb Code    86  ds18b20.o(.text)
    delay_5us                                0x00086205   Thumb Code    24  ds18b20.o(.text)
    DS18B20_ReadByte                         0x0008621d   Thumb Code   118  ds18b20.o(.text)
    .text                                    0x0008629c   Section        0  pid.o(.text)
    .text                                    0x00086384   Section        0  calc.o(.text)
    .text                                    0x000869e0   Section       12  libspace.o(.text)
    .text                                    0x000869ec   Section        0  abort.o(.text)
    .text                                    0x00086a00   Section      212  rt_memcpy.o(.text)
    .text                                    0x00086ad8   Section       32  uread4.o(.text)
    .text                                    0x00086afc   Section       32  uwrite4.o(.text)
    .text                                    0x00086b20   Section      384  aeabi_sdiv.o(.text)
    __arm_div8                               0x00086b4c   ARM Code       0  aeabi_sdiv.o(.text)
    __arm_div5                               0x00086b70   ARM Code       0  aeabi_sdiv.o(.text)
    __arm_div2                               0x00086b94   ARM Code       0  aeabi_sdiv.o(.text)
    __arm_div_large                          0x00086bd0   ARM Code       0  aeabi_sdiv.o(.text)
    .text                                    0x00086ca0   Section        0  heapauxi.o(.text)
    .text                                    0x00086cb0   Section        0  sys_exit.o(.text)
    .text                                    0x00086cc4   Section        0  _rserrno.o(.text)
    .text                                    0x00086cde   Section        0  defsig_abrt_outer.o(.text)
    .text                                    0x00086cf0   Section      100  rt_memcpy_w.o(.text)
    .text                                    0x00086d54   Section        4  use_no_semi.o(.text)
    .text                                    0x00086d5c   Section        4  rt_errno_addr_twolibspace.o(.text)
    .text                                    0x00086d60   Section        0  defsig_exit.o(.text)
    .text                                    0x00086d70   Section        0  defsig_abrt_inner.o(.text)
    .text                                    0x00086da4   Section       96  sys_stackheap_outer.o(.text)
    .text                                    0x00086e04   Section        0  exit.o(.text)
    .text                                    0x00086e10   Section        0  defsig_general.o(.text)
    .text                                    0x00086e48   Section        0  sys_wrch.o(.text)
    .text                                    0x00086e58   Section       20  rt_fp_status_addr_twolibspace.o(.text)
    .text_udiv                               0x00086e70   Section       36  aeabi_sdiv.o(.text_udiv)
    SWI_TABLE                                0x00086e94   Section       36  swi_table.o(SWI_TABLE)
    i.__ARM_common_call_via_r0               0x00086eb8   Section        0  mb.o(i.__ARM_common_call_via_r0)
    i.__ARM_common_call_via_r2               0x00086eba   Section        0  mb.o(i.__ARM_common_call_via_r2)
    i.__ARM_common_call_via_r3               0x00086ebc   Section        0  mb.o(i.__ARM_common_call_via_r3)
    i.__ARM_common_disable_irq               0x00086ec4   Section        0  mb.o(i.__ARM_common_disable_irq)
    i.__ARM_common_enable_irq                0x00086edc   Section        0  mb.o(i.__ARM_common_enable_irq)
    i.__ARM_common_switch8                   0x00086ef0   Section        0  mbascii.o(i.__ARM_common_switch8)
    i.__SWI_0                                0x00086f08   Section        0  hal_arm.o(i.__SWI_0)
    i.__SWI_1                                0x00086f38   Section        0  rt_membox.o(i.__SWI_1)
    i.__SWI_2                                0x00086f46   Section        0  rt_membox.o(i.__SWI_2)
    i.__SWI_3                                0x00086f5e   Section        0  hal_arm.o(i.__SWI_3)
    i.__SWI_4                                0x00086f66   Section        0  hal_arm.o(i.__SWI_4)
    i.__SWI_6                                0x00086f6e   Section        0  hal_arm.o(i.__SWI_6)
    i.__SWI_7                                0x00086f70   Section        0  hal_arm.o(i.__SWI_7)
    i.__kernel_poly                          0x00086f74   Section        0  poly.o(i.__kernel_poly)
    i._init_box                              0x00087074   Section        0  rt_membox.o(i._init_box)
    i.log                                    0x000870c4   Section        0  log.o(i.log)
    i.os_block                               0x00087654   Section        0  rt_task.o(i.os_block)
    i.os_chk_robin                           0x0008769c   Section        0  rt_robin.o(i.os_chk_robin)
    i.os_dec_dly                             0x000876e0   Section        0  rt_list.o(i.os_dec_dly)
    i.os_dispatch                            0x0008775c   Section        0  rt_task.o(i.os_dispatch)
    i.os_dly_wait                            0x000877a0   Section        0  rt_time.o(i.os_dly_wait)
    i.os_evt_psh                             0x000877b8   Section        0  rt_event.o(i.os_evt_psh)
    i.os_evt_set                             0x00087808   Section        0  rt_event.o(i.os_evt_set)
    i.os_evt_wait                            0x0008786c   Section        0  rt_event.o(i.os_evt_wait)
    i.os_get_first                           0x000878c4   Section        0  rt_list.o(i.os_get_first)
    i.os_init_context                        0x000878f0   Section        0  rt_task.o(i.os_init_context)
    os_init_context                          0x000878f1   Thumb Code    66  rt_task.o(i.os_init_context)
    i.os_init_robin                          0x00087938   Section        0  rt_robin.o(i.os_init_robin)
    i.os_init_stack                          0x00087950   Section        0  hal_arm.o(i.os_init_stack)
    i.os_itv_set                             0x000879b4   Section        0  rt_time.o(i.os_itv_set)
    i.os_itv_wait                            0x000879cc   Section        0  rt_time.o(i.os_itv_wait)
    i.os_mbx_psh                             0x00087a04   Section        0  rt_mailbox.o(i.os_mbx_psh)
    i.os_mut_init                            0x00087a8c   Section        0  rt_mutex.o(i.os_mut_init)
    i.os_mut_release                         0x00087abc   Section        0  rt_mutex.o(i.os_mut_release)
    i.os_mut_wait                            0x00087b64   Section        0  rt_mutex.o(i.os_mut_wait)
    i.os_put_dly                             0x00087be8   Section        0  rt_list.o(i.os_put_dly)
    i.os_put_prio                            0x00087c38   Section        0  rt_list.o(i.os_put_prio)
    i.os_put_rdy_first                       0x00087c78   Section        0  rt_list.o(i.os_put_rdy_first)
    i.os_resort_prio                         0x00087c8c   Section        0  rt_list.o(i.os_resort_prio)
    i.os_rmv_dly                             0x00087cc0   Section        0  rt_list.o(i.os_rmv_dly)
    i.os_rmv_list                            0x00087cec   Section        0  rt_list.o(i.os_rmv_list)
    i.os_sem_psh                             0x00087d20   Section        0  rt_semaphore.o(i.os_sem_psh)
    i.os_stk_check                           0x00087d58   Section        0  hal_arm.o(i.os_stk_check)
    i.os_sys_init1                           0x00087d84   Section        0  rt_task.o(i.os_sys_init1)
    i.os_sys_manager                         0x00087e6c   Section        0  rt_system.o(i.os_sys_manager)
    i.os_tmr_tick                            0x00087f38   Section        0  rt_timer.o(i.os_tmr_tick)
    i.os_tsk_create0                         0x00087f7c   Section        0  rt_task.o(i.os_tsk_create0)
    i.os_tsk_delete                          0x0008800c   Section        0  rt_task.o(i.os_tsk_delete)
    i.os_tsk_self                            0x000880b4   Section        0  rt_task.o(i.os_tsk_self)
    i.sqrt                                   0x000880c8   Section        0  sqrt.o(i.sqrt)
    i.vMBPortTimersDisable                   0x00088134   Section        0  porttimer.o(i.vMBPortTimersDisable)
    i.vMBPortTimersEnable                    0x00088144   Section        0  porttimer.o(i.vMBPortTimersEnable)
    x$fpl$d2f                                0x0008816c   Section      108  d2f.o(x$fpl$d2f)
    x$fpl$dadd                               0x000881dc   Section      336  daddsub_noclz.o(x$fpl$dadd)
    _dadd1                                   0x000881ec   ARM Code       0  daddsub_noclz.o(x$fpl$dadd)
    x$fpl$dcheck1                            0x0008832c   Section       16  dcheck1.o(x$fpl$dcheck1)
    x$fpl$dcmpinf                            0x0008833c   Section       28  dcmpi.o(x$fpl$dcmpinf)
    x$fpl$ddiv                               0x0008835c   Section      736  ddiv.o(x$fpl$ddiv)
    ddiv_entry                               0x00088364   ARM Code       0  ddiv.o(x$fpl$ddiv)
    x$fpl$deqf                               0x0008863c   Section      148  deqf.o(x$fpl$deqf)
    x$fpl$dfixu                              0x000886d4   Section      112  dfixu.o(x$fpl$dfixu)
    x$fpl$dflt                               0x00088748   Section       88  dflt_noclz.o(x$fpl$dflt)
    x$fpl$dmul                               0x000887a4   Section      384  dmul.o(x$fpl$dmul)
    x$fpl$dnaninf                            0x00088924   Section      192  dnaninf.o(x$fpl$dnaninf)
    x$fpl$dretinf                            0x000889e4   Section       16  dretinf.o(x$fpl$dretinf)
    x$fpl$drsb                               0x000889f4   Section       24  daddsub_noclz.o(x$fpl$drsb)
    x$fpl$dsqrt                              0x00088a0c   Section      520  dsqrt_noumaal.o(x$fpl$dsqrt)
    x$fpl$dsub                               0x00088c14   Section      580  daddsub_noclz.o(x$fpl$dsub)
    _dsub1                                   0x00088c24   ARM Code       0  daddsub_noclz.o(x$fpl$dsub)
    x$fpl$f2d                                0x00088e5c   Section      100  f2d.o(x$fpl$f2d)
    x$fpl$fadd                               0x00088ec4   Section      196  faddsub_noclz.o(x$fpl$fadd)
    _fadd1                                   0x00088ed0   ARM Code       0  faddsub_noclz.o(x$fpl$fadd)
    x$fpl$fcheck1                            0x00088f88   Section       12  fcheck1.o(x$fpl$fcheck1)
    x$fpl$fdiv                               0x00088f98   Section      400  fdiv.o(x$fpl$fdiv)
    _fdiv1                                   0x00088f98   ARM Code       0  fdiv.o(x$fpl$fdiv)
    x$fpl$ffix                               0x0008912c   Section       68  ffix.o(x$fpl$ffix)
    x$fpl$ffixu                              0x00089174   Section       84  ffixu.o(x$fpl$ffixu)
    x$fpl$fflt                               0x000891cc   Section       92  fflt_noclz.o(x$fpl$fflt)
    x$fpl$ffltu                              0x0008922c   Section        8  fflt_noclz.o(x$fpl$ffltu)
    x$fpl$fmul                               0x00089238   Section      256  fmul.o(x$fpl$fmul)
    x$fpl$fnaninf                            0x00089338   Section      168  fnaninf.o(x$fpl$fnaninf)
    x$fpl$fpinit                             0x000893e4   Section       24  fpinit.o(x$fpl$fpinit)
    x$fpl$fretinf                            0x000893fc   Section       16  fretinf.o(x$fpl$fretinf)
    x$fpl$frsb                               0x00089410   Section       20  faddsub_noclz.o(x$fpl$frsb)
    x$fpl$fsub                               0x00089428   Section      304  faddsub_noclz.o(x$fpl$fsub)
    _fsub1                                   0x00089434   ARM Code       0  faddsub_noclz.o(x$fpl$fsub)
    x$fpl$retnan                             0x00089558   Section      116  retnan.o(x$fpl$retnan)
    x$fpl$scalbn                             0x000895d0   Section      108  scalbn.o(x$fpl$scalbn)
    x$fpl$scalbnf                            0x00089640   Section       96  scalbnf.o(x$fpl$scalbnf)
    x$fpl$trapveneer                         0x000896a0   Section       60  trapv.o(x$fpl$trapveneer)
    .constdata                               0x000896dc   Section      512  mbcrc.o(.constdata)
    x$fpl$usenofp                            0x000896dc   Section        0  usenofp.o(x$fpl$usenofp)
    aucCRCHi                                 0x000896dc   Data         256  mbcrc.o(.constdata)
    aucCRCLo                                 0x000897dc   Data         256  mbcrc.o(.constdata)
    .constdata                               0x000898dc   Section        2  rtx_config.o(.constdata)
    .constdata                               0x000898e0   Section        4  rtx_config.o(.constdata)
    .constdata                               0x000898e4   Section        4  rtx_config.o(.constdata)
    .constdata                               0x000898e8   Section        8  rtx_config.o(.constdata)
    __tagsym$$used                           0x000898e8   Number         0  rtx_config.o(.constdata)
    __tagsym$$used                           0x000898ec   Number         0  rtx_config.o(.constdata)
    .constdata                               0x000898f0   Section        2  rtx_config.o(.constdata)
    .constdata                               0x000898f4   Section        4  rtx_config.o(.constdata)
    .constdata                               0x000898f8   Section        1  rtx_config.o(.constdata)
    .constdata                               0x000898fa   Section        2  rtx_config.o(.constdata)
    .constdata                               0x000898fc   Section      170  ht1622.o(.constdata)
    .constdata                               0x000899a6   Section     1296  hmi.o(.constdata)
    .constdata                               0x00089eb8   Section       56  log.o(.constdata)
    Lg2                                      0x00089eb8   Data          24  log.o(.constdata)
    Lg                                       0x00089ed0   Data          32  log.o(.constdata)
    .constdata                               0x00089ef0   Section        8  qnan.o(.constdata)
    .ARM.__AT_0x0008F400                     0x0008f400   Section      512  main.o(.ARM.__AT_0x0008F400)

    Global Symbols

    Symbol Name                              Value     Ov Type        Size  Object(Section)

    BuildAttributes$$THM_ISAv1$ARM_ISAv4$S$PE$A:L22$X:L11$S22$IEEE1$IW$USESV6$~STKCKD$USESV7$~SHL$OTIME$ROPI$IEEEJ$EBA8$UX$STANDARDLIB$REQ8$PRES8$EABIv2 0x00000000   Number         0  anon$$obj.o ABSOLUTE
    __ARM_use_no_argv                        0x00000000   Number         0  main.o ABSOLUTE
    __ARM_exceptions_init                     - Undefined Weak Reference
    __alloca_initialize                       - Undefined Weak Reference
    __cpp_initialize__aeabi_                  - Undefined Weak Reference
    __cxa_finalize                            - Undefined Weak Reference
    __fpl_infinity                            - Undefined Weak Reference
    __rt_locale                               - Undefined Weak Reference
    __sigvec_lookup                           - Undefined Weak Reference
    _atexit_init                              - Undefined Weak Reference
    _call_atexit_fns                          - Undefined Weak Reference
    _clock_init                               - Undefined Weak Reference
    _fp_trap_init                             - Undefined Weak Reference
    _fp_trap_shutdown                         - Undefined Weak Reference
    _get_lc_collate                           - Undefined Weak Reference
    _get_lc_ctype                             - Undefined Weak Reference
    _get_lc_monetary                          - Undefined Weak Reference
    _get_lc_numeric                           - Undefined Weak Reference
    _get_lc_time                              - Undefined Weak Reference
    _getenv_init                              - Undefined Weak Reference
    _handle_redirection                       - Undefined Weak Reference
    _init_alloc                               - Undefined Weak Reference
    _init_user_alloc                          - Undefined Weak Reference
    _initio                                   - Undefined Weak Reference
    _rand_init                                - Undefined Weak Reference
    _signal_finish                            - Undefined Weak Reference
    _signal_init                              - Undefined Weak Reference
    _terminate_alloc                          - Undefined Weak Reference
    _terminate_user_alloc                     - Undefined Weak Reference
    _terminateio                              - Undefined Weak Reference
    os_tmr_reload                             - Undefined Weak Reference
    rt_init                                   - Undefined Weak Reference
    rt_notify                                 - Undefined Weak Reference
    rt_post_taskswitch                        - Undefined Weak Reference
    __RTX_ARM_VER                            0x00000413   Number         0  rt_system.o ABSOLUTE
    t_pid                                    0x00010004   Data           4  main.o(.data)
    t_modbus                                 0x00010008   Data           4  main.o(.data)
    t_adc                                    0x0001000c   Data           4  main.o(.data)
    t_hmi                                    0x00010010   Data           4  main.o(.data)
    Controller                               0x00010014   Data           8  main.o(.data)
    pxMBFrameCBByteReceived                  0x00010044   Data           4  mb.o(.data)
    pxMBFrameCBTransmitterEmpty              0x00010048   Data           4  mb.o(.data)
    pxMBPortCBTimerExpired                   0x0001004c   Data           4  mb.o(.data)
    m_tmr                                    0x000100f0   Data           4  rtx_config.o(.data)
    m_mcbCurrent                             0x00010124   Data           8  hmi.o(.data)
    m_stackMenuCtlBlock                      0x0001012c   Data           8  hmi.o(.data)
    os_runtask                               0x0001013c   Data           4  rt_task.o(.data)
    os_time                                  0x00010140   Data           2  rt_time.o(.data)
    sys_stktop                               0x00010144   Data           4  hal_arm.o(.data)
    os_psh                                   0x00010148   Data           8  rt_system.o(.data)
    os_robin                                 0x00010150   Data           8  rt_robin.o(.data)
    os_tmr                                   0x00010158   Data           8  rt_timer.o(.data)
    g_UnitData                               0x00010160   Data          54  main.o(.bss)
    g_UnitCfg                                0x00010196   Data         116  main.o(.bss)
    ucRTUBuf                                 0x0001020a   Data         256  mbrtu.o(.bss)
    mp_tcb                                   0x0001032c   Data         300  rtx_config.o(.bss)
    mp_stk                                   0x00010458   Data        1808  rtx_config.o(.bss)
    os_fifo                                  0x00010b68   Data         132  rtx_config.o(.bss)
    os_active_TCB                            0x00010bec   Data          24  rtx_config.o(.bss)
    m_aMenuItems                             0x00010ea4   Data        3888  hmi.o(.bss)
    os_idle_TCB                              0x00011e14   Data          48  rt_task.o(.bss)
    os_rdy                                   0x00011e44   Data          24  rt_list.o(.bss)
    os_dly                                   0x00011e5c   Data          24  rt_list.o(.bss)
    __libspace_start                         0x00011e74   Data          96  libspace.o(.bss)
    __temporary_stack_top$libspace           0x00011ed4   Data           0  libspace.o(.bss)
    Reset_Handler                            0x00080050   ARM Code       0  startup.o(RESET)
    __main                                   0x000800cc   ARM Code       8  __main.o(!!!main)
    __scatterload                            0x000800d4   ARM Code       0  __scatter.o(!!!scatter)
    __scatterload_rt2                        0x000800d4   ARM Code      52  __scatter.o(!!!scatter)
    __scatterload_null                       0x000800e8   ARM Code       0  __scatter.o(!!!scatter)
    __decompress                             0x00080110   ARM Code      92  __dczerorl2.o(!!dczerorl2)
    __decompress1                            0x00080110   ARM Code       0  __dczerorl2.o(!!dczerorl2)
    __scatterload_zeroinit                   0x0008016c   ARM Code      44  __scatter_zi.o(!!handler_zi)
    Inline ARM to Thumb Veneer to __rt_lib_init 0x00080198   ARM Code       8  libinit.o(.ARM.Collect$$libinit$$00000000)
    __rt_lib_init                            0x000801a1   Thumb Code     0  libinit.o(.ARM.Collect$$libinit$$00000000)
    __rt_lib_init_alloca_1                   0x000801a7   Thumb Code     0  libinit2.o(.ARM.Collect$$libinit$$0000002A)
    __rt_lib_init_argv_1                     0x000801a7   Thumb Code     0  libinit2.o(.ARM.Collect$$libinit$$00000028)
    __rt_lib_init_atexit_1                   0x000801a7   Thumb Code     0  libinit2.o(.ARM.Collect$$libinit$$00000017)
    __rt_lib_init_clock_1                    0x000801a7   Thumb Code     0  libinit2.o(.ARM.Collect$$libinit$$0000001D)
    __rt_lib_init_cpp_1                      0x000801a7   Thumb Code     0  libinit2.o(.ARM.Collect$$libinit$$0000002E)
    __rt_lib_init_exceptions_1               0x000801a7   Thumb Code     0  libinit2.o(.ARM.Collect$$libinit$$0000002C)
    __rt_lib_init_fp_trap_1                  0x000801a7   Thumb Code     0  libinit2.o(.ARM.Collect$$libinit$$0000001B)
    __rt_lib_init_getenv_1                   0x000801a7   Thumb Code     0  libinit2.o(.ARM.Collect$$libinit$$0000001F)
    __rt_lib_init_heap_1                     0x000801a7   Thumb Code     0  libinit2.o(.ARM.Collect$$libinit$$00000006)
    __rt_lib_init_lc_collate_1               0x000801a7   Thumb Code     0  libinit2.o(.ARM.Collect$$libinit$$0000000D)
    __rt_lib_init_lc_ctype_1                 0x000801a7   Thumb Code     0  libinit2.o(.ARM.Collect$$libinit$$0000000F)
    __rt_lib_init_lc_monetary_1              0x000801a7   Thumb Code     0  libinit2.o(.ARM.Collect$$libinit$$00000011)
    __rt_lib_init_lc_numeric_1               0x000801a7   Thumb Code     0  libinit2.o(.ARM.Collect$$libinit$$00000013)
    __rt_lib_init_lc_time_1                  0x000801a7   Thumb Code     0  libinit2.o(.ARM.Collect$$libinit$$00000015)
    __rt_lib_init_rand_1                     0x000801a7   Thumb Code     0  libinit2.o(.ARM.Collect$$libinit$$0000000A)
    __rt_lib_init_return                     0x000801a7   Thumb Code     0  libinit2.o(.ARM.Collect$$libinit$$0000002F)
    __rt_lib_init_signal_1                   0x000801a7   Thumb Code     0  libinit2.o(.ARM.Collect$$libinit$$00000019)
    __rt_lib_init_stdio_1                    0x000801a7   Thumb Code     0  libinit2.o(.ARM.Collect$$libinit$$00000021)
    __rt_lib_init_user_alloc_1               0x000801a7   Thumb Code     0  libinit2.o(.ARM.Collect$$libinit$$00000008)
    Inline ARM to Thumb Veneer to __rt_lib_shutdown 0x000801b4   ARM Code       8  libshutdown.o(.ARM.Collect$$libshutdown$$00000000)
    __rt_lib_shutdown                        0x000801bd   Thumb Code     0  libshutdown.o(.ARM.Collect$$libshutdown$$00000000)
    __rt_lib_shutdown_fp_trap_1              0x000801c1   Thumb Code     0  libshutdown2.o(.ARM.Collect$$libshutdown$$00000006)
    __rt_lib_shutdown_heap_1                 0x000801c1   Thumb Code     0  libshutdown2.o(.ARM.Collect$$libshutdown$$0000000E)
    __rt_lib_shutdown_return                 0x000801c1   Thumb Code     0  libshutdown2.o(.ARM.Collect$$libshutdown$$0000000F)
    __rt_lib_shutdown_signal_1               0x000801c1   Thumb Code     0  libshutdown2.o(.ARM.Collect$$libshutdown$$00000009)
    __rt_lib_shutdown_stdio_1                0x000801c1   Thumb Code     0  libshutdown2.o(.ARM.Collect$$libshutdown$$00000003)
    __rt_lib_shutdown_user_alloc_1           0x000801c1   Thumb Code     0  libshutdown2.o(.ARM.Collect$$libshutdown$$0000000B)
    __rt_entry                               0x000801c8   ARM Code       0  rtentry.o(.ARM.Collect$$rtentry$$00000000)
    __rt_entry_presh_1                       0x000801c8   ARM Code       0  rtentry2.o(.ARM.Collect$$rtentry$$00000002)
    __rt_entry_sh                            0x000801c8   ARM Code       0  rtentry4.o(.ARM.Collect$$rtentry$$00000004)
    __rt_entry_li                            0x000801d0   ARM Code       0  rtentry2.o(.ARM.Collect$$rtentry$$0000000A)
    __rt_entry_postsh_1                      0x000801d0   ARM Code       0  rtentry2.o(.ARM.Collect$$rtentry$$00000009)
    __rt_entry_main                          0x000801d4   ARM Code       0  rtentry2.o(.ARM.Collect$$rtentry$$0000000D)
    __rt_entry_postli_1                      0x000801d4   ARM Code       0  rtentry2.o(.ARM.Collect$$rtentry$$0000000C)
    Inline Thumb to ARM Veneer to __rt_exit  0x000801fd   Thumb Code     4  rtexit.o(.ARM.Collect$$rtexit$$00000000)
    __rt_exit                                0x00080200   ARM Code       0  rtexit.o(.ARM.Collect$$rtexit$$00000000)
    __rt_exit_ls                             0x00080204   ARM Code       0  rtexit2.o(.ARM.Collect$$rtexit$$00000003)
    __rt_exit_prels_1                        0x00080204   ARM Code       0  rtexit2.o(.ARM.Collect$$rtexit$$00000002)
    __rt_exit_exit                           0x00080208   ARM Code       0  rtexit2.o(.ARM.Collect$$rtexit$$00000004)
    IRQ_Handler                              0x00080210   ARM Code      52  rtx_config.o(.emb_text)
    _inc_qi                                  0x00080259   Thumb Code    60  hal_arm.o(.emb_text)
    _dec_qc                                  0x00080295   Thumb Code    32  hal_arm.o(.emb_text)
    os_set_env                               0x000802b5   Thumb Code     8  hal_arm.o(.emb_text)
    os_sys_init0                             0x000802bd   Thumb Code    12  hal_arm.o(.emb_text)
    os_sys_run                               0x000802d1   Thumb Code    16  hal_arm.o(.emb_text)
    os_clock_interrupt                       0x000802e4   ARM Code     128  hal_arm.o(.emb_text)
    os_sys_manager_ret                       0x00080351   Thumb Code     0  hal_arm.o(.emb_text)
    SWI_Handler                              0x00080378   ARM Code     192  hal_arm.o(.emb_text)
    os_switch_tasks_ret                      0x000803b5   Thumb Code     0  hal_arm.o(.emb_text)
    __user_initial_stackheap                 0x00080440   ARM Code       0  startup.o(.text)
    lpReset                                  0x00080461   Thumb Code    12  main.o(.text)
    SetPwmDutyCycle2                         0x0008046d   Thumb Code   214  main.o(.text)
    pid                                      0x00080543   Thumb Code   152  main.o(.text)
    modbus                                   0x000805db   Thumb Code    12  main.o(.text)
    GetADC                                   0x000805e7   Thumb Code    94  main.o(.text)
    adc                                      0x00080645   Thumb Code    96  main.o(.text)
    hmi                                      0x000806a5   Thumb Code    66  main.o(.text)
    ADCpoweron                               0x000806e7   Thumb Code    16  main.o(.text)
    init                                     0x000806f7   Thumb Code   470  main.o(.text)
    main                                     0x000808cd   Thumb Code    20  main.o(.text)
    eMBRegInputCB                            0x000808e1   Thumb Code    56  main.o(.text)
    eMBRegHoldingCB                          0x00080919   Thumb Code   102  main.o(.text)
    eMBRegCoilsCB                            0x0008097f   Thumb Code     4  main.o(.text)
    eMBRegDiscreteCB                         0x00080983   Thumb Code     4  main.o(.text)
    xMBPortEventInit                         0x00080991   Thumb Code    10  portevent.o(.text)
    xMBPortEventPost                         0x0008099b   Thumb Code    12  portevent.o(.text)
    xMBPortEventGet                          0x000809a7   Thumb Code    24  portevent.o(.text)
    vMBPortSerialEnable                      0x000809c5   Thumb Code    78  portserial.o(.text)
    xMBPortSerialInit                        0x00080a13   Thumb Code   130  portserial.o(.text)
    xMBPortSerialPutByte                     0x00080a95   Thumb Code     8  portserial.o(.text)
    xMBPortSerialGetByte                     0x00080a9d   Thumb Code    10  portserial.o(.text)
    mb_uart_interrupt                        0x00080abc   ARM Code      72  portserial.o(.text)
    xMBPortTimersInit                        0x00080b15   Thumb Code    10  porttimer.o(.text)
    mb_timer2_interrupt                      0x00080b24   ARM Code      40  porttimer.o(.text)
    eMBInit                                  0x00080b55   Thumb Code   138  mb.o(.text)
    eMBRegisterCB                            0x00080bdf   Thumb Code   110  mb.o(.text)
    eMBClose                                 0x00080c4d   Thumb Code    34  mb.o(.text)
    eMBEnable                                0x00080c6f   Thumb Code    30  mb.o(.text)
    eMBDisable                               0x00080c8d   Thumb Code    32  mb.o(.text)
    eMBPoll                                  0x00080cad   Thumb Code   196  mb.o(.text)
    usMBCRC16                                0x00080dad   Thumb Code    46  mbcrc.o(.text)
    eMBRTUInit                               0x00080de1   Thumb Code    76  mbrtu.o(.text)
    eMBRTUStart                              0x00080e2d   Thumb Code    34  mbrtu.o(.text)
    eMBRTUStop                               0x00080e4f   Thumb Code    24  mbrtu.o(.text)
    eMBRTUReceive                            0x00080e67   Thumb Code    78  mbrtu.o(.text)
    eMBRTUSend                               0x00080eb5   Thumb Code    90  mbrtu.o(.text)
    xMBRTUReceiveFSM                         0x00080f0f   Thumb Code   104  mbrtu.o(.text)
    xMBRTUTransmitFSM                        0x00080f77   Thumb Code    94  mbrtu.o(.text)
    xMBRTUTimerT35Expired                    0x00080fd5   Thumb Code    62  mbrtu.o(.text)
    eMBFuncReadCoils                         0x00081021   Thumb Code   120  mbfunccoils.o(.text)
    eMBFuncWriteCoil                         0x00081099   Thumb Code    92  mbfunccoils.o(.text)
    eMBFuncWriteMultipleCoils                0x000810f5   Thumb Code   106  mbfunccoils.o(.text)
    eMBFuncReadDiscreteInputs                0x00081165   Thumb Code   118  mbfuncdisc.o(.text)
    eMBFuncWriteHoldingRegister              0x000811e1   Thumb Code    56  mbfuncholding.o(.text)
    eMBFuncWriteMultipleHoldingRegister      0x00081219   Thumb Code    86  mbfuncholding.o(.text)
    eMBFuncReadHoldingRegister               0x0008126f   Thumb Code    92  mbfuncholding.o(.text)
    eMBFuncReadWriteMultipleHoldingRegister  0x000812cb   Thumb Code   162  mbfuncholding.o(.text)
    eMBFuncReadInputRegister                 0x0008136d   Thumb Code   100  mbfuncinput.o(.text)
    eMBSetSlaveID                            0x000813d1   Thumb Code    64  mbfuncother.o(.text)
    eMBFuncReportSlaveID                     0x00081411   Thumb Code    30  mbfuncother.o(.text)
    xMBUtilSetBits                           0x00081439   Thumb Code    50  mbutils.o(.text)
    xMBUtilGetBits                           0x0008146b   Thumb Code    36  mbutils.o(.text)
    prveMBError2Exception                    0x0008148f   Thumb Code    24  mbutils.o(.text)
    eMBASCIIInit                             0x000814a9   Thumb Code    60  mbascii.o(.text)
    eMBASCIIStart                            0x000814e5   Thumb Code    36  mbascii.o(.text)
    eMBASCIIStop                             0x00081509   Thumb Code    24  mbascii.o(.text)
    eMBASCIIReceive                          0x00081521   Thumb Code    76  mbascii.o(.text)
    eMBASCIISend                             0x0008156d   Thumb Code    80  mbascii.o(.text)
    xMBASCIIReceiveFSM                       0x000815bd   Thumb Code   230  mbascii.o(.text)
    xMBASCIITransmitFSM                      0x000816a3   Thumb Code   176  mbascii.o(.text)
    xMBASCIITimerT1SExpired                  0x00081753   Thumb Code    42  mbascii.o(.text)
    Inline ARM to Thumb Veneer to __user_perthread_libspace 0x000817c4   ARM Code       8  rtx_config.o(.text)
    os_idle_demon                            0x000817cd   Thumb Code     2  rtx_config.o(.text)
    os_tmr_call                              0x000817cf   Thumb Code     2  rtx_config.o(.text)
    os_error                                 0x000817d1   Thumb Code     2  rtx_config.o(.text)
    os_tmr_init                              0x000817d3   Thumb Code    12  rtx_config.o(.text)
    os_tmr_force_irq                         0x000817df   Thumb Code    26  rtx_config.o(.text)
    os_tmr_inspect_cnt                       0x000817f9   Thumb Code    10  rtx_config.o(.text)
    os_tmr_inspect_ovf                       0x00081803   Thumb Code    10  rtx_config.o(.text)
    os_irq_ack_lock                          0x0008180d   Thumb Code    28  rtx_config.o(.text)
    __SWI_5                                  0x00081829   Thumb Code     8  rtx_config.o(.text)
    tsk_unlock                               0x00081831   Thumb Code    28  rtx_config.o(.text)
    __user_perthread_libspace                0x0008184d   Thumb Code    30  rtx_config.o(.text)
    _mutex_initialize                        0x0008186b   Thumb Code    36  rtx_config.o(.text)
    _mutex_acquire                           0x0008188f   Thumb Code    24  rtx_config.o(.text)
    _mutex_release                           0x000818a7   Thumb Code    20  rtx_config.o(.text)
    os_def_interrupt                         0x000818d8   ARM Code       4  rtx_config.o(.text)
    Init_FEE                                 0x000818dd   Thumb Code     8  iap.o(.text)
    EepromWr_n                               0x000818e5   Thumb Code    82  iap.o(.text)
    display_char                             0x000819cd   Thumb Code  1512  ht1622.o(.text)
    digital                                  0x00081fb5   Thumb Code   692  ht1622.o(.text)
    display_digital                          0x00082269   Thumb Code   112  ht1622.o(.text)
    clearLCD                                 0x000822d9   Thumb Code    40  ht1622.o(.text)
    SENDCOMC                                 0x00082301   Thumb Code    26  ht1622.o(.text)
    initLCD_1622                             0x0008231b   Thumb Code    32  ht1622.o(.text)
    floattochar                              0x0008233b   Thumb Code   358  ht1622.o(.text)
    HMI_Init                                 0x00084bd9   Thumb Code  5000  hmi.o(.text)
    HMI_Handler                              0x00085f61   Thumb Code    16  hmi.o(.text)
    DS18B20_Temperature                      0x0008616b   Thumb Code   154  ds18b20.o(.text)
    pid_Init                                 0x0008629d   Thumb Code    60  pid.o(.text)
    pid_Controller                           0x000862d9   Thumb Code   148  pid.o(.text)
    pid_Reset_Integrator                     0x0008636d   Thumb Code    16  pid.o(.text)
    posHandle                                0x00086385   Thumb Code   178  calc.o(.text)
    spHandle                                 0x00086437   Thumb Code   160  calc.o(.text)
    p1Handle                                 0x000864d7   Thumb Code   104  calc.o(.text)
    p2Handle                                 0x0008653f   Thumb Code   102  calc.o(.text)
    tempHandle                               0x000865a5   Thumb Code   248  calc.o(.text)
    cmdHandle                                0x0008669d   Thumb Code   810  calc.o(.text)
    __user_libspace                          0x000869e0   ARM Code      12  libspace.o(.text)
    __user_perproc_libspace                  0x000869e0   ARM Code       0  libspace.o(.text)
    abort                                    0x000869ed   Thumb Code    16  abort.o(.text)
    Inline Thumb to ARM Veneer to __aeabi_memcpy 0x000869fd   Thumb Code     4  rt_memcpy.o(.text)
    __aeabi_memcpy                           0x00086a00   ARM Code       0  rt_memcpy.o(.text)
    __rt_memcpy                              0x00086a00   ARM Code     212  rt_memcpy.o(.text)
    _memcpy_lastbytes                        0x00086ab4   ARM Code       0  rt_memcpy.o(.text)
    Inline Thumb to ARM Veneer to __aeabi_uread4 0x00086ad5   Thumb Code     4  uread4.o(.text)
    __aeabi_uread4                           0x00086ad8   ARM Code       0  uread4.o(.text)
    __rt_uread4                              0x00086ad8   ARM Code      32  uread4.o(.text)
    Inline Thumb to ARM Veneer to __aeabi_uwrite4 0x00086af9   Thumb Code     4  uwrite4.o(.text)
    __aeabi_uwrite4                          0x00086afc   ARM Code       0  uwrite4.o(.text)
    __rt_uwrite4                             0x00086afc   ARM Code      32  uwrite4.o(.text)
    Inline Thumb to ARM Veneer to __aeabi_idivmod 0x00086b1d   Thumb Code     4  aeabi_sdiv.o(.text)
    __aeabi_idiv                             0x00086b20   ARM Code       0  aeabi_sdiv.o(.text)
    __aeabi_idivmod                          0x00086b20   ARM Code     384  aeabi_sdiv.o(.text)
    __use_two_region_memory                  0x00086ca1   Thumb Code     2  heapauxi.o(.text)
    __rt_heap_escrow$2region                 0x00086ca3   Thumb Code     2  heapauxi.o(.text)
    __rt_heap_expand$2region                 0x00086ca5   Thumb Code     2  heapauxi.o(.text)
    Inline ARM to Thumb Veneer to _sys_exit  0x00086ca8   ARM Code       8  sys_exit.o(.text)
    _sys_exit                                0x00086cb1   Thumb Code     8  sys_exit.o(.text)
    Inline ARM to Thumb Veneer to __set_errno 0x00086cbc   ARM Code       8  _rserrno.o(.text)
    __read_errno                             0x00086cc5   Thumb Code    14  _rserrno.o(.text)
    __set_errno                              0x00086cd3   Thumb Code    12  _rserrno.o(.text)
    __rt_SIGABRT                             0x00086cdf   Thumb Code    16  defsig_abrt_outer.o(.text)
    __aeabi_memcpy4                          0x00086cf0   ARM Code       0  rt_memcpy_w.o(.text)
    __aeabi_memcpy8                          0x00086cf0   ARM Code       0  rt_memcpy_w.o(.text)
    __rt_memcpy_w                            0x00086cf0   ARM Code     100  rt_memcpy_w.o(.text)
    _memcpy_lastbytes_aligned                0x00086d3c   ARM Code       0  rt_memcpy_w.o(.text)
    __I$use$semihosting                      0x00086d54   ARM Code       0  use_no_semi.o(.text)
    __use_no_semihosting_swi                 0x00086d54   ARM Code       4  use_no_semi.o(.text)
    Inline Thumb to ARM Veneer to __aeabi_errno_addr 0x00086d59   Thumb Code     4  rt_errno_addr_twolibspace.o(.text)
    __aeabi_errno_addr                       0x00086d5c   ARM Code       4  rt_errno_addr_twolibspace.o(.text)
    __errno$twolibspace                      0x00086d5c   ARM Code       0  rt_errno_addr_twolibspace.o(.text)
    __rt_errno_addr$twolibspace              0x00086d5c   ARM Code       0  rt_errno_addr_twolibspace.o(.text)
    __sig_exit                               0x00086d61   Thumb Code    16  defsig_exit.o(.text)
    __rt_SIGABRT_inner                       0x00086d71   Thumb Code    18  defsig_abrt_inner.o(.text)
    __user_setup_stackheap                   0x00086da4   ARM Code      96  sys_stackheap_outer.o(.text)
    exit                                     0x00086e05   Thumb Code    12  exit.o(.text)
    __default_signal_display                 0x00086e11   Thumb Code    56  defsig_general.o(.text)
    _ttywrch                                 0x00086e49   Thumb Code    16  sys_wrch.o(.text)
    __rt_fp_status_addr                      0x00086e58   ARM Code      20  rt_fp_status_addr_twolibspace.o(.text)
    Inline Thumb to ARM Veneer to __aeabi_uidivmod 0x00086e6d   Thumb Code     4  aeabi_sdiv.o(.text_udiv)
    __aeabi_uidiv                            0x00086e70   ARM Code       0  aeabi_sdiv.o(.text_udiv)
    __aeabi_uidivmod                         0x00086e70   ARM Code      36  aeabi_sdiv.o(.text_udiv)
    SWI_Count                                0x00086e94   Data           4  swi_table.o(SWI_TABLE)
    SWI_Table                                0x00086e98   Data           0  swi_table.o(SWI_TABLE)
    __ARM_common_call_via_r0                 0x00086eb9   Thumb Code     2  mb.o(i.__ARM_common_call_via_r0)
    __ARM_common_call_via_r2                 0x00086ebb   Thumb Code     2  mb.o(i.__ARM_common_call_via_r2)
    __ARM_common_call_via_r3                 0x00086ebd   Thumb Code     2  mb.o(i.__ARM_common_call_via_r3)
    Inline Thumb to ARM Veneer to __ARM_common_disable_irq 0x00086ec1   Thumb Code     4  mb.o(i.__ARM_common_disable_irq)
    __ARM_common_disable_irq                 0x00086ec4   ARM Code      20  mb.o(i.__ARM_common_disable_irq)
    Inline Thumb to ARM Veneer to __ARM_common_enable_irq 0x00086ed9   Thumb Code     4  mb.o(i.__ARM_common_enable_irq)
    __ARM_common_enable_irq                  0x00086edc   ARM Code      16  mb.o(i.__ARM_common_enable_irq)
    Inline Thumb to ARM Veneer to __ARM_common_switch8 0x00086eed   Thumb Code     4  mbascii.o(i.__ARM_common_switch8)
    __ARM_common_switch8                     0x00086ef0   ARM Code      24  mbascii.o(i.__ARM_common_switch8)
    __SWI_0                                  0x00086f09   Thumb Code    44  hal_arm.o(i.__SWI_0)
    __SWI_1                                  0x00086f39   Thumb Code    14  rt_membox.o(i.__SWI_1)
    __SWI_2                                  0x00086f47   Thumb Code    24  rt_membox.o(i.__SWI_2)
    __SWI_3                                  0x00086f5f   Thumb Code     8  hal_arm.o(i.__SWI_3)
    __SWI_4                                  0x00086f67   Thumb Code     8  hal_arm.o(i.__SWI_4)
    __SWI_6                                  0x00086f6f   Thumb Code     2  hal_arm.o(i.__SWI_6)
    __SWI_7                                  0x00086f71   Thumb Code     2  hal_arm.o(i.__SWI_7)
    __kernel_poly                            0x00086f74   ARM Code     256  poly.o(i.__kernel_poly)
    _init_box                                0x00087075   Thumb Code    74  rt_membox.o(i._init_box)
    Inline Thumb to ARM Veneer to log        0x000870c1   Thumb Code     4  log.o(i.log)
    log                                      0x000870c4   ARM Code    1392  log.o(i.log)
    os_block                                 0x00087655   Thumb Code    58  rt_task.o(i.os_block)
    os_chk_robin                             0x0008769d   Thumb Code    56  rt_robin.o(i.os_chk_robin)
    os_dec_dly                               0x000876e1   Thumb Code   116  rt_list.o(i.os_dec_dly)
    os_dispatch                              0x0008775d   Thumb Code    60  rt_task.o(i.os_dispatch)
    os_dly_wait                              0x000877a1   Thumb Code    24  rt_time.o(i.os_dly_wait)
    os_evt_psh                               0x000877b9   Thumb Code    74  rt_event.o(i.os_evt_psh)
    os_evt_set                               0x00087809   Thumb Code    94  rt_event.o(i.os_evt_set)
    os_evt_wait                              0x0008786d   Thumb Code    84  rt_event.o(i.os_evt_wait)
    os_get_first                             0x000878c5   Thumb Code    42  rt_list.o(i.os_get_first)
    os_init_robin                            0x00087939   Thumb Code    16  rt_robin.o(i.os_init_robin)
    os_init_stack                            0x00087951   Thumb Code    86  hal_arm.o(i.os_init_stack)
    os_itv_set                               0x000879b5   Thumb Code    16  rt_time.o(i.os_itv_set)
    os_itv_wait                              0x000879cd   Thumb Code    46  rt_time.o(i.os_itv_wait)
    os_mbx_psh                               0x00087a05   Thumb Code   132  rt_mailbox.o(i.os_mbx_psh)
    os_mut_init                              0x00087a8d   Thumb Code    44  rt_mutex.o(i.os_mut_init)
    os_mut_release                           0x00087abd   Thumb Code   160  rt_mutex.o(i.os_mut_release)
    os_mut_wait                              0x00087b65   Thumb Code   126  rt_mutex.o(i.os_mut_wait)
    os_put_dly                               0x00087be9   Thumb Code    76  rt_list.o(i.os_put_dly)
    os_put_prio                              0x00087c39   Thumb Code    62  rt_list.o(i.os_put_prio)
    os_put_rdy_first                         0x00087c79   Thumb Code    14  rt_list.o(i.os_put_rdy_first)
    os_resort_prio                           0x00087c8d   Thumb Code    48  rt_list.o(i.os_resort_prio)
    os_rmv_dly                               0x00087cc1   Thumb Code    44  rt_list.o(i.os_rmv_dly)
    os_rmv_list                              0x00087ced   Thumb Code    46  rt_list.o(i.os_rmv_list)
    os_sem_psh                               0x00087d21   Thumb Code    50  rt_semaphore.o(i.os_sem_psh)
    os_stk_check                             0x00087d59   Thumb Code    34  hal_arm.o(i.os_stk_check)
    os_sys_init1                             0x00087d85   Thumb Code   162  rt_task.o(i.os_sys_init1)
    os_sys_manager                           0x00087e6d   Thumb Code   182  rt_system.o(i.os_sys_manager)
    os_tmr_tick                              0x00087f39   Thumb Code    58  rt_timer.o(i.os_tmr_tick)
    os_tsk_create0                           0x00087f7d   Thumb Code   130  rt_task.o(i.os_tsk_create0)
    os_tsk_delete                            0x0008800d   Thumb Code   148  rt_task.o(i.os_tsk_delete)
    os_tsk_self                              0x000880b5   Thumb Code    12  rt_task.o(i.os_tsk_self)
    Inline Thumb to ARM Veneer to sqrt       0x000880c5   Thumb Code     4  sqrt.o(i.sqrt)
    sqrt                                     0x000880c8   ARM Code     108  sqrt.o(i.sqrt)
    vMBPortTimersDisable                     0x00088135   Thumb Code    12  porttimer.o(i.vMBPortTimersDisable)
    vMBPortTimersEnable                      0x00088145   Thumb Code    24  porttimer.o(i.vMBPortTimersEnable)
    Inline Thumb to ARM Veneer to __aeabi_d2f 0x00088169   Thumb Code     4  d2f.o(x$fpl$d2f)
    __aeabi_d2f                              0x0008816c   ARM Code       0  d2f.o(x$fpl$d2f)
    _d2f                                     0x0008816c   ARM Code     108  d2f.o(x$fpl$d2f)
    Inline Thumb to ARM Veneer to __aeabi_dadd 0x000881d9   Thumb Code     4  daddsub_noclz.o(x$fpl$dadd)
    __aeabi_dadd                             0x000881dc   ARM Code       0  daddsub_noclz.o(x$fpl$dadd)
    _dadd                                    0x000881dc   ARM Code     332  daddsub_noclz.o(x$fpl$dadd)
    __fpl_dcheck_NaN1                        0x0008832c   ARM Code      12  dcheck1.o(x$fpl$dcheck1)
    __fpl_dcmp_Inf                           0x0008833c   ARM Code      28  dcmpi.o(x$fpl$dcmpinf)
    Inline Thumb to ARM Veneer to __aeabi_ddiv 0x00088359   Thumb Code     4  ddiv.o(x$fpl$ddiv)
    __aeabi_ddiv                             0x0008835c   ARM Code       0  ddiv.o(x$fpl$ddiv)
    _ddiv                                    0x0008835c   ARM Code     600  ddiv.o(x$fpl$ddiv)
    __aeabi_cdcmpeq                          0x0008863c   ARM Code       0  deqf.o(x$fpl$deqf)
    _dcmpeq                                  0x0008863c   ARM Code     148  deqf.o(x$fpl$deqf)
    Inline Thumb to ARM Veneer to __aeabi_d2uiz 0x000886d1   Thumb Code     4  dfixu.o(x$fpl$dfixu)
    __aeabi_d2uiz                            0x000886d4   ARM Code       0  dfixu.o(x$fpl$dfixu)
    _dfixu                                   0x000886d4   ARM Code     112  dfixu.o(x$fpl$dfixu)
    Inline Thumb to ARM Veneer to __aeabi_i2d 0x00088745   Thumb Code     4  dflt_noclz.o(x$fpl$dflt)
    __aeabi_i2d                              0x00088748   ARM Code       0  dflt_noclz.o(x$fpl$dflt)
    _dflt                                    0x00088748   ARM Code      88  dflt_noclz.o(x$fpl$dflt)
    __dflt_normalise                         0x00088758   ARM Code       0  dflt_noclz.o(x$fpl$dflt)
    Inline Thumb to ARM Veneer to __aeabi_dmul 0x000887a1   Thumb Code     4  dmul.o(x$fpl$dmul)
    __aeabi_dmul                             0x000887a4   ARM Code       0  dmul.o(x$fpl$dmul)
    _dmul                                    0x000887a4   ARM Code     372  dmul.o(x$fpl$dmul)
    __fpl_dnaninf                            0x00088924   ARM Code     192  dnaninf.o(x$fpl$dnaninf)
    __fpl_dretinf                            0x000889e4   ARM Code      16  dretinf.o(x$fpl$dretinf)
    __aeabi_drsub                            0x000889f4   ARM Code       0  daddsub_noclz.o(x$fpl$drsb)
    _drsb                                    0x000889f4   ARM Code      24  daddsub_noclz.o(x$fpl$drsb)
    _dsqrt                                   0x00088a0c   ARM Code     516  dsqrt_noumaal.o(x$fpl$dsqrt)
    __aeabi_dsub                             0x00088c14   ARM Code       0  daddsub_noclz.o(x$fpl$dsub)
    _dsub                                    0x00088c14   ARM Code     576  daddsub_noclz.o(x$fpl$dsub)
    Inline Thumb to ARM Veneer to __aeabi_f2d 0x00088e59   Thumb Code     4  f2d.o(x$fpl$f2d)
    __aeabi_f2d                              0x00088e5c   ARM Code       0  f2d.o(x$fpl$f2d)
    _f2d                                     0x00088e5c   ARM Code     100  f2d.o(x$fpl$f2d)
    Inline Thumb to ARM Veneer to __aeabi_fadd 0x00088ec1   Thumb Code     4  faddsub_noclz.o(x$fpl$fadd)
    __aeabi_fadd                             0x00088ec4   ARM Code       0  faddsub_noclz.o(x$fpl$fadd)
    _fadd                                    0x00088ec4   ARM Code     196  faddsub_noclz.o(x$fpl$fadd)
    __fpl_fcheck_NaN1                        0x00088f88   ARM Code       8  fcheck1.o(x$fpl$fcheck1)
    Inline Thumb to ARM Veneer to __aeabi_fdiv 0x00088f95   Thumb Code     4  fdiv.o(x$fpl$fdiv)
    __aeabi_fdiv                             0x00088f98   ARM Code       0  fdiv.o(x$fpl$fdiv)
    _fdiv                                    0x00088f98   ARM Code     396  fdiv.o(x$fpl$fdiv)
    Inline Thumb to ARM Veneer to __aeabi_f2iz 0x00089129   Thumb Code     4  ffix.o(x$fpl$ffix)
    __aeabi_f2iz                             0x0008912c   ARM Code       0  ffix.o(x$fpl$ffix)
    _ffix                                    0x0008912c   ARM Code      68  ffix.o(x$fpl$ffix)
    Inline Thumb to ARM Veneer to __aeabi_f2uiz 0x00089171   Thumb Code     4  ffixu.o(x$fpl$ffixu)
    __aeabi_f2uiz                            0x00089174   ARM Code       0  ffixu.o(x$fpl$ffixu)
    _ffixu                                   0x00089174   ARM Code      84  ffixu.o(x$fpl$ffixu)
    Inline Thumb to ARM Veneer to __aeabi_i2f 0x000891c9   Thumb Code     4  fflt_noclz.o(x$fpl$fflt)
    __aeabi_i2f                              0x000891cc   ARM Code       0  fflt_noclz.o(x$fpl$fflt)
    _fflt                                    0x000891cc   ARM Code      92  fflt_noclz.o(x$fpl$fflt)
    __fflt_normalise                         0x000891d8   ARM Code       0  fflt_noclz.o(x$fpl$fflt)
    Inline Thumb to ARM Veneer to __aeabi_ui2f 0x00089229   Thumb Code     4  fflt_noclz.o(x$fpl$ffltu)
    __aeabi_ui2f                             0x0008922c   ARM Code       0  fflt_noclz.o(x$fpl$ffltu)
    _ffltu                                   0x0008922c   ARM Code       8  fflt_noclz.o(x$fpl$ffltu)
    Inline Thumb to ARM Veneer to __aeabi_fmul 0x00089235   Thumb Code     4  fmul.o(x$fpl$fmul)
    __aeabi_fmul                             0x00089238   ARM Code       0  fmul.o(x$fpl$fmul)
    _fmul                                    0x00089238   ARM Code     256  fmul.o(x$fpl$fmul)
    __fpl_fnaninf                            0x00089338   ARM Code     168  fnaninf.o(x$fpl$fnaninf)
    Inline Thumb to ARM Veneer to _fp_init   0x000893e1   Thumb Code     4  fpinit.o(x$fpl$fpinit)
    _fp_init                                 0x000893e4   ARM Code      24  fpinit.o(x$fpl$fpinit)
    __fplib_config_pureend_doubles           0x000893f4   ARM Code       0  fpinit.o(x$fpl$fpinit)
    __fpl_fretinf                            0x000893fc   ARM Code      16  fretinf.o(x$fpl$fretinf)
    Inline Thumb to ARM Veneer to __aeabi_frsub 0x0008940d   Thumb Code     4  faddsub_noclz.o(x$fpl$frsb)
    __aeabi_frsub                            0x00089410   ARM Code       0  faddsub_noclz.o(x$fpl$frsb)
    _frsb                                    0x00089410   ARM Code      20  faddsub_noclz.o(x$fpl$frsb)
    Inline Thumb to ARM Veneer to __aeabi_fsub 0x00089425   Thumb Code     4  faddsub_noclz.o(x$fpl$fsub)
    __aeabi_fsub                             0x00089428   ARM Code       0  faddsub_noclz.o(x$fpl$fsub)
    _fsub                                    0x00089428   ARM Code     304  faddsub_noclz.o(x$fpl$fsub)
    __fpl_return_NaN                         0x00089558   ARM Code     116  retnan.o(x$fpl$retnan)
    Inline Thumb to ARM Veneer to scalbn     0x000895cd   Thumb Code     4  scalbn.o(x$fpl$scalbn)
    __ARM_scalbn                             0x000895d0   ARM Code       0  scalbn.o(x$fpl$scalbn)
    scalbn                                   0x000895d0   ARM Code     108  scalbn.o(x$fpl$scalbn)
    __fpl_inf_scalbn                         0x00089638   ARM Code       0  scalbn.o(x$fpl$scalbn)
    Inline Thumb to ARM Veneer to scalbnf    0x0008963d   Thumb Code     4  scalbnf.o(x$fpl$scalbnf)
    __ARM_scalbnf                            0x00089640   ARM Code       0  scalbnf.o(x$fpl$scalbnf)
    scalbnf                                  0x00089640   ARM Code      96  scalbnf.o(x$fpl$scalbnf)
    __fpl_inf_scalbnf                        0x0008969c   ARM Code       0  scalbnf.o(x$fpl$scalbnf)
    __fpl_cmpreturn                          0x000896a0   ARM Code      60  trapv.o(x$fpl$trapveneer)
    __I$use$fp                               0x000896dc   ARM Code       0  usenofp.o(x$fpl$usenofp)
    os_maxtaskrun                            0x000898dc   Data           2  rtx_config.o(.constdata)
    os_stackinfo                             0x000898e0   Data           4  rtx_config.o(.constdata)
    os_rrobin                                0x000898e4   Data           4  rtx_config.o(.constdata)
    os_clockrate                             0x000898e8   Data           4  rtx_config.o(.constdata)
    os_timernum                              0x000898ec   Data           4  rtx_config.o(.constdata)
    mp_tcb_size                              0x000898f0   Data           2  rtx_config.o(.constdata)
    mp_stk_size                              0x000898f4   Data           4  rtx_config.o(.constdata)
    os_fifo_size                             0x000898f8   Data           1  rtx_config.o(.constdata)
    mp_tmr_size                              0x000898fa   Data           2  rtx_config.o(.constdata)
    LED7Code                                 0x000898fc   Data          22  ht1622.o(.constdata)
    LED16Char                                0x00089912   Data         108  ht1622.o(.constdata)
    LED16Num                                 0x0008997e   Data          40  ht1622.o(.constdata)
    display                                  0x000899a6   Data        1296  hmi.o(.constdata)
    __mathlib_zero                           0x00089ef0   Data           8  qnan.o(.constdata)
    Region$$Table$$Base                      0x00089ef8   Number         0  anon$$obj.o(Region$$Table)
    Region$$Table$$Limit                     0x00089f18   Number         0  anon$$obj.o(Region$$Table)
    g_UnitCfgInFlash                         0x0008f400   Data         512  main.o(.ARM.__AT_0x0008F400)



==============================================================================

Memory Map of the image

  Image Entry point : 0x000800cc

  Load Region LR_IROM1 (Base: 0x00080000, Size: 0x0000f760, Max: 0x0000f800, ABSOLUTE, COMPRESSED[0x0000f64c])

    Execution Region RW_IRAM1 (Base: 0x00010000, Size: 0x00001f88, Max: 0x00002000, ABSOLUTE, COMPRESSED[0x0000004c])

    Base Addr    Size         Type   Attr      Idx    E Section Name        Object

    0x00010000   0x0000001c   Data   RW           15    .data               main.o
    0x0001001c   0x00000002   Data   RW          110    .data               portevent.o
    0x0001001e   0x00000001   Data   RW          125    .data               portserial.o
    0x0001001f   0x00000001   PAD
    0x00010020   0x00000004   Data   RW          147    .data               porttimer.o
    0x00010024   0x000000ac   Data   RW          178    .data               mb.o
    0x000100d0   0x0000000c   Data   RW          247    .data               mbrtu.o
    0x000100dc   0x00000002   Data   RW          314    .data               mbfuncother.o
    0x000100de   0x00000002   PAD
    0x000100e0   0x00000010   Data   RW          340    .data               mbascii.o
    0x000100f0   0x00000004   Data   RW          375    .data               rtx_config.o
    0x000100f4   0x00000008   Data   RW          376    .data               rtx_config.o
    0x000100fc   0x00000008   Data   RW          403    .data               iap.o
    0x00010104   0x00000001   Data   RW          421    .data               ht1622.o
    0x00010105   0x00000003   PAD
    0x00010108   0x0000002c   Data   RW          452    .data               hmi.o
    0x00010134   0x00000006   Data   RW          501    .data               calc.o
    0x0001013a   0x00000002   PAD
    0x0001013c   0x00000004   Data   RW          525    .data               RTX_ARM_L.lib(rt_task.o)(RTX_ARM_L.lib)
    0x00010140   0x00000002   Data   RW          610    .data               RTX_ARM_L.lib(rt_time.o)(RTX_ARM_L.lib)
    0x00010142   0x00000002   PAD
    0x00010144   0x00000004   Data   RW          712    .data               RTX_ARM_L.lib(hal_arm.o)(RTX_ARM_L.lib)
    0x00010148   0x00000008   Data   RW          765    .data               RTX_ARM_L.lib(rt_system.o)(RTX_ARM_L.lib)
    0x00010150   0x00000008   Data   RW          872    .data               RTX_ARM_L.lib(rt_robin.o)(RTX_ARM_L.lib)
    0x00010158   0x00000008   Data   RW         1011    .data               RTX_ARM_L.lib(rt_timer.o)(RTX_ARM_L.lib)
    0x00010160   0x000000aa   Zero   RW           13    .bss                main.o
    0x0001020a   0x00000100   Zero   RW          246    .bss                mbrtu.o
    0x0001030a   0x00000020   Zero   RW          313    .bss                mbfuncother.o
    0x0001032a   0x00000002   PAD
    0x0001032c   0x0000012c   Zero   RW          362    .bss                rtx_config.o
    0x00010458   0x00000710   Zero   RW          363    .bss                rtx_config.o
    0x00010b68   0x00000084   Zero   RW          364    .bss                rtx_config.o
    0x00010bec   0x00000018   Zero   RW          365    .bss                rtx_config.o
    0x00010c04   0x000002a0   Zero   RW          366    .bss                rtx_config.o
    0x00010ea4   0x00000f6f   Zero   RW          450    .bss                hmi.o
    0x00011e13   0x00000001   PAD
    0x00011e14   0x00000030   Zero   RW          524    .bss                RTX_ARM_L.lib(rt_task.o)(RTX_ARM_L.lib)
    0x00011e44   0x00000030   Zero   RW          808    .bss                RTX_ARM_L.lib(rt_list.o)(RTX_ARM_L.lib)
    0x00011e74   0x00000060   Zero   RW         1038    .bss                c_t.l(libspace.o)(c_t.l)
    0x00011ed4   0x00000004   PAD
    0x00011ed8   0x00000000   Zero   RW            2    HEAP                startup.o
    0x00011ed8   0x000000b0   Zero   RW            1    STACK               startup.o


    Execution Region ER_IROM1 (Base: 0x00080000, Size: 0x0000f600, Max: 0x0000f800, ABSOLUTE)

    Base Addr    Size         Type   Attr      Idx    E Section Name        Object

    0x00080000   0x000000cc   Code   RO            3    RESET               startup.o
    0x000800cc   0x00000008   Code   RO         1066  * !!!main             c_t.l(__main.o)(c_t.l)
    0x000800d4   0x0000003c   Code   RO         1360    !!!scatter          c_t.l(__scatter.o)(c_t.l)
    0x00080110   0x0000005c   Code   RO         1358    !!dczerorl2         c_t.l(__dczerorl2.o)(c_t.l)
    0x0008016c   0x0000002c   Code   RO         1362    !!handler_zi        c_t.l(__scatter_zi.o)(c_t.l)
    0x00080198   0x00000008   Ven    RO         1241    .ARM.Collect$$libinit$$00000000  c_t.l(libinit.o)(c_t.l)
    0x000801a0   0x00000006   Code   RO         1241    .ARM.Collect$$libinit$$00000000  c_t.l(libinit.o)(c_t.l)
    0x000801a6   0x00000000   Code   RO         1254    .ARM.Collect$$libinit$$00000006  c_t.l(libinit2.o)(c_t.l)
    0x000801a6   0x00000000   Code   RO         1256    .ARM.Collect$$libinit$$00000008  c_t.l(libinit2.o)(c_t.l)
    0x000801a6   0x00000000   Code   RO         1258    .ARM.Collect$$libinit$$0000000A  c_t.l(libinit2.o)(c_t.l)
    0x000801a6   0x00000000   Code   RO         1261    .ARM.Collect$$libinit$$0000000D  c_t.l(libinit2.o)(c_t.l)
    0x000801a6   0x00000000   Code   RO         1263    .ARM.Collect$$libinit$$0000000F  c_t.l(libinit2.o)(c_t.l)
    0x000801a6   0x00000000   Code   RO         1265    .ARM.Collect$$libinit$$00000011  c_t.l(libinit2.o)(c_t.l)
    0x000801a6   0x00000000   Code   RO         1267    .ARM.Collect$$libinit$$00000013  c_t.l(libinit2.o)(c_t.l)
    0x000801a6   0x00000000   Code   RO         1269    .ARM.Collect$$libinit$$00000015  c_t.l(libinit2.o)(c_t.l)
    0x000801a6   0x00000000   Code   RO         1271    .ARM.Collect$$libinit$$00000017  c_t.l(libinit2.o)(c_t.l)
    0x000801a6   0x00000000   Code   RO         1273    .ARM.Collect$$libinit$$00000019  c_t.l(libinit2.o)(c_t.l)
    0x000801a6   0x00000000   Code   RO         1275    .ARM.Collect$$libinit$$0000001B  c_t.l(libinit2.o)(c_t.l)
    0x000801a6   0x00000000   Code   RO         1277    .ARM.Collect$$libinit$$0000001D  c_t.l(libinit2.o)(c_t.l)
    0x000801a6   0x00000000   Code   RO         1279    .ARM.Collect$$libinit$$0000001F  c_t.l(libinit2.o)(c_t.l)
    0x000801a6   0x00000000   Code   RO         1281    .ARM.Collect$$libinit$$00000021  c_t.l(libinit2.o)(c_t.l)
    0x000801a6   0x00000000   Code   RO         1285    .ARM.Collect$$libinit$$00000028  c_t.l(libinit2.o)(c_t.l)
    0x000801a6   0x00000000   Code   RO         1287    .ARM.Collect$$libinit$$0000002A  c_t.l(libinit2.o)(c_t.l)
    0x000801a6   0x00000000   Code   RO         1289    .ARM.Collect$$libinit$$0000002C  c_t.l(libinit2.o)(c_t.l)
    0x000801a6   0x00000000   Code   RO         1291    .ARM.Collect$$libinit$$0000002E  c_t.l(libinit2.o)(c_t.l)
    0x000801a6   0x0000000c   Code   RO         1292    .ARM.Collect$$libinit$$0000002F  c_t.l(libinit2.o)(c_t.l)
    0x000801b2   0x00000002   PAD
    0x000801b4   0x00000008   Ven    RO         1332    .ARM.Collect$$libshutdown$$00000000  c_t.l(libshutdown.o)(c_t.l)
    0x000801bc   0x00000004   Code   RO         1332    .ARM.Collect$$libshutdown$$00000000  c_t.l(libshutdown.o)(c_t.l)
    0x000801c0   0x00000000   Code   RO         1343    .ARM.Collect$$libshutdown$$00000003  c_t.l(libshutdown2.o)(c_t.l)
    0x000801c0   0x00000000   Code   RO         1346    .ARM.Collect$$libshutdown$$00000006  c_t.l(libshutdown2.o)(c_t.l)
    0x000801c0   0x00000000   Code   RO         1349    .ARM.Collect$$libshutdown$$00000009  c_t.l(libshutdown2.o)(c_t.l)
    0x000801c0   0x00000000   Code   RO         1351    .ARM.Collect$$libshutdown$$0000000B  c_t.l(libshutdown2.o)(c_t.l)
    0x000801c0   0x00000000   Code   RO         1354    .ARM.Collect$$libshutdown$$0000000E  c_t.l(libshutdown2.o)(c_t.l)
    0x000801c0   0x00000006   Code   RO         1355    .ARM.Collect$$libshutdown$$0000000F  c_t.l(libshutdown2.o)(c_t.l)
    0x000801c6   0x00000002   PAD
    0x000801c8   0x00000000   Code   RO         1148    .ARM.Collect$$rtentry$$00000000  c_t.l(rtentry.o)(c_t.l)
    0x000801c8   0x00000000   Code   RO         1187    .ARM.Collect$$rtentry$$00000002  c_t.l(rtentry2.o)(c_t.l)
    0x000801c8   0x00000008   Code   RO         1202    .ARM.Collect$$rtentry$$00000004  c_t.l(rtentry4.o)(c_t.l)
    0x000801d0   0x00000000   Code   RO         1189    .ARM.Collect$$rtentry$$00000009  c_t.l(rtentry2.o)(c_t.l)
    0x000801d0   0x00000004   Code   RO         1190    .ARM.Collect$$rtentry$$0000000A  c_t.l(rtentry2.o)(c_t.l)
    0x000801d4   0x00000000   Code   RO         1192    .ARM.Collect$$rtentry$$0000000C  c_t.l(rtentry2.o)(c_t.l)
    0x000801d4   0x00000028   Code   RO         1193    .ARM.Collect$$rtentry$$0000000D  c_t.l(rtentry2.o)(c_t.l)
    0x000801fc   0x00000004   Ven    RO         1246    .ARM.Collect$$rtexit$$00000000  c_t.l(rtexit.o)(c_t.l)
    0x00080200   0x00000004   Code   RO         1246    .ARM.Collect$$rtexit$$00000000  c_t.l(rtexit.o)(c_t.l)
    0x00080204   0x00000000   Code   RO         1296    .ARM.Collect$$rtexit$$00000002  c_t.l(rtexit2.o)(c_t.l)
    0x00080204   0x00000004   Code   RO         1297    .ARM.Collect$$rtexit$$00000003  c_t.l(rtexit2.o)(c_t.l)
    0x00080208   0x00000008   Code   RO         1298    .ARM.Collect$$rtexit$$00000004  c_t.l(rtexit2.o)(c_t.l)
    0x00080210   0x00000048   Code   RO          359    .emb_text           rtx_config.o
    0x00080258   0x000001e8   Code   RO          704    .emb_text           RTX_ARM_L.lib(hal_arm.o)(RTX_ARM_L.lib)
    0x00080440   0x00000020   Code   RO            4    .text               startup.o
    0x00080460   0x00000530   Code   RO           11    .text               main.o
    0x00080990   0x00000034   Code   RO          109    .text               portevent.o
    0x000809c4   0x000000f8   Code   RO          123    .text               portserial.o
    0x00080abc   0x00000058   Code   RO          124    .text               portserial.o
    0x00080b14   0x00000010   Code   RO          145    .text               porttimer.o
    0x00080b24   0x00000030   Code   RO          146    .text               porttimer.o
    0x00080b54   0x00000258   Code   RO          177    .text               mb.o
    0x00080dac   0x00000034   Code   RO          231    .text               mbcrc.o
    0x00080de0   0x00000240   Code   RO          245    .text               mbrtu.o
    0x00081020   0x00000144   Code   RO          264    .text               mbfunccoils.o
    0x00081164   0x0000007c   Code   RO          276    .text               mbfuncdisc.o
    0x000811e0   0x0000018c   Code   RO          288    .text               mbfuncholding.o
    0x0008136c   0x00000064   Code   RO          300    .text               mbfuncinput.o
    0x000813d0   0x00000068   Code   RO          312    .text               mbfuncother.o
    0x00081438   0x0000006e   Code   RO          327    .text               mbutils.o
    0x000814a6   0x00000002   PAD
    0x000814a8   0x0000031c   Code   RO          339    .text               mbascii.o
    0x000817c4   0x00000008   Ven    RO          360    .text               rtx_config.o
    0x000817cc   0x0000010c   Code   RO          360    .text               rtx_config.o
    0x000818d8   0x00000004   Code   RO          361    .text               rtx_config.o
    0x000818dc   0x00000064   Code   RO          402    .text               iap.o
    0x00081940   0x00000bc0   Code   RO          419    .text               ht1622.o
    0x00082500   0x00003ba0   Code   RO          449    .text               hmi.o
    0x000860a0   0x000001fc   Code   RO          476    .text               ds18b20.o
    0x0008629c   0x000000e8   Code   RO          488    .text               pid.o
    0x00086384   0x0000065c   Code   RO          500    .text               calc.o
    0x000869e0   0x0000000c   Code   RO         1037    .text               c_t.l(libspace.o)(c_t.l)
    0x000869ec   0x00000010   Code   RO         1040    .text               c_t.l(abort.o)(c_t.l)
    0x000869fc   0x00000004   Ven    RO         1042    .text               c_t.l(rt_memcpy.o)(c_t.l)
    0x00086a00   0x000000d4   Code   RO         1042    .text               c_t.l(rt_memcpy.o)(c_t.l)
    0x00086ad4   0x00000004   Ven    RO         1044    .text               c_t.l(uread4.o)(c_t.l)
    0x00086ad8   0x00000020   Code   RO         1044    .text               c_t.l(uread4.o)(c_t.l)
    0x00086af8   0x00000004   Ven    RO         1046    .text               c_t.l(uwrite4.o)(c_t.l)
    0x00086afc   0x00000020   Code   RO         1046    .text               c_t.l(uwrite4.o)(c_t.l)
    0x00086b1c   0x00000004   Ven    RO         1048    .text               c_t.l(aeabi_sdiv.o)(c_t.l)
    0x00086b20   0x00000180   Code   RO         1048    .text               c_t.l(aeabi_sdiv.o)(c_t.l)
    0x00086ca0   0x00000006   Code   RO         1064    .text               c_t.l(heapauxi.o)(c_t.l)
    0x00086ca6   0x00000002   PAD
    0x00086ca8   0x00000008   Ven    RO         1146    .text               c_t.l(sys_exit.o)(c_t.l)
    0x00086cb0   0x0000000c   Code   RO         1146    .text               c_t.l(sys_exit.o)(c_t.l)
    0x00086cbc   0x00000008   Ven    RO         1154    .text               c_t.l(_rserrno.o)(c_t.l)
    0x00086cc4   0x0000001a   Code   RO         1154    .text               c_t.l(_rserrno.o)(c_t.l)
    0x00086cde   0x00000010   Code   RO         1156    .text               c_t.l(defsig_abrt_outer.o)(c_t.l)
    0x00086cee   0x00000002   PAD
    0x00086cf0   0x00000064   Code   RO         1160    .text               c_t.l(rt_memcpy_w.o)(c_t.l)
    0x00086d54   0x00000004   Code   RO         1184    .text               c_t.l(use_no_semi.o)(c_t.l)
    0x00086d58   0x00000004   Ven    RO         1213    .text               c_t.l(rt_errno_addr_twolibspace.o)(c_t.l)
    0x00086d5c   0x00000004   Code   RO         1213    .text               c_t.l(rt_errno_addr_twolibspace.o)(c_t.l)
    0x00086d60   0x00000010   Code   RO         1215    .text               c_t.l(defsig_exit.o)(c_t.l)
    0x00086d70   0x00000034   Code   RO         1217    .text               c_t.l(defsig_abrt_inner.o)(c_t.l)
    0x00086da4   0x00000060   Code   RO         1223    .text               c_t.l(sys_stackheap_outer.o)(c_t.l)
    0x00086e04   0x0000000c   Code   RO         1225    .text               c_t.l(exit.o)(c_t.l)
    0x00086e10   0x00000038   Code   RO         1229    .text               c_t.l(defsig_general.o)(c_t.l)
    0x00086e48   0x00000010   Code   RO         1244    .text               c_t.l(sys_wrch.o)(c_t.l)
    0x00086e58   0x00000014   Code   RO         1308    .text               c_t.l(rt_fp_status_addr_twolibspace.o)(c_t.l)
    0x00086e6c   0x00000004   Ven    RO         1049    .text_udiv          c_t.l(aeabi_sdiv.o)(c_t.l)
    0x00086e70   0x00000024   Code   RO         1049    .text_udiv          c_t.l(aeabi_sdiv.o)(c_t.l)
    0x00086e94   0x00000024   Code   RO          921    SWI_TABLE           RTX_ARM_L.lib(swi_table.o)(RTX_ARM_L.lib)
    0x00086eb8   0x00000002   Code   RO          195    i.__ARM_common_call_via_r0  mb.o
    0x00086eba   0x00000002   Code   RO          191    i.__ARM_common_call_via_r2  mb.o
    0x00086ebc   0x00000002   Code   RO          193    i.__ARM_common_call_via_r3  mb.o
    0x00086ebe   0x00000002   PAD
    0x00086ec0   0x00000004   Ven    RO          199    i.__ARM_common_disable_irq  mb.o
    0x00086ec4   0x00000014   Code   RO          199    i.__ARM_common_disable_irq  mb.o
    0x00086ed8   0x00000004   Ven    RO          197    i.__ARM_common_enable_irq  mb.o
    0x00086edc   0x00000010   Code   RO          197    i.__ARM_common_enable_irq  mb.o
    0x00086eec   0x00000004   Ven    RO          350    i.__ARM_common_switch8  mbascii.o
    0x00086ef0   0x00000018   Code   RO          350    i.__ARM_common_switch8  mbascii.o
    0x00086f08   0x00000030   Code   RO          705    i.__SWI_0           RTX_ARM_L.lib(hal_arm.o)(RTX_ARM_L.lib)
    0x00086f38   0x0000000e   Code   RO          891    i.__SWI_1           RTX_ARM_L.lib(rt_membox.o)(RTX_ARM_L.lib)
    0x00086f46   0x00000018   Code   RO          892    i.__SWI_2           RTX_ARM_L.lib(rt_membox.o)(RTX_ARM_L.lib)
    0x00086f5e   0x00000008   Code   RO          706    i.__SWI_3           RTX_ARM_L.lib(hal_arm.o)(RTX_ARM_L.lib)
    0x00086f66   0x00000008   Code   RO          707    i.__SWI_4           RTX_ARM_L.lib(hal_arm.o)(RTX_ARM_L.lib)
    0x00086f6e   0x00000002   Code   RO          708    i.__SWI_6           RTX_ARM_L.lib(hal_arm.o)(RTX_ARM_L.lib)
    0x00086f70   0x00000002   Code   RO          709    i.__SWI_7           RTX_ARM_L.lib(hal_arm.o)(RTX_ARM_L.lib)
    0x00086f72   0x00000002   PAD
    0x00086f74   0x00000100   Code   RO         1181    i.__kernel_poly     m_ts.l(poly.o)(m_ts.l)
    0x00087074   0x0000004a   Code   RO          894    i._init_box         RTX_ARM_L.lib(rt_membox.o)(RTX_ARM_L.lib)
    0x000870be   0x00000002   PAD
    0x000870c0   0x00000004   Ven    RO         1129    i.log               m_ts.l(log.o)(m_ts.l)
    0x000870c4   0x00000590   Code   RO         1129    i.log               m_ts.l(log.o)(m_ts.l)
    0x00087654   0x00000048   Code   RO          514    i.os_block          RTX_ARM_L.lib(rt_task.o)(RTX_ARM_L.lib)
    0x0008769c   0x00000044   Code   RO          870    i.os_chk_robin      RTX_ARM_L.lib(rt_robin.o)(RTX_ARM_L.lib)
    0x000876e0   0x0000007c   Code   RO          798    i.os_dec_dly        RTX_ARM_L.lib(rt_list.o)(RTX_ARM_L.lib)
    0x0008775c   0x00000044   Code   RO          515    i.os_dispatch       RTX_ARM_L.lib(rt_task.o)(RTX_ARM_L.lib)
    0x000877a0   0x00000018   Code   RO          607    i.os_dly_wait       RTX_ARM_L.lib(rt_time.o)(RTX_ARM_L.lib)
    0x000877b8   0x00000050   Code   RO          641    i.os_evt_psh        RTX_ARM_L.lib(rt_event.o)(RTX_ARM_L.lib)
    0x00087808   0x00000064   Code   RO          642    i.os_evt_set        RTX_ARM_L.lib(rt_event.o)(RTX_ARM_L.lib)
    0x0008786c   0x00000058   Code   RO          643    i.os_evt_wait       RTX_ARM_L.lib(rt_event.o)(RTX_ARM_L.lib)
    0x000878c4   0x0000002a   Code   RO          799    i.os_get_first      RTX_ARM_L.lib(rt_list.o)(RTX_ARM_L.lib)
    0x000878ee   0x00000002   PAD
    0x000878f0   0x00000048   Code   RO          516    i.os_init_context   RTX_ARM_L.lib(rt_task.o)(RTX_ARM_L.lib)
    0x00087938   0x00000018   Code   RO          871    i.os_init_robin     RTX_ARM_L.lib(rt_robin.o)(RTX_ARM_L.lib)
    0x00087950   0x00000064   Code   RO          710    i.os_init_stack     RTX_ARM_L.lib(hal_arm.o)(RTX_ARM_L.lib)
    0x000879b4   0x00000018   Code   RO          608    i.os_itv_set        RTX_ARM_L.lib(rt_time.o)(RTX_ARM_L.lib)
    0x000879cc   0x00000038   Code   RO          609    i.os_itv_wait       RTX_ARM_L.lib(rt_time.o)(RTX_ARM_L.lib)
    0x00087a04   0x00000088   Code   RO          928    i.os_mbx_psh        RTX_ARM_L.lib(rt_mailbox.o)(RTX_ARM_L.lib)
    0x00087a8c   0x00000030   Code   RO          680    i.os_mut_init       RTX_ARM_L.lib(rt_mutex.o)(RTX_ARM_L.lib)
    0x00087abc   0x000000a8   Code   RO          681    i.os_mut_release    RTX_ARM_L.lib(rt_mutex.o)(RTX_ARM_L.lib)
    0x00087b64   0x00000084   Code   RO          682    i.os_mut_wait       RTX_ARM_L.lib(rt_mutex.o)(RTX_ARM_L.lib)
    0x00087be8   0x00000050   Code   RO          802    i.os_put_dly        RTX_ARM_L.lib(rt_list.o)(RTX_ARM_L.lib)
    0x00087c38   0x0000003e   Code   RO          803    i.os_put_prio       RTX_ARM_L.lib(rt_list.o)(RTX_ARM_L.lib)
    0x00087c76   0x00000002   PAD
    0x00087c78   0x00000014   Code   RO          804    i.os_put_rdy_first  RTX_ARM_L.lib(rt_list.o)(RTX_ARM_L.lib)
    0x00087c8c   0x00000034   Code   RO          805    i.os_resort_prio    RTX_ARM_L.lib(rt_list.o)(RTX_ARM_L.lib)
    0x00087cc0   0x0000002c   Code   RO          806    i.os_rmv_dly        RTX_ARM_L.lib(rt_list.o)(RTX_ARM_L.lib)
    0x00087cec   0x00000034   Code   RO          807    i.os_rmv_list       RTX_ARM_L.lib(rt_list.o)(RTX_ARM_L.lib)
    0x00087d20   0x00000038   Code   RO          974    i.os_sem_psh        RTX_ARM_L.lib(rt_semaphore.o)(RTX_ARM_L.lib)
    0x00087d58   0x0000002c   Code   RO          711    i.os_stk_check      RTX_ARM_L.lib(hal_arm.o)(RTX_ARM_L.lib)
    0x00087d84   0x000000e8   Code   RO          517    i.os_sys_init1      RTX_ARM_L.lib(rt_task.o)(RTX_ARM_L.lib)
    0x00087e6c   0x000000cc   Code   RO          764    i.os_sys_manager    RTX_ARM_L.lib(rt_system.o)(RTX_ARM_L.lib)
    0x00087f38   0x00000044   Code   RO         1010    i.os_tmr_tick       RTX_ARM_L.lib(rt_timer.o)(RTX_ARM_L.lib)
    0x00087f7c   0x00000090   Code   RO          518    i.os_tsk_create0    RTX_ARM_L.lib(rt_task.o)(RTX_ARM_L.lib)
    0x0008800c   0x000000a8   Code   RO          520    i.os_tsk_delete     RTX_ARM_L.lib(rt_task.o)(RTX_ARM_L.lib)
    0x000880b4   0x00000010   Code   RO          523    i.os_tsk_self       RTX_ARM_L.lib(rt_task.o)(RTX_ARM_L.lib)
    0x000880c4   0x00000004   Ven    RO         1139    i.sqrt              m_ts.l(sqrt.o)(m_ts.l)
    0x000880c8   0x0000006c   Code   RO         1139    i.sqrt              m_ts.l(sqrt.o)(m_ts.l)
    0x00088134   0x00000010   Code   RO          168    i.vMBPortTimersDisable  porttimer.o
    0x00088144   0x00000024   Code   RO          162    i.vMBPortTimersEnable  porttimer.o
    0x00088168   0x00000004   Ven    RO         1068    x$fpl$d2f           fz_ts.l(d2f.o)(fz_ts.l)
    0x0008816c   0x0000006c   Code   RO         1068    x$fpl$d2f           fz_ts.l(d2f.o)(fz_ts.l)
    0x000881d8   0x00000004   Ven    RO         1070    x$fpl$dadd          fz_ts.l(daddsub_noclz.o)(fz_ts.l)
    0x000881dc   0x00000150   Code   RO         1070    x$fpl$dadd          fz_ts.l(daddsub_noclz.o)(fz_ts.l)
    0x0008832c   0x00000010   Code   RO         1162    x$fpl$dcheck1       fz_ts.l(dcheck1.o)(fz_ts.l)
    0x0008833c   0x0000001c   Code   RO         1219    x$fpl$dcmpinf       fz_ts.l(dcmpi.o)(fz_ts.l)
    0x00088358   0x00000004   Ven    RO         1077    x$fpl$ddiv          fz_ts.l(ddiv.o)(fz_ts.l)
    0x0008835c   0x000002e0   Code   RO         1077    x$fpl$ddiv          fz_ts.l(ddiv.o)(fz_ts.l)
    0x0008863c   0x00000094   Code   RO         1164    x$fpl$deqf          fz_ts.l(deqf.o)(fz_ts.l)
    0x000886d0   0x00000004   Ven    RO         1080    x$fpl$dfixu         fz_ts.l(dfixu.o)(fz_ts.l)
    0x000886d4   0x00000070   Code   RO         1080    x$fpl$dfixu         fz_ts.l(dfixu.o)(fz_ts.l)
    0x00088744   0x00000004   Ven    RO         1085    x$fpl$dflt          fz_ts.l(dflt_noclz.o)(fz_ts.l)
    0x00088748   0x00000058   Code   RO         1085    x$fpl$dflt          fz_ts.l(dflt_noclz.o)(fz_ts.l)
    0x000887a0   0x00000004   Ven    RO         1088    x$fpl$dmul          fz_ts.l(dmul.o)(fz_ts.l)
    0x000887a4   0x00000180   Code   RO         1088    x$fpl$dmul          fz_ts.l(dmul.o)(fz_ts.l)
    0x00088924   0x000000c0   Code   RO         1168    x$fpl$dnaninf       fz_ts.l(dnaninf.o)(fz_ts.l)
    0x000889e4   0x00000010   Code   RO         1170    x$fpl$dretinf       fz_ts.l(dretinf.o)(fz_ts.l)
    0x000889f4   0x00000018   Code   RO         1071    x$fpl$drsb          fz_ts.l(daddsub_noclz.o)(fz_ts.l)
    0x00088a0c   0x00000208   Code   RO         1172    x$fpl$dsqrt         fz_ts.l(dsqrt_noumaal.o)(fz_ts.l)
    0x00088c14   0x00000244   Code   RO         1072    x$fpl$dsub          fz_ts.l(daddsub_noclz.o)(fz_ts.l)
    0x00088e58   0x00000004   Ven    RO         1090    x$fpl$f2d           fz_ts.l(f2d.o)(fz_ts.l)
    0x00088e5c   0x00000064   Code   RO         1090    x$fpl$f2d           fz_ts.l(f2d.o)(fz_ts.l)
    0x00088ec0   0x00000004   Ven    RO         1092    x$fpl$fadd          fz_ts.l(faddsub_noclz.o)(fz_ts.l)
    0x00088ec4   0x000000c4   Code   RO         1092    x$fpl$fadd          fz_ts.l(faddsub_noclz.o)(fz_ts.l)
    0x00088f88   0x0000000c   Code   RO         1174    x$fpl$fcheck1       fz_ts.l(fcheck1.o)(fz_ts.l)
    0x00088f94   0x00000004   Ven    RO         1099    x$fpl$fdiv          fz_ts.l(fdiv.o)(fz_ts.l)
    0x00088f98   0x00000190   Code   RO         1099    x$fpl$fdiv          fz_ts.l(fdiv.o)(fz_ts.l)
    0x00089128   0x00000004   Ven    RO         1102    x$fpl$ffix          fz_ts.l(ffix.o)(fz_ts.l)
    0x0008912c   0x00000044   Code   RO         1102    x$fpl$ffix          fz_ts.l(ffix.o)(fz_ts.l)
    0x00089170   0x00000004   Ven    RO         1106    x$fpl$ffixu         fz_ts.l(ffixu.o)(fz_ts.l)
    0x00089174   0x00000054   Code   RO         1106    x$fpl$ffixu         fz_ts.l(ffixu.o)(fz_ts.l)
    0x000891c8   0x00000004   Ven    RO         1111    x$fpl$fflt          fz_ts.l(fflt_noclz.o)(fz_ts.l)
    0x000891cc   0x0000005c   Code   RO         1111    x$fpl$fflt          fz_ts.l(fflt_noclz.o)(fz_ts.l)
    0x00089228   0x00000004   Ven    RO         1110    x$fpl$ffltu         fz_ts.l(fflt_noclz.o)(fz_ts.l)
    0x0008922c   0x00000008   Code   RO         1110    x$fpl$ffltu         fz_ts.l(fflt_noclz.o)(fz_ts.l)
    0x00089234   0x00000004   Ven    RO         1114    x$fpl$fmul          fz_ts.l(fmul.o)(fz_ts.l)
    0x00089238   0x00000100   Code   RO         1114    x$fpl$fmul          fz_ts.l(fmul.o)(fz_ts.l)
    0x00089338   0x000000a8   Code   RO         1176    x$fpl$fnaninf       fz_ts.l(fnaninf.o)(fz_ts.l)
    0x000893e0   0x00000004   Ven    RO         1293    x$fpl$fpinit        fz_ts.l(fpinit.o)(fz_ts.l)
    0x000893e4   0x00000018   Code   RO         1293    x$fpl$fpinit        fz_ts.l(fpinit.o)(fz_ts.l)
    0x000893fc   0x00000010   Code   RO         1178    x$fpl$fretinf       fz_ts.l(fretinf.o)(fz_ts.l)
    0x0008940c   0x00000004   Ven    RO         1093    x$fpl$frsb          fz_ts.l(faddsub_noclz.o)(fz_ts.l)
    0x00089410   0x00000014   Code   RO         1093    x$fpl$frsb          fz_ts.l(faddsub_noclz.o)(fz_ts.l)
    0x00089424   0x00000004   Ven    RO         1094    x$fpl$fsub          fz_ts.l(faddsub_noclz.o)(fz_ts.l)
    0x00089428   0x00000130   Code   RO         1094    x$fpl$fsub          fz_ts.l(faddsub_noclz.o)(fz_ts.l)
    0x00089558   0x00000074   Code   RO         1221    x$fpl$retnan        fz_ts.l(retnan.o)(fz_ts.l)
    0x000895cc   0x00000004   Ven    RO         1119    x$fpl$scalbn        fz_ts.l(scalbn.o)(fz_ts.l)
    0x000895d0   0x0000006c   Code   RO         1119    x$fpl$scalbn        fz_ts.l(scalbn.o)(fz_ts.l)
    0x0008963c   0x00000004   Ven    RO         1125    x$fpl$scalbnf       fz_ts.l(scalbnf.o)(fz_ts.l)
    0x00089640   0x00000060   Code   RO         1125    x$fpl$scalbnf       fz_ts.l(scalbnf.o)(fz_ts.l)
    0x000896a0   0x0000003c   Code   RO         1242    x$fpl$trapveneer    fz_ts.l(trapv.o)(fz_ts.l)
    0x000896dc   0x00000000   Code   RO         1180    x$fpl$usenofp       fz_ts.l(usenofp.o)(fz_ts.l)
    0x000896dc   0x00000200   Data   RO          232    .constdata          mbcrc.o
    0x000898dc   0x00000002   Data   RO          367    .constdata          rtx_config.o
    0x000898de   0x00000002   PAD
    0x000898e0   0x00000004   Data   RO          368    .constdata          rtx_config.o
    0x000898e4   0x00000004   Data   RO          369    .constdata          rtx_config.o
    0x000898e8   0x00000008   Data   RO          370    .constdata          rtx_config.o
    0x000898f0   0x00000002   Data   RO          371    .constdata          rtx_config.o
    0x000898f2   0x00000002   PAD
    0x000898f4   0x00000004   Data   RO          372    .constdata          rtx_config.o
    0x000898f8   0x00000001   Data   RO          373    .constdata          rtx_config.o
    0x000898f9   0x00000001   PAD
    0x000898fa   0x00000002   Data   RO          374    .constdata          rtx_config.o
    0x000898fc   0x000000aa   Data   RO          420    .constdata          ht1622.o
    0x000899a6   0x00000510   Data   RO          451    .constdata          hmi.o
    0x00089eb6   0x00000002   PAD
    0x00089eb8   0x00000038   Data   RO         1130    .constdata          m_ts.l(log.o)(m_ts.l)
    0x00089ef0   0x00000008   Data   RO         1183    .constdata          m_ts.l(qnan.o)(m_ts.l)
    0x00089ef8   0x00000020   Data   RO         1356    Region$$Table       anon$$obj.o
    0x00089f18   0x000054e8   PAD
    0x0008f400   0x00000200   Data   RO           12    .ARM.__AT_0x0008F400  main.o


==============================================================================

Image component sizes


      Code (inc. data)   RO Data    RW Data    ZI Data      Debug   Object Name

      1628         70          0          6          0          0   calc.o
       508         10          0          0          0          0   ds18b20.o
     15264       1292       1296         44       3951          0   hmi.o
      3008         94        170          1          0          0   ht1622.o
       100         10          0          8          0          0   iap.o
      1328        108        512         28        170          0   main.o
       642         60          0        172          0          0   mb.o
       820         18          0         16          0          0   mbascii.o
        52          6        512          0          0          0   mbcrc.o
       324          6          0          0          0          0   mbfunccoils.o
       124          6          0          0          0          0   mbfuncdisc.o
       396          0          0          0          0          0   mbfuncholding.o
       100          0          0          0          0          0   mbfuncinput.o
       104         10          0          2         32          0   mbfuncother.o
       576         14          0         12        256          0   mbrtu.o
       110          0          0          0          0          0   mbutils.o
       232          8          0          0          0          0   pid.o
        52          6          0          2          0          0   portevent.o
       336         38          0          1          0          0   portserial.o
       116         30          0          4          0          0   porttimer.o
       344         50         27         12       2936          0   rtx_config.o
       236         56          0          0        176          0   startup.o

    ----------------------------------------------------------------------
     26424       1892      24292        316       7524          0   Object Totals
        20          0         32          0          0          0   (incl. Generated)
         4          0      21743          8          3          0   (incl. Padding)

    ----------------------------------------------------------------------

      Code (inc. data)   RO Data    RW Data    ZI Data      Debug   Library Member Name

       700         72          0          4          0          0   hal_arm.o
       268         16          0          0          0          0   rt_event.o
       476         28          0          0         48          0   rt_list.o
       136          4          0          0          0          0   rt_mailbox.o
       112          0          0          0          0          0   rt_membox.o
       348         18          0          0          0          0   rt_mutex.o
        92         20          0          8          0          0   rt_robin.o
        56          6          0          0          0          0   rt_semaphore.o
       204         22          0          8          0          0   rt_system.o
       772        136          0          4         48          0   rt_task.o
       104         18          0          2          0          0   rt_time.o
        68         10          0          8          0          0   rt_timer.o
        36         36          0          0          0          0   swi_table.o
        92          0          0          0          0          0   __dczerorl2.o
         8          0          0          0          0          0   __main.o
        60          8          0          0          0          0   __scatter.o
        44          0          0          0          0          0   __scatter_zi.o
        34          0          0          0          0          0   _rserrno.o
        16          0          0          0          0          0   abort.o
       428          0          0          0          0          0   aeabi_sdiv.o
        52         34          0          0          0          0   defsig_abrt_inner.o
        16          0          0          0          0          0   defsig_abrt_outer.o
        16          0          0          0          0          0   defsig_exit.o
        56          0          0          0          0          0   defsig_general.o
        12          0          0          0          0          0   exit.o
         6          0          0          0          0          0   heapauxi.o
        14          0          0          0          0          0   libinit.o
        12          0          0          0          0          0   libinit2.o
        12          0          0          0          0          0   libshutdown.o
         6          0          0          0          0          0   libshutdown2.o
        12          4          0          0         96          0   libspace.o
         8          0          0          0          0          0   rt_errno_addr_twolibspace.o
        20          0          0          0          0          0   rt_fp_status_addr_twolibspace.o
       216          0          0          0          0          0   rt_memcpy.o
       100          0          0          0          0          0   rt_memcpy_w.o
         0          0          0          0          0          0   rtentry.o
        44          4          0          0          0          0   rtentry2.o
         8          0          0          0          0          0   rtentry4.o
         8          0          0          0          0          0   rtexit.o
        12          0          0          0          0          0   rtexit2.o
        20          4          0          0          0          0   sys_exit.o
        96          0          0          0          0          0   sys_stackheap_outer.o
        16          0          0          0          0          0   sys_wrch.o
        36          0          0          0          0          0   uread4.o
         4          0          0          0          0          0   use_no_semi.o
        36          0          0          0          0          0   uwrite4.o
       112          4          0          0          0          0   d2f.o
       944         16          0          0          0          0   daddsub_noclz.o
        16          4          0          0          0          0   dcheck1.o
        28          0          0          0          0          0   dcmpi.o
       740        140          0          0          0          0   ddiv.o
       148          4          0          0          0          0   deqf.o
       116          4          0          0          0          0   dfixu.o
        92          0          0          0          0          0   dflt_noclz.o
       388         16          0          0          0          0   dmul.o
       192          0          0          0          0          0   dnaninf.o
        16          0          0          0          0          0   dretinf.o
       520         56          0          0          0          0   dsqrt_noumaal.o
       104          4          0          0          0          0   f2d.o
       532          8          0          0          0          0   faddsub_noclz.o
        12          4          0          0          0          0   fcheck1.o
       404         76          0          0          0          0   fdiv.o
        72          4          0          0          0          0   ffix.o
        88          4          0          0          0          0   ffixu.o
       108          0          0          0          0          0   fflt_noclz.o
       260          4          0          0          0          0   fmul.o
       168          0          0          0          0          0   fnaninf.o
        28          0          0          0          0          0   fpinit.o
        16          0          0          0          0          0   fretinf.o
       116          0          0          0          0          0   retnan.o
       112          0          0          0          0          0   scalbn.o
       100          0          0          0          0          0   scalbnf.o
        60          0          0          0          0          0   trapv.o
         0          0          0          0          0          0   usenofp.o
      1428         32         56          0          0          0   log.o
       256          0          0          0          0          0   poly.o
         0          0          8          0          0          0   qnan.o
       112          0          0          0          0          0   sqrt.o

    ----------------------------------------------------------------------
     12196        820         64         36        196          0   Library Totals
        16          0          0          2          4          0   (incl. Padding)

    ----------------------------------------------------------------------

      Code (inc. data)   RO Data    RW Data    ZI Data      Debug   Library Name

      3372        386          0         34         96      25325   RTX_ARM_L.lib
      1520         54          0          0         96       1684   c_t.l
      5492        348          0          0          0       2912   fz_ts.l
      1796         32         64          0          0        548   m_ts.l

    ----------------------------------------------------------------------
     12196        820         64         36        196          0   Library Totals

    ----------------------------------------------------------------------

==============================================================================


      Code (inc. data)   RO Data    RW Data    ZI Data      Debug   

     38620       2712      24356        352       7720     130584   Grand Totals
     38620       2712      24356         76       7720     130584   ELF Image Totals (compressed)
     38620       2712      24356         76          0          0   ROM Totals

==============================================================================

    Total RO  Size (Code + RO Data)                62976 (  61.50kB)
    Total RW  Size (RW Data + ZI Data)              8072 (   7.88kB)
    Total ROM Size (Code + RO Data + RW Data)      63052 (  61.57kB)

==============================================================================

