<!doctype html public "-//w3c//dtd html 4.0 transitional//en">
<html><head>
<title>Static Call Graph - [F:\object\PID\keil\PID.axf]</title></head>
<body><HR>
<H1>Static Call Graph for image F:\object\PID\keil\PID.axf</H1><HR>
<BR><P>#&#060CALLGRAPH&#062# ARM Linker, 4.1 [Build 481]: Last Updated: Tue Oct 25 15:48:51 2011
<BR><P>
<H3>Maximum Stack Usage =        136 bytes + Unknown(Functions without stacksize, Cycles, Untraceable Function Pointers)</H3><H3>
Call chain for Maximum Stack Depth:</H3>
pid &rArr; tempHandle &rArr; sqrt &rArr; _dsqrt &rArr; __fpl_dnaninf
<P>
<H3>
Functions with no stack information
</H3><UL>
 <LI><a href="#[3]">Reset_Handler</a>
 <LI><a href="#[159]">os_sys_manager_ret</a>
 <LI><a href="#[115]">os_switch_tasks_ret</a>
 <LI><a href="#[e4]">__user_initial_stackheap</a>
 <LI><a href="#[4]">Undef_Handler</a>
 <LI><a href="#[6]">PAbt_Handler</a>
 <LI><a href="#[7]">DAbt_Handler</a>
 <LI><a href="#[9]">FIQ_Handler</a>
 <LI><a href="#[14]">Switch_task</a>
</UL>
</UL>
<P>
<H3>
Mutually Recursive functions
</H3> <LI><a href="#[ba]">modbus</a>&nbsp;&nbsp;&nbsp;&rArr;&nbsp;&nbsp;&nbsp;<a href="#[ba]">modbus</a><BR>
 <LI><a href="#[bf]">os_idle_demon</a>&nbsp;&nbsp;&nbsp;&rArr;&nbsp;&nbsp;&nbsp;<a href="#[bf]">os_idle_demon</a><BR>
 <LI><a href="#[146]">os_error</a>&nbsp;&nbsp;&nbsp;&rArr;&nbsp;&nbsp;&nbsp;<a href="#[146]">os_error</a><BR>
 <LI><a href="#[4]">Undef_Handler</a>&nbsp;&nbsp;&nbsp;&rArr;&nbsp;&nbsp;&nbsp;<a href="#[4]">Undef_Handler</a><BR>
 <LI><a href="#[6]">PAbt_Handler</a>&nbsp;&nbsp;&nbsp;&rArr;&nbsp;&nbsp;&nbsp;<a href="#[6]">PAbt_Handler</a><BR>
 <LI><a href="#[7]">DAbt_Handler</a>&nbsp;&nbsp;&nbsp;&rArr;&nbsp;&nbsp;&nbsp;<a href="#[7]">DAbt_Handler</a><BR>
 <LI><a href="#[9]">FIQ_Handler</a>&nbsp;&nbsp;&nbsp;&rArr;&nbsp;&nbsp;&nbsp;<a href="#[9]">FIQ_Handler</a><BR>
</UL>
<P>
<H3>
Function Pointers
</H3><UL>
 <LI><a href="#[3]">Reset_Handler</a> from startup.o(RESET) referenced from startup.o(RESET)
 <LI><a href="#[4]">Undef_Handler</a> from startup.o(RESET) referenced from startup.o(RESET)
 <LI><a href="#[5]">SWI_Handler</a> from hal_arm.o(.emb_text) referenced from startup.o(RESET)
 <LI><a href="#[6]">PAbt_Handler</a> from startup.o(RESET) referenced from startup.o(RESET)
 <LI><a href="#[7]">DAbt_Handler</a> from startup.o(RESET) referenced from startup.o(RESET)
 <LI><a href="#[8]">IRQ_Handler</a> from rtx_config.o(.emb_text) referenced from startup.o(RESET)
 <LI><a href="#[9]">FIQ_Handler</a> from startup.o(RESET) referenced from startup.o(RESET)
 <LI><a href="#[ca]">__main</a> from __main.o(!!!main) referenced from startup.o(RESET)
 <LI><a href="#[b]">main</a> from main.o(i.main) referenced from rtentry2.o(.ARM.Collect$$rtentry$$0000000D)
 <LI><a href="#[c]">mb_timer2_interrupt</a> from porttimer.o(i.mb_timer2_interrupt) referenced from rtx_config.o(.emb_text)
 <LI><a href="#[d]">mb_uart_interrupt</a> from portserial.o(i.mb_uart_interrupt) referenced from rtx_config.o(.emb_text)
 <LI><a href="#[e]">os_clock_interrupt</a> from hal_arm.o(.emb_text) referenced from rtx_config.o(.emb_text)
 <LI><a href="#[f]">os_def_interrupt</a> from rtx_config.o(i.os_def_interrupt) referenced from rtx_config.o(.emb_text)
 <LI><a href="#[10]">os_sys_init1</a> from rt_task.o(i.os_sys_init1) referenced from hal_arm.o(.emb_text)
 <LI><a href="#[11]">os_irq_ack_lock</a> from rtx_config.o(i.os_irq_ack_lock) referenced from hal_arm.o(.emb_text)
 <LI><a href="#[12]">os_sys_manager</a> from rt_system.o(i.os_sys_manager) referenced from hal_arm.o(.emb_text)
 <LI><a href="#[13]">tsk_unlock</a> from rtx_config.o(i.tsk_unlock) referenced from hal_arm.o(.emb_text)
 <LI><a href="#[14]">Switch_task</a> from hal_arm.o(.emb_text) referenced from hal_arm.o(.emb_text)
 <LI><a href="#[15]">__SWI_0</a> from hal_arm.o(i.__SWI_0) referenced from swi_table.o(SWI_TABLE)
 <LI><a href="#[16]">__SWI_1</a> from rt_membox.o(i.__SWI_1) referenced from swi_table.o(SWI_TABLE)
 <LI><a href="#[17]">__SWI_2</a> from rt_membox.o(i.__SWI_2) referenced from swi_table.o(SWI_TABLE)
 <LI><a href="#[18]">__SWI_3</a> from hal_arm.o(i.__SWI_3) referenced from swi_table.o(SWI_TABLE)
 <LI><a href="#[19]">__SWI_4</a> from hal_arm.o(i.__SWI_4) referenced from swi_table.o(SWI_TABLE)
 <LI><a href="#[1a]">__SWI_5</a> from rtx_config.o(i.__SWI_5) referenced from swi_table.o(SWI_TABLE)
 <LI><a href="#[1b]">__SWI_6</a> from hal_arm.o(i.__SWI_6) referenced from swi_table.o(SWI_TABLE)
 <LI><a href="#[1c]">__SWI_7</a> from hal_arm.o(i.__SWI_7) referenced from swi_table.o(SWI_TABLE)
 <LI><a href="#[1d]">MainMenu_KeyboardHandler</a> from hmi.o(i.MainMenu_KeyboardHandler) referenced 5 times from hmi.o(i.HMI_Init)
 <LI><a href="#[1e]">MainMenu_DisplayHandler</a> from hmi.o(i.MainMenu_DisplayHandler) referenced 5 times from hmi.o(i.HMI_Init)
 <LI><a href="#[1f]">MENU_MAIN_MANUAL_KeyboardHandler</a> from hmi.o(i.MENU_MAIN_MANUAL_KeyboardHandler) referenced from hmi.o(i.HMI_Init)
 <LI><a href="#[20]">MENU_MAIN_MANUAL_DisplayHandler</a> from hmi.o(i.MENU_MAIN_MANUAL_DisplayHandler) referenced from hmi.o(i.HMI_Init)
 <LI><a href="#[21]">MENU_MAIN_MANUAL_OpeningHandler</a> from hmi.o(i.MENU_MAIN_MANUAL_OpeningHandler) referenced from hmi.o(i.HMI_Init)
 <LI><a href="#[22]">ActSngl_OpeningHandler</a> from hmi.o(i.ActSngl_OpeningHandler) referenced 2 times from hmi.o(i.HMI_Init)
 <LI><a href="#[23]">ActDoub_OpeningHandler</a> from hmi.o(i.ActDoub_OpeningHandler) referenced from hmi.o(i.HMI_Init)
 <LI><a href="#[24]">Input4_OpeningHandler</a> from hmi.o(i.Input4_OpeningHandler) referenced from hmi.o(i.HMI_Init)
 <LI><a href="#[25]">Input0_OpeningHandler</a> from hmi.o(i.Input0_OpeningHandler) referenced from hmi.o(i.HMI_Init)
 <LI><a href="#[26]">Input10_OpeningHandler</a> from hmi.o(i.Input10_OpeningHandler) referenced from hmi.o(i.HMI_Init)
 <LI><a href="#[27]">Input5_OpeningHandler</a> from hmi.o(i.Input5_OpeningHandler) referenced from hmi.o(i.HMI_Init)
 <LI><a href="#[28]">InsetCutoff_KeyboardHandler</a> from hmi.o(i.InsetCutoff_KeyboardHandler) referenced from hmi.o(i.HMI_Init)
 <LI><a href="#[29]">InsetCutoff_DisplayHandler</a> from hmi.o(i.InsetCutoff_DisplayHandler) referenced from hmi.o(i.HMI_Init)
 <LI><a href="#[2a]">InsetCutoff_OpeningHandler</a> from hmi.o(i.InsetCutoff_OpeningHandler) referenced from hmi.o(i.HMI_Init)
 <LI><a href="#[2b]">InsetSpltrng_KeyboardHandler</a> from hmi.o(i.InsetSpltrng_KeyboardHandler) referenced from hmi.o(i.HMI_Init)
 <LI><a href="#[2c]">InsetSpltrng_DisplayHandler</a> from hmi.o(i.InsetSpltrng_DisplayHandler) referenced from hmi.o(i.HMI_Init)
 <LI><a href="#[2d]">InsetSpltrng_OpeningHandler</a> from hmi.o(i.InsetSpltrng_OpeningHandler) referenced from hmi.o(i.HMI_Init)
 <LI><a href="#[2e]">XsetXlimit_KeyboardHandler</a> from hmi.o(i.XsetXlimit_KeyboardHandler) referenced from hmi.o(i.HMI_Init)
 <LI><a href="#[2f]">XsetXlimit_DisplayHandler</a> from hmi.o(i.XsetXlimit_DisplayHandler) referenced from hmi.o(i.HMI_Init)
 <LI><a href="#[30]">XsetXlimit_OpeningHandler</a> from hmi.o(i.XsetXlimit_OpeningHandler) referenced from hmi.o(i.HMI_Init)
 <LI><a href="#[31]">XsetXtime_KeyboardHandler</a> from hmi.o(i.XsetXtime_KeyboardHandler) referenced from hmi.o(i.HMI_Init)
 <LI><a href="#[32]">XsetXtime_DisplayHandler</a> from hmi.o(i.XsetXtime_DisplayHandler) referenced from hmi.o(i.HMI_Init)
 <LI><a href="#[33]">XsetXtime_OpeningHandler</a> from hmi.o(i.XsetXtime_OpeningHandler) referenced from hmi.o(i.HMI_Init)
 <LI><a href="#[34]">SystemSafepos_KeyboardHandler</a> from hmi.o(i.SystemSafepos_KeyboardHandler) referenced from hmi.o(i.HMI_Init)
 <LI><a href="#[35]">SystemSafepos_DisplayHandler</a> from hmi.o(i.SystemSafepos_DisplayHandler) referenced from hmi.o(i.HMI_Init)
 <LI><a href="#[36]">SystemSafepos_OpeningHandler</a> from hmi.o(i.SystemSafepos_OpeningHandler) referenced from hmi.o(i.HMI_Init)
 <LI><a href="#[37]">SystemSetfact_OpeningHandler</a> from hmi.o(i.SystemSetfact_OpeningHandler) referenced from hmi.o(i.HMI_Init)
 <LI><a href="#[38]">Charact11_OpeningHandler</a> from hmi.o(i.Charact11_OpeningHandler) referenced from hmi.o(i.HMI_Init)
 <LI><a href="#[39]">Charact125_OpeningHandler</a> from hmi.o(i.Charact125_OpeningHandler) referenced from hmi.o(i.HMI_Init)
 <LI><a href="#[3a]">Charact133_OpeningHandler</a> from hmi.o(i.Charact133_OpeningHandler) referenced from hmi.o(i.HMI_Init)
 <LI><a href="#[3b]">Charact150_OpeningHandler</a> from hmi.o(i.Charact150_OpeningHandler) referenced from hmi.o(i.HMI_Init)
 <LI><a href="#[3c]">Charact251_OpeningHandler</a> from hmi.o(i.Charact251_OpeningHandler) referenced from hmi.o(i.HMI_Init)
 <LI><a href="#[3d]">Charact331_OpeningHandler</a> from hmi.o(i.Charact331_OpeningHandler) referenced from hmi.o(i.HMI_Init)
 <LI><a href="#[3e]">Charact501_OpeningHandler</a> from hmi.o(i.Charact501_OpeningHandler) referenced from hmi.o(i.HMI_Init)
 <LI><a href="#[3f]">CharactFree_KeyboardHandler</a> from hmi.o(i.CharactFree_KeyboardHandler) referenced from hmi.o(i.HMI_Init)
 <LI><a href="#[40]">CharactFree_DisplayHandler</a> from hmi.o(i.CharactFree_DisplayHandler) referenced from hmi.o(i.HMI_Init)
 <LI><a href="#[41]">CharactFree_OpeningHandler</a> from hmi.o(i.CharactFree_OpeningHandler) referenced from hmi.o(i.HMI_Init)
 <LI><a href="#[42]">DircmdRise_OpeningHandler</a> from hmi.o(i.DircmdRise_OpeningHandler) referenced from hmi.o(i.HMI_Init)
 <LI><a href="#[43]">DircmdFall_OpeningHandler</a> from hmi.o(i.DircmdFall_OpeningHandler) referenced from hmi.o(i.HMI_Init)
 <LI><a href="#[44]">DiractRise_OpeningHandler</a> from hmi.o(i.DiractRise_OpeningHandler) referenced from hmi.o(i.HMI_Init)
 <LI><a href="#[45]">DiractFall_OpeningHandler</a> from hmi.o(i.DiractFall_OpeningHandler) referenced from hmi.o(i.HMI_Init)
 <LI><a href="#[46]">XcontrolDbnd_KeyboardHandler</a> from hmi.o(i.XcontrolDbnd_KeyboardHandler) referenced from hmi.o(i.HMI_Init)
 <LI><a href="#[47]">XcontrolDbnd_DisplayHandler</a> from hmi.o(i.XcontrolDbnd_DisplayHandler) referenced from hmi.o(i.HMI_Init)
 <LI><a href="#[48]">XcontrolDbnd_OpeningHandler</a> from hmi.o(i.XcontrolDbnd_OpeningHandler) referenced from hmi.o(i.HMI_Init)
 <LI><a href="#[49]">XcontrolPara_KeyboardHandler</a> from hmi.o(i.XcontrolPara_KeyboardHandler) referenced from hmi.o(i.HMI_Init)
 <LI><a href="#[4a]">XcontrolPara_DisplayHandler</a> from hmi.o(i.XcontrolPara_DisplayHandler) referenced from hmi.o(i.HMI_Init)
 <LI><a href="#[4b]">XcontrolPara_OpeningHandler</a> from hmi.o(i.XcontrolPara_OpeningHandler) referenced from hmi.o(i.HMI_Init)
 <LI><a href="#[4c]">XtuneAuto_OpeningHandler</a> from hmi.o(i.XtuneAuto_OpeningHandler) referenced from hmi.o(i.HMI_Init)
 <LI><a href="#[4d]">CaluserPos_KeyboardHandler</a> from hmi.o(i.CaluserPos_KeyboardHandler) referenced 2 times from hmi.o(i.HMI_Init)
 <LI><a href="#[4e]">CaluserPos_DisplayHandler</a> from hmi.o(i.CaluserPos_DisplayHandler) referenced 2 times from hmi.o(i.HMI_Init)
 <LI><a href="#[4f]">CaluserPos_OpeningHandler</a> from hmi.o(i.CaluserPos_OpeningHandler) referenced 2 times from hmi.o(i.HMI_Init)
 <LI><a href="#[50]">XtunePwm_KeyboardHandler</a> from hmi.o(i.XtunePwm_KeyboardHandler) referenced from hmi.o(i.HMI_Init)
 <LI><a href="#[51]">XtunePwm_DisplayHandler</a> from hmi.o(i.XtunePwm_DisplayHandler) referenced from hmi.o(i.HMI_Init)
 <LI><a href="#[52]">XtunePwm_OpeningHandler</a> from hmi.o(i.XtunePwm_OpeningHandler) referenced from hmi.o(i.HMI_Init)
 <LI><a href="#[53]">XtuneAir_KeyboardHandler</a> from hmi.o(i.XtuneAir_KeyboardHandler) referenced from hmi.o(i.HMI_Init)
 <LI><a href="#[54]">XtuneAir_DisplayHandler</a> from hmi.o(i.XtuneAir_DisplayHandler) referenced from hmi.o(i.HMI_Init)
 <LI><a href="#[55]">XtuneAir_OpeningHandler</a> from hmi.o(i.XtuneAir_OpeningHandler) referenced from hmi.o(i.HMI_Init)
 <LI><a href="#[56]">SigerrFunon_OpeningHandler</a> from hmi.o(i.SigerrFunon_OpeningHandler) referenced from hmi.o(i.HMI_Init)
 <LI><a href="#[57]">SigerrPoson_OpeningHandler</a> from hmi.o(i.SigerrPoson_OpeningHandler) referenced from hmi.o(i.HMI_Init)
 <LI><a href="#[58]">SigerrOff_OpeningHandler</a> from hmi.o(i.SigerrOff_OpeningHandler) referenced from hmi.o(i.HMI_Init)
 <LI><a href="#[59]">Serio9600_OpeningHandler</a> from hmi.o(i.Serio9600_OpeningHandler) referenced from hmi.o(i.HMI_Init)
 <LI><a href="#[5a]">Serio19200_OpeningHandler</a> from hmi.o(i.Serio19200_OpeningHandler) referenced from hmi.o(i.HMI_Init)
 <LI><a href="#[5b]">Serio38400_OpeningHandler</a> from hmi.o(i.Serio38400_OpeningHandler) referenced from hmi.o(i.HMI_Init)
 <LI><a href="#[5c]">Serio1200_OpeningHandler</a> from hmi.o(i.Serio1200_OpeningHandler) referenced from hmi.o(i.HMI_Init)
 <LI><a href="#[5d]">Serio2400_OpeningHandler</a> from hmi.o(i.Serio2400_OpeningHandler) referenced from hmi.o(i.HMI_Init)
 <LI><a href="#[5e]">Serio4800_OpeningHandler</a> from hmi.o(i.Serio4800_OpeningHandler) referenced from hmi.o(i.HMI_Init)
 <LI><a href="#[5f]">CodeKey_KeyboardHandler</a> from hmi.o(i.CodeKey_KeyboardHandler) referenced from hmi.o(i.HMI_Init)
 <LI><a href="#[60]">CodeKey_DisplayHandler</a> from hmi.o(i.CodeKey_DisplayHandler) referenced from hmi.o(i.HMI_Init)
 <LI><a href="#[61]">CodeKey_OpeningHandler</a> from hmi.o(i.CodeKey_OpeningHandler) referenced from hmi.o(i.HMI_Init)
 <LI><a href="#[62]">CodeMenu_KeyboardHandler</a> from hmi.o(i.CodeMenu_KeyboardHandler) referenced from hmi.o(i.HMI_Init)
 <LI><a href="#[63]">CodeMenu_DisplayHandler</a> from hmi.o(i.CodeMenu_DisplayHandler) referenced from hmi.o(i.HMI_Init)
 <LI><a href="#[64]">CodeMenu_OpeningHandler</a> from hmi.o(i.CodeMenu_OpeningHandler) referenced from hmi.o(i.HMI_Init)
 <LI><a href="#[65]">CodeGlob_KeyboardHandler</a> from hmi.o(i.CodeGlob_KeyboardHandler) referenced from hmi.o(i.HMI_Init)
 <LI><a href="#[66]">CodeGlob_DisplayHandler</a> from hmi.o(i.CodeGlob_DisplayHandler) referenced from hmi.o(i.HMI_Init)
 <LI><a href="#[67]">CodeGlob_OpeningHandler</a> from hmi.o(i.CodeGlob_OpeningHandler) referenced from hmi.o(i.HMI_Init)
 <LI><a href="#[68]">CaluserInp_KeyboardHandler</a> from hmi.o(i.CaluserInp_KeyboardHandler) referenced from hmi.o(i.HMI_Init)
 <LI><a href="#[69]">CaluserInp_DisplayHandler</a> from hmi.o(i.CaluserInp_DisplayHandler) referenced from hmi.o(i.HMI_Init)
 <LI><a href="#[6a]">CaluserInp_OpeningHandler</a> from hmi.o(i.CaluserInp_OpeningHandler) referenced from hmi.o(i.HMI_Init)
 <LI><a href="#[6b]">CaluserFact_OpeningHandler</a> from hmi.o(i.CaluserFact_OpeningHandler) referenced from hmi.o(i.HMI_Init)
 <LI><a href="#[6c]">PcontrlDbnd_KeyboardHandler</a> from hmi.o(i.PcontrlDbnd_KeyboardHandler) referenced from hmi.o(i.HMI_Init)
 <LI><a href="#[6d]">PcontrlDbnd_DisplayHandler</a> from hmi.o(i.PcontrlDbnd_DisplayHandler) referenced from hmi.o(i.HMI_Init)
 <LI><a href="#[6e]">PcontrlDbnd_OpeningHandler</a> from hmi.o(i.PcontrlDbnd_OpeningHandler) referenced from hmi.o(i.HMI_Init)
 <LI><a href="#[6f]">PcontrlPara_KeyboardHandler</a> from hmi.o(i.PcontrlPara_KeyboardHandler) referenced from hmi.o(i.HMI_Init)
 <LI><a href="#[70]">PcontrlPara_DisplayHandler</a> from hmi.o(i.PcontrlPara_DisplayHandler) referenced from hmi.o(i.HMI_Init)
 <LI><a href="#[71]">PcontrlPara_OpeningHandler</a> from hmi.o(i.PcontrlPara_OpeningHandler) referenced from hmi.o(i.HMI_Init)
 <LI><a href="#[72]">PcontrlFilt_KeyboardHandler</a> from hmi.o(i.PcontrlFilt_KeyboardHandler) referenced from hmi.o(i.HMI_Init)
 <LI><a href="#[73]">PcontrlFilt_DisplayHandler</a> from hmi.o(i.PcontrlFilt_DisplayHandler) referenced from hmi.o(i.HMI_Init)
 <LI><a href="#[74]">PcontrlFilt_OpeningHandler</a> from hmi.o(i.PcontrlFilt_OpeningHandler) referenced from hmi.o(i.HMI_Init)
 <LI><a href="#[75]">PcontrlKv_KeyboardHandler</a> from hmi.o(i.PcontrlKv_KeyboardHandler) referenced from hmi.o(i.HMI_Init)
 <LI><a href="#[76]">PcontrlKv_DisplayHandler</a> from hmi.o(i.PcontrlKv_DisplayHandler) referenced from hmi.o(i.HMI_Init)
 <LI><a href="#[77]">PcontrlKv_OpeningHandler</a> from hmi.o(i.PcontrlKv_OpeningHandler) referenced from hmi.o(i.HMI_Init)
 <LI><a href="#[78]">PortD_OpeningHandler</a> from hmi.o(i.PortD_OpeningHandler) referenced from hmi.o(i.HMI_Init)
 <LI><a href="#[79]">AnlPos_OpeningHandler</a> from hmi.o(i.AnlPos_OpeningHandler) referenced from hmi.o(i.HMI_Init)
 <LI><a href="#[7a]">AnlCmd_OpeningHandler</a> from hmi.o(i.AnlCmd_OpeningHandler) referenced from hmi.o(i.HMI_Init)
 <LI><a href="#[7b]">AnlSp_OpeningHandler</a> from hmi.o(i.AnlSp_OpeningHandler) referenced from hmi.o(i.HMI_Init)
 <LI><a href="#[7c]">AnlP1_OpeningHandler</a> from hmi.o(i.AnlP1_OpeningHandler) referenced from hmi.o(i.HMI_Init)
 <LI><a href="#[7d]">AnlP2_OpeningHandler</a> from hmi.o(i.AnlP2_OpeningHandler) referenced from hmi.o(i.HMI_Init)
 <LI><a href="#[7e]">AnlT_OpeningHandler</a> from hmi.o(i.AnlT_OpeningHandler) referenced from hmi.o(i.HMI_Init)
 <LI><a href="#[7f]">AnlSet4_OpeningHandler</a> from hmi.o(i.AnlSet4_OpeningHandler) referenced from hmi.o(i.HMI_Init)
 <LI><a href="#[80]">AnlSet0_OpeningHandler</a> from hmi.o(i.AnlSet0_OpeningHandler) referenced from hmi.o(i.HMI_Init)
 <LI><a href="#[81]">AnlSet10_OpeningHandler</a> from hmi.o(i.AnlSet10_OpeningHandler) referenced from hmi.o(i.HMI_Init)
 <LI><a href="#[82]">AnlSet5_OpeningHandler</a> from hmi.o(i.AnlSet5_OpeningHandler) referenced from hmi.o(i.HMI_Init)
 <LI><a href="#[83]">Bin1Drv_OpeningHandler</a> from hmi.o(i.Bin1Drv_OpeningHandler) referenced from hmi.o(i.HMI_Init)
 <LI><a href="#[84]">Bin1Lim_OpeningHandler</a> from hmi.o(i.Bin1Lim_OpeningHandler) referenced from hmi.o(i.HMI_Init)
 <LI><a href="#[85]">Bin1Spos_OpeningHandler</a> from hmi.o(i.Bin1Spos_OpeningHandler) referenced from hmi.o(i.HMI_Init)
 <LI><a href="#[86]">Bin1ErrS_OpeningHandler</a> from hmi.o(i.Bin1ErrS_OpeningHandler) referenced from hmi.o(i.HMI_Init)
 <LI><a href="#[87]">Bin1Err1_OpeningHandler</a> from hmi.o(i.Bin1Err1_OpeningHandler) referenced from hmi.o(i.HMI_Init)
 <LI><a href="#[88]">Bin1Err2_OpeningHandler</a> from hmi.o(i.Bin1Err2_OpeningHandler) referenced from hmi.o(i.HMI_Init)
 <LI><a href="#[89]">Bin1ErrT_OpeningHandler</a> from hmi.o(i.Bin1ErrT_OpeningHandler) referenced from hmi.o(i.HMI_Init)
 <LI><a href="#[8a]">Bin1Opn_OpeningHandler</a> from hmi.o(i.Bin1Opn_OpeningHandler) referenced from hmi.o(i.HMI_Init)
 <LI><a href="#[8b]">Bin1Cls_OpeningHandler</a> from hmi.o(i.Bin1Cls_OpeningHandler) referenced from hmi.o(i.HMI_Init)
 <LI><a href="#[8c]">Bin2Drv_OpeningHandler</a> from hmi.o(i.Bin2Drv_OpeningHandler) referenced from hmi.o(i.HMI_Init)
 <LI><a href="#[8d]">Bin2Lim_OpeningHandler</a> from hmi.o(i.Bin2Lim_OpeningHandler) referenced from hmi.o(i.HMI_Init)
 <LI><a href="#[8e]">Bin2Spos_OpeningHandler</a> from hmi.o(i.Bin2Spos_OpeningHandler) referenced from hmi.o(i.HMI_Init)
 <LI><a href="#[8f]">Bin2ErrS_OpeningHandler</a> from hmi.o(i.Bin2ErrS_OpeningHandler) referenced from hmi.o(i.HMI_Init)
 <LI><a href="#[90]">Bin2Err1_OpeningHandler</a> from hmi.o(i.Bin2Err1_OpeningHandler) referenced from hmi.o(i.HMI_Init)
 <LI><a href="#[91]">Bin2Err2_OpeningHandler</a> from hmi.o(i.Bin2Err2_OpeningHandler) referenced from hmi.o(i.HMI_Init)
 <LI><a href="#[92]">Bin2ErrT_OpeningHandler</a> from hmi.o(i.Bin2ErrT_OpeningHandler) referenced from hmi.o(i.HMI_Init)
 <LI><a href="#[93]">Bin2Opn_OpeningHandler</a> from hmi.o(i.Bin2Opn_OpeningHandler) referenced from hmi.o(i.HMI_Init)
 <LI><a href="#[94]">Bin2Cls_OpeningHandler</a> from hmi.o(i.Bin2Cls_OpeningHandler) referenced from hmi.o(i.HMI_Init)
 <LI><a href="#[95]">ScalS_KeyboardHandler</a> from hmi.o(i.ScalS_KeyboardHandler) referenced from hmi.o(i.HMI_Init)
 <LI><a href="#[96]">ScalS_DisplayHandler</a> from hmi.o(i.ScalS_DisplayHandler) referenced from hmi.o(i.HMI_Init)
 <LI><a href="#[97]">ScalS_OpeningHandler</a> from hmi.o(i.ScalS_OpeningHandler) referenced from hmi.o(i.HMI_Init)
 <LI><a href="#[98]">ScalF_KeyboardHandler</a> from hmi.o(i.ScalF_KeyboardHandler) referenced from hmi.o(i.HMI_Init)
 <LI><a href="#[99]">ScalF_DisplayHandler</a> from hmi.o(i.ScalF_DisplayHandler) referenced from hmi.o(i.HMI_Init)
 <LI><a href="#[9a]">ScalF_OpeningHandler</a> from hmi.o(i.ScalF_OpeningHandler) referenced from hmi.o(i.HMI_Init)
 <LI><a href="#[9b]">ScalT_KeyboardHandler</a> from hmi.o(i.ScalT_KeyboardHandler) referenced from hmi.o(i.HMI_Init)
 <LI><a href="#[9c]">ScalT_DisplayHandler</a> from hmi.o(i.ScalT_DisplayHandler) referenced from hmi.o(i.HMI_Init)
 <LI><a href="#[9d]">ScalT_OpeningHandler</a> from hmi.o(i.ScalT_OpeningHandler) referenced from hmi.o(i.HMI_Init)
 <LI><a href="#[9e]">ScalP_KeyboardHandler</a> from hmi.o(i.ScalP_KeyboardHandler) referenced from hmi.o(i.HMI_Init)
 <LI><a href="#[9f]">ScalP_DisplayHandler</a> from hmi.o(i.ScalP_DisplayHandler) referenced from hmi.o(i.HMI_Init)
 <LI><a href="#[a0]">ScalP_OpeningHandler</a> from hmi.o(i.ScalP_OpeningHandler) referenced from hmi.o(i.HMI_Init)
 <LI><a href="#[a1]">TuneNot_OpeningHandler</a> from hmi.o(i.TuneNot_OpeningHandler) referenced from hmi.o(i.HMI_Init)
 <LI><a href="#[a2]">TuneDef_OpeningHandler</a> from hmi.o(i.TuneDef_OpeningHandler) referenced from hmi.o(i.HMI_Init)
 <LI><a href="#[a3]">TuneFlow_OpeningHandler</a> from hmi.o(i.TuneFlow_OpeningHandler) referenced from hmi.o(i.HMI_Init)
 <LI><a href="#[a4]">TuneTemp_OpeningHandler</a> from hmi.o(i.TuneTemp_OpeningHandler) referenced from hmi.o(i.HMI_Init)
 <LI><a href="#[a5]">TunePres_OpeningHandler</a> from hmi.o(i.TunePres_OpeningHandler) referenced from hmi.o(i.HMI_Init)
 <LI><a href="#[a6]">TuneLevl_OpeningHandler</a> from hmi.o(i.TuneLevl_OpeningHandler) referenced from hmi.o(i.HMI_Init)
 <LI><a href="#[a7]">LeakNot_OpeningHandler</a> from hmi.o(i.LeakNot_OpeningHandler) referenced from hmi.o(i.HMI_Init)
 <LI><a href="#[a8]">LeakMeas_KeyboardHandler</a> from hmi.o(i.LeakMeas_KeyboardHandler) referenced from hmi.o(i.HMI_Init)
 <LI><a href="#[a9]">LeakMeas_DisplayHandler</a> from hmi.o(i.LeakMeas_DisplayHandler) referenced from hmi.o(i.HMI_Init)
 <LI><a href="#[aa]">LeakMeas_OpeningHandler</a> from hmi.o(i.LeakMeas_OpeningHandler) referenced from hmi.o(i.HMI_Init)
 <LI><a href="#[ab]">LeakChar_OpeningHandler</a> from hmi.o(i.LeakChar_OpeningHandler) referenced from hmi.o(i.HMI_Init)
 <LI><a href="#[ac]">eMBRTUStart</a> from mbrtu.o(i.eMBRTUStart) referenced from mb.o(i.eMBInit)
 <LI><a href="#[ad]">eMBRTUStop</a> from mbrtu.o(i.eMBRTUStop) referenced from mb.o(i.eMBInit)
 <LI><a href="#[ae]">eMBRTUSend</a> from mbrtu.o(i.eMBRTUSend) referenced from mb.o(i.eMBInit)
 <LI><a href="#[af]">eMBRTUReceive</a> from mbrtu.o(i.eMBRTUReceive) referenced from mb.o(i.eMBInit)
 <LI><a href="#[b0]">xMBRTUReceiveFSM</a> from mbrtu.o(i.xMBRTUReceiveFSM) referenced from mb.o(i.eMBInit)
 <LI><a href="#[b1]">xMBRTUTransmitFSM</a> from mbrtu.o(i.xMBRTUTransmitFSM) referenced from mb.o(i.eMBInit)
 <LI><a href="#[b2]">xMBRTUTimerT35Expired</a> from mbrtu.o(i.xMBRTUTimerT35Expired) referenced from mb.o(i.eMBInit)
 <LI><a href="#[b3]">eMBASCIIStart</a> from mbascii.o(i.eMBASCIIStart) referenced from mb.o(i.eMBInit)
 <LI><a href="#[b4]">eMBASCIIStop</a> from mbascii.o(i.eMBASCIIStop) referenced from mb.o(i.eMBInit)
 <LI><a href="#[b5]">eMBASCIISend</a> from mbascii.o(i.eMBASCIISend) referenced from mb.o(i.eMBInit)
 <LI><a href="#[b6]">eMBASCIIReceive</a> from mbascii.o(i.eMBASCIIReceive) referenced from mb.o(i.eMBInit)
 <LI><a href="#[b7]">xMBASCIIReceiveFSM</a> from mbascii.o(i.xMBASCIIReceiveFSM) referenced from mb.o(i.eMBInit)
 <LI><a href="#[b8]">xMBASCIITransmitFSM</a> from mbascii.o(i.xMBASCIITransmitFSM) referenced from mb.o(i.eMBInit)
 <LI><a href="#[b9]">xMBASCIITimerT1SExpired</a> from mbascii.o(i.xMBASCIITimerT1SExpired) referenced from mb.o(i.eMBInit)
 <LI><a href="#[ba]">modbus</a> from main.o(i.modbus) referenced from main.o(i.init)
 <LI><a href="#[bb]">pid</a> from main.o(i.pid) referenced from main.o(i.init)
 <LI><a href="#[bc]">adc</a> from main.o(i.adc) referenced from main.o(i.init)
 <LI><a href="#[bd]">hmi</a> from main.o(i.hmi) referenced from main.o(i.init)
 <LI><a href="#[be]">init</a> from main.o(i.init) referenced from main.o(i.main)
 <LI><a href="#[bf]">os_idle_demon</a> from rtx_config.o(i.os_idle_demon) referenced from rt_task.o(i.os_sys_init1)
 <LI><a href="#[c0]">os_tsk_create0</a> from rt_task.o(i.os_tsk_create0) referenced from rt_task.o(i.os_sys_init1)
 <LI><a href="#[c1]">eMBFuncReadInputRegister</a> from mbfuncinput.o(i.eMBFuncReadInputRegister) referenced from mb.o(.data)
 <LI><a href="#[c2]">eMBFuncReadHoldingRegister</a> from mbfuncholding.o(i.eMBFuncReadHoldingRegister) referenced from mb.o(.data)
 <LI><a href="#[c3]">eMBFuncWriteMultipleHoldingRegister</a> from mbfuncholding.o(i.eMBFuncWriteMultipleHoldingRegister) referenced from mb.o(.data)
 <LI><a href="#[c4]">eMBFuncWriteHoldingRegister</a> from mbfuncholding.o(i.eMBFuncWriteHoldingRegister) referenced from mb.o(.data)
 <LI><a href="#[c5]">eMBFuncReadWriteMultipleHoldingRegister</a> from mbfuncholding.o(i.eMBFuncReadWriteMultipleHoldingRegister) referenced from mb.o(.data)
 <LI><a href="#[c6]">eMBFuncReadCoils</a> from mbfunccoils.o(i.eMBFuncReadCoils) referenced from mb.o(.data)
 <LI><a href="#[c7]">eMBFuncWriteCoil</a> from mbfunccoils.o(i.eMBFuncWriteCoil) referenced from mb.o(.data)
 <LI><a href="#[c8]">eMBFuncWriteMultipleCoils</a> from mbfunccoils.o(i.eMBFuncWriteMultipleCoils) referenced from mb.o(.data)
 <LI><a href="#[c9]">eMBFuncReadDiscreteInputs</a> from mbfuncdisc.o(i.eMBFuncReadDiscreteInputs) referenced from mb.o(.data)
</UL>
<P>
<H3>
Global Symbols
</H3>
<P><STRONG><a name="[3]"></a>Reset_Handler</STRONG> (ARM, 0 bytes, Stack size unknown bytes, startup.o(RESET))
<BR>[Address Reference Count : 1]<UL><LI> startup.o(RESET)
</UL>
<P><STRONG><a name="[ca]"></a>__main</STRONG> (ARM, 8 bytes, Stack size 0 bytes, __main.o(!!!main))
<BR><BR>[Calls]<UL><LI><a href="#[cb]">&gt;&gt;</a>&nbsp;&nbsp;&nbsp;__scatterload
<LI><a href="#[cc]">&gt;&gt;</a>&nbsp;&nbsp;&nbsp;__rt_entry
</UL>

<P><STRONG><a name="[cb]"></a>__scatterload</STRONG> (ARM, 0 bytes, Stack size unknown bytes, __scatter.o(!!!scatter))
<BR><BR>[Called By]<UL><LI><a href="#[ca]">&gt;&gt;</a>&nbsp;&nbsp;&nbsp;__main
</UL>

<P><STRONG><a name="[cd]"></a>__scatterload_rt2</STRONG> (ARM, 52 bytes, Stack size unknown bytes, __scatter.o(!!!scatter), UNUSED)
<BR><BR>[Calls]<UL><LI><a href="#[cc]">&gt;&gt;</a>&nbsp;&nbsp;&nbsp;__rt_entry
</UL>

<P><STRONG><a name="[188]"></a>__scatterload_null</STRONG> (ARM, 0 bytes, Stack size unknown bytes, __scatter.o(!!!scatter), UNUSED)

<P><STRONG><a name="[ce]"></a>__scatterload_copy</STRONG> (ARM, 40 bytes, Stack size unknown bytes, __scatter_copy.o(!!handler_copy), UNUSED)
<BR><BR>[Calls]<UL><LI><a href="#[ce]">&gt;&gt;</a>&nbsp;&nbsp;&nbsp;__scatterload_copy
</UL>
<BR>[Called By]<UL><LI><a href="#[ce]">&gt;&gt;</a>&nbsp;&nbsp;&nbsp;__scatterload_copy
</UL>

<P><STRONG><a name="[189]"></a>__scatterload_zeroinit</STRONG> (ARM, 44 bytes, Stack size unknown bytes, __scatter_zi.o(!!handler_zi), UNUSED)

<P><STRONG><a name="[cf]"></a>__rt_lib_init</STRONG> (Thumb, 0 bytes, Stack size unknown bytes, libinit.o(.ARM.Collect$$libinit$$00000000))
<BR><BR>[Stack]<UL><LI>Max Depth = 24 + Unknown Stack Size
<LI>Call Chain = __rt_lib_init &rArr; _fp_init &rArr; __rt_fp_status_addr &rArr; __user_perthread_libspace
</UL>
<BR>[Calls]<UL><LI><a href="#[d0]">&gt;&gt;</a>&nbsp;&nbsp;&nbsp;_fp_init (via Veneer)
</UL>
<BR>[Called By]<UL><LI><a href="#[d3]">&gt;&gt;</a>&nbsp;&nbsp;&nbsp;__rt_entry_li (via Veneer)
</UL>

<P><STRONG><a name="[18a]"></a>__rt_lib_init_alloca_1</STRONG> (Thumb, 0 bytes, Stack size unknown bytes, libinit2.o(.ARM.Collect$$libinit$$0000002A))

<P><STRONG><a name="[18b]"></a>__rt_lib_init_argv_1</STRONG> (Thumb, 0 bytes, Stack size unknown bytes, libinit2.o(.ARM.Collect$$libinit$$00000028))

<P><STRONG><a name="[18c]"></a>__rt_lib_init_atexit_1</STRONG> (Thumb, 0 bytes, Stack size unknown bytes, libinit2.o(.ARM.Collect$$libinit$$00000017))

<P><STRONG><a name="[18d]"></a>__rt_lib_init_clock_1</STRONG> (Thumb, 0 bytes, Stack size unknown bytes, libinit2.o(.ARM.Collect$$libinit$$0000001D))

<P><STRONG><a name="[18e]"></a>__rt_lib_init_cpp_1</STRONG> (Thumb, 0 bytes, Stack size unknown bytes, libinit2.o(.ARM.Collect$$libinit$$0000002E))

<P><STRONG><a name="[18f]"></a>__rt_lib_init_exceptions_1</STRONG> (Thumb, 0 bytes, Stack size unknown bytes, libinit2.o(.ARM.Collect$$libinit$$0000002C))

<P><STRONG><a name="[190]"></a>__rt_lib_init_fp_trap_1</STRONG> (Thumb, 0 bytes, Stack size unknown bytes, libinit2.o(.ARM.Collect$$libinit$$0000001B))

<P><STRONG><a name="[191]"></a>__rt_lib_init_getenv_1</STRONG> (Thumb, 0 bytes, Stack size unknown bytes, libinit2.o(.ARM.Collect$$libinit$$0000001F))

<P><STRONG><a name="[192]"></a>__rt_lib_init_heap_1</STRONG> (Thumb, 0 bytes, Stack size unknown bytes, libinit2.o(.ARM.Collect$$libinit$$00000006))

<P><STRONG><a name="[193]"></a>__rt_lib_init_lc_collate_1</STRONG> (Thumb, 0 bytes, Stack size unknown bytes, libinit2.o(.ARM.Collect$$libinit$$0000000D))

<P><STRONG><a name="[194]"></a>__rt_lib_init_lc_ctype_1</STRONG> (Thumb, 0 bytes, Stack size unknown bytes, libinit2.o(.ARM.Collect$$libinit$$0000000F))

<P><STRONG><a name="[195]"></a>__rt_lib_init_lc_monetary_1</STRONG> (Thumb, 0 bytes, Stack size unknown bytes, libinit2.o(.ARM.Collect$$libinit$$00000011))

<P><STRONG><a name="[196]"></a>__rt_lib_init_lc_numeric_1</STRONG> (Thumb, 0 bytes, Stack size unknown bytes, libinit2.o(.ARM.Collect$$libinit$$00000013))

<P><STRONG><a name="[197]"></a>__rt_lib_init_lc_time_1</STRONG> (Thumb, 0 bytes, Stack size unknown bytes, libinit2.o(.ARM.Collect$$libinit$$00000015))

<P><STRONG><a name="[198]"></a>__rt_lib_init_rand_1</STRONG> (Thumb, 0 bytes, Stack size unknown bytes, libinit2.o(.ARM.Collect$$libinit$$0000000A))

<P><STRONG><a name="[199]"></a>__rt_lib_init_return</STRONG> (Thumb, 0 bytes, Stack size unknown bytes, libinit2.o(.ARM.Collect$$libinit$$0000002F))

<P><STRONG><a name="[19a]"></a>__rt_lib_init_signal_1</STRONG> (Thumb, 0 bytes, Stack size unknown bytes, libinit2.o(.ARM.Collect$$libinit$$00000019))

<P><STRONG><a name="[19b]"></a>__rt_lib_init_stdio_1</STRONG> (Thumb, 0 bytes, Stack size unknown bytes, libinit2.o(.ARM.Collect$$libinit$$00000021))

<P><STRONG><a name="[19c]"></a>__rt_lib_init_user_alloc_1</STRONG> (Thumb, 0 bytes, Stack size unknown bytes, libinit2.o(.ARM.Collect$$libinit$$00000008))

<P><STRONG><a name="[d7]"></a>__rt_lib_shutdown</STRONG> (Thumb, 0 bytes, Stack size unknown bytes, libshutdown.o(.ARM.Collect$$libshutdown$$00000000))
<BR><BR>[Called By]<UL><LI><a href="#[d6]">&gt;&gt;</a>&nbsp;&nbsp;&nbsp;__rt_exit_ls (via Veneer)
<LI><a href="#[da]">&gt;&gt;</a>&nbsp;&nbsp;&nbsp;abort
</UL>

<P><STRONG><a name="[19d]"></a>__rt_lib_shutdown_fp_trap_1</STRONG> (Thumb, 0 bytes, Stack size unknown bytes, libshutdown2.o(.ARM.Collect$$libshutdown$$00000006))

<P><STRONG><a name="[19e]"></a>__rt_lib_shutdown_heap_1</STRONG> (Thumb, 0 bytes, Stack size unknown bytes, libshutdown2.o(.ARM.Collect$$libshutdown$$0000000E))

<P><STRONG><a name="[19f]"></a>__rt_lib_shutdown_return</STRONG> (Thumb, 0 bytes, Stack size unknown bytes, libshutdown2.o(.ARM.Collect$$libshutdown$$0000000F))

<P><STRONG><a name="[1a0]"></a>__rt_lib_shutdown_signal_1</STRONG> (Thumb, 0 bytes, Stack size unknown bytes, libshutdown2.o(.ARM.Collect$$libshutdown$$00000009))

<P><STRONG><a name="[1a1]"></a>__rt_lib_shutdown_stdio_1</STRONG> (Thumb, 0 bytes, Stack size unknown bytes, libshutdown2.o(.ARM.Collect$$libshutdown$$00000003))

<P><STRONG><a name="[1a2]"></a>__rt_lib_shutdown_user_alloc_1</STRONG> (Thumb, 0 bytes, Stack size unknown bytes, libshutdown2.o(.ARM.Collect$$libshutdown$$0000000B))

<P><STRONG><a name="[cc]"></a>__rt_entry</STRONG> (ARM, 0 bytes, Stack size unknown bytes, rtentry.o(.ARM.Collect$$rtentry$$00000000))
<BR><BR>[Called By]<UL><LI><a href="#[cd]">&gt;&gt;</a>&nbsp;&nbsp;&nbsp;__scatterload_rt2
<LI><a href="#[ca]">&gt;&gt;</a>&nbsp;&nbsp;&nbsp;__main
</UL>

<P><STRONG><a name="[1a3]"></a>__rt_entry_presh_1</STRONG> (ARM, 0 bytes, Stack size unknown bytes, rtentry2.o(.ARM.Collect$$rtentry$$00000002))

<P><STRONG><a name="[d1]"></a>__rt_entry_sh</STRONG> (ARM, 0 bytes, Stack size unknown bytes, rtentry4.o(.ARM.Collect$$rtentry$$00000004))
<BR><BR>[Stack]<UL><LI>Max Depth = 8 + Unknown Stack Size
<LI>Call Chain = __rt_entry_sh &rArr; __user_setup_stackheap
</UL>
<BR>[Calls]<UL><LI><a href="#[d2]">&gt;&gt;</a>&nbsp;&nbsp;&nbsp;__user_setup_stackheap
</UL>

<P><STRONG><a name="[d3]"></a>__rt_entry_li</STRONG> (ARM, 0 bytes, Stack size unknown bytes, rtentry2.o(.ARM.Collect$$rtentry$$0000000A))
<BR><BR>[Stack]<UL><LI>Max Depth = 24 + Unknown Stack Size
<LI>Call Chain = __rt_entry_li &rArr; __rt_lib_init &rArr; _fp_init &rArr; __rt_fp_status_addr &rArr; __user_perthread_libspace
</UL>
<BR>[Calls]<UL><LI><a href="#[cf]">&gt;&gt;</a>&nbsp;&nbsp;&nbsp;__rt_lib_init (via Veneer)
</UL>

<P><STRONG><a name="[1a4]"></a>__rt_entry_postsh_1</STRONG> (ARM, 0 bytes, Stack size unknown bytes, rtentry2.o(.ARM.Collect$$rtentry$$00000009))

<P><STRONG><a name="[d4]"></a>__rt_entry_main</STRONG> (ARM, 0 bytes, Stack size unknown bytes, rtentry2.o(.ARM.Collect$$rtentry$$0000000D))
<BR><BR>[Calls]<UL><LI><a href="#[d5]">&gt;&gt;</a>&nbsp;&nbsp;&nbsp;exit (via BX)
</UL>

<P><STRONG><a name="[1a5]"></a>__rt_entry_postli_1</STRONG> (ARM, 0 bytes, Stack size unknown bytes, rtentry2.o(.ARM.Collect$$rtentry$$0000000C))

<P><STRONG><a name="[e6]"></a>__rt_exit</STRONG> (ARM, 0 bytes, Stack size unknown bytes, rtexit.o(.ARM.Collect$$rtexit$$00000000))
<BR><BR>[Called By]<UL><LI><a href="#[d5]">&gt;&gt;</a>&nbsp;&nbsp;&nbsp;exit (via Veneer)
</UL>

<P><STRONG><a name="[d6]"></a>__rt_exit_ls</STRONG> (ARM, 0 bytes, Stack size unknown bytes, rtexit2.o(.ARM.Collect$$rtexit$$00000003))
<BR><BR>[Calls]<UL><LI><a href="#[d7]">&gt;&gt;</a>&nbsp;&nbsp;&nbsp;__rt_lib_shutdown (via Veneer)
</UL>

<P><STRONG><a name="[1a6]"></a>__rt_exit_prels_1</STRONG> (ARM, 0 bytes, Stack size unknown bytes, rtexit2.o(.ARM.Collect$$rtexit$$00000002))

<P><STRONG><a name="[d8]"></a>__rt_exit_exit</STRONG> (ARM, 0 bytes, Stack size unknown bytes, rtexit2.o(.ARM.Collect$$rtexit$$00000004))
<BR><BR>[Calls]<UL><LI><a href="#[d9]">&gt;&gt;</a>&nbsp;&nbsp;&nbsp;_sys_exit (via Veneer)
</UL>

<P><STRONG><a name="[8]"></a>IRQ_Handler</STRONG> (ARM, 52 bytes, Stack size 0 bytes, rtx_config.o(.emb_text))
<BR>[Address Reference Count : 1]<UL><LI> startup.o(RESET)
</UL>
<P><STRONG><a name="[1a7]"></a>_inc_qi</STRONG> (Thumb, 60 bytes, Stack size 0 bytes, hal_arm.o(.emb_text), UNUSED)

<P><STRONG><a name="[157]"></a>_dec_qc</STRONG> (Thumb, 32 bytes, Stack size 0 bytes, hal_arm.o(.emb_text))
<BR><BR>[Called By]<UL><LI><a href="#[12]">&gt;&gt;</a>&nbsp;&nbsp;&nbsp;os_sys_manager
</UL>

<P><STRONG><a name="[150]"></a>os_set_env</STRONG> (Thumb, 8 bytes, Stack size 0 bytes, hal_arm.o(.emb_text))
<BR><BR>[Called By]<UL><LI><a href="#[10]">&gt;&gt;</a>&nbsp;&nbsp;&nbsp;os_sys_init1
</UL>

<P><STRONG><a name="[13d]"></a>os_sys_init0</STRONG> (Thumb, 12 bytes, Stack size 0 bytes, hal_arm.o(.emb_text))
<BR><BR>[Called By]<UL><LI><a href="#[b]">&gt;&gt;</a>&nbsp;&nbsp;&nbsp;main
</UL>

<P><STRONG><a name="[153]"></a>os_sys_run</STRONG> (Thumb, 16 bytes, Stack size 0 bytes, hal_arm.o(.emb_text))
<BR><BR>[Called By]<UL><LI><a href="#[10]">&gt;&gt;</a>&nbsp;&nbsp;&nbsp;os_sys_init1
</UL>

<P><STRONG><a name="[e]"></a>os_clock_interrupt</STRONG> (ARM, 128 bytes, Stack size 0 bytes, hal_arm.o(.emb_text))
<BR>[Address Reference Count : 1]<UL><LI> rtx_config.o(.emb_text)
</UL>
<P><STRONG><a name="[159]"></a>os_sys_manager_ret</STRONG> (Thumb, 0 bytes, Stack size unknown bytes, hal_arm.o(.emb_text))
<BR><BR>[Called By]<UL><LI><a href="#[12]">&gt;&gt;</a>&nbsp;&nbsp;&nbsp;os_sys_manager
</UL>

<P><STRONG><a name="[5]"></a>SWI_Handler</STRONG> (ARM, 192 bytes, Stack size 0 bytes, hal_arm.o(.emb_text))
<BR>[Address Reference Count : 1]<UL><LI> startup.o(RESET)
</UL>
<P><STRONG><a name="[115]"></a>os_switch_tasks_ret</STRONG> (Thumb, 0 bytes, Stack size unknown bytes, hal_arm.o(.emb_text))
<BR><BR>[Called By]<UL><LI><a href="#[15]">&gt;&gt;</a>&nbsp;&nbsp;&nbsp;__SWI_0
</UL>

<P><STRONG><a name="[e4]"></a>__user_initial_stackheap</STRONG> (ARM, 0 bytes, Stack size unknown bytes, startup.o(.text))
<BR><BR>[Called By]<UL><LI><a href="#[d2]">&gt;&gt;</a>&nbsp;&nbsp;&nbsp;__user_setup_stackheap
</UL>

<P><STRONG><a name="[1a8]"></a>__user_libspace</STRONG> (ARM, 12 bytes, Stack size 0 bytes, libspace.o(.text), UNUSED)

<P><STRONG><a name="[e3]"></a>__user_perproc_libspace</STRONG> (ARM, 0 bytes, Stack size 0 bytes, libspace.o(.text))
<BR><BR>[Called By]<UL><LI><a href="#[d2]">&gt;&gt;</a>&nbsp;&nbsp;&nbsp;__user_setup_stackheap
</UL>

<P><STRONG><a name="[da]"></a>abort</STRONG> (Thumb, 16 bytes, Stack size 0 bytes, abort.o(.text))
<BR><BR>[Stack]<UL><LI>Max Depth = 40 + Unknown Stack Size
<LI>Call Chain = abort &rArr; __rt_SIGABRT &rArr; __rt_SIGABRT_inner &rArr; __default_signal_display &rArr; _ttywrch
</UL>
<BR>[Calls]<UL><LI><a href="#[d7]">&gt;&gt;</a>&nbsp;&nbsp;&nbsp;__rt_lib_shutdown
<LI><a href="#[db]">&gt;&gt;</a>&nbsp;&nbsp;&nbsp;__rt_SIGABRT
<LI><a href="#[d9]">&gt;&gt;</a>&nbsp;&nbsp;&nbsp;_sys_exit
</UL>
<BR>[Called By]<UL><LI><a href="#[165]">&gt;&gt;</a>&nbsp;&nbsp;&nbsp;prvucMBBIN2CHAR
<LI><a href="#[b1]">&gt;&gt;</a>&nbsp;&nbsp;&nbsp;xMBRTUTransmitFSM
<LI><a href="#[b2]">&gt;&gt;</a>&nbsp;&nbsp;&nbsp;xMBRTUTimerT35Expired
<LI><a href="#[b0]">&gt;&gt;</a>&nbsp;&nbsp;&nbsp;xMBRTUReceiveFSM
<LI><a href="#[b8]">&gt;&gt;</a>&nbsp;&nbsp;&nbsp;xMBASCIITransmitFSM
<LI><a href="#[b9]">&gt;&gt;</a>&nbsp;&nbsp;&nbsp;xMBASCIITimerT1SExpired
<LI><a href="#[b7]">&gt;&gt;</a>&nbsp;&nbsp;&nbsp;xMBASCIIReceiveFSM
<LI><a href="#[af]">&gt;&gt;</a>&nbsp;&nbsp;&nbsp;eMBRTUReceive
<LI><a href="#[b6]">&gt;&gt;</a>&nbsp;&nbsp;&nbsp;eMBASCIIReceive
</UL>

<P><STRONG><a name="[f0]"></a>__aeabi_uread4</STRONG> (ARM, 0 bytes, Stack size 0 bytes, uread4.o(.text))
<BR><BR>[Called By]<UL><LI><a href="#[160]">&gt;&gt;</a>&nbsp;&nbsp;&nbsp;tempHandle (via Veneer)
<LI><a href="#[bb]">&gt;&gt;</a>&nbsp;&nbsp;&nbsp;pid (via Veneer)
<LI><a href="#[be]">&gt;&gt;</a>&nbsp;&nbsp;&nbsp;init (via Veneer)
<LI><a href="#[11b]">&gt;&gt;</a>&nbsp;&nbsp;&nbsp;data_init (via Veneer)
<LI><a href="#[ff]">&gt;&gt;</a>&nbsp;&nbsp;&nbsp;Display (via Veneer)
<LI><a href="#[4e]">&gt;&gt;</a>&nbsp;&nbsp;&nbsp;CaluserPos_DisplayHandler (via Veneer)
<LI><a href="#[69]">&gt;&gt;</a>&nbsp;&nbsp;&nbsp;CaluserInp_DisplayHandler (via Veneer)
<LI><a href="#[4c]">&gt;&gt;</a>&nbsp;&nbsp;&nbsp;XtuneAuto_OpeningHandler (via Veneer)
<LI><a href="#[20]">&gt;&gt;</a>&nbsp;&nbsp;&nbsp;MENU_MAIN_MANUAL_DisplayHandler (via Veneer)
</UL>

<P><STRONG><a name="[1a9]"></a>__rt_uread4</STRONG> (ARM, 32 bytes, Stack size 0 bytes, uread4.o(.text), UNUSED)

<P><STRONG><a name="[108]"></a>__aeabi_uwrite4</STRONG> (ARM, 0 bytes, Stack size 0 bytes, uwrite4.o(.text))
<BR><BR>[Called By]<UL><LI><a href="#[160]">&gt;&gt;</a>&nbsp;&nbsp;&nbsp;tempHandle (via Veneer)
<LI><a href="#[163]">&gt;&gt;</a>&nbsp;&nbsp;&nbsp;spHandle (via Veneer)
<LI><a href="#[15f]">&gt;&gt;</a>&nbsp;&nbsp;&nbsp;posHandle (via Veneer)
<LI><a href="#[162]">&gt;&gt;</a>&nbsp;&nbsp;&nbsp;pid_reset_integrator (via Veneer)
<LI><a href="#[13b]">&gt;&gt;</a>&nbsp;&nbsp;&nbsp;pid_init (via Veneer)
<LI><a href="#[15e]">&gt;&gt;</a>&nbsp;&nbsp;&nbsp;p2Handle (via Veneer)
<LI><a href="#[15d]">&gt;&gt;</a>&nbsp;&nbsp;&nbsp;p1Handle (via Veneer)
<LI><a href="#[bb]">&gt;&gt;</a>&nbsp;&nbsp;&nbsp;pid (via Veneer)
<LI><a href="#[bd]">&gt;&gt;</a>&nbsp;&nbsp;&nbsp;hmi (via Veneer)
<LI><a href="#[11b]">&gt;&gt;</a>&nbsp;&nbsp;&nbsp;data_init (via Veneer)
<LI><a href="#[59]">&gt;&gt;</a>&nbsp;&nbsp;&nbsp;Serio9600_OpeningHandler (via Veneer)
<LI><a href="#[5e]">&gt;&gt;</a>&nbsp;&nbsp;&nbsp;Serio4800_OpeningHandler (via Veneer)
<LI><a href="#[5b]">&gt;&gt;</a>&nbsp;&nbsp;&nbsp;Serio38400_OpeningHandler (via Veneer)
<LI><a href="#[5d]">&gt;&gt;</a>&nbsp;&nbsp;&nbsp;Serio2400_OpeningHandler (via Veneer)
<LI><a href="#[5a]">&gt;&gt;</a>&nbsp;&nbsp;&nbsp;Serio19200_OpeningHandler (via Veneer)
<LI><a href="#[5c]">&gt;&gt;</a>&nbsp;&nbsp;&nbsp;Serio1200_OpeningHandler (via Veneer)
<LI><a href="#[1f]">&gt;&gt;</a>&nbsp;&nbsp;&nbsp;MENU_MAIN_MANUAL_KeyboardHandler (via Veneer)
</UL>

<P><STRONG><a name="[1aa]"></a>__rt_uwrite4</STRONG> (ARM, 32 bytes, Stack size 0 bytes, uwrite4.o(.text), UNUSED)

<P><STRONG><a name="[1ab]"></a>__aeabi_idiv</STRONG> (ARM, 0 bytes, Stack size 8 bytes, aeabi_sdiv.o(.text), UNUSED)

<P><STRONG><a name="[164]"></a>__aeabi_idivmod</STRONG> (ARM, 384 bytes, Stack size 8 bytes, aeabi_sdiv.o(.text))
<BR><BR>[Stack]<UL><LI>Max Depth = 8<LI>Call Chain = __aeabi_idivmod
</UL>
<BR>[Called By]<UL><LI><a href="#[13b]">&gt;&gt;</a>&nbsp;&nbsp;&nbsp;pid_init (via Veneer)
</UL>

<P><STRONG><a name="[1ac]"></a>__use_two_region_memory</STRONG> (Thumb, 2 bytes, Stack size 0 bytes, heapauxi.o(.text), UNUSED)

<P><STRONG><a name="[1ad]"></a>__rt_heap_escrow$2region</STRONG> (Thumb, 2 bytes, Stack size 0 bytes, heapauxi.o(.text), UNUSED)

<P><STRONG><a name="[1ae]"></a>__rt_heap_expand$2region</STRONG> (Thumb, 2 bytes, Stack size 0 bytes, heapauxi.o(.text), UNUSED)

<P><STRONG><a name="[d9]"></a>_sys_exit</STRONG> (Thumb, 8 bytes, Stack size 0 bytes, sys_exit.o(.text))
<BR><BR>[Called By]<UL><LI><a href="#[d8]">&gt;&gt;</a>&nbsp;&nbsp;&nbsp;__rt_exit_exit (via Veneer)
<LI><a href="#[e0]">&gt;&gt;</a>&nbsp;&nbsp;&nbsp;__sig_exit
<LI><a href="#[da]">&gt;&gt;</a>&nbsp;&nbsp;&nbsp;abort
</UL>

<P><STRONG><a name="[dc]"></a>__read_errno</STRONG> (Thumb, 14 bytes, Stack size 8 bytes, _rserrno.o(.text), UNUSED)
<BR><BR>[Calls]<UL><LI><a href="#[dd]">&gt;&gt;</a>&nbsp;&nbsp;&nbsp;__aeabi_errno_addr (via Veneer)
</UL>

<P><STRONG><a name="[de]"></a>__set_errno</STRONG> (Thumb, 12 bytes, Stack size 8 bytes, _rserrno.o(.text))
<BR><BR>[Stack]<UL><LI>Max Depth = 16<LI>Call Chain = __set_errno &rArr; __aeabi_errno_addr &rArr; __user_perthread_libspace
</UL>
<BR>[Calls]<UL><LI><a href="#[dd]">&gt;&gt;</a>&nbsp;&nbsp;&nbsp;__aeabi_errno_addr (via Veneer)
</UL>
<BR>[Called By]<UL><LI><a href="#[166]">&gt;&gt;</a>&nbsp;&nbsp;&nbsp;sqrt (via Veneer)
</UL>

<P><STRONG><a name="[db]"></a>__rt_SIGABRT</STRONG> (Thumb, 16 bytes, Stack size 8 bytes, defsig_abrt_outer.o(.text))
<BR><BR>[Stack]<UL><LI>Max Depth = 40<LI>Call Chain = __rt_SIGABRT &rArr; __rt_SIGABRT_inner &rArr; __default_signal_display &rArr; _ttywrch
</UL>
<BR>[Calls]<UL><LI><a href="#[df]">&gt;&gt;</a>&nbsp;&nbsp;&nbsp;__rt_SIGABRT_inner
<LI><a href="#[e0]">&gt;&gt;</a>&nbsp;&nbsp;&nbsp;__sig_exit
</UL>
<BR>[Called By]<UL><LI><a href="#[da]">&gt;&gt;</a>&nbsp;&nbsp;&nbsp;abort
</UL>

<P><STRONG><a name="[1af]"></a>__I$use$semihosting</STRONG> (ARM, 0 bytes, Stack size 0 bytes, use_no_semi.o(.text), UNUSED)

<P><STRONG><a name="[1b0]"></a>__use_no_semihosting_swi</STRONG> (ARM, 4 bytes, Stack size 0 bytes, use_no_semi.o(.text), UNUSED)

<P><STRONG><a name="[dd]"></a>__aeabi_errno_addr</STRONG> (ARM, 4 bytes, Stack size 0 bytes, rt_errno_addr_twolibspace.o(.text))
<BR><BR>[Stack]<UL><LI>Max Depth = 8<LI>Call Chain = __aeabi_errno_addr &rArr; __user_perthread_libspace
</UL>
<BR>[Calls]<UL><LI><a href="#[e1]">&gt;&gt;</a>&nbsp;&nbsp;&nbsp;__user_perthread_libspace (via Veneer)
</UL>
<BR>[Called By]<UL><LI><a href="#[de]">&gt;&gt;</a>&nbsp;&nbsp;&nbsp;__set_errno (via Veneer)
<LI><a href="#[dc]">&gt;&gt;</a>&nbsp;&nbsp;&nbsp;__read_errno (via Veneer)
</UL>

<P><STRONG><a name="[1b1]"></a>__errno$twolibspace</STRONG> (ARM, 0 bytes, Stack size 0 bytes, rt_errno_addr_twolibspace.o(.text), UNUSED)

<P><STRONG><a name="[1b2]"></a>__rt_errno_addr$twolibspace</STRONG> (ARM, 0 bytes, Stack size 0 bytes, rt_errno_addr_twolibspace.o(.text), UNUSED)

<P><STRONG><a name="[e0]"></a>__sig_exit</STRONG> (Thumb, 16 bytes, Stack size 8 bytes, defsig_exit.o(.text))
<BR><BR>[Stack]<UL><LI>Max Depth = 8<LI>Call Chain = __sig_exit
</UL>
<BR>[Calls]<UL><LI><a href="#[d9]">&gt;&gt;</a>&nbsp;&nbsp;&nbsp;_sys_exit
</UL>
<BR>[Called By]<UL><LI><a href="#[db]">&gt;&gt;</a>&nbsp;&nbsp;&nbsp;__rt_SIGABRT
</UL>

<P><STRONG><a name="[df]"></a>__rt_SIGABRT_inner</STRONG> (Thumb, 18 bytes, Stack size 8 bytes, defsig_abrt_inner.o(.text))
<BR><BR>[Stack]<UL><LI>Max Depth = 32<LI>Call Chain = __rt_SIGABRT_inner &rArr; __default_signal_display &rArr; _ttywrch
</UL>
<BR>[Calls]<UL><LI><a href="#[e2]">&gt;&gt;</a>&nbsp;&nbsp;&nbsp;__default_signal_display
</UL>
<BR>[Called By]<UL><LI><a href="#[db]">&gt;&gt;</a>&nbsp;&nbsp;&nbsp;__rt_SIGABRT
</UL>

<P><STRONG><a name="[d2]"></a>__user_setup_stackheap</STRONG> (ARM, 96 bytes, Stack size 8 bytes, sys_stackheap_outer.o(.text))
<BR><BR>[Stack]<UL><LI>Max Depth = 8 + Unknown Stack Size
<LI>Call Chain = __user_setup_stackheap
</UL>
<BR>[Calls]<UL><LI><a href="#[e4]">&gt;&gt;</a>&nbsp;&nbsp;&nbsp;__user_initial_stackheap
<LI><a href="#[e3]">&gt;&gt;</a>&nbsp;&nbsp;&nbsp;__user_perproc_libspace
</UL>
<BR>[Called By]<UL><LI><a href="#[d1]">&gt;&gt;</a>&nbsp;&nbsp;&nbsp;__rt_entry_sh
</UL>

<P><STRONG><a name="[d5]"></a>exit</STRONG> (Thumb, 12 bytes, Stack size 0 bytes, exit.o(.text))
<BR><BR>[Calls]<UL><LI><a href="#[e6]">&gt;&gt;</a>&nbsp;&nbsp;&nbsp;__rt_exit (via Veneer)
<LI><a href="#[e5]">&gt;&gt;</a>&nbsp;&nbsp;&nbsp;_call_atexit_fns (Weak Reference)
</UL>
<BR>[Called By]<UL><LI><a href="#[d4]">&gt;&gt;</a>&nbsp;&nbsp;&nbsp;__rt_entry_main
</UL>

<P><STRONG><a name="[e2]"></a>__default_signal_display</STRONG> (Thumb, 56 bytes, Stack size 16 bytes, defsig_general.o(.text))
<BR><BR>[Stack]<UL><LI>Max Depth = 24<LI>Call Chain = __default_signal_display &rArr; _ttywrch
</UL>
<BR>[Calls]<UL><LI><a href="#[e7]">&gt;&gt;</a>&nbsp;&nbsp;&nbsp;_ttywrch
</UL>
<BR>[Called By]<UL><LI><a href="#[df]">&gt;&gt;</a>&nbsp;&nbsp;&nbsp;__rt_SIGABRT_inner
</UL>

<P><STRONG><a name="[e7]"></a>_ttywrch</STRONG> (Thumb, 16 bytes, Stack size 8 bytes, sys_wrch.o(.text))
<BR><BR>[Stack]<UL><LI>Max Depth = 8<LI>Call Chain = _ttywrch
</UL>
<BR>[Called By]<UL><LI><a href="#[e2]">&gt;&gt;</a>&nbsp;&nbsp;&nbsp;__default_signal_display
</UL>

<P><STRONG><a name="[e8]"></a>__rt_fp_status_addr</STRONG> (ARM, 20 bytes, Stack size 8 bytes, rt_fp_status_addr_twolibspace.o(.text))
<BR><BR>[Stack]<UL><LI>Max Depth = 16<LI>Call Chain = __rt_fp_status_addr &rArr; __user_perthread_libspace
</UL>
<BR>[Calls]<UL><LI><a href="#[e1]">&gt;&gt;</a>&nbsp;&nbsp;&nbsp;__user_perthread_libspace (via Veneer)
</UL>
<BR>[Called By]<UL><LI><a href="#[d0]">&gt;&gt;</a>&nbsp;&nbsp;&nbsp;_fp_init
</UL>

<P><STRONG><a name="[1b3]"></a>__aeabi_uidiv</STRONG> (ARM, 0 bytes, Stack size 0 bytes, aeabi_sdiv.o(.text_udiv), UNUSED)

<P><STRONG><a name="[e9]"></a>__aeabi_uidivmod</STRONG> (ARM, 36 bytes, Stack size 0 bytes, aeabi_sdiv.o(.text_udiv))
<BR><BR>[Calls]<UL><LI><a href="#[ed]">&gt;&gt;</a>&nbsp;&nbsp;&nbsp;__arm_div_large
<LI><a href="#[ea]">&gt;&gt;</a>&nbsp;&nbsp;&nbsp;__arm_div2
<LI><a href="#[eb]">&gt;&gt;</a>&nbsp;&nbsp;&nbsp;__arm_div5
<LI><a href="#[ec]">&gt;&gt;</a>&nbsp;&nbsp;&nbsp;__arm_div8
</UL>
<BR>[Called By]<UL><LI><a href="#[12e]">&gt;&gt;</a>&nbsp;&nbsp;&nbsp;eMBRTUInit (via Veneer)
<LI><a href="#[120]">&gt;&gt;</a>&nbsp;&nbsp;&nbsp;xMBPortSerialInit (via Veneer)
<LI><a href="#[3f]">&gt;&gt;</a>&nbsp;&nbsp;&nbsp;CharactFree_KeyboardHandler (via Veneer)
<LI><a href="#[f2]">&gt;&gt;</a>&nbsp;&nbsp;&nbsp;floattochar (via Veneer)
<LI><a href="#[50]">&gt;&gt;</a>&nbsp;&nbsp;&nbsp;XtunePwm_KeyboardHandler (via Veneer)
<LI><a href="#[2e]">&gt;&gt;</a>&nbsp;&nbsp;&nbsp;XsetXlimit_KeyboardHandler (via Veneer)
<LI><a href="#[49]">&gt;&gt;</a>&nbsp;&nbsp;&nbsp;XcontrolPara_KeyboardHandler (via Veneer)
<LI><a href="#[1f]">&gt;&gt;</a>&nbsp;&nbsp;&nbsp;MENU_MAIN_MANUAL_KeyboardHandler (via Veneer)
<LI><a href="#[2b]">&gt;&gt;</a>&nbsp;&nbsp;&nbsp;InsetSpltrng_KeyboardHandler (via Veneer)
<LI><a href="#[28]">&gt;&gt;</a>&nbsp;&nbsp;&nbsp;InsetCutoff_KeyboardHandler (via Veneer)
</UL>

<P><STRONG><a name="[fa]"></a>DS18B20_Temperature</STRONG> (Thumb, 154 bytes, Stack size 32 bytes, ds18b20.o(i.DS18B20_Temperature))
<BR><BR>[Stack]<UL><LI>Max Depth = 56<LI>Call Chain = DS18B20_Temperature &rArr; Init_DS18B20
</UL>
<BR>[Calls]<UL><LI><a href="#[fb]">&gt;&gt;</a>&nbsp;&nbsp;&nbsp;Init_DS18B20
<LI><a href="#[fc]">&gt;&gt;</a>&nbsp;&nbsp;&nbsp;DS18B20_WriteByte
<LI><a href="#[f8]">&gt;&gt;</a>&nbsp;&nbsp;&nbsp;DS18B20_ReadByte
<LI><a href="#[fe]">&gt;&gt;</a>&nbsp;&nbsp;&nbsp;scalbnf (via Veneer)
<LI><a href="#[fd]">&gt;&gt;</a>&nbsp;&nbsp;&nbsp;__aeabi_ui2f (via Veneer)
</UL>
<BR>[Called By]<UL><LI><a href="#[bd]">&gt;&gt;</a>&nbsp;&nbsp;&nbsp;hmi
</UL>

<P><STRONG><a name="[10a]"></a>EepromWr_n</STRONG> (Thumb, 64 bytes, Stack size 12 bytes, iap.o(i.EepromWr_n))
<BR><BR>[Stack]<UL><LI>Max Depth = 12<LI>Call Chain = EepromWr_n
</UL>
<BR>[Called By]<UL><LI><a href="#[12b]">&gt;&gt;</a>&nbsp;&nbsp;&nbsp;eMBRegHoldingCB
<LI><a href="#[109]">&gt;&gt;</a>&nbsp;&nbsp;&nbsp;MenuKeyboardHandler
</UL>

<P><STRONG><a name="[101]"></a>HMI_Handler</STRONG> (Thumb, 16 bytes, Stack size 8 bytes, hmi.o(i.HMI_Handler))
<BR><BR>[Stack]<UL><LI>Max Depth = 72 + Unknown Stack Size
<LI>Call Chain = HMI_Handler &rArr; Display &rArr; floattochar &rArr; __aeabi_fmul
</UL>
<BR>[Calls]<UL><LI><a href="#[ff]">&gt;&gt;</a>&nbsp;&nbsp;&nbsp;Display
<LI><a href="#[f5]">&gt;&gt;</a>&nbsp;&nbsp;&nbsp;CheckKeyboard
</UL>
<BR>[Called By]<UL><LI><a href="#[bd]">&gt;&gt;</a>&nbsp;&nbsp;&nbsp;hmi
</UL>

<P><STRONG><a name="[102]"></a>HMI_Init</STRONG> (Thumb, 5112 bytes, Stack size 80 bytes, hmi.o(i.HMI_Init))
<BR><BR>[Stack]<UL><LI>Max Depth = 104<LI>Call Chain = HMI_Init &rArr; initLCD_1622 &rArr; SENDCOMA &rArr; SendBit_HT1622
</UL>
<BR>[Calls]<UL><LI><a href="#[103]">&gt;&gt;</a>&nbsp;&nbsp;&nbsp;initLCD_1622
<LI><a href="#[ee]">&gt;&gt;</a>&nbsp;&nbsp;&nbsp;clearLCD
</UL>
<BR>[Called By]<UL><LI><a href="#[be]">&gt;&gt;</a>&nbsp;&nbsp;&nbsp;init
</UL>

<P><STRONG><a name="[f4]"></a>SetPwmDutyCycle1</STRONG> (Thumb, 112 bytes, Stack size 16 bytes, main.o(i.SetPwmDutyCycle1))
<BR><BR>[Stack]<UL><LI>Max Depth = 32<LI>Call Chain = SetPwmDutyCycle1 &rArr; __aeabi_f2uiz
</UL>
<BR>[Calls]<UL><LI><a href="#[fe]">&gt;&gt;</a>&nbsp;&nbsp;&nbsp;scalbnf (via Veneer)
<LI><a href="#[107]">&gt;&gt;</a>&nbsp;&nbsp;&nbsp;__aeabi_i2f (via Veneer)
<LI><a href="#[10f]">&gt;&gt;</a>&nbsp;&nbsp;&nbsp;__aeabi_f2uiz (via Veneer)
<LI><a href="#[f1]">&gt;&gt;</a>&nbsp;&nbsp;&nbsp;__aeabi_fdiv (via Veneer)
<LI><a href="#[10e]">&gt;&gt;</a>&nbsp;&nbsp;&nbsp;__aeabi_frsub (via Veneer)
<LI><a href="#[10d]">&gt;&gt;</a>&nbsp;&nbsp;&nbsp;__aeabi_fadd (via Veneer)
</UL>
<BR>[Called By]<UL><LI><a href="#[bb]">&gt;&gt;</a>&nbsp;&nbsp;&nbsp;pid
<LI><a href="#[4d]">&gt;&gt;</a>&nbsp;&nbsp;&nbsp;CaluserPos_KeyboardHandler
<LI><a href="#[68]">&gt;&gt;</a>&nbsp;&nbsp;&nbsp;CaluserInp_KeyboardHandler
<LI><a href="#[4c]">&gt;&gt;</a>&nbsp;&nbsp;&nbsp;XtuneAuto_OpeningHandler
</UL>

<P><STRONG><a name="[110]"></a>SetPwmDutyCycle2</STRONG> (Thumb, 194 bytes, Stack size 24 bytes, main.o(i.SetPwmDutyCycle2))
<BR><BR>[Stack]<UL><LI>Max Depth = 40<LI>Call Chain = SetPwmDutyCycle2 &rArr; __aeabi_f2uiz
</UL>
<BR>[Calls]<UL><LI><a href="#[fe]">&gt;&gt;</a>&nbsp;&nbsp;&nbsp;scalbnf (via Veneer)
<LI><a href="#[107]">&gt;&gt;</a>&nbsp;&nbsp;&nbsp;__aeabi_i2f (via Veneer)
<LI><a href="#[10f]">&gt;&gt;</a>&nbsp;&nbsp;&nbsp;__aeabi_f2uiz (via Veneer)
<LI><a href="#[f1]">&gt;&gt;</a>&nbsp;&nbsp;&nbsp;__aeabi_fdiv (via Veneer)
<LI><a href="#[10e]">&gt;&gt;</a>&nbsp;&nbsp;&nbsp;__aeabi_frsub (via Veneer)
<LI><a href="#[10d]">&gt;&gt;</a>&nbsp;&nbsp;&nbsp;__aeabi_fadd (via Veneer)
</UL>
<BR>[Called By]<UL><LI><a href="#[bb]">&gt;&gt;</a>&nbsp;&nbsp;&nbsp;pid
</UL>

<P><STRONG><a name="[100]"></a>__ARM_common_call_via_r0</STRONG> (Thumb, 2 bytes, Stack size 0 bytes, mb.o(i.__ARM_common_call_via_r0))
<BR><BR>[Called By]<UL><LI><a href="#[127]">&gt;&gt;</a>&nbsp;&nbsp;&nbsp;eMBEnable
<LI><a href="#[ff]">&gt;&gt;</a>&nbsp;&nbsp;&nbsp;Display
<LI><a href="#[109]">&gt;&gt;</a>&nbsp;&nbsp;&nbsp;MenuKeyboardHandler
</UL>

<P><STRONG><a name="[133]"></a>__ARM_common_call_via_r2</STRONG> (Thumb, 2 bytes, Stack size 0 bytes, mb.o(i.__ARM_common_call_via_r2))
<BR><BR>[Called By]<UL><LI><a href="#[130]">&gt;&gt;</a>&nbsp;&nbsp;&nbsp;eMBPoll
</UL>

<P><STRONG><a name="[132]"></a>__ARM_common_call_via_r3</STRONG> (Thumb, 2 bytes, Stack size 0 bytes, mb.o(i.__ARM_common_call_via_r3))
<BR><BR>[Called By]<UL><LI><a href="#[130]">&gt;&gt;</a>&nbsp;&nbsp;&nbsp;eMBPoll
</UL>

<P><STRONG><a name="[11f]"></a>__ARM_common_disable_irq</STRONG> (ARM, 20 bytes, Stack size 0 bytes, mb.o(i.__ARM_common_disable_irq))
<BR><BR>[Called By]<UL><LI><a href="#[ad]">&gt;&gt;</a>&nbsp;&nbsp;&nbsp;eMBRTUStop (via Veneer)
<LI><a href="#[ac]">&gt;&gt;</a>&nbsp;&nbsp;&nbsp;eMBRTUStart (via Veneer)
<LI><a href="#[ae]">&gt;&gt;</a>&nbsp;&nbsp;&nbsp;eMBRTUSend (via Veneer)
<LI><a href="#[af]">&gt;&gt;</a>&nbsp;&nbsp;&nbsp;eMBRTUReceive (via Veneer)
<LI><a href="#[12e]">&gt;&gt;</a>&nbsp;&nbsp;&nbsp;eMBRTUInit (via Veneer)
<LI><a href="#[b4]">&gt;&gt;</a>&nbsp;&nbsp;&nbsp;eMBASCIIStop (via Veneer)
<LI><a href="#[b3]">&gt;&gt;</a>&nbsp;&nbsp;&nbsp;eMBASCIIStart (via Veneer)
<LI><a href="#[b5]">&gt;&gt;</a>&nbsp;&nbsp;&nbsp;eMBASCIISend (via Veneer)
<LI><a href="#[b6]">&gt;&gt;</a>&nbsp;&nbsp;&nbsp;eMBASCIIReceive (via Veneer)
<LI><a href="#[11e]">&gt;&gt;</a>&nbsp;&nbsp;&nbsp;eMBASCIIInit (via Veneer)
</UL>

<P><STRONG><a name="[122]"></a>__ARM_common_enable_irq</STRONG> (ARM, 16 bytes, Stack size 0 bytes, mb.o(i.__ARM_common_enable_irq))
<BR><BR>[Called By]<UL><LI><a href="#[ad]">&gt;&gt;</a>&nbsp;&nbsp;&nbsp;eMBRTUStop (via Veneer)
<LI><a href="#[ac]">&gt;&gt;</a>&nbsp;&nbsp;&nbsp;eMBRTUStart (via Veneer)
<LI><a href="#[ae]">&gt;&gt;</a>&nbsp;&nbsp;&nbsp;eMBRTUSend (via Veneer)
<LI><a href="#[af]">&gt;&gt;</a>&nbsp;&nbsp;&nbsp;eMBRTUReceive (via Veneer)
<LI><a href="#[12e]">&gt;&gt;</a>&nbsp;&nbsp;&nbsp;eMBRTUInit (via Veneer)
<LI><a href="#[b4]">&gt;&gt;</a>&nbsp;&nbsp;&nbsp;eMBASCIIStop (via Veneer)
<LI><a href="#[b3]">&gt;&gt;</a>&nbsp;&nbsp;&nbsp;eMBASCIIStart (via Veneer)
<LI><a href="#[b5]">&gt;&gt;</a>&nbsp;&nbsp;&nbsp;eMBASCIISend (via Veneer)
<LI><a href="#[b6]">&gt;&gt;</a>&nbsp;&nbsp;&nbsp;eMBASCIIReceive (via Veneer)
<LI><a href="#[11e]">&gt;&gt;</a>&nbsp;&nbsp;&nbsp;eMBASCIIInit (via Veneer)
</UL>

<P><STRONG><a name="[11d]"></a>__ARM_common_switch8</STRONG> (ARM, 24 bytes, Stack size 0 bytes, main.o(i.__ARM_common_switch8))
<BR><BR>[Called By]<UL><LI><a href="#[b8]">&gt;&gt;</a>&nbsp;&nbsp;&nbsp;xMBASCIITransmitFSM (via Veneer)
<LI><a href="#[bb]">&gt;&gt;</a>&nbsp;&nbsp;&nbsp;pid (via Veneer)
<LI><a href="#[f3]">&gt;&gt;</a>&nbsp;&nbsp;&nbsp;display_digital (via Veneer)
<LI><a href="#[11c]">&gt;&gt;</a>&nbsp;&nbsp;&nbsp;digital (via Veneer)
</UL>

<P><STRONG><a name="[15]"></a>__SWI_0</STRONG> (Thumb, 44 bytes, Stack size 0 bytes, hal_arm.o(i.__SWI_0))
<BR><BR>[Calls]<UL><LI><a href="#[13]">&gt;&gt;</a>&nbsp;&nbsp;&nbsp;tsk_unlock
<LI><a href="#[113]">&gt;&gt;</a>&nbsp;&nbsp;&nbsp;os_stk_check
<LI><a href="#[114]">&gt;&gt;</a>&nbsp;&nbsp;&nbsp;rt_post_taskswitch (Weak Reference)
<LI><a href="#[115]">&gt;&gt;</a>&nbsp;&nbsp;&nbsp;os_switch_tasks_ret
</UL>
<BR>[Address Reference Count : 1]<UL><LI> swi_table.o(SWI_TABLE)
</UL>
<P><STRONG><a name="[16]"></a>__SWI_1</STRONG> (Thumb, 14 bytes, Stack size 0 bytes, rt_membox.o(i.__SWI_1))
<BR>[Address Reference Count : 1]<UL><LI> swi_table.o(SWI_TABLE)
</UL>
<P><STRONG><a name="[17]"></a>__SWI_2</STRONG> (Thumb, 24 bytes, Stack size 0 bytes, rt_membox.o(i.__SWI_2))
<BR>[Address Reference Count : 1]<UL><LI> swi_table.o(SWI_TABLE)
</UL>
<P><STRONG><a name="[18]"></a>__SWI_3</STRONG> (Thumb, 8 bytes, Stack size 0 bytes, hal_arm.o(i.__SWI_3))
<BR>[Address Reference Count : 1]<UL><LI> swi_table.o(SWI_TABLE)
</UL>
<P><STRONG><a name="[19]"></a>__SWI_4</STRONG> (Thumb, 8 bytes, Stack size 0 bytes, hal_arm.o(i.__SWI_4))
<BR>[Address Reference Count : 1]<UL><LI> swi_table.o(SWI_TABLE)
</UL>
<P><STRONG><a name="[1a]"></a>__SWI_5</STRONG> (Thumb, 8 bytes, Stack size 0 bytes, rtx_config.o(i.__SWI_5))
<BR>[Address Reference Count : 1]<UL><LI> swi_table.o(SWI_TABLE)
</UL>
<P><STRONG><a name="[1b]"></a>__SWI_6</STRONG> (Thumb, 2 bytes, Stack size 0 bytes, hal_arm.o(i.__SWI_6))
<BR>[Address Reference Count : 1]<UL><LI> swi_table.o(SWI_TABLE)
</UL>
<P><STRONG><a name="[1c]"></a>__SWI_7</STRONG> (Thumb, 2 bytes, Stack size 0 bytes, hal_arm.o(i.__SWI_7))
<BR>[Address Reference Count : 1]<UL><LI> swi_table.o(SWI_TABLE)
</UL>
<P><STRONG><a name="[e1]"></a>__user_perthread_libspace</STRONG> (Thumb, 30 bytes, Stack size 8 bytes, rtx_config.o(i.__user_perthread_libspace))
<BR><BR>[Stack]<UL><LI>Max Depth = 8<LI>Call Chain = __user_perthread_libspace
</UL>
<BR>[Calls]<UL><LI><a href="#[116]">&gt;&gt;</a>&nbsp;&nbsp;&nbsp;os_tsk_self
</UL>
<BR>[Called By]<UL><LI><a href="#[e8]">&gt;&gt;</a>&nbsp;&nbsp;&nbsp;__rt_fp_status_addr (via Veneer)
<LI><a href="#[dd]">&gt;&gt;</a>&nbsp;&nbsp;&nbsp;__aeabi_errno_addr (via Veneer)
</UL>

<P><STRONG><a name="[14f]"></a>_init_box</STRONG> (Thumb, 74 bytes, Stack size 4 bytes, rt_membox.o(i._init_box))
<BR><BR>[Stack]<UL><LI>Max Depth = 4<LI>Call Chain = _init_box
</UL>
<BR>[Called By]<UL><LI><a href="#[10]">&gt;&gt;</a>&nbsp;&nbsp;&nbsp;os_sys_init1
</UL>

<P><STRONG><a name="[bc]"></a>adc</STRONG> (Thumb, 94 bytes, Stack size 0 bytes, main.o(i.adc))
<BR><BR>[Stack]<UL><LI>Max Depth = 88<LI>Call Chain = adc &rArr; adc_read_data
</UL>
<BR>[Calls]<UL><LI><a href="#[118]">&gt;&gt;</a>&nbsp;&nbsp;&nbsp;os_evt_set
<LI><a href="#[111]">&gt;&gt;</a>&nbsp;&nbsp;&nbsp;os_dly_wait
<LI><a href="#[117]">&gt;&gt;</a>&nbsp;&nbsp;&nbsp;adc_read_data
</UL>
<BR>[Address Reference Count : 1]<UL><LI> main.o(i.init)
</UL>
<P><STRONG><a name="[119]"></a>adc_init</STRONG> (Thumb, 28 bytes, Stack size 4 bytes, main.o(i.adc_init))
<BR><BR>[Stack]<UL><LI>Max Depth = 4<LI>Call Chain = adc_init
</UL>
<BR>[Calls]<UL><LI><a href="#[11a]">&gt;&gt;</a>&nbsp;&nbsp;&nbsp;adc_poweron
</UL>
<BR>[Called By]<UL><LI><a href="#[be]">&gt;&gt;</a>&nbsp;&nbsp;&nbsp;init
</UL>

<P><STRONG><a name="[11a]"></a>adc_poweron</STRONG> (Thumb, 16 bytes, Stack size 0 bytes, main.o(i.adc_poweron))
<BR><BR>[Called By]<UL><LI><a href="#[119]">&gt;&gt;</a>&nbsp;&nbsp;&nbsp;adc_init
</UL>

<P><STRONG><a name="[117]"></a>adc_read_data</STRONG> (Thumb, 94 bytes, Stack size 88 bytes, main.o(i.adc_read_data))
<BR><BR>[Stack]<UL><LI>Max Depth = 88<LI>Call Chain = adc_read_data
</UL>
<BR>[Calls]<UL><LI><a href="#[13]">&gt;&gt;</a>&nbsp;&nbsp;&nbsp;tsk_unlock
</UL>
<BR>[Called By]<UL><LI><a href="#[be]">&gt;&gt;</a>&nbsp;&nbsp;&nbsp;init
<LI><a href="#[bc]">&gt;&gt;</a>&nbsp;&nbsp;&nbsp;adc
</UL>

<P><STRONG><a name="[ee]"></a>clearLCD</STRONG> (Thumb, 44 bytes, Stack size 8 bytes, ht1622.o(i.clearLCD))
<BR><BR>[Stack]<UL><LI>Max Depth = 24<LI>Call Chain = clearLCD &rArr; SENDCOMB &rArr; SendBit_HT1622
</UL>
<BR>[Calls]<UL><LI><a href="#[106]">&gt;&gt;</a>&nbsp;&nbsp;&nbsp;SendBit_HT1622
<LI><a href="#[105]">&gt;&gt;</a>&nbsp;&nbsp;&nbsp;SENDCOMB
</UL>
<BR>[Called By]<UL><LI><a href="#[102]">&gt;&gt;</a>&nbsp;&nbsp;&nbsp;HMI_Init
<LI><a href="#[25]">&gt;&gt;</a>&nbsp;&nbsp;&nbsp;Input0_OpeningHandler
<LI><a href="#[42]">&gt;&gt;</a>&nbsp;&nbsp;&nbsp;DircmdRise_OpeningHandler
<LI><a href="#[43]">&gt;&gt;</a>&nbsp;&nbsp;&nbsp;DircmdFall_OpeningHandler
<LI><a href="#[44]">&gt;&gt;</a>&nbsp;&nbsp;&nbsp;DiractRise_OpeningHandler
<LI><a href="#[45]">&gt;&gt;</a>&nbsp;&nbsp;&nbsp;DiractFall_OpeningHandler
<LI><a href="#[41]">&gt;&gt;</a>&nbsp;&nbsp;&nbsp;CharactFree_OpeningHandler
<LI><a href="#[3e]">&gt;&gt;</a>&nbsp;&nbsp;&nbsp;Charact501_OpeningHandler
<LI><a href="#[3d]">&gt;&gt;</a>&nbsp;&nbsp;&nbsp;Charact331_OpeningHandler
<LI><a href="#[3c]">&gt;&gt;</a>&nbsp;&nbsp;&nbsp;Charact251_OpeningHandler
<LI><a href="#[3b]">&gt;&gt;</a>&nbsp;&nbsp;&nbsp;Charact150_OpeningHandler
<LI><a href="#[3a]">&gt;&gt;</a>&nbsp;&nbsp;&nbsp;Charact133_OpeningHandler
<LI><a href="#[39]">&gt;&gt;</a>&nbsp;&nbsp;&nbsp;Charact125_OpeningHandler
<LI><a href="#[38]">&gt;&gt;</a>&nbsp;&nbsp;&nbsp;Charact11_OpeningHandler
<LI><a href="#[6b]">&gt;&gt;</a>&nbsp;&nbsp;&nbsp;CaluserFact_OpeningHandler
<LI><a href="#[8e]">&gt;&gt;</a>&nbsp;&nbsp;&nbsp;Bin2Spos_OpeningHandler
<LI><a href="#[93]">&gt;&gt;</a>&nbsp;&nbsp;&nbsp;Bin2Opn_OpeningHandler
<LI><a href="#[8d]">&gt;&gt;</a>&nbsp;&nbsp;&nbsp;Bin2Lim_OpeningHandler
<LI><a href="#[92]">&gt;&gt;</a>&nbsp;&nbsp;&nbsp;Bin2ErrT_OpeningHandler
<LI><a href="#[8f]">&gt;&gt;</a>&nbsp;&nbsp;&nbsp;Bin2ErrS_OpeningHandler
<LI><a href="#[91]">&gt;&gt;</a>&nbsp;&nbsp;&nbsp;Bin2Err2_OpeningHandler
<LI><a href="#[90]">&gt;&gt;</a>&nbsp;&nbsp;&nbsp;Bin2Err1_OpeningHandler
<LI><a href="#[8c]">&gt;&gt;</a>&nbsp;&nbsp;&nbsp;Bin2Drv_OpeningHandler
<LI><a href="#[94]">&gt;&gt;</a>&nbsp;&nbsp;&nbsp;Bin2Cls_OpeningHandler
<LI><a href="#[85]">&gt;&gt;</a>&nbsp;&nbsp;&nbsp;Bin1Spos_OpeningHandler
<LI><a href="#[8a]">&gt;&gt;</a>&nbsp;&nbsp;&nbsp;Bin1Opn_OpeningHandler
<LI><a href="#[84]">&gt;&gt;</a>&nbsp;&nbsp;&nbsp;Bin1Lim_OpeningHandler
<LI><a href="#[89]">&gt;&gt;</a>&nbsp;&nbsp;&nbsp;Bin1ErrT_OpeningHandler
<LI><a href="#[86]">&gt;&gt;</a>&nbsp;&nbsp;&nbsp;Bin1ErrS_OpeningHandler
<LI><a href="#[88]">&gt;&gt;</a>&nbsp;&nbsp;&nbsp;Bin1Err2_OpeningHandler
<LI><a href="#[87]">&gt;&gt;</a>&nbsp;&nbsp;&nbsp;Bin1Err1_OpeningHandler
<LI><a href="#[83]">&gt;&gt;</a>&nbsp;&nbsp;&nbsp;Bin1Drv_OpeningHandler
<LI><a href="#[8b]">&gt;&gt;</a>&nbsp;&nbsp;&nbsp;Bin1Cls_OpeningHandler
<LI><a href="#[7e]">&gt;&gt;</a>&nbsp;&nbsp;&nbsp;AnlT_OpeningHandler
<LI><a href="#[7b]">&gt;&gt;</a>&nbsp;&nbsp;&nbsp;AnlSp_OpeningHandler
<LI><a href="#[82]">&gt;&gt;</a>&nbsp;&nbsp;&nbsp;AnlSet5_OpeningHandler
<LI><a href="#[7f]">&gt;&gt;</a>&nbsp;&nbsp;&nbsp;AnlSet4_OpeningHandler
<LI><a href="#[81]">&gt;&gt;</a>&nbsp;&nbsp;&nbsp;AnlSet10_OpeningHandler
<LI><a href="#[80]">&gt;&gt;</a>&nbsp;&nbsp;&nbsp;AnlSet0_OpeningHandler
<LI><a href="#[79]">&gt;&gt;</a>&nbsp;&nbsp;&nbsp;AnlPos_OpeningHandler
<LI><a href="#[7d]">&gt;&gt;</a>&nbsp;&nbsp;&nbsp;AnlP2_OpeningHandler
<LI><a href="#[7c]">&gt;&gt;</a>&nbsp;&nbsp;&nbsp;AnlP1_OpeningHandler
<LI><a href="#[7a]">&gt;&gt;</a>&nbsp;&nbsp;&nbsp;AnlCmd_OpeningHandler
<LI><a href="#[22]">&gt;&gt;</a>&nbsp;&nbsp;&nbsp;ActSngl_OpeningHandler
<LI><a href="#[23]">&gt;&gt;</a>&nbsp;&nbsp;&nbsp;ActDoub_OpeningHandler
<LI><a href="#[4c]">&gt;&gt;</a>&nbsp;&nbsp;&nbsp;XtuneAuto_OpeningHandler
<LI><a href="#[a4]">&gt;&gt;</a>&nbsp;&nbsp;&nbsp;TuneTemp_OpeningHandler
<LI><a href="#[a5]">&gt;&gt;</a>&nbsp;&nbsp;&nbsp;TunePres_OpeningHandler
<LI><a href="#[a1]">&gt;&gt;</a>&nbsp;&nbsp;&nbsp;TuneNot_OpeningHandler
<LI><a href="#[a6]">&gt;&gt;</a>&nbsp;&nbsp;&nbsp;TuneLevl_OpeningHandler
<LI><a href="#[a3]">&gt;&gt;</a>&nbsp;&nbsp;&nbsp;TuneFlow_OpeningHandler
<LI><a href="#[a2]">&gt;&gt;</a>&nbsp;&nbsp;&nbsp;TuneDef_OpeningHandler
<LI><a href="#[37]">&gt;&gt;</a>&nbsp;&nbsp;&nbsp;SystemSetfact_OpeningHandler
<LI><a href="#[57]">&gt;&gt;</a>&nbsp;&nbsp;&nbsp;SigerrPoson_OpeningHandler
<LI><a href="#[58]">&gt;&gt;</a>&nbsp;&nbsp;&nbsp;SigerrOff_OpeningHandler
<LI><a href="#[56]">&gt;&gt;</a>&nbsp;&nbsp;&nbsp;SigerrFunon_OpeningHandler
<LI><a href="#[59]">&gt;&gt;</a>&nbsp;&nbsp;&nbsp;Serio9600_OpeningHandler
<LI><a href="#[5e]">&gt;&gt;</a>&nbsp;&nbsp;&nbsp;Serio4800_OpeningHandler
<LI><a href="#[5b]">&gt;&gt;</a>&nbsp;&nbsp;&nbsp;Serio38400_OpeningHandler
<LI><a href="#[5d]">&gt;&gt;</a>&nbsp;&nbsp;&nbsp;Serio2400_OpeningHandler
<LI><a href="#[5a]">&gt;&gt;</a>&nbsp;&nbsp;&nbsp;Serio19200_OpeningHandler
<LI><a href="#[5c]">&gt;&gt;</a>&nbsp;&nbsp;&nbsp;Serio1200_OpeningHandler
<LI><a href="#[9d]">&gt;&gt;</a>&nbsp;&nbsp;&nbsp;ScalT_OpeningHandler
<LI><a href="#[97]">&gt;&gt;</a>&nbsp;&nbsp;&nbsp;ScalS_OpeningHandler
<LI><a href="#[a0]">&gt;&gt;</a>&nbsp;&nbsp;&nbsp;ScalP_OpeningHandler
<LI><a href="#[9a]">&gt;&gt;</a>&nbsp;&nbsp;&nbsp;ScalF_OpeningHandler
<LI><a href="#[78]">&gt;&gt;</a>&nbsp;&nbsp;&nbsp;PortD_OpeningHandler
<LI><a href="#[77]">&gt;&gt;</a>&nbsp;&nbsp;&nbsp;PcontrlKv_OpeningHandler
<LI><a href="#[a7]">&gt;&gt;</a>&nbsp;&nbsp;&nbsp;LeakNot_OpeningHandler
<LI><a href="#[aa]">&gt;&gt;</a>&nbsp;&nbsp;&nbsp;LeakMeas_OpeningHandler
<LI><a href="#[ab]">&gt;&gt;</a>&nbsp;&nbsp;&nbsp;LeakChar_OpeningHandler
<LI><a href="#[27]">&gt;&gt;</a>&nbsp;&nbsp;&nbsp;Input5_OpeningHandler
<LI><a href="#[24]">&gt;&gt;</a>&nbsp;&nbsp;&nbsp;Input4_OpeningHandler
<LI><a href="#[26]">&gt;&gt;</a>&nbsp;&nbsp;&nbsp;Input10_OpeningHandler
</UL>

<P><STRONG><a name="[11b]"></a>data_init</STRONG> (Thumb, 180 bytes, Stack size 16 bytes, main.o(i.data_init))
<BR><BR>[Stack]<UL><LI>Max Depth = 16<LI>Call Chain = data_init
</UL>
<BR>[Calls]<UL><LI><a href="#[108]">&gt;&gt;</a>&nbsp;&nbsp;&nbsp;__aeabi_uwrite4 (via Veneer)
<LI><a href="#[f0]">&gt;&gt;</a>&nbsp;&nbsp;&nbsp;__aeabi_uread4 (via Veneer)
</UL>
<BR>[Called By]<UL><LI><a href="#[be]">&gt;&gt;</a>&nbsp;&nbsp;&nbsp;init
</UL>

<P><STRONG><a name="[11c]"></a>digital</STRONG> (Thumb, 692 bytes, Stack size 16 bytes, ht1622.o(i.digital))
<BR><BR>[Stack]<UL><LI>Max Depth = 40<LI>Call Chain = digital &rArr; LCDWRITE_1622 &rArr; SENDCOMB &rArr; SendBit_HT1622
</UL>
<BR>[Calls]<UL><LI><a href="#[11d]">&gt;&gt;</a>&nbsp;&nbsp;&nbsp;__ARM_common_switch8 (via Veneer)
<LI><a href="#[104]">&gt;&gt;</a>&nbsp;&nbsp;&nbsp;LCDWRITE_1622
</UL>
<BR>[Called By]<UL><LI><a href="#[f3]">&gt;&gt;</a>&nbsp;&nbsp;&nbsp;display_digital
</UL>

<P><STRONG><a name="[ef]"></a>display_char</STRONG> (Thumb, 1500 bytes, Stack size 24 bytes, ht1622.o(i.display_char))
<BR><BR>[Stack]<UL><LI>Max Depth = 48<LI>Call Chain = display_char &rArr; LCDWRITE_1622 &rArr; SENDCOMB &rArr; SendBit_HT1622
</UL>
<BR>[Calls]<UL><LI><a href="#[104]">&gt;&gt;</a>&nbsp;&nbsp;&nbsp;LCDWRITE_1622
</UL>
<BR>[Called By]<UL><LI><a href="#[25]">&gt;&gt;</a>&nbsp;&nbsp;&nbsp;Input0_OpeningHandler
<LI><a href="#[ff]">&gt;&gt;</a>&nbsp;&nbsp;&nbsp;Display
<LI><a href="#[42]">&gt;&gt;</a>&nbsp;&nbsp;&nbsp;DircmdRise_OpeningHandler
<LI><a href="#[43]">&gt;&gt;</a>&nbsp;&nbsp;&nbsp;DircmdFall_OpeningHandler
<LI><a href="#[44]">&gt;&gt;</a>&nbsp;&nbsp;&nbsp;DiractRise_OpeningHandler
<LI><a href="#[45]">&gt;&gt;</a>&nbsp;&nbsp;&nbsp;DiractFall_OpeningHandler
<LI><a href="#[63]">&gt;&gt;</a>&nbsp;&nbsp;&nbsp;CodeMenu_DisplayHandler
<LI><a href="#[60]">&gt;&gt;</a>&nbsp;&nbsp;&nbsp;CodeKey_DisplayHandler
<LI><a href="#[66]">&gt;&gt;</a>&nbsp;&nbsp;&nbsp;CodeGlob_DisplayHandler
<LI><a href="#[40]">&gt;&gt;</a>&nbsp;&nbsp;&nbsp;CharactFree_DisplayHandler
<LI><a href="#[3e]">&gt;&gt;</a>&nbsp;&nbsp;&nbsp;Charact501_OpeningHandler
<LI><a href="#[3d]">&gt;&gt;</a>&nbsp;&nbsp;&nbsp;Charact331_OpeningHandler
<LI><a href="#[3c]">&gt;&gt;</a>&nbsp;&nbsp;&nbsp;Charact251_OpeningHandler
<LI><a href="#[3b]">&gt;&gt;</a>&nbsp;&nbsp;&nbsp;Charact150_OpeningHandler
<LI><a href="#[3a]">&gt;&gt;</a>&nbsp;&nbsp;&nbsp;Charact133_OpeningHandler
<LI><a href="#[39]">&gt;&gt;</a>&nbsp;&nbsp;&nbsp;Charact125_OpeningHandler
<LI><a href="#[38]">&gt;&gt;</a>&nbsp;&nbsp;&nbsp;Charact11_OpeningHandler
<LI><a href="#[4e]">&gt;&gt;</a>&nbsp;&nbsp;&nbsp;CaluserPos_DisplayHandler
<LI><a href="#[69]">&gt;&gt;</a>&nbsp;&nbsp;&nbsp;CaluserInp_DisplayHandler
<LI><a href="#[6b]">&gt;&gt;</a>&nbsp;&nbsp;&nbsp;CaluserFact_OpeningHandler
<LI><a href="#[8e]">&gt;&gt;</a>&nbsp;&nbsp;&nbsp;Bin2Spos_OpeningHandler
<LI><a href="#[93]">&gt;&gt;</a>&nbsp;&nbsp;&nbsp;Bin2Opn_OpeningHandler
<LI><a href="#[8d]">&gt;&gt;</a>&nbsp;&nbsp;&nbsp;Bin2Lim_OpeningHandler
<LI><a href="#[92]">&gt;&gt;</a>&nbsp;&nbsp;&nbsp;Bin2ErrT_OpeningHandler
<LI><a href="#[8f]">&gt;&gt;</a>&nbsp;&nbsp;&nbsp;Bin2ErrS_OpeningHandler
<LI><a href="#[91]">&gt;&gt;</a>&nbsp;&nbsp;&nbsp;Bin2Err2_OpeningHandler
<LI><a href="#[90]">&gt;&gt;</a>&nbsp;&nbsp;&nbsp;Bin2Err1_OpeningHandler
<LI><a href="#[8c]">&gt;&gt;</a>&nbsp;&nbsp;&nbsp;Bin2Drv_OpeningHandler
<LI><a href="#[94]">&gt;&gt;</a>&nbsp;&nbsp;&nbsp;Bin2Cls_OpeningHandler
<LI><a href="#[85]">&gt;&gt;</a>&nbsp;&nbsp;&nbsp;Bin1Spos_OpeningHandler
<LI><a href="#[8a]">&gt;&gt;</a>&nbsp;&nbsp;&nbsp;Bin1Opn_OpeningHandler
<LI><a href="#[84]">&gt;&gt;</a>&nbsp;&nbsp;&nbsp;Bin1Lim_OpeningHandler
<LI><a href="#[89]">&gt;&gt;</a>&nbsp;&nbsp;&nbsp;Bin1ErrT_OpeningHandler
<LI><a href="#[86]">&gt;&gt;</a>&nbsp;&nbsp;&nbsp;Bin1ErrS_OpeningHandler
<LI><a href="#[88]">&gt;&gt;</a>&nbsp;&nbsp;&nbsp;Bin1Err2_OpeningHandler
<LI><a href="#[87]">&gt;&gt;</a>&nbsp;&nbsp;&nbsp;Bin1Err1_OpeningHandler
<LI><a href="#[83]">&gt;&gt;</a>&nbsp;&nbsp;&nbsp;Bin1Drv_OpeningHandler
<LI><a href="#[8b]">&gt;&gt;</a>&nbsp;&nbsp;&nbsp;Bin1Cls_OpeningHandler
<LI><a href="#[7e]">&gt;&gt;</a>&nbsp;&nbsp;&nbsp;AnlT_OpeningHandler
<LI><a href="#[7b]">&gt;&gt;</a>&nbsp;&nbsp;&nbsp;AnlSp_OpeningHandler
<LI><a href="#[82]">&gt;&gt;</a>&nbsp;&nbsp;&nbsp;AnlSet5_OpeningHandler
<LI><a href="#[7f]">&gt;&gt;</a>&nbsp;&nbsp;&nbsp;AnlSet4_OpeningHandler
<LI><a href="#[81]">&gt;&gt;</a>&nbsp;&nbsp;&nbsp;AnlSet10_OpeningHandler
<LI><a href="#[80]">&gt;&gt;</a>&nbsp;&nbsp;&nbsp;AnlSet0_OpeningHandler
<LI><a href="#[79]">&gt;&gt;</a>&nbsp;&nbsp;&nbsp;AnlPos_OpeningHandler
<LI><a href="#[7d]">&gt;&gt;</a>&nbsp;&nbsp;&nbsp;AnlP2_OpeningHandler
<LI><a href="#[7c]">&gt;&gt;</a>&nbsp;&nbsp;&nbsp;AnlP1_OpeningHandler
<LI><a href="#[7a]">&gt;&gt;</a>&nbsp;&nbsp;&nbsp;AnlCmd_OpeningHandler
<LI><a href="#[22]">&gt;&gt;</a>&nbsp;&nbsp;&nbsp;ActSngl_OpeningHandler
<LI><a href="#[23]">&gt;&gt;</a>&nbsp;&nbsp;&nbsp;ActDoub_OpeningHandler
<LI><a href="#[51]">&gt;&gt;</a>&nbsp;&nbsp;&nbsp;XtunePwm_DisplayHandler
<LI><a href="#[4c]">&gt;&gt;</a>&nbsp;&nbsp;&nbsp;XtuneAuto_OpeningHandler
<LI><a href="#[54]">&gt;&gt;</a>&nbsp;&nbsp;&nbsp;XtuneAir_DisplayHandler
<LI><a href="#[32]">&gt;&gt;</a>&nbsp;&nbsp;&nbsp;XsetXtime_DisplayHandler
<LI><a href="#[2f]">&gt;&gt;</a>&nbsp;&nbsp;&nbsp;XsetXlimit_DisplayHandler
<LI><a href="#[4a]">&gt;&gt;</a>&nbsp;&nbsp;&nbsp;XcontrolPara_DisplayHandler
<LI><a href="#[47]">&gt;&gt;</a>&nbsp;&nbsp;&nbsp;XcontrolDbnd_DisplayHandler
<LI><a href="#[a4]">&gt;&gt;</a>&nbsp;&nbsp;&nbsp;TuneTemp_OpeningHandler
<LI><a href="#[a5]">&gt;&gt;</a>&nbsp;&nbsp;&nbsp;TunePres_OpeningHandler
<LI><a href="#[a1]">&gt;&gt;</a>&nbsp;&nbsp;&nbsp;TuneNot_OpeningHandler
<LI><a href="#[a6]">&gt;&gt;</a>&nbsp;&nbsp;&nbsp;TuneLevl_OpeningHandler
<LI><a href="#[a3]">&gt;&gt;</a>&nbsp;&nbsp;&nbsp;TuneFlow_OpeningHandler
<LI><a href="#[a2]">&gt;&gt;</a>&nbsp;&nbsp;&nbsp;TuneDef_OpeningHandler
<LI><a href="#[37]">&gt;&gt;</a>&nbsp;&nbsp;&nbsp;SystemSetfact_OpeningHandler
<LI><a href="#[35]">&gt;&gt;</a>&nbsp;&nbsp;&nbsp;SystemSafepos_DisplayHandler
<LI><a href="#[57]">&gt;&gt;</a>&nbsp;&nbsp;&nbsp;SigerrPoson_OpeningHandler
<LI><a href="#[58]">&gt;&gt;</a>&nbsp;&nbsp;&nbsp;SigerrOff_OpeningHandler
<LI><a href="#[56]">&gt;&gt;</a>&nbsp;&nbsp;&nbsp;SigerrFunon_OpeningHandler
<LI><a href="#[59]">&gt;&gt;</a>&nbsp;&nbsp;&nbsp;Serio9600_OpeningHandler
<LI><a href="#[5e]">&gt;&gt;</a>&nbsp;&nbsp;&nbsp;Serio4800_OpeningHandler
<LI><a href="#[5b]">&gt;&gt;</a>&nbsp;&nbsp;&nbsp;Serio38400_OpeningHandler
<LI><a href="#[5d]">&gt;&gt;</a>&nbsp;&nbsp;&nbsp;Serio2400_OpeningHandler
<LI><a href="#[5a]">&gt;&gt;</a>&nbsp;&nbsp;&nbsp;Serio19200_OpeningHandler
<LI><a href="#[5c]">&gt;&gt;</a>&nbsp;&nbsp;&nbsp;Serio1200_OpeningHandler
<LI><a href="#[9c]">&gt;&gt;</a>&nbsp;&nbsp;&nbsp;ScalT_DisplayHandler
<LI><a href="#[96]">&gt;&gt;</a>&nbsp;&nbsp;&nbsp;ScalS_DisplayHandler
<LI><a href="#[9f]">&gt;&gt;</a>&nbsp;&nbsp;&nbsp;ScalP_DisplayHandler
<LI><a href="#[99]">&gt;&gt;</a>&nbsp;&nbsp;&nbsp;ScalF_DisplayHandler
<LI><a href="#[78]">&gt;&gt;</a>&nbsp;&nbsp;&nbsp;PortD_OpeningHandler
<LI><a href="#[70]">&gt;&gt;</a>&nbsp;&nbsp;&nbsp;PcontrlPara_DisplayHandler
<LI><a href="#[76]">&gt;&gt;</a>&nbsp;&nbsp;&nbsp;PcontrlKv_DisplayHandler
<LI><a href="#[73]">&gt;&gt;</a>&nbsp;&nbsp;&nbsp;PcontrlFilt_DisplayHandler
<LI><a href="#[6d]">&gt;&gt;</a>&nbsp;&nbsp;&nbsp;PcontrlDbnd_DisplayHandler
<LI><a href="#[1e]">&gt;&gt;</a>&nbsp;&nbsp;&nbsp;MainMenu_DisplayHandler
<LI><a href="#[20]">&gt;&gt;</a>&nbsp;&nbsp;&nbsp;MENU_MAIN_MANUAL_DisplayHandler
<LI><a href="#[a7]">&gt;&gt;</a>&nbsp;&nbsp;&nbsp;LeakNot_OpeningHandler
<LI><a href="#[a9]">&gt;&gt;</a>&nbsp;&nbsp;&nbsp;LeakMeas_DisplayHandler
<LI><a href="#[ab]">&gt;&gt;</a>&nbsp;&nbsp;&nbsp;LeakChar_OpeningHandler
<LI><a href="#[2c]">&gt;&gt;</a>&nbsp;&nbsp;&nbsp;InsetSpltrng_DisplayHandler
<LI><a href="#[29]">&gt;&gt;</a>&nbsp;&nbsp;&nbsp;InsetCutoff_DisplayHandler
<LI><a href="#[27]">&gt;&gt;</a>&nbsp;&nbsp;&nbsp;Input5_OpeningHandler
<LI><a href="#[24]">&gt;&gt;</a>&nbsp;&nbsp;&nbsp;Input4_OpeningHandler
<LI><a href="#[26]">&gt;&gt;</a>&nbsp;&nbsp;&nbsp;Input10_OpeningHandler
</UL>

<P><STRONG><a name="[f3]"></a>display_digital</STRONG> (Thumb, 112 bytes, Stack size 8 bytes, ht1622.o(i.display_digital))
<BR><BR>[Stack]<UL><LI>Max Depth = 48<LI>Call Chain = display_digital &rArr; digital &rArr; LCDWRITE_1622 &rArr; SENDCOMB &rArr; SendBit_HT1622
</UL>
<BR>[Calls]<UL><LI><a href="#[11d]">&gt;&gt;</a>&nbsp;&nbsp;&nbsp;__ARM_common_switch8 (via Veneer)
<LI><a href="#[11c]">&gt;&gt;</a>&nbsp;&nbsp;&nbsp;digital
<LI><a href="#[104]">&gt;&gt;</a>&nbsp;&nbsp;&nbsp;LCDWRITE_1622
</UL>
<BR>[Called By]<UL><LI><a href="#[ff]">&gt;&gt;</a>&nbsp;&nbsp;&nbsp;Display
<LI><a href="#[63]">&gt;&gt;</a>&nbsp;&nbsp;&nbsp;CodeMenu_DisplayHandler
<LI><a href="#[60]">&gt;&gt;</a>&nbsp;&nbsp;&nbsp;CodeKey_DisplayHandler
<LI><a href="#[66]">&gt;&gt;</a>&nbsp;&nbsp;&nbsp;CodeGlob_DisplayHandler
<LI><a href="#[40]">&gt;&gt;</a>&nbsp;&nbsp;&nbsp;CharactFree_DisplayHandler
<LI><a href="#[4e]">&gt;&gt;</a>&nbsp;&nbsp;&nbsp;CaluserPos_DisplayHandler
<LI><a href="#[69]">&gt;&gt;</a>&nbsp;&nbsp;&nbsp;CaluserInp_DisplayHandler
<LI><a href="#[51]">&gt;&gt;</a>&nbsp;&nbsp;&nbsp;XtunePwm_DisplayHandler
<LI><a href="#[54]">&gt;&gt;</a>&nbsp;&nbsp;&nbsp;XtuneAir_DisplayHandler
<LI><a href="#[32]">&gt;&gt;</a>&nbsp;&nbsp;&nbsp;XsetXtime_DisplayHandler
<LI><a href="#[2f]">&gt;&gt;</a>&nbsp;&nbsp;&nbsp;XsetXlimit_DisplayHandler
<LI><a href="#[4a]">&gt;&gt;</a>&nbsp;&nbsp;&nbsp;XcontrolPara_DisplayHandler
<LI><a href="#[47]">&gt;&gt;</a>&nbsp;&nbsp;&nbsp;XcontrolDbnd_DisplayHandler
<LI><a href="#[35]">&gt;&gt;</a>&nbsp;&nbsp;&nbsp;SystemSafepos_DisplayHandler
<LI><a href="#[9c]">&gt;&gt;</a>&nbsp;&nbsp;&nbsp;ScalT_DisplayHandler
<LI><a href="#[96]">&gt;&gt;</a>&nbsp;&nbsp;&nbsp;ScalS_DisplayHandler
<LI><a href="#[9f]">&gt;&gt;</a>&nbsp;&nbsp;&nbsp;ScalP_DisplayHandler
<LI><a href="#[99]">&gt;&gt;</a>&nbsp;&nbsp;&nbsp;ScalF_DisplayHandler
<LI><a href="#[70]">&gt;&gt;</a>&nbsp;&nbsp;&nbsp;PcontrlPara_DisplayHandler
<LI><a href="#[76]">&gt;&gt;</a>&nbsp;&nbsp;&nbsp;PcontrlKv_DisplayHandler
<LI><a href="#[73]">&gt;&gt;</a>&nbsp;&nbsp;&nbsp;PcontrlFilt_DisplayHandler
<LI><a href="#[6d]">&gt;&gt;</a>&nbsp;&nbsp;&nbsp;PcontrlDbnd_DisplayHandler
<LI><a href="#[1e]">&gt;&gt;</a>&nbsp;&nbsp;&nbsp;MainMenu_DisplayHandler
<LI><a href="#[20]">&gt;&gt;</a>&nbsp;&nbsp;&nbsp;MENU_MAIN_MANUAL_DisplayHandler
<LI><a href="#[a9]">&gt;&gt;</a>&nbsp;&nbsp;&nbsp;LeakMeas_DisplayHandler
<LI><a href="#[2c]">&gt;&gt;</a>&nbsp;&nbsp;&nbsp;InsetSpltrng_DisplayHandler
<LI><a href="#[29]">&gt;&gt;</a>&nbsp;&nbsp;&nbsp;InsetCutoff_DisplayHandler
</UL>

<P><STRONG><a name="[11e]"></a>eMBASCIIInit</STRONG> (Thumb, 60 bytes, Stack size 24 bytes, mbascii.o(i.eMBASCIIInit))
<BR><BR>[Stack]<UL><LI>Max Depth = 48 + Unknown Stack Size
<LI>Call Chain = eMBASCIIInit &rArr; xMBPortSerialInit
</UL>
<BR>[Calls]<UL><LI><a href="#[122]">&gt;&gt;</a>&nbsp;&nbsp;&nbsp;__ARM_common_enable_irq (via Veneer)
<LI><a href="#[11f]">&gt;&gt;</a>&nbsp;&nbsp;&nbsp;__ARM_common_disable_irq (via Veneer)
<LI><a href="#[121]">&gt;&gt;</a>&nbsp;&nbsp;&nbsp;xMBPortTimersInit
<LI><a href="#[120]">&gt;&gt;</a>&nbsp;&nbsp;&nbsp;xMBPortSerialInit
</UL>
<BR>[Called By]<UL><LI><a href="#[12d]">&gt;&gt;</a>&nbsp;&nbsp;&nbsp;eMBInit
</UL>

<P><STRONG><a name="[b6]"></a>eMBASCIIReceive</STRONG> (Thumb, 76 bytes, Stack size 32 bytes, mbascii.o(i.eMBASCIIReceive))
<BR><BR>[Stack]<UL><LI>Max Depth = 72 + Unknown Stack Size
<LI>Call Chain = eMBASCIIReceive &rArr; abort &rArr; __rt_SIGABRT &rArr; __rt_SIGABRT_inner &rArr; __default_signal_display &rArr; _ttywrch
</UL>
<BR>[Calls]<UL><LI><a href="#[123]">&gt;&gt;</a>&nbsp;&nbsp;&nbsp;prvucMBLRC
<LI><a href="#[122]">&gt;&gt;</a>&nbsp;&nbsp;&nbsp;__ARM_common_enable_irq (via Veneer)
<LI><a href="#[11f]">&gt;&gt;</a>&nbsp;&nbsp;&nbsp;__ARM_common_disable_irq (via Veneer)
<LI><a href="#[da]">&gt;&gt;</a>&nbsp;&nbsp;&nbsp;abort
</UL>
<BR>[Address Reference Count : 1]<UL><LI> mb.o(i.eMBInit)
</UL>
<P><STRONG><a name="[b5]"></a>eMBASCIISend</STRONG> (Thumb, 84 bytes, Stack size 32 bytes, mbascii.o(i.eMBASCIISend))
<BR><BR>[Stack]<UL><LI>Max Depth = 36<LI>Call Chain = eMBASCIISend &rArr; vMBPortSerialEnable
</UL>
<BR>[Calls]<UL><LI><a href="#[123]">&gt;&gt;</a>&nbsp;&nbsp;&nbsp;prvucMBLRC
<LI><a href="#[122]">&gt;&gt;</a>&nbsp;&nbsp;&nbsp;__ARM_common_enable_irq (via Veneer)
<LI><a href="#[11f]">&gt;&gt;</a>&nbsp;&nbsp;&nbsp;__ARM_common_disable_irq (via Veneer)
<LI><a href="#[124]">&gt;&gt;</a>&nbsp;&nbsp;&nbsp;vMBPortSerialEnable
</UL>
<BR>[Address Reference Count : 1]<UL><LI> mb.o(i.eMBInit)
</UL>
<P><STRONG><a name="[b3]"></a>eMBASCIIStart</STRONG> (Thumb, 36 bytes, Stack size 8 bytes, mbascii.o(i.eMBASCIIStart))
<BR><BR>[Stack]<UL><LI>Max Depth = 12<LI>Call Chain = eMBASCIIStart &rArr; vMBPortSerialEnable
</UL>
<BR>[Calls]<UL><LI><a href="#[122]">&gt;&gt;</a>&nbsp;&nbsp;&nbsp;__ARM_common_enable_irq (via Veneer)
<LI><a href="#[11f]">&gt;&gt;</a>&nbsp;&nbsp;&nbsp;__ARM_common_disable_irq (via Veneer)
<LI><a href="#[124]">&gt;&gt;</a>&nbsp;&nbsp;&nbsp;vMBPortSerialEnable
<LI><a href="#[125]">&gt;&gt;</a>&nbsp;&nbsp;&nbsp;xMBPortEventPost
</UL>
<BR>[Address Reference Count : 1]<UL><LI> mb.o(i.eMBInit)
</UL>
<P><STRONG><a name="[b4]"></a>eMBASCIIStop</STRONG> (Thumb, 28 bytes, Stack size 8 bytes, mbascii.o(i.eMBASCIIStop))
<BR><BR>[Stack]<UL><LI>Max Depth = 12<LI>Call Chain = eMBASCIIStop &rArr; vMBPortSerialEnable
</UL>
<BR>[Calls]<UL><LI><a href="#[122]">&gt;&gt;</a>&nbsp;&nbsp;&nbsp;__ARM_common_enable_irq (via Veneer)
<LI><a href="#[11f]">&gt;&gt;</a>&nbsp;&nbsp;&nbsp;__ARM_common_disable_irq (via Veneer)
<LI><a href="#[126]">&gt;&gt;</a>&nbsp;&nbsp;&nbsp;vMBPortTimersDisable
<LI><a href="#[124]">&gt;&gt;</a>&nbsp;&nbsp;&nbsp;vMBPortSerialEnable
</UL>
<BR>[Address Reference Count : 1]<UL><LI> mb.o(i.eMBInit)
</UL>
<P><STRONG><a name="[127]"></a>eMBEnable</STRONG> (Thumb, 34 bytes, Stack size 16 bytes, mb.o(i.eMBEnable))
<BR><BR>[Stack]<UL><LI>Max Depth = 16<LI>Call Chain = eMBEnable
</UL>
<BR>[Calls]<UL><LI><a href="#[100]">&gt;&gt;</a>&nbsp;&nbsp;&nbsp;__ARM_common_call_via_r0
</UL>
<BR>[Called By]<UL><LI><a href="#[be]">&gt;&gt;</a>&nbsp;&nbsp;&nbsp;init
</UL>

<P><STRONG><a name="[c6]"></a>eMBFuncReadCoils</STRONG> (Thumb, 120 bytes, Stack size 16 bytes, mbfunccoils.o(i.eMBFuncReadCoils))
<BR><BR>[Stack]<UL><LI>Max Depth = 16<LI>Call Chain = eMBFuncReadCoils
</UL>
<BR>[Calls]<UL><LI><a href="#[129]">&gt;&gt;</a>&nbsp;&nbsp;&nbsp;prveMBError2Exception
<LI><a href="#[128]">&gt;&gt;</a>&nbsp;&nbsp;&nbsp;eMBRegCoilsCB
</UL>
<BR>[Address Reference Count : 1]<UL><LI> mb.o(.data)
</UL>
<P><STRONG><a name="[c9]"></a>eMBFuncReadDiscreteInputs</STRONG> (Thumb, 118 bytes, Stack size 16 bytes, mbfuncdisc.o(i.eMBFuncReadDiscreteInputs))
<BR><BR>[Stack]<UL><LI>Max Depth = 16<LI>Call Chain = eMBFuncReadDiscreteInputs
</UL>
<BR>[Calls]<UL><LI><a href="#[129]">&gt;&gt;</a>&nbsp;&nbsp;&nbsp;prveMBError2Exception
<LI><a href="#[12a]">&gt;&gt;</a>&nbsp;&nbsp;&nbsp;eMBRegDiscreteCB
</UL>
<BR>[Address Reference Count : 1]<UL><LI> mb.o(.data)
</UL>
<P><STRONG><a name="[c2]"></a>eMBFuncReadHoldingRegister</STRONG> (Thumb, 96 bytes, Stack size 16 bytes, mbfuncholding.o(i.eMBFuncReadHoldingRegister))
[...]
<BR><BR>[Stack]<UL><LI>Max Depth = 56<LI>Call Chain = Serio9600_OpeningHandler &rArr; display_char &rArr; LCDWRITE_1622 &rArr; SENDCOMB &rArr; SendBit_HT1622
</UL>
<BR>[Calls]<UL><LI><a href="#[ef]">&gt;&gt;</a>&nbsp;&nbsp;&nbsp;display_char
<LI><a href="#[ee]">&gt;&gt;</a>&nbsp;&nbsp;&nbsp;clearLCD
<LI><a href="#[108]">&gt;&gt;</a>&nbsp;&nbsp;&nbsp;__aeabi_uwrite4 (via Veneer)
</UL>
<BR>[Address Reference Count : 1]<UL><LI> hmi.o(i.HMI_Init)
</UL>
<P><STRONG><a name="[56]"></a>SigerrFunon_OpeningHandler</STRONG> (Thumb, 28 bytes, Stack size 8 bytes, hmi.o(i.SigerrFunon_OpeningHandler))
<BR><BR>[Stack]<UL><LI>Max Depth = 56<LI>Call Chain = SigerrFunon_OpeningHandler &rArr; display_char &rArr; LCDWRITE_1622 &rArr; SENDCOMB &rArr; SendBit_HT1622
</UL>
<BR>[Calls]<UL><LI><a href="#[ef]">&gt;&gt;</a>&nbsp;&nbsp;&nbsp;display_char
<LI><a href="#[ee]">&gt;&gt;</a>&nbsp;&nbsp;&nbsp;clearLCD
</UL>
<BR>[Address Reference Count : 1]<UL><LI> hmi.o(i.HMI_Init)
</UL>
<P><STRONG><a name="[58]"></a>SigerrOff_OpeningHandler</STRONG> (Thumb, 28 bytes, Stack size 8 bytes, hmi.o(i.SigerrOff_OpeningHandler))
<BR><BR>[Stack]<UL><LI>Max Depth = 56<LI>Call Chain = SigerrOff_OpeningHandler &rArr; display_char &rArr; LCDWRITE_1622 &rArr; SENDCOMB &rArr; SendBit_HT1622
</UL>
<BR>[Calls]<UL><LI><a href="#[ef]">&gt;&gt;</a>&nbsp;&nbsp;&nbsp;display_char
<LI><a href="#[ee]">&gt;&gt;</a>&nbsp;&nbsp;&nbsp;clearLCD
</UL>
<BR>[Address Reference Count : 1]<UL><LI> hmi.o(i.HMI_Init)
</UL>
<P><STRONG><a name="[57]"></a>SigerrPoson_OpeningHandler</STRONG> (Thumb, 28 bytes, Stack size 8 bytes, hmi.o(i.SigerrPoson_OpeningHandler))
<BR><BR>[Stack]<UL><LI>Max Depth = 56<LI>Call Chain = SigerrPoson_OpeningHandler &rArr; display_char &rArr; LCDWRITE_1622 &rArr; SENDCOMB &rArr; SendBit_HT1622
</UL>
<BR>[Calls]<UL><LI><a href="#[ef]">&gt;&gt;</a>&nbsp;&nbsp;&nbsp;display_char
<LI><a href="#[ee]">&gt;&gt;</a>&nbsp;&nbsp;&nbsp;clearLCD
</UL>
<BR>[Address Reference Count : 1]<UL><LI> hmi.o(i.HMI_Init)
</UL>
<P><STRONG><a name="[35]"></a>SystemSafepos_DisplayHandler</STRONG> (Thumb, 88 bytes, Stack size 24 bytes, hmi.o(i.SystemSafepos_DisplayHandler))
<BR><BR>[Stack]<UL><LI>Max Depth = 72<LI>Call Chain = SystemSafepos_DisplayHandler &rArr; display_digital &rArr; digital &rArr; LCDWRITE_1622 &rArr; SENDCOMB &rArr; SendBit_HT1622
</UL>
<BR>[Calls]<UL><LI><a href="#[f3]">&gt;&gt;</a>&nbsp;&nbsp;&nbsp;display_digital
<LI><a href="#[ef]">&gt;&gt;</a>&nbsp;&nbsp;&nbsp;display_char
</UL>
<BR>[Address Reference Count : 1]<UL><LI> hmi.o(i.HMI_Init)
</UL>
<P><STRONG><a name="[34]"></a>SystemSafepos_KeyboardHandler</STRONG> (Thumb, 138 bytes, Stack size 12 bytes, hmi.o(i.SystemSafepos_KeyboardHandler))
<BR><BR>[Stack]<UL><LI>Max Depth = 12<LI>Call Chain = SystemSafepos_KeyboardHandler
</UL>
<BR>[Address Reference Count : 1]<UL><LI> hmi.o(i.HMI_Init)
</UL>
<P><STRONG><a name="[36]"></a>SystemSafepos_OpeningHandler</STRONG> (Thumb, 32 bytes, Stack size 4 bytes, hmi.o(i.SystemSafepos_OpeningHandler))
<BR><BR>[Stack]<UL><LI>Max Depth = 4<LI>Call Chain = SystemSafepos_OpeningHandler
</UL>
<BR>[Address Reference Count : 1]<UL><LI> hmi.o(i.HMI_Init)
</UL>
<P><STRONG><a name="[37]"></a>SystemSetfact_OpeningHandler</STRONG> (Thumb, 22 bytes, Stack size 8 bytes, hmi.o(i.SystemSetfact_OpeningHandler))
<BR><BR>[Stack]<UL><LI>Max Depth = 56<LI>Call Chain = SystemSetfact_OpeningHandler &rArr; display_char &rArr; LCDWRITE_1622 &rArr; SENDCOMB &rArr; SendBit_HT1622
</UL>
<BR>[Calls]<UL><LI><a href="#[ef]">&gt;&gt;</a>&nbsp;&nbsp;&nbsp;display_char
<LI><a href="#[ee]">&gt;&gt;</a>&nbsp;&nbsp;&nbsp;clearLCD
</UL>
<BR>[Address Reference Count : 1]<UL><LI> hmi.o(i.HMI_Init)
</UL>
<P><STRONG><a name="[a2]"></a>TuneDef_OpeningHandler</STRONG> (Thumb, 22 bytes, Stack size 8 bytes, hmi.o(i.TuneDef_OpeningHandler))
<BR><BR>[Stack]<UL><LI>Max Depth = 56<LI>Call Chain = TuneDef_OpeningHandler &rArr; display_char &rArr; LCDWRITE_1622 &rArr; SENDCOMB &rArr; SendBit_HT1622
</UL>
<BR>[Calls]<UL><LI><a href="#[ef]">&gt;&gt;</a>&nbsp;&nbsp;&nbsp;display_char
<LI><a href="#[ee]">&gt;&gt;</a>&nbsp;&nbsp;&nbsp;clearLCD
</UL>
<BR>[Address Reference Count : 1]<UL><LI> hmi.o(i.HMI_Init)
</UL>
<P><STRONG><a name="[a3]"></a>TuneFlow_OpeningHandler</STRONG> (Thumb, 22 bytes, Stack size 8 bytes, hmi.o(i.TuneFlow_OpeningHandler))
<BR><BR>[Stack]<UL><LI>Max Depth = 56<LI>Call Chain = TuneFlow_OpeningHandler &rArr; display_char &rArr; LCDWRITE_1622 &rArr; SENDCOMB &rArr; SendBit_HT1622
</UL>
<BR>[Calls]<UL><LI><a href="#[ef]">&gt;&gt;</a>&nbsp;&nbsp;&nbsp;display_char
<LI><a href="#[ee]">&gt;&gt;</a>&nbsp;&nbsp;&nbsp;clearLCD
</UL>
<BR>[Address Reference Count : 1]<UL><LI> hmi.o(i.HMI_Init)
</UL>
<P><STRONG><a name="[a6]"></a>TuneLevl_OpeningHandler</STRONG> (Thumb, 22 bytes, Stack size 8 bytes, hmi.o(i.TuneLevl_OpeningHandler))
<BR><BR>[Stack]<UL><LI>Max Depth = 56<LI>Call Chain = TuneLevl_OpeningHandler &rArr; display_char &rArr; LCDWRITE_1622 &rArr; SENDCOMB &rArr; SendBit_HT1622
</UL>
<BR>[Calls]<UL><LI><a href="#[ef]">&gt;&gt;</a>&nbsp;&nbsp;&nbsp;display_char
<LI><a href="#[ee]">&gt;&gt;</a>&nbsp;&nbsp;&nbsp;clearLCD
</UL>
<BR>[Address Reference Count : 1]<UL><LI> hmi.o(i.HMI_Init)
</UL>
<P><STRONG><a name="[a1]"></a>TuneNot_OpeningHandler</STRONG> (Thumb, 22 bytes, Stack size 8 bytes, hmi.o(i.TuneNot_OpeningHandler))
<BR><BR>[Stack]<UL><LI>Max Depth = 56<LI>Call Chain = TuneNot_OpeningHandler &rArr; display_char &rArr; LCDWRITE_1622 &rArr; SENDCOMB &rArr; SendBit_HT1622
</UL>
<BR>[Calls]<UL><LI><a href="#[ef]">&gt;&gt;</a>&nbsp;&nbsp;&nbsp;display_char
<LI><a href="#[ee]">&gt;&gt;</a>&nbsp;&nbsp;&nbsp;clearLCD
</UL>
<BR>[Address Reference Count : 1]<UL><LI> hmi.o(i.HMI_Init)
</UL>
<P><STRONG><a name="[a5]"></a>TunePres_OpeningHandler</STRONG> (Thumb, 22 bytes, Stack size 8 bytes, hmi.o(i.TunePres_OpeningHandler))
<BR><BR>[Stack]<UL><LI>Max Depth = 56<LI>Call Chain = TunePres_OpeningHandler &rArr; display_char &rArr; LCDWRITE_1622 &rArr; SENDCOMB &rArr; SendBit_HT1622
</UL>
<BR>[Calls]<UL><LI><a href="#[ef]">&gt;&gt;</a>&nbsp;&nbsp;&nbsp;display_char
<LI><a href="#[ee]">&gt;&gt;</a>&nbsp;&nbsp;&nbsp;clearLCD
</UL>
<BR>[Address Reference Count : 1]<UL><LI> hmi.o(i.HMI_Init)
</UL>
<P><STRONG><a name="[a4]"></a>TuneTemp_OpeningHandler</STRONG> (Thumb, 22 bytes, Stack size 8 bytes, hmi.o(i.TuneTemp_OpeningHandler))
<BR><BR>[Stack]<UL><LI>Max Depth = 56<LI>Call Chain = TuneTemp_OpeningHandler &rArr; display_char &rArr; LCDWRITE_1622 &rArr; SENDCOMB &rArr; SendBit_HT1622
</UL>
<BR>[Calls]<UL><LI><a href="#[ef]">&gt;&gt;</a>&nbsp;&nbsp;&nbsp;display_char
<LI><a href="#[ee]">&gt;&gt;</a>&nbsp;&nbsp;&nbsp;clearLCD
</UL>
<BR>[Address Reference Count : 1]<UL><LI> hmi.o(i.HMI_Init)
</UL>
<P><STRONG><a name="[47]"></a>XcontrolDbnd_DisplayHandler</STRONG> (Thumb, 88 bytes, Stack size 24 bytes, hmi.o(i.XcontrolDbnd_DisplayHandler))
<BR><BR>[Stack]<UL><LI>Max Depth = 72<LI>Call Chain = XcontrolDbnd_DisplayHandler &rArr; display_digital &rArr; digital &rArr; LCDWRITE_1622 &rArr; SENDCOMB &rArr; SendBit_HT1622
</UL>
<BR>[Calls]<UL><LI><a href="#[f3]">&gt;&gt;</a>&nbsp;&nbsp;&nbsp;display_digital
<LI><a href="#[ef]">&gt;&gt;</a>&nbsp;&nbsp;&nbsp;display_char
</UL>
<BR>[Address Reference Count : 1]<UL><LI> hmi.o(i.HMI_Init)
</UL>
<P><STRONG><a name="[46]"></a>XcontrolDbnd_KeyboardHandler</STRONG> (Thumb, 138 bytes, Stack size 12 bytes, hmi.o(i.XcontrolDbnd_KeyboardHandler))
<BR><BR>[Stack]<UL><LI>Max Depth = 12<LI>Call Chain = XcontrolDbnd_KeyboardHandler
</UL>
<BR>[Address Reference Count : 1]<UL><LI> hmi.o(i.HMI_Init)
</UL>
<P><STRONG><a name="[48]"></a>XcontrolDbnd_OpeningHandler</STRONG> (Thumb, 32 bytes, Stack size 4 bytes, hmi.o(i.XcontrolDbnd_OpeningHandler))
<BR><BR>[Stack]<UL><LI>Max Depth = 4<LI>Call Chain = XcontrolDbnd_OpeningHandler
</UL>
<BR>[Address Reference Count : 1]<UL><LI> hmi.o(i.HMI_Init)
</UL>
<P><STRONG><a name="[4a]"></a>XcontrolPara_DisplayHandler</STRONG> (Thumb, 100 bytes, Stack size 24 bytes, hmi.o(i.XcontrolPara_DisplayHandler))
<BR><BR>[Stack]<UL><LI>Max Depth = 72<LI>Call Chain = XcontrolPara_DisplayHandler &rArr; display_digital &rArr; digital &rArr; LCDWRITE_1622 &rArr; SENDCOMB &rArr; SendBit_HT1622
</UL>
<BR>[Calls]<UL><LI><a href="#[f3]">&gt;&gt;</a>&nbsp;&nbsp;&nbsp;display_digital
<LI><a href="#[ef]">&gt;&gt;</a>&nbsp;&nbsp;&nbsp;display_char
</UL>
<BR>[Address Reference Count : 1]<UL><LI> hmi.o(i.HMI_Init)
</UL>
<P><STRONG><a name="[49]"></a>XcontrolPara_KeyboardHandler</STRONG> (Thumb, 174 bytes, Stack size 24 bytes, hmi.o(i.XcontrolPara_KeyboardHandler))
<BR><BR>[Stack]<UL><LI>Max Depth = 24 + Unknown Stack Size
<LI>Call Chain = XcontrolPara_KeyboardHandler
</UL>
<BR>[Calls]<UL><LI><a href="#[e9]">&gt;&gt;</a>&nbsp;&nbsp;&nbsp;__aeabi_uidivmod (via Veneer)
</UL>
<BR>[Address Reference Count : 1]<UL><LI> hmi.o(i.HMI_Init)
</UL>
<P><STRONG><a name="[4b]"></a>XcontrolPara_OpeningHandler</STRONG> (Thumb, 32 bytes, Stack size 4 bytes, hmi.o(i.XcontrolPara_OpeningHandler))
<BR><BR>[Stack]<UL><LI>Max Depth = 4<LI>Call Chain = XcontrolPara_OpeningHandler
</UL>
<BR>[Address Reference Count : 1]<UL><LI> hmi.o(i.HMI_Init)
</UL>
<P><STRONG><a name="[2f]"></a>XsetXlimit_DisplayHandler</STRONG> (Thumb, 100 bytes, Stack size 24 bytes, hmi.o(i.XsetXlimit_DisplayHandler))
<BR><BR>[Stack]<UL><LI>Max Depth = 72<LI>Call Chain = XsetXlimit_DisplayHandler &rArr; display_digital &rArr; digital &rArr; LCDWRITE_1622 &rArr; SENDCOMB &rArr; SendBit_HT1622
</UL>
<BR>[Calls]<UL><LI><a href="#[f3]">&gt;&gt;</a>&nbsp;&nbsp;&nbsp;display_digital
<LI><a href="#[ef]">&gt;&gt;</a>&nbsp;&nbsp;&nbsp;display_char
</UL>
<BR>[Address Reference Count : 1]<UL><LI> hmi.o(i.HMI_Init)
</UL>
<P><STRONG><a name="[2e]"></a>XsetXlimit_KeyboardHandler</STRONG> (Thumb, 174 bytes, Stack size 24 bytes, hmi.o(i.XsetXlimit_KeyboardHandler))
<BR><BR>[Stack]<UL><LI>Max Depth = 24 + Unknown Stack Size
<LI>Call Chain = XsetXlimit_KeyboardHandler
</UL>
<BR>[Calls]<UL><LI><a href="#[e9]">&gt;&gt;</a>&nbsp;&nbsp;&nbsp;__aeabi_uidivmod (via Veneer)
</UL>
<BR>[Address Reference Count : 1]<UL><LI> hmi.o(i.HMI_Init)
</UL>
<P><STRONG><a name="[30]"></a>XsetXlimit_OpeningHandler</STRONG> (Thumb, 32 bytes, Stack size 4 bytes, hmi.o(i.XsetXlimit_OpeningHandler))
<BR><BR>[Stack]<UL><LI>Max Depth = 4<LI>Call Chain = XsetXlimit_OpeningHandler
</UL>
<BR>[Address Reference Count : 1]<UL><LI> hmi.o(i.HMI_Init)
</UL>
<P><STRONG><a name="[32]"></a>XsetXtime_DisplayHandler</STRONG> (Thumb, 96 bytes, Stack size 16 bytes, hmi.o(i.XsetXtime_DisplayHandler))
<BR><BR>[Stack]<UL><LI>Max Depth = 64<LI>Call Chain = XsetXtime_DisplayHandler &rArr; display_digital &rArr; digital &rArr; LCDWRITE_1622 &rArr; SENDCOMB &rArr; SendBit_HT1622
</UL>
<BR>[Calls]<UL><LI><a href="#[f3]">&gt;&gt;</a>&nbsp;&nbsp;&nbsp;display_digital
<LI><a href="#[ef]">&gt;&gt;</a>&nbsp;&nbsp;&nbsp;display_char
</UL>
<BR>[Address Reference Count : 1]<UL><LI> hmi.o(i.HMI_Init)
</UL>
<P><STRONG><a name="[31]"></a>XsetXtime_KeyboardHandler</STRONG> (Thumb, 152 bytes, Stack size 12 bytes, hmi.o(i.XsetXtime_KeyboardHandler))
<BR><BR>[Stack]<UL><LI>Max Depth = 12<LI>Call Chain = XsetXtime_KeyboardHandler
</UL>
<BR>[Address Reference Count : 1]<UL><LI> hmi.o(i.HMI_Init)
</UL>
<P><STRONG><a name="[33]"></a>XsetXtime_OpeningHandler</STRONG> (Thumb, 32 bytes, Stack size 4 bytes, hmi.o(i.XsetXtime_OpeningHandler))
<BR><BR>[Stack]<UL><LI>Max Depth = 4<LI>Call Chain = XsetXtime_OpeningHandler
</UL>
<BR>[Address Reference Count : 1]<UL><LI> hmi.o(i.HMI_Init)
</UL>
<P><STRONG><a name="[54]"></a>XtuneAir_DisplayHandler</STRONG> (Thumb, 96 bytes, Stack size 16 bytes, hmi.o(i.XtuneAir_DisplayHandler))
<BR><BR>[Stack]<UL><LI>Max Depth = 64<LI>Call Chain = XtuneAir_DisplayHandler &rArr; display_digital &rArr; digital &rArr; LCDWRITE_1622 &rArr; SENDCOMB &rArr; SendBit_HT1622
</UL>
<BR>[Calls]<UL><LI><a href="#[f3]">&gt;&gt;</a>&nbsp;&nbsp;&nbsp;display_digital
<LI><a href="#[ef]">&gt;&gt;</a>&nbsp;&nbsp;&nbsp;display_char
</UL>
<BR>[Address Reference Count : 1]<UL><LI> hmi.o(i.HMI_Init)
</UL>
<P><STRONG><a name="[53]"></a>XtuneAir_KeyboardHandler</STRONG> (Thumb, 152 bytes, Stack size 12 bytes, hmi.o(i.XtuneAir_KeyboardHandler))
<BR><BR>[Stack]<UL><LI>Max Depth = 12<LI>Call Chain = XtuneAir_KeyboardHandler
</UL>
<BR>[Address Reference Count : 1]<UL><LI> hmi.o(i.HMI_Init)
</UL>
<P><STRONG><a name="[55]"></a>XtuneAir_OpeningHandler</STRONG> (Thumb, 32 bytes, Stack size 4 bytes, hmi.o(i.XtuneAir_OpeningHandler))
<BR><BR>[Stack]<UL><LI>Max Depth = 4<LI>Call Chain = XtuneAir_OpeningHandler
</UL>
<BR>[Address Reference Count : 1]<UL><LI> hmi.o(i.HMI_Init)
</UL>
<P><STRONG><a name="[4c]"></a>XtuneAuto_OpeningHandler</STRONG> (Thumb, 224 bytes, Stack size 24 bytes, hmi.o(i.XtuneAuto_OpeningHandler))
<BR><BR>[Stack]<UL><LI>Max Depth = 72<LI>Call Chain = XtuneAuto_OpeningHandler &rArr; display_char &rArr; LCDWRITE_1622 &rArr; SENDCOMB &rArr; SendBit_HT1622
</UL>
<BR>[Calls]<UL><LI><a href="#[111]">&gt;&gt;</a>&nbsp;&nbsp;&nbsp;os_dly_wait
<LI><a href="#[f4]">&gt;&gt;</a>&nbsp;&nbsp;&nbsp;SetPwmDutyCycle1
<LI><a href="#[ef]">&gt;&gt;</a>&nbsp;&nbsp;&nbsp;display_char
<LI><a href="#[ee]">&gt;&gt;</a>&nbsp;&nbsp;&nbsp;clearLCD
<LI><a href="#[fd]">&gt;&gt;</a>&nbsp;&nbsp;&nbsp;__aeabi_ui2f (via Veneer)
<LI><a href="#[112]">&gt;&gt;</a>&nbsp;&nbsp;&nbsp;__aeabi_fsub (via Veneer)
<LI><a href="#[f0]">&gt;&gt;</a>&nbsp;&nbsp;&nbsp;__aeabi_uread4 (via Veneer)
</UL>
<BR>[Address Reference Count : 1]<UL><LI> hmi.o(i.HMI_Init)
</UL>
<P><STRONG><a name="[51]"></a>XtunePwm_DisplayHandler</STRONG> (Thumb, 100 bytes, Stack size 24 bytes, hmi.o(i.XtunePwm_DisplayHandler))
<BR><BR>[Stack]<UL><LI>Max Depth = 72<LI>Call Chain = XtunePwm_DisplayHandler &rArr; display_digital &rArr; digital &rArr; LCDWRITE_1622 &rArr; SENDCOMB &rArr; SendBit_HT1622
</UL>
<BR>[Calls]<UL><LI><a href="#[f3]">&gt;&gt;</a>&nbsp;&nbsp;&nbsp;display_digital
<LI><a href="#[ef]">&gt;&gt;</a>&nbsp;&nbsp;&nbsp;display_char
</UL>
<BR>[Address Reference Count : 1]<UL><LI> hmi.o(i.HMI_Init)
</UL>
<P><STRONG><a name="[50]"></a>XtunePwm_KeyboardHandler</STRONG> (Thumb, 174 bytes, Stack size 24 bytes, hmi.o(i.XtunePwm_KeyboardHandler))
<BR><BR>[Stack]<UL><LI>Max Depth = 24 + Unknown Stack Size
<LI>Call Chain = XtunePwm_KeyboardHandler
</UL>
<BR>[Calls]<UL><LI><a href="#[e9]">&gt;&gt;</a>&nbsp;&nbsp;&nbsp;__aeabi_uidivmod (via Veneer)
</UL>
<BR>[Address Reference Count : 1]<UL><LI> hmi.o(i.HMI_Init)
</UL>
<P><STRONG><a name="[52]"></a>XtunePwm_OpeningHandler</STRONG> (Thumb, 32 bytes, Stack size 4 bytes, hmi.o(i.XtunePwm_OpeningHandler))
<BR><BR>[Stack]<UL><LI>Max Depth = 4<LI>Call Chain = XtunePwm_OpeningHandler
</UL>
<BR>[Address Reference Count : 1]<UL><LI> hmi.o(i.HMI_Init)
</UL>
<P><STRONG><a name="[f8]"></a>DS18B20_ReadByte</STRONG> (Thumb, 122 bytes, Stack size 24 bytes, ds18b20.o(i.DS18B20_ReadByte))
<BR><BR>[Stack]<UL><LI>Max Depth = 24<LI>Call Chain = DS18B20_ReadByte
</UL>
<BR>[Calls]<UL><LI><a href="#[f9]">&gt;&gt;</a>&nbsp;&nbsp;&nbsp;delay_5us
</UL>
<BR>[Called By]<UL><LI><a href="#[fa]">&gt;&gt;</a>&nbsp;&nbsp;&nbsp;DS18B20_Temperature
</UL>

<P><STRONG><a name="[fc]"></a>DS18B20_WriteByte</STRONG> (Thumb, 90 bytes, Stack size 24 bytes, ds18b20.o(i.DS18B20_WriteByte))
<BR><BR>[Stack]<UL><LI>Max Depth = 24<LI>Call Chain = DS18B20_WriteByte
</UL>
<BR>[Calls]<UL><LI><a href="#[f9]">&gt;&gt;</a>&nbsp;&nbsp;&nbsp;delay_5us
</UL>
<BR>[Called By]<UL><LI><a href="#[fa]">&gt;&gt;</a>&nbsp;&nbsp;&nbsp;DS18B20_Temperature
</UL>

<P><STRONG><a name="[fb]"></a>Init_DS18B20</STRONG> (Thumb, 116 bytes, Stack size 24 bytes, ds18b20.o(i.Init_DS18B20))
<BR><BR>[Stack]<UL><LI>Max Depth = 24<LI>Call Chain = Init_DS18B20
</UL>
<BR>[Calls]<UL><LI><a href="#[f9]">&gt;&gt;</a>&nbsp;&nbsp;&nbsp;delay_5us
</UL>
<BR>[Called By]<UL><LI><a href="#[fa]">&gt;&gt;</a>&nbsp;&nbsp;&nbsp;DS18B20_Temperature
</UL>

<P><STRONG><a name="[f9]"></a>delay_5us</STRONG> (Thumb, 24 bytes, Stack size 0 bytes, ds18b20.o(i.delay_5us))
<BR><BR>[Called By]<UL><LI><a href="#[fb]">&gt;&gt;</a>&nbsp;&nbsp;&nbsp;Init_DS18B20
<LI><a href="#[fc]">&gt;&gt;</a>&nbsp;&nbsp;&nbsp;DS18B20_WriteByte
<LI><a href="#[f8]">&gt;&gt;</a>&nbsp;&nbsp;&nbsp;DS18B20_ReadByte
</UL>

<P><STRONG><a name="[14a]"></a>os_init_context</STRONG> (Thumb, 66 bytes, Stack size 16 bytes, rt_task.o(i.os_init_context))
<BR><BR>[Stack]<UL><LI>Max Depth = 24<LI>Call Chain = os_init_context &rArr; os_init_stack
</UL>
<BR>[Calls]<UL><LI><a href="#[14b]">&gt;&gt;</a>&nbsp;&nbsp;&nbsp;os_init_stack
</UL>
<BR>[Called By]<UL><LI><a href="#[c0]">&gt;&gt;</a>&nbsp;&nbsp;&nbsp;os_tsk_create0
<LI><a href="#[10]">&gt;&gt;</a>&nbsp;&nbsp;&nbsp;os_sys_init1
</UL>

<P><STRONG><a name="[14]"></a>Switch_task</STRONG> (ARM, 0 bytes, Stack size unknown bytes, hal_arm.o(.emb_text))
<BR>[Address Reference Count : 1]<UL><LI> hal_arm.o(.emb_text)
</UL>
<P><STRONG><a name="[ec]"></a>__arm_div8</STRONG> (ARM, 0 bytes, Stack size unknown bytes, aeabi_sdiv.o(.text))
<BR><BR>[Called By]<UL><LI><a href="#[e9]">&gt;&gt;</a>&nbsp;&nbsp;&nbsp;__aeabi_uidivmod
</UL>

<P><STRONG><a name="[eb]"></a>__arm_div5</STRONG> (ARM, 0 bytes, Stack size unknown bytes, aeabi_sdiv.o(.text))
<BR><BR>[Called By]<UL><LI><a href="#[e9]">&gt;&gt;</a>&nbsp;&nbsp;&nbsp;__aeabi_uidivmod
</UL>

<P><STRONG><a name="[ea]"></a>__arm_div2</STRONG> (ARM, 0 bytes, Stack size unknown bytes, aeabi_sdiv.o(.text))
<BR><BR>[Called By]<UL><LI><a href="#[e9]">&gt;&gt;</a>&nbsp;&nbsp;&nbsp;__aeabi_uidivmod
</UL>

<P><STRONG><a name="[ed]"></a>__arm_div_large</STRONG> (ARM, 0 bytes, Stack size unknown bytes, aeabi_sdiv.o(.text))
<BR><BR>[Called By]<UL><LI><a href="#[e9]">&gt;&gt;</a>&nbsp;&nbsp;&nbsp;__aeabi_uidivmod
</UL>

<P><STRONG><a name="[176]"></a>_dadd1</STRONG> (ARM, 0 bytes, Stack size unknown bytes, daddsub_noclz.o(x$fpl$dadd), UNUSED)
<BR><BR>[Called By]<UL><LI><a href="#[175]">&gt;&gt;</a>&nbsp;&nbsp;&nbsp;_dsub
</UL>

<P><STRONG><a name="[172]"></a>_dsub1</STRONG> (ARM, 0 bytes, Stack size unknown bytes, daddsub_noclz.o(x$fpl$dsub), UNUSED)
<BR><BR>[Called By]<UL><LI><a href="#[171]">&gt;&gt;</a>&nbsp;&nbsp;&nbsp;_dadd
</UL>

<P><STRONG><a name="[184]"></a>_fadd1</STRONG> (ARM, 0 bytes, Stack size unknown bytes, faddsub_noclz.o(x$fpl$fadd), UNUSED)
<BR><BR>[Called By]<UL><LI><a href="#[185]">&gt;&gt;</a>&nbsp;&nbsp;&nbsp;_fsub
<LI><a href="#[183]">&gt;&gt;</a>&nbsp;&nbsp;&nbsp;_frsb
</UL>

<P><STRONG><a name="[17a]"></a>_fsub1</STRONG> (ARM, 0 bytes, Stack size unknown bytes, faddsub_noclz.o(x$fpl$fsub), UNUSED)
<BR><BR>[Called By]<UL><LI><a href="#[183]">&gt;&gt;</a>&nbsp;&nbsp;&nbsp;_frsb
<LI><a href="#[179]">&gt;&gt;</a>&nbsp;&nbsp;&nbsp;_fadd
</UL>
<P>
<H3>
Undefined Global Symbols
</H3>
<P><STRONG><a name="[187]"></a>__fpl_infinity</STRONG> (Unknown, 0 bytes, Stack size 0 bytes, UNDEFINED)
<BR><BR>[Called By]<UL><LI><a href="#[fe]">&gt;&gt;</a>&nbsp;&nbsp;&nbsp;scalbnf
</UL>

<P><STRONG><a name="[e5]"></a>_call_atexit_fns</STRONG> (ARM, 0 bytes, Stack size 0 bytes, UNDEFINED)
<BR><BR>[Called By]<UL><LI><a href="#[d5]">&gt;&gt;</a>&nbsp;&nbsp;&nbsp;exit
</UL>

<P><STRONG><a name="[156]"></a>os_tmr_reload</STRONG> (ARM, 0 bytes, Stack size 0 bytes, UNDEFINED)
<BR><BR>[Called By]<UL><LI><a href="#[12]">&gt;&gt;</a>&nbsp;&nbsp;&nbsp;os_sys_manager
</UL>

<P><STRONG><a name="[14e]"></a>rt_init</STRONG> (ARM, 0 bytes, Stack size 0 bytes, UNDEFINED)
<BR><BR>[Called By]<UL><LI><a href="#[10]">&gt;&gt;</a>&nbsp;&nbsp;&nbsp;os_sys_init1
</UL>

<P><STRONG><a name="[15b]"></a>rt_notify</STRONG> (ARM, 0 bytes, Stack size 0 bytes, UNDEFINED)
<BR><BR>[Called By]<UL><LI><a href="#[13c]">&gt;&gt;</a>&nbsp;&nbsp;&nbsp;os_tsk_delete
<LI><a href="#[c0]">&gt;&gt;</a>&nbsp;&nbsp;&nbsp;os_tsk_create0
</UL>

<P><STRONG><a name="[114]"></a>rt_post_taskswitch</STRONG> (ARM, 0 bytes, Stack size 0 bytes, UNDEFINED)
<BR><BR>[Called By]<UL><LI><a href="#[15]">&gt;&gt;</a>&nbsp;&nbsp;&nbsp;__SWI_0
<LI><a href="#[12]">&gt;&gt;</a>&nbsp;&nbsp;&nbsp;os_sys_manager
</UL>
<HR></body></html>
